HEAP DUMP BEGIN (4849 objects, 600816 bytes) Tue Apr 12 01:42:17 2016
ROOT 0 (kind=<thread>, id=200000, trace=300000)
ROOT 500012e4 (kind=<thread>, id=200003, trace=300001)
ROOT 500012e4 (kind=<thread block>, thread=200003)
ROOT 500012f2 (kind=<thread>, id=200004, trace=300000)
ROOT 500012f2 (kind=<thread block>, thread=200004)
ROOT 500012f2 (kind=<JNI local ref>, thread=200000, frame=0)
ROOT 500012f3 (kind=<thread>, id=200005, trace=300000)
ROOT 500012f3 (kind=<thread block>, thread=200005)
ROOT 500012f4 (kind=<thread>, id=200006, trace=300000)
ROOT 500012f4 (kind=<thread block>, thread=200006)
ROOT 500012f5 (kind=<thread>, id=200007, trace=300000)
ROOT 500012f5 (kind=<thread block>, thread=200007)
ROOT 500012f6 (kind=<Java stack>, thread=200000, frame=1)
ROOT 500012f7 (kind=<Java stack>, thread=200000, frame=1)
ROOT 500012f6 (kind=<Java stack>, thread=200000, frame=2)
ROOT 500012f5 (kind=<Java stack>, thread=200000, frame=3)
ROOT 500012f8 (kind=<Java stack>, thread=200000, frame=3)
ROOT 500012f9 (kind=<thread>, id=200008, trace=300000)
ROOT 500012f9 (kind=<thread block>, thread=200008)
ROOT 500012fa (kind=<Java stack>, thread=200000, frame=1)
ROOT 500012f9 (kind=<Java stack>, thread=200000, frame=2)
ROOT 500012fa (kind=<Java stack>, thread=200000, frame=2)
ROOT 5000016b (kind=<JNI global ref>, id=1, trace=300000)
ROOT 50000001 (kind=<JNI global ref>, id=2, trace=300000)
ROOT 5000016f (kind=<JNI global ref>, id=3, trace=300000)
ROOT 50000002 (kind=<JNI global ref>, id=4, trace=300000)
ROOT 50000003 (kind=<JNI global ref>, id=5, trace=300000)
ROOT 5000000f (kind=<JNI global ref>, id=6, trace=300000)
ROOT 50000004 (kind=<JNI global ref>, id=7, trace=300000)
ROOT 50000005 (kind=<JNI global ref>, id=8, trace=300000)
ROOT 500000cf (kind=<JNI global ref>, id=9, trace=300000)
ROOT 50000006 (kind=<JNI global ref>, id=a, trace=300000)
ROOT 50000007 (kind=<JNI global ref>, id=b, trace=300000)
ROOT 50000008 (kind=<JNI global ref>, id=c, trace=300000)
ROOT 50000009 (kind=<JNI global ref>, id=d, trace=300000)
ROOT 5000000a (kind=<JNI global ref>, id=e, trace=300000)
ROOT 5000000b (kind=<JNI global ref>, id=f, trace=300000)
ROOT 5000000c (kind=<JNI global ref>, id=10, trace=300000)
ROOT 5000000d (kind=<JNI global ref>, id=11, trace=300000)
ROOT 5000000e (kind=<JNI global ref>, id=12, trace=300000)
ROOT 50000010 (kind=<JNI global ref>, id=13, trace=300000)
ROOT 50000011 (kind=<JNI global ref>, id=14, trace=300000)
ROOT 50000012 (kind=<JNI global ref>, id=15, trace=300000)
ROOT 50000013 (kind=<JNI global ref>, id=16, trace=300000)
ROOT 50000014 (kind=<JNI global ref>, id=17, trace=300000)
ROOT 50000061 (kind=<JNI global ref>, id=18, trace=300000)
ROOT 50000015 (kind=<JNI global ref>, id=19, trace=300000)
ROOT 50000016 (kind=<JNI global ref>, id=1a, trace=300000)
ROOT 50000017 (kind=<JNI global ref>, id=1b, trace=300000)
ROOT 50000018 (kind=<JNI global ref>, id=1c, trace=300000)
ROOT 50000019 (kind=<JNI global ref>, id=1d, trace=300000)
ROOT 5000014f (kind=<JNI global ref>, id=1e, trace=300000)
ROOT 5000001a (kind=<JNI global ref>, id=1f, trace=300000)
ROOT 5000001b (kind=<JNI global ref>, id=20, trace=300000)
ROOT 5000002e (kind=<JNI global ref>, id=21, trace=300000)
ROOT 5000001c (kind=<JNI global ref>, id=22, trace=300000)
ROOT 5000001d (kind=<JNI global ref>, id=23, trace=300000)
ROOT 50000020 (kind=<JNI global ref>, id=24, trace=300000)
ROOT 5000001e (kind=<JNI global ref>, id=25, trace=300000)
ROOT 5000001f (kind=<JNI global ref>, id=26, trace=300000)
ROOT 50000021 (kind=<JNI global ref>, id=27, trace=300000)
ROOT 50000022 (kind=<JNI global ref>, id=28, trace=300000)
ROOT 50000023 (kind=<JNI global ref>, id=29, trace=300000)
ROOT 50000024 (kind=<JNI global ref>, id=2a, trace=300000)
ROOT 50000025 (kind=<JNI global ref>, id=2b, trace=300000)
ROOT 50000026 (kind=<JNI global ref>, id=2c, trace=300000)
ROOT 50000027 (kind=<JNI global ref>, id=2d, trace=300000)
ROOT 50000028 (kind=<JNI global ref>, id=2e, trace=300000)
ROOT 50000029 (kind=<JNI global ref>, id=2f, trace=300000)
ROOT 5000002a (kind=<JNI global ref>, id=30, trace=300000)
ROOT 5000002b (kind=<JNI global ref>, id=31, trace=300000)
ROOT 500000ca (kind=<JNI global ref>, id=32, trace=300000)
ROOT 5000002c (kind=<JNI global ref>, id=33, trace=300000)
ROOT 5000002d (kind=<JNI global ref>, id=34, trace=300000)
ROOT 5000002f (kind=<JNI global ref>, id=35, trace=300000)
ROOT 50000030 (kind=<JNI global ref>, id=36, trace=300000)
ROOT 50000031 (kind=<JNI global ref>, id=37, trace=300000)
ROOT 50000033 (kind=<JNI global ref>, id=38, trace=300000)
ROOT 50000032 (kind=<JNI global ref>, id=39, trace=300000)
ROOT 50000034 (kind=<JNI global ref>, id=3a, trace=300000)
ROOT 50000035 (kind=<JNI global ref>, id=3b, trace=300000)
ROOT 50000036 (kind=<JNI global ref>, id=3c, trace=300000)
ROOT 50000110 (kind=<JNI global ref>, id=3d, trace=300000)
ROOT 50000037 (kind=<JNI global ref>, id=3e, trace=300000)
ROOT 50000038 (kind=<JNI global ref>, id=3f, trace=300000)
ROOT 50000039 (kind=<JNI global ref>, id=40, trace=300000)
ROOT 5000003a (kind=<JNI global ref>, id=41, trace=300000)
ROOT 50000092 (kind=<JNI global ref>, id=42, trace=300000)
ROOT 5000003b (kind=<JNI global ref>, id=43, trace=300000)
ROOT 5000003f (kind=<JNI global ref>, id=44, trace=300000)
ROOT 5000003c (kind=<JNI global ref>, id=45, trace=300000)
ROOT 5000003d (kind=<JNI global ref>, id=46, trace=300000)
ROOT 5000003e (kind=<JNI global ref>, id=47, trace=300000)
ROOT 50000040 (kind=<JNI global ref>, id=48, trace=300000)
ROOT 50000041 (kind=<JNI global ref>, id=49, trace=300000)
ROOT 50000042 (kind=<JNI global ref>, id=4a, trace=300000)
ROOT 50000043 (kind=<JNI global ref>, id=4b, trace=300000)
ROOT 50000044 (kind=<JNI global ref>, id=4c, trace=300000)
ROOT 50000045 (kind=<JNI global ref>, id=4d, trace=300000)
ROOT 50000046 (kind=<JNI global ref>, id=4e, trace=300000)
ROOT 50000047 (kind=<JNI global ref>, id=4f, trace=300000)
ROOT 50000048 (kind=<JNI global ref>, id=50, trace=300000)
ROOT 50000049 (kind=<JNI global ref>, id=51, trace=300000)
ROOT 5000004a (kind=<JNI global ref>, id=52, trace=300000)
ROOT 5000004b (kind=<JNI global ref>, id=53, trace=300000)
ROOT 5000004c (kind=<JNI global ref>, id=54, trace=300000)
ROOT 5000014e (kind=<JNI global ref>, id=55, trace=300000)
ROOT 5000004d (kind=<JNI global ref>, id=56, trace=300000)
ROOT 5000004e (kind=<JNI global ref>, id=57, trace=300000)
ROOT 5000004f (kind=<JNI global ref>, id=58, trace=300000)
ROOT 50000050 (kind=<JNI global ref>, id=59, trace=300000)
ROOT 50000051 (kind=<JNI global ref>, id=5a, trace=300000)
ROOT 50000052 (kind=<JNI global ref>, id=5b, trace=300000)
ROOT 50000053 (kind=<JNI global ref>, id=5c, trace=300000)
ROOT 5000015f (kind=<JNI global ref>, id=5d, trace=300000)
ROOT 50000054 (kind=<JNI global ref>, id=5e, trace=300000)
ROOT 50000055 (kind=<JNI global ref>, id=5f, trace=300000)
ROOT 50000056 (kind=<JNI global ref>, id=60, trace=300000)
ROOT 50000057 (kind=<JNI global ref>, id=61, trace=300000)
ROOT 50000058 (kind=<JNI global ref>, id=62, trace=300000)
ROOT 50000059 (kind=<JNI global ref>, id=63, trace=300000)
ROOT 5000005a (kind=<JNI global ref>, id=64, trace=300000)
ROOT 5000005b (kind=<JNI global ref>, id=65, trace=300000)
ROOT 5000005c (kind=<JNI global ref>, id=66, trace=300000)
ROOT 5000005d (kind=<JNI global ref>, id=67, trace=300000)
ROOT 5000005e (kind=<JNI global ref>, id=68, trace=300000)
ROOT 5000005f (kind=<JNI global ref>, id=69, trace=300000)
ROOT 50000060 (kind=<JNI global ref>, id=6a, trace=300000)
ROOT 500000b1 (kind=<JNI global ref>, id=6b, trace=300000)
ROOT 50000062 (kind=<JNI global ref>, id=6c, trace=300000)
ROOT 50000063 (kind=<JNI global ref>, id=6d, trace=300000)
ROOT 50000064 (kind=<JNI global ref>, id=6e, trace=300000)
ROOT 50000065 (kind=<JNI global ref>, id=6f, trace=300000)
ROOT 50000066 (kind=<JNI global ref>, id=70, trace=300000)
ROOT 50000067 (kind=<JNI global ref>, id=71, trace=300000)
ROOT 50000068 (kind=<JNI global ref>, id=72, trace=300000)
ROOT 50000069 (kind=<JNI global ref>, id=73, trace=300000)
ROOT 5000006a (kind=<JNI global ref>, id=74, trace=300000)
ROOT 5000006b (kind=<JNI global ref>, id=75, trace=300000)
ROOT 500000b2 (kind=<JNI global ref>, id=76, trace=300000)
ROOT 5000006c (kind=<JNI global ref>, id=77, trace=300000)
ROOT 5000006d (kind=<JNI global ref>, id=78, trace=300000)
ROOT 5000006e (kind=<JNI global ref>, id=79, trace=300000)
ROOT 5000006f (kind=<JNI global ref>, id=7a, trace=300000)
ROOT 50000070 (kind=<JNI global ref>, id=7b, trace=300000)
ROOT 50000071 (kind=<JNI global ref>, id=7c, trace=300000)
ROOT 5000007e (kind=<JNI global ref>, id=7d, trace=300000)
ROOT 50000072 (kind=<JNI global ref>, id=7e, trace=300000)
ROOT 50000073 (kind=<JNI global ref>, id=7f, trace=300000)
ROOT 50000074 (kind=<JNI global ref>, id=80, trace=300000)
ROOT 50000075 (kind=<JNI global ref>, id=81, trace=300000)
ROOT 50000076 (kind=<JNI global ref>, id=82, trace=300000)
ROOT 50000077 (kind=<JNI global ref>, id=83, trace=300000)
ROOT 50000078 (kind=<JNI global ref>, id=84, trace=300000)
ROOT 50000079 (kind=<JNI global ref>, id=85, trace=300000)
ROOT 5000007a (kind=<JNI global ref>, id=86, trace=300000)
ROOT 5000007b (kind=<JNI global ref>, id=87, trace=300000)
ROOT 5000007c (kind=<JNI global ref>, id=88, trace=300000)
ROOT 5000007d (kind=<JNI global ref>, id=89, trace=300000)
ROOT 5000007f (kind=<JNI global ref>, id=8a, trace=300000)
ROOT 50000136 (kind=<JNI global ref>, id=8b, trace=300000)
ROOT 50000080 (kind=<JNI global ref>, id=8c, trace=300000)
ROOT 50000081 (kind=<JNI global ref>, id=8d, trace=300000)
ROOT 50000082 (kind=<JNI global ref>, id=8e, trace=300000)
ROOT 50000083 (kind=<JNI global ref>, id=8f, trace=300000)
ROOT 50000084 (kind=<JNI global ref>, id=90, trace=300000)
ROOT 50000085 (kind=<JNI global ref>, id=91, trace=300000)
ROOT 50000086 (kind=<JNI global ref>, id=92, trace=300000)
ROOT 50000087 (kind=<JNI global ref>, id=93, trace=300000)
ROOT 50000088 (kind=<JNI global ref>, id=94, trace=300000)
ROOT 50000089 (kind=<JNI global ref>, id=95, trace=300000)
ROOT 5000010d (kind=<JNI global ref>, id=96, trace=300000)
ROOT 5000008a (kind=<JNI global ref>, id=97, trace=300000)
ROOT 5000008b (kind=<JNI global ref>, id=98, trace=300000)
ROOT 5000008e (kind=<JNI global ref>, id=99, trace=300000)
ROOT 5000008c (kind=<JNI global ref>, id=9a, trace=300000)
ROOT 5000008d (kind=<JNI global ref>, id=9b, trace=300000)
ROOT 5000008f (kind=<JNI global ref>, id=9c, trace=300000)
ROOT 50000090 (kind=<JNI global ref>, id=9d, trace=300000)
ROOT 50000091 (kind=<JNI global ref>, id=9e, trace=300000)
ROOT 50000093 (kind=<JNI global ref>, id=9f, trace=300000)
ROOT 50000095 (kind=<JNI global ref>, id=a0, trace=300000)
ROOT 50000094 (kind=<JNI global ref>, id=a1, trace=300000)
ROOT 500000ae (kind=<JNI global ref>, id=a2, trace=300000)
ROOT 50000096 (kind=<JNI global ref>, id=a3, trace=300000)
ROOT 50000097 (kind=<JNI global ref>, id=a4, trace=300000)
ROOT 50000098 (kind=<JNI global ref>, id=a5, trace=300000)
ROOT 50000099 (kind=<JNI global ref>, id=a6, trace=300000)
ROOT 5000009a (kind=<JNI global ref>, id=a7, trace=300000)
ROOT 5000009b (kind=<JNI global ref>, id=a8, trace=300000)
ROOT 5000009c (kind=<JNI global ref>, id=a9, trace=300000)
ROOT 5000009d (kind=<JNI global ref>, id=aa, trace=300000)
ROOT 5000009e (kind=<JNI global ref>, id=ab, trace=300000)
ROOT 5000009f (kind=<JNI global ref>, id=ac, trace=300000)
ROOT 500000a0 (kind=<JNI global ref>, id=ad, trace=300000)
ROOT 500000a1 (kind=<JNI global ref>, id=ae, trace=300000)
ROOT 500000a2 (kind=<JNI global ref>, id=af, trace=300000)
ROOT 500000a3 (kind=<JNI global ref>, id=b0, trace=300000)
ROOT 500000a4 (kind=<JNI global ref>, id=b1, trace=300000)
ROOT 500000a5 (kind=<JNI global ref>, id=b2, trace=300000)
ROOT 500000a6 (kind=<JNI global ref>, id=b3, trace=300000)
ROOT 500000a7 (kind=<JNI global ref>, id=b4, trace=300000)
ROOT 500000a8 (kind=<JNI global ref>, id=b5, trace=300000)
ROOT 500000a9 (kind=<JNI global ref>, id=b6, trace=300000)
ROOT 500000aa (kind=<JNI global ref>, id=b7, trace=300000)
ROOT 500000ab (kind=<JNI global ref>, id=b8, trace=300000)
ROOT 500000ac (kind=<JNI global ref>, id=b9, trace=300000)
ROOT 5000011b (kind=<JNI global ref>, id=ba, trace=300000)
ROOT 500000ad (kind=<JNI global ref>, id=bb, trace=300000)
ROOT 500000af (kind=<JNI global ref>, id=bc, trace=300000)
ROOT 500000b0 (kind=<JNI global ref>, id=bd, trace=300000)
ROOT 500000b3 (kind=<JNI global ref>, id=be, trace=300000)
ROOT 500000b4 (kind=<JNI global ref>, id=bf, trace=300000)
ROOT 500000b5 (kind=<JNI global ref>, id=c0, trace=300000)
ROOT 500000b6 (kind=<JNI global ref>, id=c1, trace=300000)
ROOT 500000b7 (kind=<JNI global ref>, id=c2, trace=300000)
ROOT 500000b8 (kind=<JNI global ref>, id=c3, trace=300000)
ROOT 500000b9 (kind=<JNI global ref>, id=c4, trace=300000)
ROOT 500000e2 (kind=<JNI global ref>, id=c5, trace=300000)
ROOT 500000ba (kind=<JNI global ref>, id=c6, trace=300000)
ROOT 500000bb (kind=<JNI global ref>, id=c7, trace=300000)
ROOT 50000158 (kind=<JNI global ref>, id=c8, trace=300000)
ROOT 500000bc (kind=<JNI global ref>, id=c9, trace=300000)
ROOT 500000bd (kind=<JNI global ref>, id=ca, trace=300000)
ROOT 500000be (kind=<JNI global ref>, id=cb, trace=300000)
ROOT 500000bf (kind=<JNI global ref>, id=cc, trace=300000)
ROOT 500000c0 (kind=<JNI global ref>, id=cd, trace=300000)
ROOT 500000c1 (kind=<JNI global ref>, id=ce, trace=300000)
ROOT 500000c2 (kind=<JNI global ref>, id=cf, trace=300000)
ROOT 500000c3 (kind=<JNI global ref>, id=d0, trace=300000)
ROOT 500000c4 (kind=<JNI global ref>, id=d1, trace=300000)
ROOT 500000c5 (kind=<JNI global ref>, id=d2, trace=300000)
ROOT 500000c6 (kind=<JNI global ref>, id=d3, trace=300000)
ROOT 500000c7 (kind=<JNI global ref>, id=d4, trace=300000)
ROOT 500000c8 (kind=<JNI global ref>, id=d5, trace=300000)
ROOT 500000c9 (kind=<JNI global ref>, id=d6, trace=300000)
ROOT 500000cb (kind=<JNI global ref>, id=d7, trace=300000)
ROOT 500000cc (kind=<JNI global ref>, id=d8, trace=300000)
ROOT 500000cd (kind=<JNI global ref>, id=d9, trace=300000)
ROOT 500000ce (kind=<JNI global ref>, id=da, trace=300000)
ROOT 500000e3 (kind=<JNI global ref>, id=db, trace=300000)
ROOT 500000d0 (kind=<JNI global ref>, id=dc, trace=300000)
ROOT 500000d1 (kind=<JNI global ref>, id=dd, trace=300000)
ROOT 500000d2 (kind=<JNI global ref>, id=de, trace=300000)
ROOT 500000d3 (kind=<JNI global ref>, id=df, trace=300000)
ROOT 500000d4 (kind=<JNI global ref>, id=e0, trace=300000)
ROOT 500000d5 (kind=<JNI global ref>, id=e1, trace=300000)
ROOT 500000d6 (kind=<JNI global ref>, id=e2, trace=300000)
ROOT 500000d7 (kind=<JNI global ref>, id=e3, trace=300000)
ROOT 50000148 (kind=<JNI global ref>, id=e4, trace=300000)
ROOT 500000d8 (kind=<JNI global ref>, id=e5, trace=300000)
ROOT 500000d9 (kind=<JNI global ref>, id=e6, trace=300000)
ROOT 500000da (kind=<JNI global ref>, id=e7, trace=300000)
ROOT 500000db (kind=<JNI global ref>, id=e8, trace=300000)
ROOT 500000dc (kind=<JNI global ref>, id=e9, trace=300000)
ROOT 500000dd (kind=<JNI global ref>, id=ea, trace=300000)
ROOT 500000de (kind=<JNI global ref>, id=eb, trace=300000)
ROOT 500000df (kind=<JNI global ref>, id=ec, trace=300000)
ROOT 500000e0 (kind=<JNI global ref>, id=ed, trace=300000)
ROOT 500000e1 (kind=<JNI global ref>, id=ee, trace=300000)
ROOT 500000e4 (kind=<JNI global ref>, id=ef, trace=300000)
ROOT 500000e5 (kind=<JNI global ref>, id=f0, trace=300000)
ROOT 500000e6 (kind=<JNI global ref>, id=f1, trace=300000)
ROOT 500000e7 (kind=<JNI global ref>, id=f2, trace=300000)
ROOT 500000e8 (kind=<JNI global ref>, id=f3, trace=300000)
ROOT 500000e9 (kind=<JNI global ref>, id=f4, trace=300000)
ROOT 500000ea (kind=<JNI global ref>, id=f5, trace=300000)
ROOT 500000eb (kind=<JNI global ref>, id=f6, trace=300000)
ROOT 500000ec (kind=<JNI global ref>, id=f7, trace=300000)
ROOT 500000ef (kind=<JNI global ref>, id=f8, trace=300000)
ROOT 500000ed (kind=<JNI global ref>, id=f9, trace=300000)
ROOT 500000ee (kind=<JNI global ref>, id=fa, trace=300000)
ROOT 500000f0 (kind=<JNI global ref>, id=fb, trace=300000)
ROOT 500000f1 (kind=<JNI global ref>, id=fc, trace=300000)
ROOT 500000f2 (kind=<JNI global ref>, id=fd, trace=300000)
ROOT 500000f3 (kind=<JNI global ref>, id=fe, trace=300000)
ROOT 500000f4 (kind=<JNI global ref>, id=ff, trace=300000)
ROOT 500000f5 (kind=<JNI global ref>, id=100, trace=300000)
ROOT 500000f6 (kind=<JNI global ref>, id=101, trace=300000)
ROOT 500000f7 (kind=<JNI global ref>, id=102, trace=300000)
ROOT 500000f8 (kind=<JNI global ref>, id=103, trace=300000)
ROOT 500000f9 (kind=<JNI global ref>, id=104, trace=300000)
ROOT 500000fa (kind=<JNI global ref>, id=105, trace=300000)
ROOT 500000fb (kind=<JNI global ref>, id=106, trace=300000)
ROOT 500000fc (kind=<JNI global ref>, id=107, trace=300000)
ROOT 500000fd (kind=<JNI global ref>, id=108, trace=300000)
ROOT 500000fe (kind=<JNI global ref>, id=109, trace=300000)
ROOT 500000ff (kind=<JNI global ref>, id=10a, trace=300000)
ROOT 50000100 (kind=<JNI global ref>, id=10b, trace=300000)
ROOT 50000101 (kind=<JNI global ref>, id=10c, trace=300000)
ROOT 50000102 (kind=<JNI global ref>, id=10d, trace=300000)
ROOT 50000103 (kind=<JNI global ref>, id=10e, trace=300000)
ROOT 50000104 (kind=<JNI global ref>, id=10f, trace=300000)
ROOT 50000105 (kind=<JNI global ref>, id=110, trace=300000)
ROOT 50000106 (kind=<JNI global ref>, id=111, trace=300000)
ROOT 50000107 (kind=<JNI global ref>, id=112, trace=300000)
ROOT 50000108 (kind=<JNI global ref>, id=113, trace=300000)
ROOT 50000109 (kind=<JNI global ref>, id=114, trace=300000)
ROOT 5000010a (kind=<JNI global ref>, id=115, trace=300000)
ROOT 5000010b (kind=<JNI global ref>, id=116, trace=300000)
ROOT 5000010c (kind=<JNI global ref>, id=117, trace=300000)
ROOT 5000010e (kind=<JNI global ref>, id=118, trace=300000)
ROOT 5000010f (kind=<JNI global ref>, id=119, trace=300000)
ROOT 50000111 (kind=<JNI global ref>, id=11a, trace=300000)
ROOT 50000112 (kind=<JNI global ref>, id=11b, trace=300000)
ROOT 50000113 (kind=<JNI global ref>, id=11c, trace=300000)
ROOT 50000118 (kind=<JNI global ref>, id=11d, trace=300000)
ROOT 50000114 (kind=<JNI global ref>, id=11e, trace=300000)
ROOT 50000115 (kind=<JNI global ref>, id=11f, trace=300000)
ROOT 50000116 (kind=<JNI global ref>, id=120, trace=300000)
ROOT 50000117 (kind=<JNI global ref>, id=121, trace=300000)
ROOT 5000015b (kind=<JNI global ref>, id=122, trace=300000)
ROOT 50000119 (kind=<JNI global ref>, id=123, trace=300000)
ROOT 5000011a (kind=<JNI global ref>, id=124, trace=300000)
ROOT 5000011c (kind=<JNI global ref>, id=125, trace=300000)
ROOT 5000011d (kind=<JNI global ref>, id=126, trace=300000)
ROOT 5000011e (kind=<JNI global ref>, id=127, trace=300000)
ROOT 5000011f (kind=<JNI global ref>, id=128, trace=300000)
ROOT 50000121 (kind=<JNI global ref>, id=129, trace=300000)
ROOT 50000120 (kind=<JNI global ref>, id=12a, trace=300000)
ROOT 50000122 (kind=<JNI global ref>, id=12b, trace=300000)
ROOT 50000123 (kind=<JNI global ref>, id=12c, trace=300000)
ROOT 50000126 (kind=<JNI global ref>, id=12d, trace=300000)
ROOT 50000124 (kind=<JNI global ref>, id=12e, trace=300000)
ROOT 50000125 (kind=<JNI global ref>, id=12f, trace=300000)
ROOT 50000127 (kind=<JNI global ref>, id=130, trace=300000)
ROOT 50000128 (kind=<JNI global ref>, id=131, trace=300000)
ROOT 50000129 (kind=<JNI global ref>, id=132, trace=300000)
ROOT 5000012a (kind=<JNI global ref>, id=133, trace=300000)
ROOT 5000012b (kind=<JNI global ref>, id=134, trace=300000)
ROOT 5000012c (kind=<JNI global ref>, id=135, trace=300000)
ROOT 5000012d (kind=<JNI global ref>, id=136, trace=300000)
ROOT 5000012e (kind=<JNI global ref>, id=137, trace=300000)
ROOT 5000012f (kind=<JNI global ref>, id=138, trace=300000)
ROOT 50000130 (kind=<JNI global ref>, id=139, trace=300000)
ROOT 50000131 (kind=<JNI global ref>, id=13a, trace=300000)
ROOT 50000132 (kind=<JNI global ref>, id=13b, trace=300000)
ROOT 5000013a (kind=<JNI global ref>, id=13c, trace=300000)
ROOT 50000133 (kind=<JNI global ref>, id=13d, trace=300000)
ROOT 50000134 (kind=<JNI global ref>, id=13e, trace=300000)
ROOT 50000135 (kind=<JNI global ref>, id=13f, trace=300000)
ROOT 50000165 (kind=<JNI global ref>, id=140, trace=300000)
ROOT 50000137 (kind=<JNI global ref>, id=141, trace=300000)
ROOT 50000138 (kind=<JNI global ref>, id=142, trace=300000)
ROOT 50000139 (kind=<JNI global ref>, id=143, trace=300000)
ROOT 5000013b (kind=<JNI global ref>, id=144, trace=300000)
ROOT 5000013d (kind=<JNI global ref>, id=145, trace=300000)
ROOT 5000013c (kind=<JNI global ref>, id=146, trace=300000)
ROOT 50000141 (kind=<JNI global ref>, id=147, trace=300000)
ROOT 5000013e (kind=<JNI global ref>, id=148, trace=300000)
ROOT 5000013f (kind=<JNI global ref>, id=149, trace=300000)
ROOT 50000140 (kind=<JNI global ref>, id=14a, trace=300000)
ROOT 50000142 (kind=<JNI global ref>, id=14b, trace=300000)
ROOT 50000143 (kind=<JNI global ref>, id=14c, trace=300000)
ROOT 50000144 (kind=<JNI global ref>, id=14d, trace=300000)
ROOT 50000145 (kind=<JNI global ref>, id=14e, trace=300000)
ROOT 50000146 (kind=<JNI global ref>, id=14f, trace=300000)
ROOT 50000147 (kind=<JNI global ref>, id=150, trace=300000)
ROOT 50000149 (kind=<JNI global ref>, id=151, trace=300000)
ROOT 5000014a (kind=<JNI global ref>, id=152, trace=300000)
ROOT 5000014d (kind=<JNI global ref>, id=153, trace=300000)
ROOT 5000014b (kind=<JNI global ref>, id=154, trace=300000)
ROOT 5000014c (kind=<JNI global ref>, id=155, trace=300000)
ROOT 50000150 (kind=<JNI global ref>, id=156, trace=300000)
ROOT 50000151 (kind=<JNI global ref>, id=157, trace=300000)
ROOT 50000152 (kind=<JNI global ref>, id=158, trace=300000)
ROOT 50000154 (kind=<JNI global ref>, id=159, trace=300000)
ROOT 50000153 (kind=<JNI global ref>, id=15a, trace=300000)
ROOT 50000162 (kind=<JNI global ref>, id=15b, trace=300000)
ROOT 50000155 (kind=<JNI global ref>, id=15c, trace=300000)
ROOT 50000156 (kind=<JNI global ref>, id=15d, trace=300000)
ROOT 50000157 (kind=<JNI global ref>, id=15e, trace=300000)
ROOT 50000159 (kind=<JNI global ref>, id=15f, trace=300000)
ROOT 5000015a (kind=<JNI global ref>, id=160, trace=300000)
ROOT 50000160 (kind=<JNI global ref>, id=161, trace=300000)
ROOT 5000015c (kind=<JNI global ref>, id=162, trace=300000)
ROOT 5000015d (kind=<JNI global ref>, id=163, trace=300000)
ROOT 5000015e (kind=<JNI global ref>, id=164, trace=300000)
ROOT 50000163 (kind=<JNI global ref>, id=165, trace=300000)
ROOT 50000161 (kind=<JNI global ref>, id=166, trace=300000)
ROOT 50000164 (kind=<JNI global ref>, id=167, trace=300000)
ROOT 50000166 (kind=<JNI global ref>, id=168, trace=300000)
ROOT 50000167 (kind=<JNI global ref>, id=169, trace=300000)
ROOT 50000168 (kind=<JNI global ref>, id=16a, trace=300000)
ROOT 50000169 (kind=<JNI global ref>, id=16b, trace=300000)
ROOT 5000016a (kind=<JNI global ref>, id=16c, trace=300000)
ROOT 5000016b (kind=<JNI global ref>, id=16d, trace=300000)
ROOT 5000016c (kind=<JNI global ref>, id=16e, trace=300000)
ROOT 5000016d (kind=<JNI global ref>, id=16f, trace=300000)
ROOT 5000016e (kind=<JNI global ref>, id=170, trace=300000)
ROOT 50000170 (kind=<JNI global ref>, id=171, trace=300000)
ROOT 50000171 (kind=<JNI global ref>, id=172, trace=300000)
ROOT 50000172 (kind=<JNI global ref>, id=173, trace=300000)
ROOT 50000173 (kind=<JNI global ref>, id=174, trace=300000)
ROOT 50000174 (kind=<JNI global ref>, id=175, trace=300000)
ROOT 50000175 (kind=<JNI global ref>, id=176, trace=300000)
ROOT 50000176 (kind=<JNI global ref>, id=177, trace=300000)
ROOT 50000177 (kind=<JNI global ref>, id=178, trace=300000)
ROOT 50000182 (kind=<JNI global ref>, id=179, trace=300004)
ROOT 50000185 (kind=<JNI global ref>, id=17a, trace=300007)
ROOT 5000018e (kind=<JNI global ref>, id=17b, trace=300015)
ROOT 5000018f (kind=<JNI global ref>, id=17c, trace=300015)
ROOT 50000191 (kind=<JNI global ref>, id=17d, trace=300017)
ROOT 50000193 (kind=<JNI global ref>, id=17e, trace=300019)
ROOT 50000197 (kind=<JNI global ref>, id=17f, trace=300022)
ROOT 50000198 (kind=<JNI global ref>, id=180, trace=300022)
ROOT 50000199 (kind=<JNI global ref>, id=181, trace=300023)
ROOT 5000019a (kind=<JNI global ref>, id=182, trace=300024)
ROOT 5000019f (kind=<JNI global ref>, id=183, trace=300028)
ROOT 500001a1 (kind=<JNI global ref>, id=184, trace=300030)
ROOT 500001a5 (kind=<JNI global ref>, id=185, trace=300034)
ROOT 500001a7 (kind=<JNI global ref>, id=186, trace=300036)
ROOT 500001a9 (kind=<JNI global ref>, id=187, trace=300038)
ROOT 500001b1 (kind=<JNI global ref>, id=188, trace=300000)
ROOT 500001b2 (kind=<JNI global ref>, id=189, trace=300043)
ROOT 500001b4 (kind=<JNI global ref>, id=18a, trace=300045)
ROOT 500001b9 (kind=<JNI global ref>, id=18b, trace=300047)
ROOT 500001c2 (kind=<JNI global ref>, id=18c, trace=300054)
ROOT 500001d0 (kind=<JNI global ref>, id=18d, trace=300066)
ROOT 500001d2 (kind=<JNI global ref>, id=18e, trace=300068)
ROOT 500001d3 (kind=<JNI global ref>, id=18f, trace=300069)
ROOT 500001d5 (kind=<JNI global ref>, id=190, trace=300071)
ROOT 500001d8 (kind=<JNI global ref>, id=191, trace=300074)
ROOT 500002d3 (kind=<JNI global ref>, id=192, trace=300084)
ROOT 500002d4 (kind=<JNI global ref>, id=193, trace=300084)
ROOT 500002d5 (kind=<JNI global ref>, id=194, trace=300084)
ROOT 500002d8 (kind=<JNI global ref>, id=195, trace=300087)
ROOT 500002d9 (kind=<JNI global ref>, id=196, trace=300088)
ROOT 500002dc (kind=<JNI global ref>, id=197, trace=300091)
ROOT 500002de (kind=<JNI global ref>, id=198, trace=300093)
ROOT 500002df (kind=<JNI global ref>, id=199, trace=300093)
ROOT 500002e1 (kind=<JNI global ref>, id=19a, trace=300095)
ROOT 500002e3 (kind=<JNI global ref>, id=19b, trace=300097)
ROOT 50000352 (kind=<JNI global ref>, id=19c, trace=300108)
ROOT 50000379 (kind=<JNI global ref>, id=19d, trace=300140)
ROOT 5000037c (kind=<JNI global ref>, id=19e, trace=300143)
ROOT 5000037e (kind=<JNI global ref>, id=19f, trace=300145)
ROOT 5000037f (kind=<JNI global ref>, id=1a0, trace=300146)
ROOT 50000389 (kind=<JNI global ref>, id=1a1, trace=300155)
ROOT 5000038a (kind=<JNI global ref>, id=1a2, trace=300155)
ROOT 50000394 (kind=<JNI global ref>, id=1a3, trace=300164)
ROOT 50000396 (kind=<JNI global ref>, id=1a4, trace=300166)
ROOT 5000039d (kind=<JNI global ref>, id=1a5, trace=300173)
ROOT 500003a0 (kind=<JNI global ref>, id=1a6, trace=300000)
ROOT 500003a2 (kind=<JNI global ref>, id=1a7, trace=300176)
ROOT 500003a7 (kind=<JNI global ref>, id=1a8, trace=300180)
ROOT 500003a8 (kind=<JNI global ref>, id=1a9, trace=300181)
ROOT 500003a9 (kind=<JNI global ref>, id=1aa, trace=300182)
ROOT 500003ae (kind=<JNI global ref>, id=1ab, trace=300187)
ROOT 500003af (kind=<JNI global ref>, id=1ac, trace=300188)
ROOT 500003b2 (kind=<JNI global ref>, id=1ad, trace=300191)
ROOT 500003b4 (kind=<JNI global ref>, id=1ae, trace=300193)
ROOT 500003b6 (kind=<JNI global ref>, id=1af, trace=300195)
ROOT 500003b8 (kind=<JNI global ref>, id=1b0, trace=300197)
ROOT 500003b9 (kind=<JNI global ref>, id=1b1, trace=300197)
ROOT 500003c1 (kind=<JNI global ref>, id=1b2, trace=300203)
ROOT 500003c3 (kind=<JNI global ref>, id=1b3, trace=300204)
ROOT 500003c4 (kind=<JNI global ref>, id=1b4, trace=300205)
ROOT 50000628 (kind=<JNI global ref>, id=1b5, trace=300299)
ROOT 5000062a (kind=<JNI global ref>, id=1b6, trace=300301)
ROOT 5000062c (kind=<JNI global ref>, id=1b7, trace=300303)
ROOT 5000062e (kind=<JNI global ref>, id=1b8, trace=300305)
ROOT 50000630 (kind=<JNI global ref>, id=1b9, trace=300307)
ROOT 50000632 (kind=<JNI global ref>, id=1ba, trace=300309)
ROOT 50000638 (kind=<JNI global ref>, id=1bb, trace=300314)
ROOT 5000063a (kind=<JNI global ref>, id=1bc, trace=300316)
ROOT 5000063b (kind=<JNI global ref>, id=1bd, trace=300316)
ROOT 5000063c (kind=<JNI global ref>, id=1be, trace=300317)
ROOT 5000063d (kind=<JNI global ref>, id=1bf, trace=300317)
ROOT 5000063e (kind=<JNI global ref>, id=1c0, trace=300318)
ROOT 5000063f (kind=<JNI global ref>, id=1c1, trace=300318)
ROOT 50000654 (kind=<JNI global ref>, id=1c2, trace=300336)
ROOT 50000655 (kind=<JNI global ref>, id=1c3, trace=300337)
ROOT 50000656 (kind=<JNI global ref>, id=1c4, trace=300337)
ROOT 50000659 (kind=<JNI global ref>, id=1c5, trace=300340)
ROOT 5000065e (kind=<JNI global ref>, id=1c6, trace=300344)
ROOT 500006c0 (kind=<JNI global ref>, id=1c7, trace=300358)
ROOT 500006c2 (kind=<JNI global ref>, id=1c8, trace=300360)
ROOT 500006d7 (kind=<JNI global ref>, id=1c9, trace=300374)
ROOT 500006d8 (kind=<JNI global ref>, id=1ca, trace=300374)
ROOT 500006da (kind=<JNI global ref>, id=1cb, trace=300376)
ROOT 500007bc (kind=<JNI global ref>, id=1cc, trace=300378)
ROOT 500009a1 (kind=<JNI global ref>, id=1cd, trace=300380)
ROOT 500009a2 (kind=<JNI global ref>, id=1ce, trace=300381)
ROOT 500009b2 (kind=<JNI global ref>, id=1cf, trace=300395)
ROOT 500009b4 (kind=<JNI global ref>, id=1d0, trace=300397)
ROOT 500009be (kind=<JNI global ref>, id=1d1, trace=300403)
ROOT 500009c3 (kind=<JNI global ref>, id=1d2, trace=300408)
ROOT 500009c5 (kind=<JNI global ref>, id=1d3, trace=300410)
ROOT 500009c6 (kind=<JNI global ref>, id=1d4, trace=300410)
ROOT 500009c8 (kind=<JNI global ref>, id=1d5, trace=300412)
ROOT 500009c9 (kind=<JNI global ref>, id=1d6, trace=300412)
ROOT 500009ca (kind=<JNI global ref>, id=1d7, trace=300412)
ROOT 500009cb (kind=<JNI global ref>, id=1d8, trace=300412)
ROOT 500009d3 (kind=<JNI global ref>, id=1d9, trace=300420)
ROOT 500009e9 (kind=<JNI global ref>, id=1da, trace=300434)
ROOT 500009ea (kind=<JNI global ref>, id=1db, trace=300434)
ROOT 500009f4 (kind=<JNI global ref>, id=1dc, trace=300438)
ROOT 50000a01 (kind=<JNI global ref>, id=1dd, trace=300446)
ROOT 50000a13 (kind=<JNI global ref>, id=1de, trace=300454)
ROOT 50000a4c (kind=<JNI global ref>, id=1df, trace=300483)
ROOT 50000a4e (kind=<JNI global ref>, id=1e0, trace=300485)
ROOT 50000ac7 (kind=<JNI global ref>, id=1e1, trace=300498)
ROOT 50000af1 (kind=<JNI global ref>, id=1e2, trace=300520)
ROOT 50000af2 (kind=<JNI global ref>, id=1e3, trace=300520)
ROOT 50000af8 (kind=<JNI global ref>, id=1e4, trace=300526)
ROOT 50000afc (kind=<JNI global ref>, id=1e5, trace=300529)
ROOT 50000aff (kind=<JNI global ref>, id=1e6, trace=300532)
ROOT 50000b01 (kind=<JNI global ref>, id=1e7, trace=300533)
ROOT 50000b0d (kind=<JNI global ref>, id=1e8, trace=300539)
ROOT 50000b27 (kind=<JNI global ref>, id=1e9, trace=300551)
ROOT 50000b2b (kind=<JNI global ref>, id=1ea, trace=300555)
ROOT 50000b2c (kind=<JNI global ref>, id=1eb, trace=300556)
ROOT 50000b2d (kind=<JNI global ref>, id=1ec, trace=300556)
ROOT 50000b2e (kind=<JNI global ref>, id=1ed, trace=300556)
ROOT 50000b61 (kind=<JNI global ref>, id=1ee, trace=300571)
ROOT 50000b62 (kind=<JNI global ref>, id=1ef, trace=300572)
ROOT 50000b63 (kind=<JNI global ref>, id=1f0, trace=300572)
ROOT 50000b64 (kind=<JNI global ref>, id=1f1, trace=300573)
ROOT 50000b65 (kind=<JNI global ref>, id=1f2, trace=300574)
ROOT 50000b66 (kind=<JNI global ref>, id=1f3, trace=300574)
ROOT 50000b6a (kind=<JNI global ref>, id=1f4, trace=300578)
ROOT 50000b6b (kind=<JNI global ref>, id=1f5, trace=300578)
ROOT 50000b6c (kind=<JNI global ref>, id=1f6, trace=300579)
ROOT 50000b73 (kind=<JNI global ref>, id=1f7, trace=300586)
ROOT 50000b79 (kind=<JNI global ref>, id=1f8, trace=300592)
ROOT 50000b80 (kind=<JNI global ref>, id=1f9, trace=300596)
ROOT 50000b82 (kind=<JNI global ref>, id=1fa, trace=300598)
ROOT 50000b84 (kind=<JNI global ref>, id=1fb, trace=300600)
ROOT 50000b88 (kind=<JNI global ref>, id=1fc, trace=300604)
ROOT 50000b89 (kind=<JNI global ref>, id=1fd, trace=300604)
ROOT 50000b8a (kind=<JNI global ref>, id=1fe, trace=300605)
ROOT 50000bc9 (kind=<JNI global ref>, id=1ff, trace=300620)
ROOT 50000d49 (kind=<JNI global ref>, id=200, trace=300626)
ROOT 50000d4b (kind=<JNI global ref>, id=201, trace=300628)
ROOT 50000d93 (kind=<JNI global ref>, id=202, trace=300663)
ROOT 50000d99 (kind=<JNI global ref>, id=203, trace=300669)
ROOT 50000d9f (kind=<JNI global ref>, id=204, trace=300675)
ROOT 50000da8 (kind=<JNI global ref>, id=205, trace=300683)
ROOT 50000daa (kind=<JNI global ref>, id=206, trace=300685)
ROOT 50000dae (kind=<JNI global ref>, id=207, trace=300688)
ROOT 50000dbe (kind=<JNI global ref>, id=208, trace=300434)
ROOT 50000dbf (kind=<JNI global ref>, id=209, trace=300434)
ROOT 50000dc8 (kind=<JNI global ref>, id=20a, trace=300694)
ROOT 50000dcb (kind=<JNI global ref>, id=20b, trace=300695)
ROOT 50000de4 (kind=<JNI global ref>, id=20c, trace=300434)
ROOT 50000e04 (kind=<JNI global ref>, id=20d, trace=300434)
ROOT 50000e18 (kind=<JNI global ref>, id=20e, trace=300719)
ROOT 50000e1c (kind=<JNI global ref>, id=20f, trace=300723)
ROOT 50000e1d (kind=<JNI global ref>, id=210, trace=300724)
ROOT 50000e24 (kind=<JNI global ref>, id=211, trace=300726)
ROOT 50000e32 (kind=<JNI global ref>, id=212, trace=300734)
ROOT 50000ed1 (kind=<JNI global ref>, id=213, trace=300874)
ROOT 50000f26 (kind=<JNI global ref>, id=214, trace=300884)
ROOT 50000f28 (kind=<JNI global ref>, id=215, trace=300886)
ROOT 50000f30 (kind=<JNI global ref>, id=216, trace=300892)
ROOT 50000f31 (kind=<JNI global ref>, id=217, trace=300892)
ROOT 50000f8f (kind=<JNI global ref>, id=218, trace=300931)
ROOT 50000f90 (kind=<JNI global ref>, id=219, trace=300932)
ROOT 50000f93 (kind=<JNI global ref>, id=21a, trace=300935)
ROOT 50000f94 (kind=<JNI global ref>, id=21b, trace=300936)
ROOT 50000f95 (kind=<JNI global ref>, id=21c, trace=300937)
ROOT 50000f96 (kind=<JNI global ref>, id=21d, trace=300938)
ROOT 50000f97 (kind=<JNI global ref>, id=21e, trace=300939)
ROOT 50000f98 (kind=<JNI global ref>, id=21f, trace=300940)
ROOT 50000f99 (kind=<JNI global ref>, id=220, trace=300941)
ROOT 50000fa1 (kind=<JNI global ref>, id=221, trace=300946)
ROOT 50001115 (kind=<JNI global ref>, id=222, trace=300950)
ROOT 5000112e (kind=<JNI global ref>, id=223, trace=300958)
ROOT 5000112f (kind=<JNI global ref>, id=224, trace=300958)
ROOT 5000114c (kind=<JNI global ref>, id=225, trace=300434)
ROOT 5000114d (kind=<JNI global ref>, id=226, trace=300434)
ROOT 5000114e (kind=<JNI global ref>, id=227, trace=300434)
ROOT 5000116d (kind=<JNI global ref>, id=228, trace=300434)
ROOT 5000117f (kind=<JNI global ref>, id=229, trace=300981)
ROOT 50001183 (kind=<JNI global ref>, id=22a, trace=300985)
ROOT 50001184 (kind=<JNI global ref>, id=22b, trace=300986)
ROOT 50001187 (kind=<JNI global ref>, id=22c, trace=300988)
ROOT 5000118b (kind=<JNI global ref>, id=22d, trace=300992)
ROOT 50001194 (kind=<JNI global ref>, id=22e, trace=301001)
ROOT 500011b3 (kind=<JNI global ref>, id=22f, trace=301027)
ROOT 500011b4 (kind=<JNI global ref>, id=230, trace=301027)
ROOT 500011b6 (kind=<JNI global ref>, id=231, trace=301029)
ROOT 500012e7 (kind=<JNI global ref>, id=232, trace=300000)
ROOT 500012e9 (kind=<JNI global ref>, id=233, trace=301064)
ROOT 500012ec (kind=<JNI global ref>, id=234, trace=300000)
ROOT 500012ed (kind=<JNI global ref>, id=235, trace=300000)
ROOT 500012ee (kind=<JNI global ref>, id=236, trace=300000)
ROOT 500012ef (kind=<JNI global ref>, id=237, trace=300000)
ROOT 500012f0 (kind=<JNI global ref>, id=238, trace=300000)
ROOT 500012f1 (kind=<JNI global ref>, id=239, trace=300000)
ROOT 500012fb (kind=<unknown>)
ROOT 500012fc (kind=<unknown>)
ROOT 500012fd (kind=<unknown>)
ROOT 500012fe (kind=<unknown>)
ROOT 500012ff (kind=<unknown>)
ROOT 50001300 (kind=<unknown>)
ROOT 50001301 (kind=<unknown>)
ROOT 50001302 (kind=<unknown>)
ROOT 50001303 (kind=<unknown>)
ROOT 50001304 (kind=<unknown>)
ROOT 50001305 (kind=<unknown>)
ROOT 50001306 (kind=<unknown>)
ROOT 50001307 (kind=<unknown>)
ROOT 50001308 (kind=<unknown>)
ROOT 50001309 (kind=<unknown>)
ROOT 5000130a (kind=<unknown>)
ROOT 5000130b (kind=<unknown>)
ROOT 5000130c (kind=<unknown>)
ROOT 5000130d (kind=<unknown>)
ROOT 5000130e (kind=<unknown>)
ROOT 5000130f (kind=<unknown>)
ROOT 50001310 (kind=<unknown>)
ROOT 50001311 (kind=<unknown>)
ROOT 50001312 (kind=<unknown>)
ROOT 50001313 (kind=<unknown>)
ROOT 50001314 (kind=<unknown>)
ROOT 50001315 (kind=<unknown>)
ROOT 50001316 (kind=<unknown>)
ROOT 50001317 (kind=<unknown>)
ROOT 50001318 (kind=<unknown>)
ROOT 50001319 (kind=<unknown>)
ROOT 5000131a (kind=<unknown>)
ROOT 5000131b (kind=<unknown>)
ROOT 5000131c (kind=<unknown>)
ROOT 5000131d (kind=<unknown>)
ROOT 5000131e (kind=<unknown>)
ROOT 5000131f (kind=<unknown>)
ROOT 50001320 (kind=<unknown>)
ROOT 50001321 (kind=<unknown>)
ROOT 50001322 (kind=<unknown>)
ROOT 50001323 (kind=<unknown>)
ROOT 50001324 (kind=<unknown>)
ROOT 50001325 (kind=<unknown>)
ROOT 50001326 (kind=<unknown>)
ROOT 50001327 (kind=<unknown>)
ROOT 50001328 (kind=<unknown>)
ROOT 50001329 (kind=<unknown>)
ROOT 5000132a (kind=<unknown>)
ROOT 5000132b (kind=<unknown>)
ROOT 5000132c (kind=<unknown>)
ROOT 5000132d (kind=<unknown>)
ROOT 5000132e (kind=<unknown>)
ROOT 5000132f (kind=<unknown>)
ROOT 50001330 (kind=<unknown>)
ROOT 50001331 (kind=<unknown>)
ROOT 50001332 (kind=<unknown>)
ROOT 50001333 (kind=<unknown>)
ROOT 50001334 (kind=<unknown>)
ROOT 50001335 (kind=<unknown>)
ROOT 50001336 (kind=<unknown>)
ROOT 50001337 (kind=<unknown>)
ROOT 50001338 (kind=<unknown>)
ROOT 50001339 (kind=<unknown>)
ROOT 5000133a (kind=<unknown>)
ROOT 5000133b (kind=<unknown>)
ROOT 5000133c (kind=<unknown>)
ROOT 5000133d (kind=<unknown>)
ROOT 5000133e (kind=<unknown>)
ROOT 5000133f (kind=<unknown>)
ROOT 50001340 (kind=<unknown>)
ROOT 50001341 (kind=<unknown>)
ROOT 50001342 (kind=<unknown>)
ROOT 50001343 (kind=<unknown>)
ROOT 50001344 (kind=<unknown>)
ROOT 50001345 (kind=<unknown>)
ROOT 50001346 (kind=<unknown>)
ROOT 50001347 (kind=<unknown>)
ROOT 50001348 (kind=<unknown>)
ROOT 50001349 (kind=<unknown>)
ROOT 5000134a (kind=<unknown>)
ROOT 5000134b (kind=<unknown>)
ROOT 5000134c (kind=<unknown>)
ROOT 5000134d (kind=<unknown>)
ROOT 5000134e (kind=<unknown>)
ROOT 5000134f (kind=<unknown>)
ROOT 50001350 (kind=<unknown>)
ROOT 50001351 (kind=<unknown>)
ROOT 50001352 (kind=<unknown>)
ROOT 50001353 (kind=<unknown>)
ROOT 50001354 (kind=<unknown>)
ROOT 50001355 (kind=<unknown>)
ROOT 50001356 (kind=<unknown>)
ROOT 50001357 (kind=<unknown>)
ROOT 50001358 (kind=<unknown>)
ROOT 50001359 (kind=<unknown>)
ROOT 5000135a (kind=<unknown>)
ROOT 5000135b (kind=<unknown>)
ROOT 5000135c (kind=<unknown>)
ROOT 5000135d (kind=<unknown>)
ROOT 5000135e (kind=<unknown>)
ROOT 5000135f (kind=<unknown>)
ROOT 50001360 (kind=<unknown>)
ROOT 50001361 (kind=<unknown>)
ROOT 50001362 (kind=<unknown>)
ROOT 50001363 (kind=<unknown>)
ROOT 50001364 (kind=<unknown>)
ROOT 50001365 (kind=<unknown>)
ROOT 50001366 (kind=<unknown>)
ROOT 50001367 (kind=<unknown>)
ROOT 50001368 (kind=<unknown>)
ROOT 50001369 (kind=<unknown>)
ROOT 5000136a (kind=<unknown>)
ROOT 5000136b (kind=<unknown>)
ROOT 5000136c (kind=<unknown>)
ROOT 5000136d (kind=<unknown>)
ROOT 5000136e (kind=<unknown>)
ROOT 5000136f (kind=<unknown>)
ROOT 50001370 (kind=<unknown>)
ROOT 50001371 (kind=<unknown>)
ROOT 50001372 (kind=<unknown>)
ROOT 50001373 (kind=<unknown>)
ROOT 50001374 (kind=<unknown>)
ROOT 50001375 (kind=<unknown>)
ROOT 50001376 (kind=<unknown>)
ROOT 50001377 (kind=<unknown>)
ROOT 50001378 (kind=<unknown>)
ROOT 50001379 (kind=<unknown>)
ROOT 5000137a (kind=<unknown>)
ROOT 5000137b (kind=<unknown>)
ROOT 5000137c (kind=<unknown>)
ROOT 5000137d (kind=<unknown>)
ROOT 5000137e (kind=<unknown>)
ROOT 5000137f (kind=<unknown>)
ROOT 50001380 (kind=<unknown>)
ROOT 50001381 (kind=<unknown>)
ROOT 50001382 (kind=<unknown>)
ROOT 50001383 (kind=<unknown>)
ROOT 50001384 (kind=<unknown>)
ROOT 50001385 (kind=<unknown>)
ROOT 50001386 (kind=<unknown>)
ROOT 50001387 (kind=<unknown>)
ROOT 50001388 (kind=<unknown>)
ROOT 50001389 (kind=<unknown>)
ROOT 5000138a (kind=<unknown>)
ROOT 5000138b (kind=<unknown>)
ROOT 5000138c (kind=<unknown>)
ROOT 5000138d (kind=<unknown>)
ROOT 5000138e (kind=<unknown>)
ROOT 5000138f (kind=<unknown>)
ROOT 50001390 (kind=<unknown>)
ROOT 50001391 (kind=<unknown>)
ROOT 50001392 (kind=<unknown>)
ROOT 50001393 (kind=<unknown>)
ROOT 50001394 (kind=<unknown>)
ROOT 50001395 (kind=<unknown>)
ROOT 50001396 (kind=<unknown>)
ROOT 50001397 (kind=<unknown>)
ROOT 50001398 (kind=<unknown>)
ROOT 50001399 (kind=<unknown>)
ROOT 5000139a (kind=<unknown>)
ROOT 5000139b (kind=<unknown>)
ROOT 5000139c (kind=<unknown>)
ROOT 5000139d (kind=<unknown>)
ROOT 5000139e (kind=<unknown>)
ROOT 5000139f (kind=<unknown>)
ROOT 500013a0 (kind=<unknown>)
ROOT 500013a1 (kind=<unknown>)
ROOT 500013a2 (kind=<unknown>)
ROOT 500013a3 (kind=<unknown>)
ROOT 500013a4 (kind=<unknown>)
ROOT 500013a5 (kind=<unknown>)
ROOT 500013a6 (kind=<unknown>)
ROOT 500013a7 (kind=<unknown>)
ROOT 500013a8 (kind=<unknown>)
ROOT 500013a9 (kind=<unknown>)
ROOT 500013aa (kind=<unknown>)
ROOT 500013ab (kind=<unknown>)
ROOT 500013ac (kind=<unknown>)
ROOT 500013ad (kind=<unknown>)
ROOT 500013ae (kind=<unknown>)
ROOT 500013af (kind=<unknown>)
ROOT 500013b0 (kind=<unknown>)
ROOT 500013b1 (kind=<unknown>)
ROOT 500013b2 (kind=<unknown>)
ROOT 500013b3 (kind=<unknown>)
ROOT 500013b4 (kind=<unknown>)
ROOT 500013b5 (kind=<unknown>)
ROOT 500013b6 (kind=<unknown>)
ROOT 500013b7 (kind=<unknown>)
ROOT 500013b8 (kind=<unknown>)
ROOT 500013b9 (kind=<unknown>)
ROOT 500013ba (kind=<unknown>)
ROOT 500013bb (kind=<unknown>)
ROOT 500013bc (kind=<unknown>)
ROOT 500013bd (kind=<unknown>)
ROOT 500013be (kind=<unknown>)
ROOT 500013bf (kind=<unknown>)
ROOT 500013c0 (kind=<unknown>)
ROOT 500013c1 (kind=<unknown>)
ROOT 500013c2 (kind=<unknown>)
ROOT 500013c3 (kind=<unknown>)
ROOT 500013c4 (kind=<unknown>)
ROOT 500013c5 (kind=<unknown>)
ROOT 500013c6 (kind=<unknown>)
ROOT 500013c7 (kind=<unknown>)
ROOT 500013c8 (kind=<unknown>)
ROOT 500013c9 (kind=<unknown>)
ROOT 500013ca (kind=<unknown>)
ROOT 500013cb (kind=<unknown>)
ROOT 500013cc (kind=<unknown>)
ROOT 500013cd (kind=<unknown>)
ROOT 500013ce (kind=<unknown>)
ROOT 500013cf (kind=<unknown>)
ROOT 500013d0 (kind=<unknown>)
ROOT 500013d1 (kind=<unknown>)
ROOT 500013d2 (kind=<unknown>)
ROOT 500013d3 (kind=<unknown>)
ROOT 500013d4 (kind=<unknown>)
ROOT 500013d5 (kind=<unknown>)
ROOT 500013d6 (kind=<unknown>)
ROOT 500013d7 (kind=<unknown>)
ROOT 500013d8 (kind=<unknown>)
ROOT 500013d9 (kind=<unknown>)
ROOT 500013da (kind=<unknown>)
ROOT 500013db (kind=<unknown>)
ROOT 500013dc (kind=<unknown>)
ROOT 500012e9 (kind=<system class>, name=java.lang.Shutdown$Lock)
ROOT 500012e7 (kind=<system class>, name=java.lang.Shutdown)
ROOT 500011b6 (kind=<system class>, name=java.text.NumberFormat$Field)
ROOT 500011b4 (kind=<system class>, name=java.text.FieldPosition$Delegate)
ROOT 500011b3 (kind=<system class>, name=java.text.Format$FieldDelegate)
ROOT 50001194 (kind=<system class>, name=java.math.RoundingMode[])
ROOT 5000118b (kind=<system class>, name=java.math.RoundingMode)
ROOT 5000118b (kind=<system class>, name=java.math.RoundingMode)
ROOT 50001187 (kind=<system class>, name=java.text.DigitList)
ROOT 50001184 (kind=<system class>, name=java.text.FieldPosition[])
ROOT 50000b27 (kind=<system class>, name=java.text.FieldPosition)
ROOT 50001183 (kind=<system class>, name=java.text.DecimalFormat)
ROOT 5000117f (kind=<system class>, name=java.util.HashMap$KeySet)
ROOT 5000116d (kind=<system class>, name=sun.util.resources.en.CurrencyNames_en_US)
ROOT 5000114e (kind=<system class>, name=sun.util.resources.CurrencyNames)
ROOT 5000114d (kind=<system class>, name=sun.util.resources.LocaleNamesBundle)
ROOT 5000114c (kind=<system class>, name=sun.util.resources.OpenListResourceBundle)
ROOT 5000112f (kind=<system class>, name=java.util.Currency$CurrencyNameGetter)
ROOT 5000112e (kind=<system class>, name=sun.util.locale.provider.LocaleServiceProviderPool$LocalizedObjectGetter)
ROOT 50001115 (kind=<system class>, name=sun.util.locale.provider.SPILocaleProviderAdapter$1)
ROOT 50000fa1 (kind=<system class>, name=sun.util.locale.provider.CurrencyNameProviderImpl)
ROOT 50000f99 (kind=<system class>, name=java.util.spi.CalendarDataProvider)
ROOT 50000f98 (kind=<system class>, name=java.util.spi.TimeZoneNameProvider)
ROOT 50000f97 (kind=<system class>, name=java.util.spi.LocaleNameProvider)
ROOT 50000f96 (kind=<system class>, name=java.text.spi.DateFormatSymbolsProvider)
ROOT 50000f95 (kind=<system class>, name=java.text.spi.DateFormatProvider)
ROOT 50000f94 (kind=<system class>, name=java.text.spi.CollatorProvider)
ROOT 50000f93 (kind=<system class>, name=java.text.spi.BreakIteratorProvider)
ROOT 50000f90 (kind=<system class>, name=sun.util.locale.provider.LocaleServiceProviderPool)
ROOT 50000f8f (kind=<system class>, name=java.util.spi.CurrencyNameProvider)
ROOT 50000f31 (kind=<system class>, name=java.io.DataInputStream)
ROOT 50000f30 (kind=<system class>, name=java.io.DataInput)
ROOT 50000f28 (kind=<system class>, name=java.util.Currency$1)
ROOT 50000f26 (kind=<system class>, name=java.util.Currency)
ROOT 50000ed1 (kind=<system class>, name=java.util.concurrent.ConcurrentHashMap$ForwardingNode)
ROOT 50000e32 (kind=<system class>, name=sun.util.resources.ParallelListResourceBundle$KeySet)
ROOT 50000e24 (kind=<system class>, name=sun.util.locale.provider.DecimalFormatSymbolsProviderImpl)
ROOT 50000e1d (kind=<system class>, name=java.text.spi.DecimalFormatSymbolsProvider)
ROOT 50000e1c (kind=<system class>, name=java.text.DecimalFormatSymbols)
ROOT 50000e18 (kind=<system class>, name=sun.util.locale.provider.LocaleResources$ResourceReference)
ROOT 50000e04 (kind=<system class>, name=sun.text.resources.en.FormatData_en_US)
ROOT 50000de4 (kind=<system class>, name=sun.text.resources.en.FormatData_en)
ROOT 50000dcb (kind=<system class>, name=java.util.concurrent.atomic.AtomicMarkableReference$Pair)
ROOT 50000dc8 (kind=<system class>, name=java.util.concurrent.atomic.AtomicMarkableReference)
ROOT 50000dbf (kind=<system class>, name=sun.text.resources.FormatData)
ROOT 50000dbe (kind=<system class>, name=sun.util.resources.ParallelListResourceBundle)
ROOT 50000dae (kind=<system class>, name=java.util.ResourceBundle$SingleFormatControl)
ROOT 50000daa (kind=<system class>, name=sun.util.resources.LocaleData$LocaleDataResourceBundleControl)
ROOT 50000da8 (kind=<system class>, name=sun.util.resources.LocaleData$1)
ROOT 50000d9f (kind=<system class>, name=sun.util.resources.LocaleData)
ROOT 50000d99 (kind=<system class>, name=sun.util.locale.provider.LocaleResources)
ROOT 50000d93 (kind=<system class>, name=java.util.Collections$EmptyIterator)
ROOT 50000d4b (kind=<system class>, name=java.lang.String[][])
ROOT 500000b4 (kind=<system class>, name=java.lang.String[])
ROOT 500012ec (kind=<system class>, name=java.io.Serializable[][])
ROOT 50000102 (kind=<system class>, name=java.io.Serializable[])
ROOT 500012ed (kind=<system class>, name=java.lang.Comparable[][])
ROOT 500000f9 (kind=<system class>, name=java.lang.Comparable[])
ROOT 500012ee (kind=<system class>, name=java.lang.CharSequence[][])
ROOT 500000b5 (kind=<system class>, name=java.lang.CharSequence[])
ROOT 50000d49 (kind=<system class>, name=sun.util.locale.LanguageTag)
ROOT 50000bc9 (kind=<system class>, name=sun.util.locale.provider.JRELocaleProviderAdapter$1)
ROOT 50000b8a (kind=<system class>, name=sun.util.locale.provider.LocaleDataMetaInfo)
ROOT 50000b89 (kind=<system class>, name=sun.util.locale.provider.NumberFormatProviderImpl)
ROOT 50000b88 (kind=<system class>, name=sun.util.locale.provider.AvailableLanguageTags)
ROOT 50000b84 (kind=<system class>, name=sun.util.locale.provider.LocaleProviderAdapter$1)
ROOT 50000b82 (kind=<system class>, name=java.util.ArrayList$Itr)
ROOT 50000b80 (kind=<system class>, name=java.util.Collections$UnmodifiableCollection$1)
ROOT 50000b79 (kind=<system class>, name=sun.util.locale.provider.LocaleProviderAdapter$Type[])
ROOT 50000b73 (kind=<system class>, name=sun.util.locale.provider.LocaleProviderAdapter$Type)
ROOT 50000b73 (kind=<system class>, name=sun.util.locale.provider.LocaleProviderAdapter$Type)
ROOT 50000b6c (kind=<system class>, name=sun.util.locale.provider.AuxLocaleProviderAdapter$NullProvider)
ROOT 50000b6b (kind=<system class>, name=sun.util.locale.provider.SPILocaleProviderAdapter)
ROOT 50000b6a (kind=<system class>, name=sun.util.locale.provider.AuxLocaleProviderAdapter)
ROOT 50000b66 (kind=<system class>, name=sun.util.locale.provider.JRELocaleProviderAdapter)
ROOT 50000b65 (kind=<system class>, name=sun.util.locale.provider.ResourceBundleBasedAdapter)
ROOT 50000b64 (kind=<system class>, name=sun.util.locale.provider.LocaleProviderAdapter)
ROOT 50000b63 (kind=<system class>, name=java.text.spi.NumberFormatProvider)
ROOT 50000b62 (kind=<system class>, name=java.util.spi.LocaleServiceProvider)
ROOT 50000b61 (kind=<system class>, name=java.text.NumberFormat)
ROOT 50000b2e (kind=<system class>, name=java.text.MessageFormat$Field)
ROOT 50000b2d (kind=<system class>, name=java.text.Format$Field)
ROOT 50000b2c (kind=<system class>, name=java.text.AttributedCharacterIterator$Attribute)
ROOT 50000b2b (kind=<system class>, name=java.util.Date)
ROOT 50000b27 (kind=<system class>, name=java.text.FieldPosition)
ROOT 50000b0d (kind=<system class>, name=java.lang.StringBuilder[])
ROOT 5000011f (kind=<system class>, name=java.lang.StringBuilder)
ROOT 500012ef (kind=<system class>, name=java.lang.AbstractStringBuilder[])
ROOT 50000121 (kind=<system class>, name=java.lang.AbstractStringBuilder)
ROOT 500012f0 (kind=<system class>, name=java.lang.Appendable[])
ROOT 50000122 (kind=<system class>, name=java.lang.Appendable)
ROOT 50000b01 (kind=<system class>, name=java.util.Locale$1)
ROOT 50000aff (kind=<system class>, name=java.util.Locale$Category[])
ROOT 50000afc (kind=<system class>, name=java.util.Locale$Category)
ROOT 50000afc (kind=<system class>, name=java.util.Locale$Category)
ROOT 50000af8 (kind=<system class>, name=java.text.Format[])
ROOT 50000af1 (kind=<system class>, name=java.text.Format)
ROOT 50000af2 (kind=<system class>, name=java.text.MessageFormat)
ROOT 50000af1 (kind=<system class>, name=java.text.Format)
ROOT 50000ac7 (kind=<system class>, name=java.lang.Object[][])
ROOT 50000106 (kind=<system class>, name=java.lang.Object[])
ROOT 500012f1 (kind=<system class>, name=java.lang.Cloneable[])
ROOT 50000166 (kind=<system class>, name=java.lang.Cloneable)
ROOT 50000a4e (kind=<system class>, name=java.net.URLClassLoader$2)
ROOT 50000a4c (kind=<system class>, name=java.util.ResourceBundle$Control$1)
ROOT 50000a13 (kind=<system class>, name=sun.misc.URLClassPath$FileLoader)
ROOT 50000a01 (kind=<system class>, name=java.net.URLClassLoader$1)
ROOT 500009f4 (kind=<system class>, name=java.util.ResourceBundle$BundleReference)
ROOT 500009ea (kind=<system class>, name=sun.launcher.resources.launcher)
ROOT 500009e9 (kind=<system class>, name=java.util.ListResourceBundle)
ROOT 500009d3 (kind=<system class>, name=java.util.LinkedList$Node)
ROOT 500009cb (kind=<system class>, name=java.util.LinkedList)
ROOT 500009ca (kind=<system class>, name=java.util.AbstractSequentialList)
ROOT 500009c9 (kind=<system class>, name=java.util.Deque)
ROOT 500009c8 (kind=<system class>, name=java.util.Queue)
ROOT 500009c6 (kind=<system class>, name=java.util.ResourceBundle$LoaderReference)
ROOT 500009c5 (kind=<system class>, name=java.util.ResourceBundle$CacheKeyReference)
ROOT 500009c3 (kind=<system class>, name=java.util.ResourceBundle$CacheKey)
ROOT 500009be (kind=<system class>, name=java.util.ResourceBundle$Control$CandidateListCache)
ROOT 500009b4 (kind=<system class>, name=java.util.Arrays$ArrayList)
ROOT 500009b2 (kind=<system class>, name=java.util.ResourceBundle$Control)
ROOT 500009a2 (kind=<system class>, name=java.util.ResourceBundle$RBClassLoader$1)
ROOT 500009a1 (kind=<system class>, name=java.util.ResourceBundle$RBClassLoader)
ROOT 500007bc (kind=<system class>, name=java.net.URLClassLoader$3$1)
ROOT 500006da (kind=<system class>, name=java.security.PrivilegedActionException)
ROOT 500006d8 (kind=<system class>, name=java.io.FileNotFoundException)
ROOT 500006d7 (kind=<system class>, name=java.io.IOException)
ROOT 500006c2 (kind=<system class>, name=sun.misc.FileURLMapper)
ROOT 500006c0 (kind=<system class>, name=sun.misc.URLClassPath$JarLoader$1)
ROOT 5000065e (kind=<system class>, name=sun.nio.cs.UTF_8$Decoder)
ROOT 50000659 (kind=<system class>, name=sun.nio.cs.ThreadLocalCoders$2)
ROOT 50000656 (kind=<system class>, name=sun.nio.cs.ThreadLocalCoders$1)
ROOT 50000655 (kind=<system class>, name=sun.nio.cs.ThreadLocalCoders$Cache)
ROOT 50000654 (kind=<system class>, name=sun.nio.cs.ThreadLocalCoders)
ROOT 5000063f (kind=<system class>, name=java.util.zip.ZipFile$1)
ROOT 5000063e (kind=<system class>, name=sun.misc.JavaUtilZipFileAccess)
ROOT 5000063d (kind=<system class>, name=java.util.zip.ZipFile)
ROOT 5000063c (kind=<system class>, name=java.util.zip.ZipConstants)
ROOT 5000063b (kind=<system class>, name=sun.misc.URLClassPath$JarLoader)
ROOT 5000063a (kind=<system class>, name=sun.misc.URLClassPath$Loader)
ROOT 50000638 (kind=<system class>, name=sun.misc.URLClassPath$3)
ROOT 50000632 (kind=<system class>, name=sun.net.util.URLUtil)
ROOT 50000630 (kind=<system class>, name=sun.misc.CompoundEnumeration)
ROOT 5000062e (kind=<system class>, name=java.net.URLClassLoader$3)
ROOT 5000062c (kind=<system class>, name=sun.misc.URLClassPath$1)
ROOT 5000062a (kind=<system class>, name=java.lang.ClassLoader$2)
ROOT 50000628 (kind=<system class>, name=sun.misc.URLClassPath$2)
ROOT 500003c4 (kind=<system class>, name=sun.misc.Launcher$BootClassPathHolder$1)
ROOT 500003c3 (kind=<system class>, name=sun.misc.Launcher$BootClassPathHolder)
ROOT 500003c1 (kind=<system class>, name=java.util.Enumeration[])
ROOT 500000c5 (kind=<system class>, name=java.util.Enumeration)
ROOT 500003b9 (kind=<system class>, name=java.util.LinkedHashMap$LinkedEntryIterator)
ROOT 500003b8 (kind=<system class>, name=java.util.LinkedHashMap$LinkedHashIterator)
ROOT 500003b6 (kind=<system class>, name=java.util.LinkedHashMap$LinkedEntrySet)
ROOT 500003b4 (kind=<system class>, name=java.util.ServiceLoader$1)
ROOT 500003b2 (kind=<system class>, name=java.util.ServiceLoader$LazyIterator)
ROOT 500003af (kind=<system class>, name=java.util.ServiceLoader)
ROOT 500003ae (kind=<system class>, name=java.util.spi.ResourceBundleControlProvider)
ROOT 500003a9 (kind=<system class>, name=java.util.ResourceBundle$1)
ROOT 500003a8 (kind=<system class>, name=java.util.ResourceBundle)
ROOT 500003a7 (kind=<system class>, name=sun.launcher.LauncherHelper$ResourceBundleHolder)
ROOT 500003a2 (kind=<system class>, name=sun.launcher.LauncherHelper[])
ROOT 500003a0 (kind=<system class>, name=sun.launcher.LauncherHelper)
ROOT 500003a0 (kind=<system class>, name=sun.launcher.LauncherHelper)
ROOT 5000039d (kind=<system class>, name=java.io.FileOutputStream$1)
ROOT 50000396 (kind=<system class>, name=sun.nio.cs.UTF_8$Encoder)
ROOT 50000394 (kind=<system class>, name=java.lang.StringCoding$StringEncoder)
ROOT 5000038a (kind=<system class>, name=sun.nio.cs.UTF_8)
ROOT 50000389 (kind=<system class>, name=sun.nio.cs.Unicode)
ROOT 5000037f (kind=<system class>, name=java.lang.ThreadLocal$ThreadLocalMap$Entry[])
ROOT 5000037e (kind=<system class>, name=java.lang.ThreadLocal$ThreadLocalMap$Entry)
ROOT 5000037e (kind=<system class>, name=java.lang.ThreadLocal$ThreadLocalMap$Entry)
ROOT 5000037c (kind=<system class>, name=java.lang.ThreadLocal$ThreadLocalMap)
ROOT 50000379 (kind=<system class>, name=java.lang.StringCoding)
ROOT 50000352 (kind=<system class>, name=sun.usagetracker.UsageTrackerClient$3)
ROOT 500002e3 (kind=<system class>, name=java.util.TreeMap$Entry)
ROOT 500002e1 (kind=<system class>, name=java.lang.ProcessEnvironment$CheckedEntry)
ROOT 500002df (kind=<system class>, name=java.util.HashMap$EntryIterator)
ROOT 500002de (kind=<system class>, name=java.util.HashMap$HashIterator)
ROOT 500002dc (kind=<system class>, name=java.lang.ProcessEnvironment$CheckedEntrySet$1)
ROOT 500002d9 (kind=<system class>, name=java.util.HashMap$EntrySet)
ROOT 500002d8 (kind=<system class>, name=java.lang.ProcessEnvironment$CheckedEntrySet)
ROOT 500002d5 (kind=<system class>, name=java.util.TreeMap)
ROOT 500002d4 (kind=<system class>, name=java.util.NavigableMap)
ROOT 500002d3 (kind=<system class>, name=java.util.SortedMap)
ROOT 500001d8 (kind=<system class>, name=java.util.Collections$UnmodifiableMap)
ROOT 500001d5 (kind=<system class>, name=java.lang.ProcessEnvironment$EntryComparator)
ROOT 500001d3 (kind=<system class>, name=java.lang.ProcessEnvironment$NameComparator)
ROOT 500001d2 (kind=<system class>, name=java.lang.ProcessEnvironment)
ROOT 500001d0 (kind=<system class>, name=sun.usagetracker.UsageTrackerClient$2)
ROOT 500001c2 (kind=<system class>, name=sun.usagetracker.UsageTrackerClient$4)
ROOT 500001b9 (kind=<system class>, name=sun.usagetracker.UsageTrackerClient$1)
ROOT 500001b4 (kind=<system class>, name=java.util.concurrent.atomic.AtomicBoolean)
ROOT 500001b2 (kind=<system class>, name=sun.usagetracker.UsageTrackerClient)
ROOT 500001b1 (kind=<system class>, name=sun.misc.PostVMInitHook)
ROOT 500001a9 (kind=<system class>, name=java.lang.invoke.MethodHandleStatics$1)
ROOT 500001a7 (kind=<system class>, name=java.lang.invoke.MethodHandleStatics)
ROOT 500001a5 (kind=<system class>, name=java.lang.invoke.MemberName$Factory)
ROOT 500001a1 (kind=<system class>, name=java.lang.ClassValue$Version)
ROOT 5000019f (kind=<system class>, name=java.lang.ClassValue$Identity)
ROOT 5000019a (kind=<system class>, name=java.lang.ClassValue$Entry[])
ROOT 50000199 (kind=<system class>, name=java.lang.ClassValue$Entry)
ROOT 50000199 (kind=<system class>, name=java.lang.ClassValue$Entry)
ROOT 50000198 (kind=<system class>, name=java.lang.invoke.MethodHandleImpl$4)
ROOT 50000197 (kind=<system class>, name=java.lang.ClassValue)
ROOT 50000193 (kind=<system class>, name=java.lang.invoke.MethodHandle[])
ROOT 5000012d (kind=<system class>, name=java.lang.invoke.MethodHandle)
ROOT 50000191 (kind=<system class>, name=java.lang.invoke.MethodHandleImpl$3)
ROOT 5000018f (kind=<system class>, name=java.lang.invoke.MethodHandleImpl$2)
ROOT 5000018e (kind=<system class>, name=java.util.function.Function)
ROOT 50000185 (kind=<system class>, name=java.lang.invoke.MethodHandleImpl$1)
ROOT 50000182 (kind=<system class>, name=java.lang.invoke.MethodHandleImpl)
ROOT 50000001 (kind=<system class>, name=java.lang.SystemClassLoaderAction)
ROOT 50000002 (kind=<system class>, name=sun.misc.Launcher$AppClassLoader$1)
ROOT 50000003 (kind=<system class>, name=sun.net.www.protocol.jar.Handler)
ROOT 50000004 (kind=<system class>, name=sun.misc.URLClassPath)
ROOT 50000005 (kind=<system class>, name=java.util.HashSet)
ROOT 50000006 (kind=<system class>, name=java.security.Principal[])
ROOT 50000007 (kind=<system class>, name=java.security.Principal)
ROOT 50000007 (kind=<system class>, name=java.security.Principal)
ROOT 50000008 (kind=<system class>, name=java.security.ProtectionDomain$Key)
ROOT 50000009 (kind=<system class>, name=java.security.ProtectionDomain$2)
ROOT 5000000a (kind=<system class>, name=sun.misc.JavaSecurityProtectionDomainAccess)
ROOT 5000000b (kind=<system class>, name=java.security.ProtectionDomain$JavaSecurityAccessImpl)
ROOT 5000000c (kind=<system class>, name=sun.misc.JavaSecurityAccess)
ROOT 5000000d (kind=<system class>, name=java.net.URL[])
ROOT 50000117 (kind=<system class>, name=java.net.URL)
ROOT 5000000e (kind=<system class>, name=sun.net.www.protocol.file.Handler)
ROOT 5000000f (kind=<system class>, name=java.net.URLStreamHandler)
ROOT 50000010 (kind=<system class>, name=java.net.Parts)
ROOT 50000011 (kind=<system class>, name=java.util.BitSet)
ROOT 50000012 (kind=<system class>, name=sun.net.www.ParseUtil)
ROOT 50000013 (kind=<system class>, name=java.io.FileInputStream$1)
ROOT 50000014 (kind=<system class>, name=java.util.HashMap$TreeNode)
ROOT 50000015 (kind=<system class>, name=java.lang.CharacterDataLatin1)
ROOT 50000016 (kind=<system class>, name=java.lang.CharacterData)
ROOT 50000017 (kind=<system class>, name=sun.util.locale.LocaleUtils)
ROOT 50000018 (kind=<system class>, name=java.util.Locale$LocaleKey)
ROOT 50000019 (kind=<system class>, name=sun.util.locale.LocaleObjectCache$CacheEntry)
ROOT 5000001a (kind=<system class>, name=sun.util.locale.BaseLocale$Key)
ROOT 5000001b (kind=<system class>, name=sun.util.locale.BaseLocale$Cache)
ROOT 5000001c (kind=<system class>, name=sun.util.locale.BaseLocale)
ROOT 5000001d (kind=<system class>, name=java.util.concurrent.ConcurrentHashMap$EntrySetView)
ROOT 5000001e (kind=<system class>, name=java.util.concurrent.ConcurrentHashMap$ValuesView)
ROOT 5000001f (kind=<system class>, name=java.util.concurrent.ConcurrentHashMap$KeySetView)
ROOT 50000020 (kind=<system class>, name=java.util.concurrent.ConcurrentHashMap$CollectionView)
ROOT 50000021 (kind=<system class>, name=java.util.concurrent.ConcurrentHashMap$CounterCell[])
ROOT 50000022 (kind=<system class>, name=java.util.concurrent.ConcurrentHashMap$CounterCell)
ROOT 50000022 (kind=<system class>, name=java.util.concurrent.ConcurrentHashMap$CounterCell)
ROOT 50000023 (kind=<system class>, name=java.util.concurrent.ConcurrentHashMap$Node[])
ROOT 50000024 (kind=<system class>, name=java.util.concurrent.ConcurrentHashMap$Node)
ROOT 50000024 (kind=<system class>, name=java.util.concurrent.ConcurrentHashMap$Node)
ROOT 50000025 (kind=<system class>, name=java.util.concurrent.ConcurrentHashMap$Segment[])
ROOT 50000028 (kind=<system class>, name=java.util.concurrent.ConcurrentHashMap$Segment)
ROOT 50000026 (kind=<system class>, name=java.util.concurrent.locks.ReentrantLock[])
ROOT 50000029 (kind=<system class>, name=java.util.concurrent.locks.ReentrantLock)
ROOT 50000027 (kind=<system class>, name=java.util.concurrent.locks.Lock[])
ROOT 5000002a (kind=<system class>, name=java.util.concurrent.locks.Lock)
ROOT 50000028 (kind=<system class>, name=java.util.concurrent.ConcurrentHashMap$Segment)
ROOT 50000029 (kind=<system class>, name=java.util.concurrent.locks.ReentrantLock)
ROOT 5000002a (kind=<system class>, name=java.util.concurrent.locks.Lock)
ROOT 5000002b (kind=<system class>, name=java.util.concurrent.ConcurrentHashMap)
ROOT 5000002c (kind=<system class>, name=java.util.concurrent.ConcurrentMap)
ROOT 5000002d (kind=<system class>, name=java.util.Locale$Cache)
ROOT 5000002e (kind=<system class>, name=sun.util.locale.LocaleObjectCache)
ROOT 5000002f (kind=<system class>, name=java.util.Locale)
ROOT 50000030 (kind=<system class>, name=java.lang.reflect.Array)
ROOT 50000031 (kind=<system class>, name=java.nio.charset.CoderResult$2)
ROOT 50000032 (kind=<system class>, name=java.nio.charset.CoderResult$1)
ROOT 50000033 (kind=<system class>, name=java.nio.charset.CoderResult$Cache)
ROOT 50000034 (kind=<system class>, name=java.nio.charset.CoderResult)
ROOT 50000035 (kind=<system class>, name=java.nio.HeapCharBuffer)
ROOT 50000036 (kind=<system class>, name=java.nio.CharBuffer)
ROOT 50000037 (kind=<system class>, name=sun.nio.cs.SingleByte$Decoder)
ROOT 50000038 (kind=<system class>, name=java.nio.charset.CharsetDecoder)
ROOT 50000039 (kind=<system class>, name=sun.nio.cs.ArrayDecoder)
ROOT 5000003a (kind=<system class>, name=sun.nio.cs.MS1252)
ROOT 5000003b (kind=<system class>, name=sun.nio.cs.StreamDecoder)
ROOT 5000003c (kind=<system class>, name=java.io.FileReader)
ROOT 5000003d (kind=<system class>, name=java.io.InputStreamReader)
ROOT 5000003e (kind=<system class>, name=java.io.BufferedReader)
ROOT 5000003f (kind=<system class>, name=java.io.Reader)
ROOT 50000040 (kind=<system class>, name=java.lang.Readable)
ROOT 50000041 (kind=<system class>, name=sun.misc.MetaIndex)
ROOT 50000042 (kind=<system class>, name=sun.misc.Launcher$ExtClassLoader$1)
ROOT 50000043 (kind=<system class>, name=java.io.File[])
ROOT 50000119 (kind=<system class>, name=java.io.File)
ROOT 50000044 (kind=<system class>, name=java.util.StringTokenizer)
ROOT 50000045 (kind=<system class>, name=java.net.URLClassLoader$7)
ROOT 50000046 (kind=<system class>, name=sun.misc.JavaNetAccess)
ROOT 50000047 (kind=<system class>, name=java.util.WeakHashMap$KeySet)
ROOT 50000048 (kind=<system class>, name=java.util.Collections$SetFromMap)
ROOT 50000049 (kind=<system class>, name=java.util.WeakHashMap$Entry[])
ROOT 5000004c (kind=<system class>, name=java.util.WeakHashMap$Entry)
ROOT 5000004a (kind=<system class>, name=java.lang.ref.WeakReference[])
ROOT 5000014e (kind=<system class>, name=java.lang.ref.WeakReference)
ROOT 5000004b (kind=<system class>, name=java.lang.ref.Reference[])
ROOT 50000150 (kind=<system class>, name=java.lang.ref.Reference)
ROOT 5000004c (kind=<system class>, name=java.util.WeakHashMap$Entry)
ROOT 5000004d (kind=<system class>, name=java.lang.ClassLoader$ParallelLoaders)
ROOT 5000004e (kind=<system class>, name=sun.security.util.Debug)
ROOT 5000004f (kind=<system class>, name=sun.misc.Launcher$Factory)
ROOT 50000050 (kind=<system class>, name=java.net.URLStreamHandlerFactory)
ROOT 50000051 (kind=<system class>, name=java.lang.Compiler$1)
ROOT 50000052 (kind=<system class>, name=java.lang.Compiler)
ROOT 50000053 (kind=<system class>, name=java.lang.IllegalArgumentException)
ROOT 50000054 (kind=<system class>, name=java.lang.System$2)
ROOT 50000055 (kind=<system class>, name=sun.misc.JavaLangAccess)
ROOT 50000056 (kind=<system class>, name=sun.io.Win32ErrorMode)
ROOT 50000057 (kind=<system class>, name=sun.misc.OSEnvironment)
ROOT 50000058 (kind=<system class>, name=java.lang.Integer[])
ROOT 50000108 (kind=<system class>, name=java.lang.Integer)
ROOT 50000059 (kind=<system class>, name=java.lang.Number[])
ROOT 5000010d (kind=<system class>, name=java.lang.Number)
ROOT 5000005a (kind=<system class>, name=java.lang.Integer$IntegerCache)
ROOT 5000005b (kind=<system class>, name=sun.misc.NativeSignalHandler)
ROOT 5000005c (kind=<system class>, name=sun.misc.Signal)
ROOT 5000005d (kind=<system class>, name=java.lang.Terminator$1)
ROOT 5000005e (kind=<system class>, name=sun.misc.SignalHandler)
ROOT 5000005f (kind=<system class>, name=java.lang.Terminator)
ROOT 50000060 (kind=<system class>, name=java.lang.ClassLoader$NativeLibrary)
ROOT 50000061 (kind=<system class>, name=java.util.LinkedHashMap$Entry)
ROOT 50000062 (kind=<system class>, name=java.io.ExpiringCache$Entry)
ROOT 50000063 (kind=<system class>, name=java.io.File$PathStatus[])
ROOT 50000068 (kind=<system class>, name=java.io.File$PathStatus)
ROOT 50000064 (kind=<system class>, name=java.lang.Enum[])
ROOT 50000069 (kind=<system class>, name=java.lang.Enum)
ROOT 50000065 (kind=<system class>, name=java.lang.ClassLoader$3)
ROOT 50000066 (kind=<system class>, name=java.nio.file.Path)
ROOT 50000067 (kind=<system class>, name=java.nio.file.Watchable)
ROOT 50000068 (kind=<system class>, name=java.io.File$PathStatus)
ROOT 50000069 (kind=<system class>, name=java.lang.Enum)
ROOT 5000006a (kind=<system class>, name=java.io.ExpiringCache$1)
ROOT 5000006b (kind=<system class>, name=java.util.LinkedHashMap)
ROOT 5000006c (kind=<system class>, name=java.io.ExpiringCache)
ROOT 5000006d (kind=<system class>, name=java.io.WinNTFileSystem)
ROOT 5000006e (kind=<system class>, name=java.io.FileSystem)
ROOT 5000006f (kind=<system class>, name=java.io.DefaultFileSystem)
ROOT 50000070 (kind=<system class>, name=sun.security.action.GetPropertyAction)
ROOT 50000071 (kind=<system class>, name=java.io.BufferedWriter)
ROOT 50000072 (kind=<system class>, name=java.nio.Bits$1)
ROOT 50000073 (kind=<system class>, name=sun.misc.JavaNioAccess)
ROOT 50000074 (kind=<system class>, name=java.nio.ByteOrder)
ROOT 50000075 (kind=<system class>, name=java.nio.Bits)
ROOT 50000076 (kind=<system class>, name=java.nio.HeapByteBuffer)
ROOT 50000077 (kind=<system class>, name=java.nio.ByteBuffer)
ROOT 50000078 (kind=<system class>, name=java.nio.charset.CodingErrorAction)
ROOT 50000079 (kind=<system class>, name=sun.nio.cs.SingleByte$Encoder)
ROOT 5000007a (kind=<system class>, name=java.nio.charset.CharsetEncoder)
ROOT 5000007b (kind=<system class>, name=sun.nio.cs.ArrayEncoder)
ROOT 5000007c (kind=<system class>, name=sun.nio.cs.StreamEncoder)
ROOT 5000007d (kind=<system class>, name=java.io.OutputStreamWriter)
ROOT 5000007e (kind=<system class>, name=java.io.Writer)
ROOT 5000007f (kind=<system class>, name=sun.reflect.DelegatingConstructorAccessorImpl)
ROOT 50000080 (kind=<system class>, name=sun.reflect.NativeConstructorAccessorImpl)
ROOT 50000081 (kind=<system class>, name=sun.reflect.ReflectionFactory$1)
ROOT 50000082 (kind=<system class>, name=java.lang.Class$1)
ROOT 50000083 (kind=<system class>, name=java.lang.reflect.Constructor[])
ROOT 5000013b (kind=<system class>, name=java.lang.reflect.Constructor)
ROOT 50000084 (kind=<system class>, name=java.lang.reflect.Executable[])
ROOT 5000013d (kind=<system class>, name=java.lang.reflect.Executable)
ROOT 50000085 (kind=<system class>, name=sun.nio.cs.SingleByte)
ROOT 50000086 (kind=<system class>, name=sun.nio.cs.IBM437)
ROOT 50000087 (kind=<system class>, name=sun.nio.cs.HistoricallyNamedCharset)
ROOT 50000088 (kind=<system class>, name=java.util.Arrays)
ROOT 50000089 (kind=<system class>, name=java.util.concurrent.atomic.AtomicInteger)
ROOT 5000008a (kind=<system class>, name=java.lang.ThreadLocal)
ROOT 5000008b (kind=<system class>, name=sun.nio.cs.StandardCharsets$Cache)
ROOT 5000008c (kind=<system class>, name=sun.nio.cs.StandardCharsets$Classes)
ROOT 5000008d (kind=<system class>, name=sun.nio.cs.StandardCharsets$Aliases)
ROOT 5000008e (kind=<system class>, name=sun.util.PreHashedMap)
ROOT 5000008f (kind=<system class>, name=sun.nio.cs.StandardCharsets)
ROOT 50000090 (kind=<system class>, name=sun.nio.cs.FastCharsetProvider)
ROOT 50000091 (kind=<system class>, name=java.nio.charset.spi.CharsetProvider)
ROOT 50000092 (kind=<system class>, name=java.nio.charset.Charset)
ROOT 50000093 (kind=<system class>, name=java.io.BufferedOutputStream)
ROOT 50000094 (kind=<system class>, name=java.io.PrintStream)
ROOT 50000095 (kind=<system class>, name=java.io.FilterOutputStream)
ROOT 50000096 (kind=<system class>, name=sun.reflect.misc.ReflectUtil)
ROOT 50000097 (kind=<system class>, name=java.lang.reflect.ReflectAccess)
ROOT 50000098 (kind=<system class>, name=sun.reflect.LangReflectAccess)
ROOT 50000099 (kind=<system class>, name=java.lang.reflect.Modifier)
ROOT 5000009a (kind=<system class>, name=java.lang.ClassValue$ClassValueMap)
ROOT 5000009b (kind=<system class>, name=java.util.WeakHashMap)
ROOT 5000009c (kind=<system class>, name=sun.reflect.annotation.AnnotationType)
ROOT 5000009d (kind=<system class>, name=java.lang.Class$AnnotationData)
ROOT 5000009e (kind=<system class>, name=sun.reflect.generics.repository.ClassRepository)
ROOT 5000009f (kind=<system class>, name=sun.reflect.generics.repository.GenericDeclRepository)
ROOT 500000a0 (kind=<system class>, name=sun.reflect.generics.repository.AbstractRepository)
ROOT 500000a1 (kind=<system class>, name=java.lang.reflect.Field[])
ROOT 5000013f (kind=<system class>, name=java.lang.reflect.Field)
ROOT 500000a2 (kind=<system class>, name=java.lang.reflect.Member[])
ROOT 50000140 (kind=<system class>, name=java.lang.reflect.Member)
ROOT 500000a3 (kind=<system class>, name=java.lang.reflect.AccessibleObject[])
ROOT 50000141 (kind=<system class>, name=java.lang.reflect.AccessibleObject)
ROOT 500000a4 (kind=<system class>, name=java.lang.Class$Atomic)
ROOT 500000a5 (kind=<system class>, name=java.lang.Class$ReflectionData)
ROOT 500000a6 (kind=<system class>, name=java.lang.Class$3)
ROOT 500000a7 (kind=<system class>, name=java.util.concurrent.atomic.AtomicReferenceFieldUpdater$AtomicReferenceFieldUpdaterImpl$1)
ROOT 500000a8 (kind=<system class>, name=java.security.PrivilegedExceptionAction)
ROOT 500000a9 (kind=<system class>, name=java.util.concurrent.atomic.AtomicReferenceFieldUpdater$AtomicReferenceFieldUpdaterImpl)
ROOT 500000aa (kind=<system class>, name=java.util.concurrent.atomic.AtomicReferenceFieldUpdater)
ROOT 500000ab (kind=<system class>, name=java.io.BufferedInputStream)
ROOT 500000ac (kind=<system class>, name=java.io.FilterInputStream)
ROOT 500000ad (kind=<system class>, name=java.io.FileOutputStream)
ROOT 500000ae (kind=<system class>, name=java.io.OutputStream)
ROOT 500000af (kind=<system class>, name=java.io.Flushable)
ROOT 500000b0 (kind=<system class>, name=java.util.HashMap$Node[])
ROOT 500000b1 (kind=<system class>, name=java.util.HashMap$Node)
ROOT 500000b1 (kind=<system class>, name=java.util.HashMap$Node)
ROOT 500000b2 (kind=<system class>, name=java.util.HashMap)
ROOT 500000b3 (kind=<system class>, name=sun.reflect.Reflection)
ROOT 500000b4 (kind=<system class>, name=java.lang.String[])
ROOT 5000016b (kind=<system class>, name=java.lang.String)
ROOT 500000b5 (kind=<system class>, name=java.lang.CharSequence[])
ROOT 5000016c (kind=<system class>, name=java.lang.CharSequence)
ROOT 500000b6 (kind=<system class>, name=java.util.Collections$UnmodifiableRandomAccessList)
ROOT 500000b7 (kind=<system class>, name=java.util.Collections$UnmodifiableList)
ROOT 500000b8 (kind=<system class>, name=java.util.Collections$UnmodifiableCollection)
ROOT 500000b9 (kind=<system class>, name=java.util.ArrayList)
ROOT 500000ba (kind=<system class>, name=java.lang.NoSuchMethodError)
ROOT 500000bb (kind=<system class>, name=java.lang.IncompatibleClassChangeError)
ROOT 500000bc (kind=<system class>, name=sun.misc.SharedSecrets)
ROOT 500000bd (kind=<system class>, name=java.io.FileDescriptor$1)
ROOT 500000be (kind=<system class>, name=sun.misc.JavaIOFileDescriptorAccess)
ROOT 500000bf (kind=<system class>, name=java.io.FileDescriptor)
ROOT 500000c0 (kind=<system class>, name=java.io.FileInputStream)
ROOT 500000c1 (kind=<system class>, name=sun.misc.Version)
ROOT 500000c2 (kind=<system class>, name=java.lang.Runtime)
ROOT 500000c3 (kind=<system class>, name=java.util.Hashtable$Enumerator)
ROOT 500000c4 (kind=<system class>, name=java.util.Iterator)
ROOT 500000c5 (kind=<system class>, name=java.util.Enumeration)
ROOT 500000c6 (kind=<system class>, name=java.util.Objects)
ROOT 500000c7 (kind=<system class>, name=java.util.Collections$SynchronizedSet)
ROOT 500000c8 (kind=<system class>, name=java.util.Collections$SynchronizedCollection)
ROOT 500000c9 (kind=<system class>, name=java.util.Collections$EmptyMap)
ROOT 500000ca (kind=<system class>, name=java.util.AbstractMap)
ROOT 500000cb (kind=<system class>, name=java.util.Collections$EmptyList)
ROOT 500000cc (kind=<system class>, name=java.util.Collections$EmptySet)
ROOT 500000cd (kind=<system class>, name=java.util.Collections)
ROOT 500000ce (kind=<system class>, name=java.util.Hashtable$EntrySet)
ROOT 500000cf (kind=<system class>, name=java.util.AbstractSet)
ROOT 500000d0 (kind=<system class>, name=java.util.Set)
ROOT 500000d1 (kind=<system class>, name=java.lang.Math)
ROOT 500000d2 (kind=<system class>, name=java.util.Hashtable$Entry[])
ROOT 500000d4 (kind=<system class>, name=java.util.Hashtable$Entry)
ROOT 500000d3 (kind=<system class>, name=java.util.Map$Entry[])
ROOT 500000d5 (kind=<system class>, name=java.util.Map$Entry)
ROOT 500000d4 (kind=<system class>, name=java.util.Hashtable$Entry)
ROOT 500000d5 (kind=<system class>, name=java.util.Map$Entry)
ROOT 500000d6 (kind=<system class>, name=sun.misc.VM)
ROOT 500000d7 (kind=<system class>, name=java.lang.ref.Finalizer$FinalizerThread)
ROOT 500000d8 (kind=<system class>, name=java.lang.ref.ReferenceQueue$Lock)
ROOT 500000d9 (kind=<system class>, name=java.lang.ref.ReferenceQueue$Null)
ROOT 500000da (kind=<system class>, name=java.lang.ref.ReferenceQueue)
ROOT 500000db (kind=<system class>, name=java.lang.Thread[])
ROOT 50000148 (kind=<system class>, name=java.lang.Thread)
ROOT 500000dc (kind=<system class>, name=java.lang.Runnable[])
ROOT 50000149 (kind=<system class>, name=java.lang.Runnable)
ROOT 500000dd (kind=<system class>, name=java.lang.ref.Reference$ReferenceHandler)
ROOT 500000de (kind=<system class>, name=java.lang.ref.Reference$Lock)
ROOT 500000df (kind=<system class>, name=sun.reflect.ReflectionFactory)
ROOT 500000e0 (kind=<system class>, name=java.util.Stack)
ROOT 500000e1 (kind=<system class>, name=java.util.Vector)
ROOT 500000e2 (kind=<system class>, name=java.util.AbstractList)
ROOT 500000e3 (kind=<system class>, name=java.util.AbstractCollection)
ROOT 500000e4 (kind=<system class>, name=java.util.RandomAccess)
ROOT 500000e5 (kind=<system class>, name=java.util.List)
ROOT 500000e6 (kind=<system class>, name=java.util.Collection)
ROOT 500000e7 (kind=<system class>, name=java.lang.Iterable)
ROOT 500000e8 (kind=<system class>, name=java.security.cert.Certificate[])
ROOT 500000e9 (kind=<system class>, name=java.security.cert.Certificate)
ROOT 500000e9 (kind=<system class>, name=java.security.cert.Certificate)
ROOT 500000ea (kind=<system class>, name=sun.reflect.ReflectionFactory$GetReflectionFactoryAction)
ROOT 500000eb (kind=<system class>, name=java.security.PrivilegedAction)
ROOT 500000ec (kind=<system class>, name=java.lang.reflect.ReflectPermission)
ROOT 500000ed (kind=<system class>, name=java.security.AccessController)
ROOT 500000ee (kind=<system class>, name=java.lang.RuntimePermission)
ROOT 500000ef (kind=<system class>, name=java.security.BasicPermission)
ROOT 500000f0 (kind=<system class>, name=java.security.Permission)
ROOT 500000f1 (kind=<system class>, name=java.security.Guard)
ROOT 500000f2 (kind=<system class>, name=java.lang.StackTraceElement[])
ROOT 50000111 (kind=<system class>, name=java.lang.StackTraceElement)
ROOT 500000f3 (kind=<system class>, name=java.lang.ThreadGroup[])
ROOT 50000146 (kind=<system class>, name=java.lang.ThreadGroup)
ROOT 500000f4 (kind=<system class>, name=java.lang.Thread$UncaughtExceptionHandler[])
ROOT 50000147 (kind=<system class>, name=java.lang.Thread$UncaughtExceptionHandler)
ROOT 500000f5 (kind=<system class>, name=com.sun.demo.jvmti.hprof.Tracker)
ROOT 500000f6 (kind=<system class>, name=java.lang.String$CaseInsensitiveComparator)
ROOT 500000f7 (kind=<system class>, name=java.util.Comparator)
ROOT 500000f8 (kind=<system class>, name=java.io.ObjectStreamField[])
ROOT 500000fa (kind=<system class>, name=java.io.ObjectStreamField)
ROOT 500000f9 (kind=<system class>, name=java.lang.Comparable[])
ROOT 5000016d (kind=<system class>, name=java.lang.Comparable)
ROOT 500000fa (kind=<system class>, name=java.io.ObjectStreamField)
ROOT 500000fb (kind=<system class>, name=java.lang.OutOfMemoryError[])
ROOT 50000153 (kind=<system class>, name=java.lang.OutOfMemoryError)
ROOT 500000fc (kind=<system class>, name=java.lang.VirtualMachineError[])
ROOT 50000154 (kind=<system class>, name=java.lang.VirtualMachineError)
ROOT 500000fd (kind=<system class>, name=java.lang.Error[])
ROOT 50000162 (kind=<system class>, name=java.lang.Error)
ROOT 500000fe (kind=<system class>, name=java.lang.Throwable[])
ROOT 50000163 (kind=<system class>, name=java.lang.Throwable)
ROOT 500000ff (kind=<system class>, name=java.lang.ArithmeticException)
ROOT 50000100 (kind=<system class>, name=java.lang.NullPointerException)
ROOT 50000101 (kind=<system class>, name=java.lang.Class[])
ROOT 50000167 (kind=<system class>, name=java.lang.Class)
ROOT 50000102 (kind=<system class>, name=java.io.Serializable[])
ROOT 5000016e (kind=<system class>, name=java.io.Serializable)
ROOT 50000103 (kind=<system class>, name=java.lang.reflect.GenericDeclaration[])
ROOT 50000169 (kind=<system class>, name=java.lang.reflect.GenericDeclaration)
ROOT 50000104 (kind=<system class>, name=java.lang.reflect.AnnotatedElement[])
ROOT 5000016a (kind=<system class>, name=java.lang.reflect.AnnotatedElement)
ROOT 50000105 (kind=<system class>, name=java.lang.reflect.Type[])
ROOT 50000168 (kind=<system class>, name=java.lang.reflect.Type)
ROOT 50000106 (kind=<system class>, name=java.lang.Object[])
ROOT 5000016f (kind=<system class>, name=java.lang.Object)
ROOT 50000107 (kind=<system class>, name=java.lang.Long)
ROOT 50000108 (kind=<system class>, name=java.lang.Integer)
ROOT 50000109 (kind=<system class>, name=java.lang.Short)
ROOT 5000010a (kind=<system class>, name=java.lang.Byte)
ROOT 5000010b (kind=<system class>, name=java.lang.Double)
ROOT 5000010c (kind=<system class>, name=java.lang.Float)
ROOT 5000010d (kind=<system class>, name=java.lang.Number)
ROOT 5000010e (kind=<system class>, name=java.lang.Character)
ROOT 5000010f (kind=<system class>, name=java.lang.Boolean)
ROOT 50000110 (kind=<system class>, name=java.nio.Buffer)
ROOT 50000111 (kind=<system class>, name=java.lang.StackTraceElement)
ROOT 50000112 (kind=<system class>, name=java.security.CodeSource)
ROOT 50000113 (kind=<system class>, name=sun.misc.Launcher$ExtClassLoader)
ROOT 50000114 (kind=<system class>, name=sun.misc.Launcher$AppClassLoader)
ROOT 50000115 (kind=<system class>, name=sun.misc.Launcher)
ROOT 50000116 (kind=<system class>, name=java.util.jar.Manifest)
ROOT 50000117 (kind=<system class>, name=java.net.URL)
ROOT 50000118 (kind=<system class>, name=java.net.URLClassLoader)
ROOT 50000119 (kind=<system class>, name=java.io.File)
ROOT 5000011a (kind=<system class>, name=java.io.ByteArrayInputStream)
ROOT 5000011b (kind=<system class>, name=java.io.InputStream)
ROOT 5000011c (kind=<system class>, name=java.io.Closeable)
ROOT 5000011d (kind=<system class>, name=java.lang.AutoCloseable)
ROOT 5000011e (kind=<system class>, name=sun.misc.Unsafe)
ROOT 5000011f (kind=<system class>, name=java.lang.StringBuilder)
ROOT 50000120 (kind=<system class>, name=java.lang.StringBuffer)
ROOT 50000121 (kind=<system class>, name=java.lang.AbstractStringBuilder)
ROOT 50000122 (kind=<system class>, name=java.lang.Appendable)
ROOT 50000123 (kind=<system class>, name=java.lang.invoke.VolatileCallSite)
ROOT 50000124 (kind=<system class>, name=java.lang.invoke.MutableCallSite)
ROOT 50000125 (kind=<system class>, name=java.lang.invoke.ConstantCallSite)
ROOT 50000126 (kind=<system class>, name=java.lang.invoke.CallSite)
ROOT 50000127 (kind=<system class>, name=java.lang.BootstrapMethodError)
ROOT 50000128 (kind=<system class>, name=java.lang.invoke.MethodType)
ROOT 50000129 (kind=<system class>, name=java.lang.invoke.LambdaForm)
ROOT 5000012a (kind=<system class>, name=java.lang.invoke.MethodHandleNatives)
ROOT 5000012b (kind=<system class>, name=java.lang.invoke.MemberName)
ROOT 5000012c (kind=<system class>, name=java.lang.invoke.DirectMethodHandle)
ROOT 5000012d (kind=<system class>, name=java.lang.invoke.MethodHandle)
ROOT 5000012e (kind=<system class>, name=sun.reflect.CallerSensitive)
ROOT 5000012f (kind=<system class>, name=java.lang.annotation.Annotation)
ROOT 50000130 (kind=<system class>, name=sun.reflect.UnsafeStaticFieldAccessorImpl)
ROOT 50000131 (kind=<system class>, name=sun.reflect.UnsafeFieldAccessorImpl)
ROOT 50000132 (kind=<system class>, name=sun.reflect.FieldAccessorImpl)
ROOT 50000133 (kind=<system class>, name=sun.reflect.FieldAccessor)
ROOT 50000134 (kind=<system class>, name=sun.reflect.ConstantPool)
ROOT 50000135 (kind=<system class>, name=sun.reflect.DelegatingClassLoader)
ROOT 50000136 (kind=<system class>, name=sun.reflect.ConstructorAccessorImpl)
ROOT 50000137 (kind=<system class>, name=sun.reflect.ConstructorAccessor)
ROOT 50000138 (kind=<system class>, name=sun.reflect.MethodAccessorImpl)
ROOT 50000139 (kind=<system class>, name=sun.reflect.MethodAccessor)
ROOT 5000013a (kind=<system class>, name=sun.reflect.MagicAccessorImpl)
ROOT 5000013b (kind=<system class>, name=java.lang.reflect.Constructor)
ROOT 5000013c (kind=<system class>, name=java.lang.reflect.Method)
ROOT 5000013d (kind=<system class>, name=java.lang.reflect.Executable)
ROOT 5000013e (kind=<system class>, name=java.lang.reflect.Parameter)
ROOT 5000013f (kind=<system class>, name=java.lang.reflect.Field)
ROOT 50000140 (kind=<system class>, name=java.lang.reflect.Member)
ROOT 50000141 (kind=<system class>, name=java.lang.reflect.AccessibleObject)
ROOT 50000142 (kind=<system class>, name=java.util.Properties)
ROOT 50000143 (kind=<system class>, name=java.util.Hashtable)
ROOT 50000144 (kind=<system class>, name=java.util.Dictionary)
ROOT 50000145 (kind=<system class>, name=java.util.Map)
ROOT 50000146 (kind=<system class>, name=java.lang.ThreadGroup)
ROOT 50000147 (kind=<system class>, name=java.lang.Thread$UncaughtExceptionHandler)
ROOT 50000148 (kind=<system class>, name=java.lang.Thread)
ROOT 50000149 (kind=<system class>, name=java.lang.Runnable)
ROOT 5000014a (kind=<system class>, name=java.lang.ref.Finalizer)
ROOT 5000014b (kind=<system class>, name=sun.misc.Cleaner)
ROOT 5000014c (kind=<system class>, name=java.lang.ref.PhantomReference)
ROOT 5000014d (kind=<system class>, name=java.lang.ref.FinalReference)
ROOT 5000014e (kind=<system class>, name=java.lang.ref.WeakReference)
ROOT 5000014f (kind=<system class>, name=java.lang.ref.SoftReference)
ROOT 50000150 (kind=<system class>, name=java.lang.ref.Reference)
ROOT 50000151 (kind=<system class>, name=java.lang.IllegalMonitorStateException)
ROOT 50000152 (kind=<system class>, name=java.lang.StackOverflowError)
ROOT 50000153 (kind=<system class>, name=java.lang.OutOfMemoryError)
ROOT 50000154 (kind=<system class>, name=java.lang.VirtualMachineError)
ROOT 50000155 (kind=<system class>, name=java.lang.ArrayStoreException)
ROOT 50000156 (kind=<system class>, name=java.lang.ClassCastException)
ROOT 50000157 (kind=<system class>, name=java.lang.NoClassDefFoundError)
ROOT 50000158 (kind=<system class>, name=java.lang.LinkageError)
ROOT 50000159 (kind=<system class>, name=java.lang.ClassNotFoundException)
ROOT 5000015a (kind=<system class>, name=java.lang.ReflectiveOperationException)
ROOT 5000015b (kind=<system class>, name=java.security.SecureClassLoader)
ROOT 5000015c (kind=<system class>, name=java.security.AccessControlContext)
ROOT 5000015d (kind=<system class>, name=java.security.ProtectionDomain)
ROOT 5000015e (kind=<system class>, name=java.lang.SecurityManager)
ROOT 5000015f (kind=<system class>, name=java.lang.RuntimeException)
ROOT 50000160 (kind=<system class>, name=java.lang.Exception)
ROOT 50000161 (kind=<system class>, name=java.lang.ThreadDeath)
ROOT 50000162 (kind=<system class>, name=java.lang.Error)
ROOT 50000163 (kind=<system class>, name=java.lang.Throwable)
ROOT 50000164 (kind=<system class>, name=java.lang.System)
ROOT 50000165 (kind=<system class>, name=java.lang.ClassLoader)
ROOT 50000166 (kind=<system class>, name=java.lang.Cloneable)
ROOT 50000167 (kind=<system class>, name=java.lang.Class)
ROOT 50000168 (kind=<system class>, name=java.lang.reflect.Type)
ROOT 50000169 (kind=<system class>, name=java.lang.reflect.GenericDeclaration)
ROOT 5000016a (kind=<system class>, name=java.lang.reflect.AnnotatedElement)
ROOT 5000016b (kind=<system class>, name=java.lang.String)
ROOT 5000016c (kind=<system class>, name=java.lang.CharSequence)
ROOT 5000016d (kind=<system class>, name=java.lang.Comparable)
ROOT 5000016e (kind=<system class>, name=java.io.Serializable)
ROOT 5000016f (kind=<system class>, name=java.lang.Object)
ROOT 50000170 (kind=<system class>, name=long[])
ROOT 500013dd (kind=<system class>, name=java.lang.Class)
ROOT 50000171 (kind=<system class>, name=int[])
ROOT 500013de (kind=<system class>, name=java.lang.Class)
ROOT 50000172 (kind=<system class>, name=short[])
ROOT 500013df (kind=<system class>, name=java.lang.Class)
ROOT 50000173 (kind=<system class>, name=byte[])
ROOT 500013e0 (kind=<system class>, name=java.lang.Class)
ROOT 50000174 (kind=<system class>, name=double[])
ROOT 500013e1 (kind=<system class>, name=java.lang.Class)
ROOT 50000175 (kind=<system class>, name=float[])
ROOT 500013e2 (kind=<system class>, name=java.lang.Class)
ROOT 50000176 (kind=<system class>, name=char[])
ROOT 500013e3 (kind=<system class>, name=java.lang.Class)
ROOT 50000177 (kind=<system class>, name=boolean[])
ROOT 500013e4 (kind=<system class>, name=java.lang.Class)
ROOT 500012fa (kind=<busy monitor>)
ROOT 500012f7 (kind=<busy monitor>)
ROOT 500013de (kind=<unknown>)
ROOT 500013e2 (kind=<unknown>)
ROOT 500013e1 (kind=<unknown>)
ROOT 500013e0 (kind=<unknown>)
ROOT 500013e4 (kind=<unknown>)
ROOT 500013e3 (kind=<unknown>)
ROOT 500013dd (kind=<unknown>)
ROOT 500013df (kind=<unknown>)
ROOT 500013e5 (kind=<unknown>)
ROOT 500013e4 (kind=<unknown>)
ROOT 500013e3 (kind=<unknown>)
ROOT 500013e2 (kind=<unknown>)
ROOT 500013e1 (kind=<unknown>)
ROOT 500013e0 (kind=<unknown>)
ROOT 500013df (kind=<unknown>)
ROOT 500013de (kind=<unknown>)
ROOT 500013dd (kind=<unknown>)
ROOT 500013e5 (kind=<unknown>)
ROOT 500013e6 (kind=<unknown>)
ROOT 500013e7 (kind=<unknown>)
ROOT 500013e8 (kind=<unknown>)
ROOT 500013e9 (kind=<unknown>)
ROOT 500013ea (kind=<unknown>)
ROOT 500013eb (kind=<unknown>)
ROOT 500013ec (kind=<unknown>)
ROOT 500013ed (kind=<unknown>)
ROOT 500013ee (kind=<unknown>)
ROOT 500013ef (kind=<unknown>)
ROOT 500013f0 (kind=<unknown>)
ROOT 500013f1 (kind=<unknown>)
ROOT 500013f2 (kind=<unknown>)
ROOT 500013f3 (kind=<unknown>)
ROOT 500013f4 (kind=<unknown>)
ROOT 500013f5 (kind=<unknown>)
ROOT 500013f6 (kind=<unknown>)
ROOT 500013f6 (kind=<unknown>)
ROOT 500000f5 (kind=<unknown>)
ROOT 500013f7 (kind=<unknown>)
ROOT 500000f5 (kind=<unknown>)
ROOT 50000164 (kind=<unknown>)
ROOT 500000f5 (kind=<unknown>)
ROOT 500013f8 (kind=<unknown>)
ROOT 500013f9 (kind=<unknown>)
ROOT 500013fa (kind=<unknown>)
ROOT 500000f5 (kind=<unknown>)
ROOT 5000003e (kind=<unknown>)
ROOT 500013f6 (kind=<unknown>)
ROOT 500000f5 (kind=<unknown>)
ROOT 500013fb (kind=<unknown>)
ROOT 500000f5 (kind=<unknown>)
ROOT 500013fb (kind=<unknown>)
ROOT 500013fb (kind=<unknown>)
ROOT 500013fc (kind=<unknown>)
ROOT 500000f5 (kind=<unknown>)
ROOT 500013f7 (kind=<unknown>)
ROOT 500000f5 (kind=<unknown>)
ROOT 500013fd (kind=<unknown>)
ROOT 500013fd (kind=<unknown>)
ROOT 500000f5 (kind=<unknown>)
ROOT 500013fe (kind=<unknown>)
ROOT 500013f7 (kind=<unknown>)
ROOT 50000164 (kind=<unknown>)
ROOT 500000f5 (kind=<unknown>)
ROOT 500013f7 (kind=<unknown>)
ROOT 500000f5 (kind=<unknown>)
ROOT 500013f7 (kind=<unknown>)
OBJ 50000178 (sz=376, trace=300001, class=java.lang.Thread@50000148)
OBJ 50000179 (sz=16, trace=300002, class=java.lang.Object@5000016f)
ARR 5000017a (sz=56, trace=300003, nelems=0, elem type=char[])
OBJ 5000017b (sz=376, trace=300001, class=java.lang.Thread@50000148)
OBJ 5000017c (sz=16, trace=300002, class=java.lang.Object@5000016f)
ARR 5000017d (sz=56, trace=300003, nelems=0, elem type=char[])
OBJ 5000017e (sz=376, trace=300001, class=java.lang.Thread@50000148)
OBJ 5000017f (sz=16, trace=300002, class=java.lang.Object@5000016f)
ARR 50000180 (sz=56, trace=300003, nelems=0, elem type=char[])
OBJ 50000181 (sz=376, trace=300000, class=java.lang.Thread@50000148)
ARR 50000183 (sz=24, trace=300005, nelems=0, elem type=java.lang.Object[]@50000106)
OBJ 50000184 (sz=16, trace=300006, class=java.lang.Integer@50000108)
OBJ 50000186 (sz=16, trace=300008, class=java.lang.invoke.MethodHandleImpl$1@50000185)
OBJ 50000187 (sz=24, trace=300009, class=java.lang.StringBuilder@5000011f)
ARR 50000188 (sz=48, trace=300010, nelems=0, elem type=char[])
ARR 50000189 (sz=88, trace=300011, nelems=0, elem type=char[])
ARR 5000018a (sz=160, trace=300011, nelems=0, elem type=char[])
OBJ 5000018b (sz=24, trace=300012, class=java.lang.String@5000016b)
ARR 5000018c (sz=104, trace=300013, nelems=0, elem type=char[])
OBJ 5000018d (sz=16, trace=300014, class=java.lang.Integer@50000108)
OBJ 50000190 (sz=16, trace=300016, class=java.lang.invoke.MethodHandleImpl$2@5000018f)
OBJ 50000192 (sz=16, trace=300018, class=java.lang.invoke.MethodHandleImpl$3@50000191)
ARR 50000194 (sz=24, trace=300019, nelems=0, elem type=java.lang.invoke.MethodHandle[]@50000193)
ARR 50000195 (sz=16, trace=300020, nelems=0, elem type=java.lang.Object[]@50000106)
ARR 50000196 (sz=1040, trace=300021, nelems=0, elem type=java.lang.invoke.MethodHandle[]@50000193)
ARR 5000019b (sz=24, trace=300024, nelems=0, elem type=java.lang.ClassValue$Entry[]@5000019a)
OBJ 5000019c (sz=16, trace=300025, class=java.util.concurrent.atomic.AtomicInteger@50000089)
OBJ 5000019d (sz=16, trace=300026, class=java.lang.Object@5000016f)
OBJ 5000019e (sz=24, trace=300027, class=java.lang.invoke.MethodHandleImpl$4@50000198)
	identity	500001a0
	version		500001a2
OBJ 500001a0 (sz=16, trace=300029, class=java.lang.ClassValue$Identity@5000019f)
OBJ 500001a2 (sz=24, trace=300031, class=java.lang.ClassValue$Version@500001a1)
	classValue	5000019e
	promise		500001a4
OBJ 500001a3 (sz=32, trace=300032, class=java.lang.ClassValue$Entry@50000199)
	queue		5000179b
OBJ 500001a4 (sz=32, trace=300033, class=java.lang.ClassValue$Entry@50000199)
	referent	500001a2
	queue		5000179b
	value		500001a4
OBJ 500001a6 (sz=16, trace=300035, class=java.lang.invoke.MemberName$Factory@500001a5)
ARR 500001a8 (sz=56, trace=300037, nelems=0, elem type=java.lang.Object[]@50000106)
OBJ 500001aa (sz=16, trace=300039, class=java.lang.invoke.MethodHandleStatics$1@500001a9)
OBJ 500001ab (sz=56, trace=300040, class=java.lang.Class$ReflectionData@500000a5)
OBJ 500001ac (sz=40, trace=300041, class=java.lang.ref.SoftReference@5000014f)
OBJ 500001ad (sz=72, trace=300042, class=java.lang.reflect.Field@5000013f)
OBJ 500001ae (sz=376, trace=300001, class=java.lang.Thread@50000148)
OBJ 500001af (sz=16, trace=300002, class=java.lang.Object@5000016f)
ARR 500001b0 (sz=48, trace=300003, nelems=0, elem type=char[])
OBJ 500001b3 (sz=16, trace=300044, class=java.lang.Object@5000016f)
OBJ 500001b5 (sz=56, trace=300040, class=java.lang.Class$ReflectionData@500000a5)
OBJ 500001b6 (sz=40, trace=300041, class=java.lang.ref.SoftReference@5000014f)
OBJ 500001b7 (sz=72, trace=300042, class=java.lang.reflect.Field@5000013f)
OBJ 500001b8 (sz=16, trace=300046, class=java.util.concurrent.atomic.AtomicBoolean@500001b4)
OBJ 500001ba (sz=24, trace=300048, class=sun.usagetracker.UsageTrackerClient$1@500001b9)
OBJ 500001bb (sz=16, trace=300049, class=sun.usagetracker.UsageTrackerClient@500001b2)
OBJ 500001bc (sz=24, trace=300050, class=java.lang.StringBuilder@5000011f)
ARR 500001bd (sz=48, trace=300051, nelems=0, elem type=char[])
ARR 500001be (sz=88, trace=300011, nelems=0, elem type=char[])
ARR 500001bf (sz=160, trace=300011, nelems=0, elem type=char[])
OBJ 500001c0 (sz=24, trace=300052, class=java.lang.String@5000016b)
ARR 500001c1 (sz=112, trace=300053, nelems=0, elem type=char[])
OBJ 500001c3 (sz=24, trace=300055, class=sun.usagetracker.UsageTrackerClient$4@500001c2)
ARR 500001c4 (sz=32, trace=300056, nelems=0, elem type=java.lang.String[]@500000b4)
OBJ 500001c5 (sz=24, trace=300057, class=sun.usagetracker.UsageTrackerClient$1@500001b9)
OBJ 500001c6 (sz=24, trace=300058, class=sun.usagetracker.UsageTrackerClient$1@500001b9)
ARR 500001c7 (sz=40, trace=300059, nelems=0, elem type=char[])
OBJ 500001c8 (sz=24, trace=300060, class=java.lang.String@5000016b)
ARR 500001c9 (sz=40, trace=300061, nelems=0, elem type=char[])
ARR 500001ca (sz=40, trace=300062, nelems=0, elem type=char[])
OBJ 500001cb (sz=24, trace=300063, class=java.lang.String@5000016b)
ARR 500001cc (sz=40, trace=300061, nelems=0, elem type=char[])
ARR 500001cd (sz=40, trace=300064, nelems=0, elem type=char[])
OBJ 500001ce (sz=24, trace=300065, class=java.lang.String@5000016b)
ARR 500001cf (sz=40, trace=300061, nelems=0, elem type=char[])
OBJ 500001d1 (sz=16, trace=300067, class=sun.usagetracker.UsageTrackerClient$2@500001d0)
OBJ 500001d4 (sz=16, trace=300070, class=java.lang.ProcessEnvironment$NameComparator@500001d3)
OBJ 500001d6 (sz=16, trace=300072, class=java.lang.ProcessEnvironment$EntryComparator@500001d5)
OBJ 500001d7 (sz=48, trace=300073, class=java.lang.ProcessEnvironment@500001d2)
	table		500002d2
	entrySet	500002da
OBJ 500001d9 (sz=32, trace=300075, class=java.util.Collections$UnmodifiableMap@500001d8)
	m		500001d7
OBJ 500001da (sz=24, trace=300076, class=java.lang.String@5000016b)
	value		500001db
ARR 500001db (sz=6, trace=300077, nelems=3, elem type=char[])
OBJ 500001dc (sz=24, trace=300078, class=java.lang.String@5000016b)
	value		500001dd
ARR 500001dd (sz=6, trace=300079, nelems=3, elem type=char[])
ARR 500001de (sz=80, trace=300080, nelems=0, elem type=java.util.HashMap$Node[]@500000b0)
OBJ 500001df (sz=32, trace=300081, class=java.util.HashMap$Node@500000b1)
	key		500001da
	value		500001dc
OBJ 500001e0 (sz=24, trace=300076, class=java.lang.String@5000016b)
	value		500001e1
ARR 500001e1 (sz=6, trace=300077, nelems=3, elem type=char[])
OBJ 500001e2 (sz=24, trace=300078, class=java.lang.String@5000016b)
	value		500001e3
ARR 500001e3 (sz=74, trace=300079, nelems=37, elem type=char[])
OBJ 500001e4 (sz=32, trace=300081, class=java.util.HashMap$Node@500000b1)
	key		500001e0
	value		500001e2
	next		500001f3
OBJ 500001e5 (sz=24, trace=300076, class=java.lang.String@5000016b)
	value		500001e6
ARR 500001e6 (sz=18, trace=300077, nelems=9, elem type=char[])
OBJ 500001e7 (sz=24, trace=300078, class=java.lang.String@5000016b)
	value		500001e8
ARR 500001e8 (sz=16, trace=300079, nelems=8, elem type=char[])
OBJ 500001e9 (sz=32, trace=300081, class=java.util.HashMap$Node@500000b1)
	key		500001e5
	value		500001e7
OBJ 500001ea (sz=24, trace=300076, class=java.lang.String@5000016b)
	value		500001eb
ARR 500001eb (sz=30, trace=300077, nelems=15, elem type=char[])
OBJ 500001ec (sz=24, trace=300078, class=java.lang.String@5000016b)
	value		500001ed
ARR 500001ed (sz=28, trace=300079, nelems=14, elem type=char[])
OBJ 500001ee (sz=32, trace=300081, class=java.util.HashMap$Node@500000b1)
	key		500001ea
	value		500001ec
OBJ 500001ef (sz=24, trace=300076, class=java.lang.String@5000016b)
	value		500001f0
ARR 500001f0 (sz=14, trace=300077, nelems=7, elem type=char[])
OBJ 500001f1 (sz=24, trace=300078, class=java.lang.String@5000016b)
	value		500001f2
ARR 500001f2 (sz=58, trace=300079, nelems=29, elem type=char[])
OBJ 500001f3 (sz=32, trace=300082, class=java.util.HashMap$Node@500000b1)
	key		500001ef
	value		500001f1
OBJ 500001f4 (sz=24, trace=300076, class=java.lang.String@5000016b)
	value		500001f5
ARR 500001f5 (sz=14, trace=300077, nelems=7, elem type=char[])
OBJ 500001f6 (sz=24, trace=300078, class=java.lang.String@5000016b)
	value		500001f7
ARR 500001f7 (sz=32, trace=300079, nelems=16, elem type=char[])
OBJ 500001f8 (sz=32, trace=300082, class=java.util.HashMap$Node@500000b1)
	key		500001f4
	value		500001f6
OBJ 500001f9 (sz=24, trace=300076, class=java.lang.String@5000016b)
	value		500001fa
ARR 500001fa (sz=36, trace=300077, nelems=18, elem type=char[])
OBJ 500001fb (sz=24, trace=300078, class=java.lang.String@5000016b)
	value		500001fc
ARR 500001fc (sz=58, trace=300079, nelems=29, elem type=char[])
OBJ 500001fd (sz=32, trace=300081, class=java.util.HashMap$Node@500000b1)
	key		500001f9
	value		500001fb
	next		50000258
OBJ 500001fe (sz=24, trace=300076, class=java.lang.String@5000016b)
	value		500001ff
ARR 500001ff (sz=46, trace=300077, nelems=23, elem type=char[])
OBJ 50000200 (sz=24, trace=300078, class=java.lang.String@5000016b)
	value		50000201
ARR 50000201 (sz=70, trace=300079, nelems=35, elem type=char[])
OBJ 50000202 (sz=32, trace=300081, class=java.util.HashMap$Node@500000b1)
	key		500001fe
	value		50000200
OBJ 50000203 (sz=24, trace=300076, class=java.lang.String@5000016b)
	value		50000204
ARR 50000204 (sz=36, trace=300077, nelems=18, elem type=char[])
OBJ 50000205 (sz=24, trace=300078, class=java.lang.String@5000016b)
	value		50000206
ARR 50000206 (sz=58, trace=300079, nelems=29, elem type=char[])
OBJ 50000207 (sz=32, trace=300082, class=java.util.HashMap$Node@500000b1)
	key		50000203
	value		50000205
OBJ 50000208 (sz=24, trace=300076, class=java.lang.String@5000016b)
	value		50000209
ARR 50000209 (sz=24, trace=300077, nelems=12, elem type=char[])
OBJ 5000020a (sz=24, trace=300078, class=java.lang.String@5000016b)
	value		5000020b
ARR 5000020b (sz=18, trace=300079, nelems=9, elem type=char[])
OBJ 5000020c (sz=32, trace=300081, class=java.util.HashMap$Node@500000b1)
	key		50000208
	value		5000020a
OBJ 5000020d (sz=24, trace=300076, class=java.lang.String@5000016b)
	value		5000020e
ARR 5000020e (sz=14, trace=300077, nelems=7, elem type=char[])
OBJ 5000020f (sz=24, trace=300078, class=java.lang.String@5000016b)
	value		50000210
ARR 50000210 (sz=54, trace=300079, nelems=27, elem type=char[])
OBJ 50000211 (sz=32, trace=300081, class=java.util.HashMap$Node@500000b1)
	key		5000020d
	value		5000020f
OBJ 50000212 (sz=24, trace=300076, class=java.lang.String@5000016b)
	value		50000213
ARR 50000213 (sz=26, trace=300077, nelems=13, elem type=char[])
OBJ 50000214 (sz=24, trace=300078, class=java.lang.String@5000016b)
	value		50000215
ARR 50000215 (sz=48, trace=300079, nelems=24, elem type=char[])
OBJ 50000216 (sz=32, trace=300082, class=java.util.HashMap$Node@500000b1)
	key		50000212
	value		50000214
	next		500002b8
OBJ 50000217 (sz=24, trace=300076, class=java.lang.String@5000016b)
	value		50000218
ARR 50000218 (sz=60, trace=300077, nelems=30, elem type=char[])
OBJ 50000219 (sz=24, trace=300078, class=java.lang.String@5000016b)
	value		5000021a
ARR 5000021a (sz=34, trace=300079, nelems=17, elem type=char[])
OBJ 5000021b (sz=32, trace=300081, class=java.util.HashMap$Node@500000b1)
	key		50000217
	value		50000219
	next		5000023f
ARR 5000021c (sz=144, trace=300083, nelems=0, elem type=java.util.HashMap$Node[]@500000b0)
OBJ 5000021d (sz=24, trace=300076, class=java.lang.String@5000016b)
	value		5000021e
ARR 5000021e (sz=62, trace=300077, nelems=31, elem type=char[])
OBJ 5000021f (sz=24, trace=300078, class=java.lang.String@5000016b)
	value		50000220
ARR 50000220 (sz=14, trace=300079, nelems=7, elem type=char[])
OBJ 50000221 (sz=32, trace=300081, class=java.util.HashMap$Node@500000b1)
	key		5000021d
	value		5000021f
OBJ 50000222 (sz=24, trace=300076, class=java.lang.String@5000016b)
	value		50000223
ARR 50000223 (sz=32, trace=300077, nelems=16, elem type=char[])
OBJ 50000224 (sz=24, trace=300078, class=java.lang.String@5000016b)
	value		50000225
ARR 50000225 (sz=4, trace=300079, nelems=2, elem type=char[])
OBJ 50000226 (sz=32, trace=300081, class=java.util.HashMap$Node@500000b1)
	key		50000222
	value		50000224
	next		50000244
OBJ 50000227 (sz=24, trace=300076, class=java.lang.String@5000016b)
	value		50000228
ARR 50000228 (sz=18, trace=300077, nelems=9, elem type=char[])
OBJ 50000229 (sz=24, trace=300078, class=java.lang.String@5000016b)
	value		5000022a
ARR 5000022a (sz=4, trace=300079, nelems=2, elem type=char[])
OBJ 5000022b (sz=32, trace=300081, class=java.util.HashMap$Node@500000b1)
	key		50000227
	value		50000229
	next		500002c2
OBJ 5000022c (sz=24, trace=300076, class=java.lang.String@5000016b)
	value		5000022d
ARR 5000022d (sz=16, trace=300077, nelems=8, elem type=char[])
OBJ 5000022e (sz=24, trace=300078, class=java.lang.String@5000016b)
	value		5000022f
ARR 5000022f (sz=22, trace=300079, nelems=11, elem type=char[])
OBJ 50000230 (sz=32, trace=300081, class=java.util.HashMap$Node@500000b1)
	key		5000022c
	value		5000022e
OBJ 50000231 (sz=24, trace=300076, class=java.lang.String@5000016b)
	value		50000232
ARR 50000232 (sz=18, trace=300077, nelems=9, elem type=char[])
OBJ 50000233 (sz=24, trace=300078, class=java.lang.String@5000016b)
	value		50000234
ARR 50000234 (sz=66, trace=300079, nelems=33, elem type=char[])
OBJ 50000235 (sz=32, trace=300081, class=java.util.HashMap$Node@500000b1)
	key		50000231
	value		50000233
	next		5000028b
OBJ 50000236 (sz=24, trace=300076, class=java.lang.String@5000016b)
	value		50000237
ARR 50000237 (sz=24, trace=300077, nelems=12, elem type=char[])
OBJ 50000238 (sz=24, trace=300078, class=java.lang.String@5000016b)
	value		50000239
ARR 50000239 (sz=54, trace=300079, nelems=27, elem type=char[])
OBJ 5000023a (sz=32, trace=300081, class=java.util.HashMap$Node@500000b1)
	key		50000236
	value		50000238
OBJ 5000023b (sz=24, trace=300076, class=java.lang.String@5000016b)
	value		5000023c
ARR 5000023c (sz=22, trace=300077, nelems=11, elem type=char[])
OBJ 5000023d (sz=24, trace=300078, class=java.lang.String@5000016b)
	value		5000023e
ARR 5000023e (sz=36, trace=300079, nelems=18, elem type=char[])
OBJ 5000023f (sz=32, trace=300082, class=java.util.HashMap$Node@500000b1)
	key		5000023b
	value		5000023d
OBJ 50000240 (sz=24, trace=300076, class=java.lang.String@5000016b)
	value		50000241
ARR 50000241 (sz=4, trace=300077, nelems=2, elem type=char[])
OBJ 50000242 (sz=24, trace=300078, class=java.lang.String@5000016b)
	value		50000243
ARR 50000243 (sz=78, trace=300079, nelems=39, elem type=char[])
OBJ 50000244 (sz=32, trace=300082, class=java.util.HashMap$Node@500000b1)
	key		50000240
	value		50000242
	next		500002cc
OBJ 50000245 (sz=24, trace=300076, class=java.lang.String@5000016b)
	value		50000246
ARR 50000246 (sz=14, trace=300077, nelems=7, elem type=char[])
OBJ 50000247 (sz=24, trace=300078, class=java.lang.String@5000016b)
	value		50000248
ARR 50000248 (sz=70, trace=300079, nelems=35, elem type=char[])
OBJ 50000249 (sz=32, trace=300081, class=java.util.HashMap$Node@500000b1)
	key		50000245
	value		50000247
OBJ 5000024a (sz=24, trace=300076, class=java.lang.String@5000016b)
	value		5000024b
ARR 5000024b (sz=40, trace=300077, nelems=20, elem type=char[])
OBJ 5000024c (sz=24, trace=300078, class=java.lang.String@5000016b)
	value		5000024d
ARR 5000024d (sz=2, trace=300079, nelems=1, elem type=char[])
OBJ 5000024e (sz=32, trace=300081, class=java.util.HashMap$Node@500000b1)
	key		5000024a
	value		5000024c
OBJ 5000024f (sz=24, trace=300076, class=java.lang.String@5000016b)
	value		50000250
ARR 50000250 (sz=4, trace=300077, nelems=2, elem type=char[])
OBJ 50000251 (sz=24, trace=300078, class=java.lang.String@5000016b)
	value		50000252
ARR 50000252 (sz=20, trace=300079, nelems=10, elem type=char[])
OBJ 50000253 (sz=32, trace=300081, class=java.util.HashMap$Node@500000b1)
	key		5000024f
	value		50000251
OBJ 50000254 (sz=24, trace=300076, class=java.lang.String@5000016b)
	value		50000255
ARR 50000255 (sz=8, trace=300077, nelems=4, elem type=char[])
OBJ 50000256 (sz=24, trace=300078, class=java.lang.String@5000016b)
	value		50000257
ARR 50000257 (sz=2374, trace=300079, nelems=1187, elem type=char[])
OBJ 50000258 (sz=32, trace=300082, class=java.util.HashMap$Node@500000b1)
	key		50000254
	value		50000256
ARR 50000259 (sz=272, trace=300083, nelems=0, elem type=java.util.HashMap$Node[]@500000b0)
OBJ 5000025a (sz=24, trace=300076, class=java.lang.String@5000016b)
	value		5000025b
ARR 5000025b (sz=14, trace=300077, nelems=7, elem type=char[])
OBJ 5000025c (sz=24, trace=300078, class=java.lang.String@5000016b)
	value		5000025d
ARR 5000025d (sz=124, trace=300079, nelems=62, elem type=char[])
OBJ 5000025e (sz=32, trace=300081, class=java.util.HashMap$Node@500000b1)
	key		5000025a
	value		5000025c
OBJ 5000025f (sz=24, trace=300076, class=java.lang.String@5000016b)
	value		50000260
ARR 50000260 (sz=44, trace=300077, nelems=22, elem type=char[])
OBJ 50000261 (sz=24, trace=300078, class=java.lang.String@5000016b)
	value		50000262
ARR 50000262 (sz=10, trace=300079, nelems=5, elem type=char[])
OBJ 50000263 (sz=32, trace=300081, class=java.util.HashMap$Node@500000b1)
	key		5000025f
	value		50000261
OBJ 50000264 (sz=24, trace=300076, class=java.lang.String@5000016b)
	value		50000265
ARR 50000265 (sz=40, trace=300077, nelems=20, elem type=char[])
OBJ 50000266 (sz=24, trace=300078, class=java.lang.String@5000016b)
	value		50000267
ARR 50000267 (sz=100, trace=300079, nelems=50, elem type=char[])
OBJ 50000268 (sz=32, trace=300082, class=java.util.HashMap$Node@500000b1)
	key		50000264
	value		50000266
OBJ 50000269 (sz=24, trace=300076, class=java.lang.String@5000016b)
	value		5000026a
ARR 5000026a (sz=30, trace=300077, nelems=15, elem type=char[])
OBJ 5000026b (sz=24, trace=300078, class=java.lang.String@5000016b)
	value		5000026c
ARR 5000026c (sz=2, trace=300079, nelems=1, elem type=char[])
OBJ 5000026d (sz=32, trace=300081, class=java.util.HashMap$Node@500000b1)
	key		50000269
	value		5000026b
OBJ 5000026e (sz=24, trace=300076, class=java.lang.String@5000016b)
	value		5000026f
ARR 5000026f (sz=36, trace=300077, nelems=18, elem type=char[])
OBJ 50000270 (sz=24, trace=300078, class=java.lang.String@5000016b)
	value		50000271
ARR 50000271 (sz=8, trace=300079, nelems=4, elem type=char[])
OBJ 50000272 (sz=32, trace=300081, class=java.util.HashMap$Node@500000b1)
	key		5000026e
	value		50000270
OBJ 50000273 (sz=24, trace=300076, class=java.lang.String@5000016b)
	value		50000274
ARR 50000274 (sz=22, trace=300077, nelems=11, elem type=char[])
OBJ 50000275 (sz=24, trace=300078, class=java.lang.String@5000016b)
	value		50000276
ARR 50000276 (sz=28, trace=300079, nelems=14, elem type=char[])
OBJ 50000277 (sz=32, trace=300081, class=java.util.HashMap$Node@500000b1)
	key		50000273
	value		50000275
OBJ 50000278 (sz=24, trace=300076, class=java.lang.String@5000016b)
	value		50000279
ARR 50000279 (sz=24, trace=300077, nelems=12, elem type=char[])
OBJ 5000027a (sz=24, trace=300078, class=java.lang.String@5000016b)
	value		5000027b
ARR 5000027b (sz=32, trace=300079, nelems=16, elem type=char[])
OBJ 5000027c (sz=32, trace=300082, class=java.util.HashMap$Node@500000b1)
	key		50000278
	value		5000027a
	next		50000295
OBJ 5000027d (sz=24, trace=300076, class=java.lang.String@5000016b)
	value		5000027e
ARR 5000027e (sz=34, trace=300077, nelems=17, elem type=char[])
OBJ 5000027f (sz=24, trace=300078, class=java.lang.String@5000016b)
	value		50000280
ARR 50000280 (sz=44, trace=300079, nelems=22, elem type=char[])
OBJ 50000281 (sz=32, trace=300081, class=java.util.HashMap$Node@500000b1)
	key		5000027d
	value		5000027f
OBJ 50000282 (sz=24, trace=300076, class=java.lang.String@5000016b)
	value		50000283
ARR 50000283 (sz=24, trace=300077, nelems=12, elem type=char[])
OBJ 50000284 (sz=24, trace=300078, class=java.lang.String@5000016b)
	value		50000285
ARR 50000285 (sz=32, trace=300079, nelems=16, elem type=char[])
OBJ 50000286 (sz=32, trace=300081, class=java.util.HashMap$Node@500000b1)
	key		50000282
	value		50000284
OBJ 50000287 (sz=24, trace=300076, class=java.lang.String@5000016b)
	value		50000288
ARR 50000288 (sz=12, trace=300077, nelems=6, elem type=char[])
OBJ 50000289 (sz=24, trace=300078, class=java.lang.String@5000016b)
	value		5000028a
ARR 5000028a (sz=8, trace=300079, nelems=4, elem type=char[])
OBJ 5000028b (sz=32, trace=300082, class=java.util.HashMap$Node@500000b1)
	key		50000287
	value		50000289
OBJ 5000028c (sz=24, trace=300076, class=java.lang.String@5000016b)
	value		5000028d
ARR 5000028d (sz=24, trace=300077, nelems=12, elem type=char[])
OBJ 5000028e (sz=24, trace=300078, class=java.lang.String@5000016b)
	value		5000028f
ARR 5000028f (sz=102, trace=300079, nelems=51, elem type=char[])
OBJ 50000290 (sz=32, trace=300081, class=java.util.HashMap$Node@500000b1)
	key		5000028c
	value		5000028e
OBJ 50000291 (sz=24, trace=300076, class=java.lang.String@5000016b)
	value		50000292
ARR 50000292 (sz=12, trace=300077, nelems=6, elem type=char[])
OBJ 50000293 (sz=24, trace=300078, class=java.lang.String@5000016b)
	value		50000294
ARR 50000294 (sz=30, trace=300079, nelems=15, elem type=char[])
OBJ 50000295 (sz=32, trace=300082, class=java.util.HashMap$Node@500000b1)
	key		50000291
	value		50000293
OBJ 50000296 (sz=24, trace=300076, class=java.lang.String@5000016b)
	value		50000297
ARR 50000297 (sz=22, trace=300077, nelems=11, elem type=char[])
OBJ 50000298 (sz=24, trace=300078, class=java.lang.String@5000016b)
	value		50000299
ARR 50000299 (sz=14, trace=300079, nelems=7, elem type=char[])
OBJ 5000029a (sz=32, trace=300081, class=java.util.HashMap$Node@500000b1)
	key		50000296
	value		50000298
OBJ 5000029b (sz=24, trace=300076, class=java.lang.String@5000016b)
	value		5000029c
ARR 5000029c (sz=22, trace=300077, nelems=11, elem type=char[])
OBJ 5000029d (sz=24, trace=300078, class=java.lang.String@5000016b)
	value		5000029e
ARR 5000029e (sz=4, trace=300079, nelems=2, elem type=char[])
OBJ 5000029f (sz=32, trace=300081, class=java.util.HashMap$Node@500000b1)
	key		5000029b
	value		5000029d
OBJ 500002a0 (sz=24, trace=300076, class=java.lang.String@5000016b)
	value		500002a1
ARR 500002a1 (sz=20, trace=300077, nelems=10, elem type=char[])
OBJ 500002a2 (sz=24, trace=300078, class=java.lang.String@5000016b)
	value		500002a3
ARR 500002a3 (sz=20, trace=300079, nelems=10, elem type=char[])
OBJ 500002a4 (sz=32, trace=300082, class=java.util.HashMap$Node@500000b1)
	key		500002a0
	value		500002a2
	next		500002a9
OBJ 500002a5 (sz=24, trace=300076, class=java.lang.String@5000016b)
	value		500002a6
ARR 500002a6 (sz=8, trace=300077, nelems=4, elem type=char[])
OBJ 500002a7 (sz=24, trace=300078, class=java.lang.String@5000016b)
	value		500002a8
ARR 500002a8 (sz=64, trace=300079, nelems=32, elem type=char[])
OBJ 500002a9 (sz=32, trace=300082, class=java.util.HashMap$Node@500000b1)
	key		500002a5
	value		500002a7
OBJ 500002aa (sz=24, trace=300076, class=java.lang.String@5000016b)
	value		500002ab
ARR 500002ab (sz=6, trace=300077, nelems=3, elem type=char[])
OBJ 500002ac (sz=24, trace=300078, class=java.lang.String@5000016b)
	value		500002ad
ARR 500002ad (sz=64, trace=300079, nelems=32, elem type=char[])
OBJ 500002ae (sz=32, trace=300081, class=java.util.HashMap$Node@500000b1)
	key		500002aa
	value		500002ac
OBJ 500002af (sz=24, trace=300076, class=java.lang.String@5000016b)
	value		500002b0
ARR 500002b0 (sz=20, trace=300077, nelems=10, elem type=char[])
OBJ 500002b1 (sz=24, trace=300078, class=java.lang.String@5000016b)
	value		500002b2
ARR 500002b2 (sz=18, trace=300079, nelems=9, elem type=char[])
OBJ 500002b3 (sz=32, trace=300081, class=java.util.HashMap$Node@500000b1)
	key		500002af
	value		500002b1
OBJ 500002b4 (sz=24, trace=300076, class=java.lang.String@5000016b)
	value		500002b5
ARR 500002b5 (sz=50, trace=300077, nelems=25, elem type=char[])
OBJ 500002b6 (sz=24, trace=300078, class=java.lang.String@5000016b)
	value		500002b7
ARR 500002b7 (sz=18, trace=300079, nelems=9, elem type=char[])
OBJ 500002b8 (sz=32, trace=300082, class=java.util.HashMap$Node@500000b1)
	key		500002b4
	value		500002b6
OBJ 500002b9 (sz=24, trace=300076, class=java.lang.String@5000016b)
	value		500002ba
ARR 500002ba (sz=16, trace=300077, nelems=8, elem type=char[])
OBJ 500002bb (sz=24, trace=300078, class=java.lang.String@5000016b)
	value		500002bc
ARR 500002bc (sz=8, trace=300079, nelems=4, elem type=char[])
OBJ 500002bd (sz=32, trace=300081, class=java.util.HashMap$Node@500000b1)
	key		500002b9
	value		500002bb
OBJ 500002be (sz=24, trace=300076, class=java.lang.String@5000016b)
	value		500002bf
ARR 500002bf (sz=22, trace=300077, nelems=11, elem type=char[])
OBJ 500002c0 (sz=24, trace=300078, class=java.lang.String@5000016b)
	value		500002c1
ARR 500002c1 (sz=26, trace=300079, nelems=13, elem type=char[])
OBJ 500002c2 (sz=32, trace=300082, class=java.util.HashMap$Node@500000b1)
	key		500002be
	value		500002c0
OBJ 500002c3 (sz=24, trace=300076, class=java.lang.String@5000016b)
	value		500002c4
ARR 500002c4 (sz=42, trace=300077, nelems=21, elem type=char[])
OBJ 500002c5 (sz=24, trace=300078, class=java.lang.String@5000016b)
	value		500002c6
ARR 500002c6 (sz=70, trace=300079, nelems=35, elem type=char[])
OBJ 500002c7 (sz=32, trace=300081, class=java.util.HashMap$Node@500000b1)
	key		500002c3
	value		500002c5
OBJ 500002c8 (sz=24, trace=300076, class=java.lang.String@5000016b)
	value		500002c9
ARR 500002c9 (sz=28, trace=300077, nelems=14, elem type=char[])
OBJ 500002ca (sz=24, trace=300078, class=java.lang.String@5000016b)
	value		500002cb
ARR 500002cb (sz=132, trace=300079, nelems=66, elem type=char[])
OBJ 500002cc (sz=32, trace=300082, class=java.util.HashMap$Node@500000b1)
	key		500002c8
	value		500002ca
OBJ 500002cd (sz=24, trace=300076, class=java.lang.String@5000016b)
	value		500002ce
ARR 500002ce (sz=12, trace=300077, nelems=6, elem type=char[])
OBJ 500002cf (sz=24, trace=300078, class=java.lang.String@5000016b)
	value		500002d0
ARR 500002d0 (sz=20, trace=300079, nelems=10, elem type=char[])
OBJ 500002d1 (sz=32, trace=300082, class=java.util.HashMap$Node@500000b1)
	key		500002cd
	value		500002cf
ARR 500002d2 (sz=528, trace=300083, nelems=123, elem type=java.util.HashMap$Node[]@500000b0)
	[0]		50000216
	[3]		5000026d
	[5]		50000226
	[9]		5000029a
	[10]		500001ee
	[12]		50000263
	[15]		50000290
	[16]		5000029f
	[18]		500001e9
	[25]		500002bd
	[29]		50000281
	[33]		50000221
	[35]		5000025e
	[48]		50000277
	[49]		50000286
	[51]		50000230
	[53]		50000268
	[55]		50000249
	[57]		5000027c
	[58]		500002d1
	[61]		500001df
	[66]		5000023a
	[70]		500002b3
	[71]		5000021b
	[72]		50000235
	[82]		500001f8
	[84]		500001e4
	[94]		500002c7
	[96]		500001fd
	[100]		50000253
	[102]		5000020c
	[108]		50000272
	[109]		50000207
	[110]		50000211
	[115]		500002a4
	[117]		5000022b
	[118]		500002ae
	[121]		50000202
	[122]		5000024e
OBJ 500002d6 (sz=16, trace=300085, class=java.lang.Object@5000016f)
OBJ 500002d7 (sz=48, trace=300086, class=java.util.TreeMap@500002d5)
	comparator	500001d4
	root		500002e8
OBJ 500002da (sz=16, trace=300089, class=java.util.HashMap$EntrySet@500002d9)
	this$0		500001d7
OBJ 500002db (sz=16, trace=300090, class=java.lang.ProcessEnvironment$CheckedEntrySet@500002d8)
OBJ 500002dd (sz=24, trace=300092, class=java.lang.ProcessEnvironment$CheckedEntrySet$1@500002dc)
OBJ 500002e0 (sz=40, trace=300094, class=java.util.HashMap$EntryIterator@500002df)
OBJ 500002e2 (sz=16, trace=300096, class=java.lang.ProcessEnvironment$CheckedEntry@500002e1)
OBJ 500002e4 (sz=40, trace=300098, class=java.util.TreeMap$Entry@500002e3)
	key		50000212
	value		50000214
	left		50000336
	parent		50000330
OBJ 500002e5 (sz=16, trace=300096, class=java.lang.ProcessEnvironment$CheckedEntry@500002e1)
OBJ 500002e6 (sz=40, trace=300099, class=java.util.TreeMap$Entry@500002e3)
	key		500002b4
	value		500002b6
	left		50000338
	right		500002ee
	parent		500002f0
OBJ 500002e7 (sz=16, trace=300096, class=java.lang.ProcessEnvironment$CheckedEntry@500002e1)
OBJ 500002e8 (sz=40, trace=300099, class=java.util.TreeMap$Entry@500002e3)
	key		50000269
	value		5000026b
	left		500002ea
	right		500002f0
OBJ 500002e9 (sz=16, trace=300096, class=java.lang.ProcessEnvironment$CheckedEntry@500002e1)
OBJ 500002ea (sz=40, trace=300099, class=java.util.TreeMap$Entry@500002e3)
	key		50000222
	value		50000224
	left		50000322
	right		500002ec
	parent		500002e8
OBJ 500002eb (sz=16, trace=300096, class=java.lang.ProcessEnvironment$CheckedEntry@500002e1)
OBJ 500002ec (sz=40, trace=300099, class=java.util.TreeMap$Entry@500002e3)
	key		50000240
	value		50000242
	left		50000316
	right		50000302
	parent		500002ea
OBJ 500002ed (sz=16, trace=300096, class=java.lang.ProcessEnvironment$CheckedEntry@500002e1)
OBJ 500002ee (sz=40, trace=300099, class=java.util.TreeMap$Entry@500002e3)
	key		500002c8
	value		500002ca
	left		5000033e
	right		50000312
	parent		500002e6
OBJ 500002ef (sz=16, trace=300096, class=java.lang.ProcessEnvironment$CheckedEntry@500002e1)
OBJ 500002f0 (sz=40, trace=300099, class=java.util.TreeMap$Entry@500002e3)
	key		50000296
	value		50000298
	left		500002fe
	right		500002e6
	parent		500002e8
OBJ 500002f1 (sz=16, trace=300096, class=java.lang.ProcessEnvironment$CheckedEntry@500002e1)
OBJ 500002f2 (sz=40, trace=300099, class=java.util.TreeMap$Entry@500002e3)
	key		500001ea
	value		500001ec
	left		50000324
	right		50000326
	parent		50000322
OBJ 500002f3 (sz=16, trace=300096, class=java.lang.ProcessEnvironment$CheckedEntry@500002e1)
OBJ 500002f4 (sz=40, trace=300099, class=java.util.TreeMap$Entry@500002e3)
	key		5000025f
	value		50000261
	right		5000030a
	parent		50000302
OBJ 500002f5 (sz=16, trace=300096, class=java.lang.ProcessEnvironment$CheckedEntry@500002e1)
OBJ 500002f6 (sz=40, trace=300099, class=java.util.TreeMap$Entry@500002e3)
	key		5000028c
	value		5000028e
	left		50000306
	right		50000310
	parent		500002fe
OBJ 500002f7 (sz=16, trace=300096, class=java.lang.ProcessEnvironment$CheckedEntry@500002e1)
OBJ 500002f8 (sz=40, trace=300099, class=java.util.TreeMap$Entry@500002e3)
	key		5000029b
	value		5000029d
	parent		50000338
OBJ 500002f9 (sz=16, trace=300096, class=java.lang.ProcessEnvironment$CheckedEntry@500002e1)
OBJ 500002fa (sz=40, trace=300099, class=java.util.TreeMap$Entry@500002e3)
	key		500001e5
	value		500001e7
	parent		50000324
OBJ 500002fb (sz=16, trace=300096, class=java.lang.ProcessEnvironment$CheckedEntry@500002e1)
OBJ 500002fc (sz=40, trace=300099, class=java.util.TreeMap$Entry@500002e3)
	key		500002b9
	value		500002bb
	parent		5000033e
OBJ 500002fd (sz=16, trace=300096, class=java.lang.ProcessEnvironment$CheckedEntry@500002e1)
OBJ 500002fe (sz=40, trace=300099, class=java.util.TreeMap$Entry@500002e3)
	key		5000027d
	value		5000027f
	left		50000304
	right		500002f6
	parent		500002f0
OBJ 500002ff (sz=16, trace=300096, class=java.lang.ProcessEnvironment$CheckedEntry@500002e1)
OBJ 50000300 (sz=40, trace=300099, class=java.util.TreeMap$Entry@500002e3)
	key		5000021d
	value		5000021f
	parent		5000031a
OBJ 50000301 (sz=16, trace=300096, class=java.lang.ProcessEnvironment$CheckedEntry@500002e1)
OBJ 50000302 (sz=40, trace=300099, class=java.util.TreeMap$Entry@500002e3)
	key		5000025a
	value		5000025c
	left		5000032e
	right		500002f4
	parent		500002ec
OBJ 50000303 (sz=16, trace=300096, class=java.lang.ProcessEnvironment$CheckedEntry@500002e1)
OBJ 50000304 (sz=40, trace=300099, class=java.util.TreeMap$Entry@500002e3)
	key		50000273
	value		50000275
	left		50000332
	right		5000030e
	parent		500002fe
OBJ 50000305 (sz=16, trace=300096, class=java.lang.ProcessEnvironment$CheckedEntry@500002e1)
OBJ 50000306 (sz=40, trace=300099, class=java.util.TreeMap$Entry@500002e3)
	key		50000282
	value		50000284
	right		50000320
	parent		500002f6
OBJ 50000307 (sz=16, trace=300096, class=java.lang.ProcessEnvironment$CheckedEntry@500002e1)
OBJ 50000308 (sz=40, trace=300099, class=java.util.TreeMap$Entry@500002e3)
	key		5000022c
	value		5000022e
	left		5000033c
	right		5000031e
	parent		50000316
OBJ 50000309 (sz=16, trace=300096, class=java.lang.ProcessEnvironment$CheckedEntry@500002e1)
OBJ 5000030a (sz=40, trace=300099, class=java.util.TreeMap$Entry@500002e3)
	key		50000264
	value		50000266
	parent		500002f4
OBJ 5000030b (sz=16, trace=300096, class=java.lang.ProcessEnvironment$CheckedEntry@500002e1)
OBJ 5000030c (sz=40, trace=300099, class=java.util.TreeMap$Entry@500002e3)
	key		50000245
	value		50000247
	right		50000344
	parent		5000032e
OBJ 5000030d (sz=16, trace=300096, class=java.lang.ProcessEnvironment$CheckedEntry@500002e1)
OBJ 5000030e (sz=40, trace=300099, class=java.util.TreeMap$Entry@500002e3)
	key		50000278
	value		5000027a
	parent		50000304
OBJ 5000030f (sz=16, trace=300096, class=java.lang.ProcessEnvironment$CheckedEntry@500002e1)
OBJ 50000310 (sz=40, trace=300099, class=java.util.TreeMap$Entry@500002e3)
	key		50000291
	value		50000293
	parent		500002f6
OBJ 50000311 (sz=16, trace=300096, class=java.lang.ProcessEnvironment$CheckedEntry@500002e1)
OBJ 50000312 (sz=40, trace=300099, class=java.util.TreeMap$Entry@500002e3)
	key		500002cd
	value		500002cf
	parent		500002ee
OBJ 50000313 (sz=16, trace=300096, class=java.lang.ProcessEnvironment$CheckedEntry@500002e1)
OBJ 50000314 (sz=40, trace=300099, class=java.util.TreeMap$Entry@500002e3)
	key		500001da
	value		500001dc
	parent		50000324
OBJ 50000315 (sz=16, trace=300096, class=java.lang.ProcessEnvironment$CheckedEntry@500002e1)
OBJ 50000316 (sz=40, trace=300099, class=java.util.TreeMap$Entry@500002e3)
	key		50000236
	value		50000238
	left		50000308
	right		5000031c
	parent		500002ec
OBJ 50000317 (sz=16, trace=300096, class=java.lang.ProcessEnvironment$CheckedEntry@500002e1)
OBJ 50000318 (sz=40, trace=300099, class=java.util.TreeMap$Entry@500002e3)
	key		500002af
	value		500002b1
	parent		50000340
OBJ 50000319 (sz=16, trace=300096, class=java.lang.ProcessEnvironment$CheckedEntry@500002e1)
OBJ 5000031a (sz=40, trace=300099, class=java.util.TreeMap$Entry@500002e3)
	key		50000217
	value		50000219
	left		50000330
	right		50000300
	parent		50000322
OBJ 5000031b (sz=16, trace=300096, class=java.lang.ProcessEnvironment$CheckedEntry@500002e1)
OBJ 5000031c (sz=40, trace=300099, class=java.util.TreeMap$Entry@500002e3)
	key		5000023b
	value		5000023d
	parent		50000316
OBJ 5000031d (sz=16, trace=300096, class=java.lang.ProcessEnvironment$CheckedEntry@500002e1)
OBJ 5000031e (sz=40, trace=300099, class=java.util.TreeMap$Entry@500002e3)
	key		50000231
	value		50000233
	parent		50000308
OBJ 5000031f (sz=16, trace=300096, class=java.lang.ProcessEnvironment$CheckedEntry@500002e1)
OBJ 50000320 (sz=40, trace=300099, class=java.util.TreeMap$Entry@500002e3)
	key		50000287
	value		50000289
	parent		50000306
OBJ 50000321 (sz=16, trace=300096, class=java.lang.ProcessEnvironment$CheckedEntry@500002e1)
OBJ 50000322 (sz=40, trace=300099, class=java.util.TreeMap$Entry@500002e3)
	key		500001f4
	value		500001f6
	left		500002f2
	right		5000031a
	parent		500002ea
OBJ 50000323 (sz=16, trace=300096, class=java.lang.ProcessEnvironment$CheckedEntry@500002e1)
OBJ 50000324 (sz=40, trace=300099, class=java.util.TreeMap$Entry@500002e3)
	key		500001e0
	value		500001e2
	left		50000314
	right		500002fa
	parent		500002f2
OBJ 50000325 (sz=16, trace=300096, class=java.lang.ProcessEnvironment$CheckedEntry@500002e1)
OBJ 50000326 (sz=40, trace=300099, class=java.util.TreeMap$Entry@500002e3)
	key		500001ef
	value		500001f1
	parent		500002f2
OBJ 50000327 (sz=16, trace=300096, class=java.lang.ProcessEnvironment$CheckedEntry@500002e1)
OBJ 50000328 (sz=40, trace=300099, class=java.util.TreeMap$Entry@500002e3)
	key		500002c3
	value		500002c5
	parent		5000033e
OBJ 50000329 (sz=16, trace=300096, class=java.lang.ProcessEnvironment$CheckedEntry@500002e1)
OBJ 5000032a (sz=40, trace=300099, class=java.util.TreeMap$Entry@500002e3)
	key		500001f9
	value		500001fb
	parent		50000342
OBJ 5000032b (sz=16, trace=300096, class=java.lang.ProcessEnvironment$CheckedEntry@500002e1)
OBJ 5000032c (sz=40, trace=300099, class=java.util.TreeMap$Entry@500002e3)
	key		50000254
	value		50000256
	parent		5000032e
OBJ 5000032d (sz=16, trace=300096, class=java.lang.ProcessEnvironment$CheckedEntry@500002e1)
OBJ 5000032e (sz=40, trace=300099, class=java.util.TreeMap$Entry@500002e3)
	key		5000024f
	value		50000251
	left		5000030c
	right		5000032c
	parent		50000302
OBJ 5000032f (sz=16, trace=300096, class=java.lang.ProcessEnvironment$CheckedEntry@500002e1)
OBJ 50000330 (sz=40, trace=300099, class=java.util.TreeMap$Entry@500002e3)
	key		50000208
	value		5000020a
	left		50000342
	right		500002e4
	parent		5000031a
OBJ 50000331 (sz=16, trace=300096, class=java.lang.ProcessEnvironment$CheckedEntry@500002e1)
OBJ 50000332 (sz=40, trace=300099, class=java.util.TreeMap$Entry@500002e3)
	key		5000026e
	value		50000270
	parent		50000304
OBJ 50000333 (sz=16, trace=300096, class=java.lang.ProcessEnvironment$CheckedEntry@500002e1)
OBJ 50000334 (sz=40, trace=300099, class=java.util.TreeMap$Entry@500002e3)
	key		50000203
	value		50000205
	parent		50000342
OBJ 50000335 (sz=16, trace=300096, class=java.lang.ProcessEnvironment$CheckedEntry@500002e1)
OBJ 50000336 (sz=40, trace=300099, class=java.util.TreeMap$Entry@500002e3)
	key		5000020d
	value		5000020f
	parent		500002e4
OBJ 50000337 (sz=16, trace=300096, class=java.lang.ProcessEnvironment$CheckedEntry@500002e1)
OBJ 50000338 (sz=40, trace=300099, class=java.util.TreeMap$Entry@500002e3)
	key		500002a0
	value		500002a2
	left		500002f8
	right		50000340
	parent		500002e6
OBJ 50000339 (sz=16, trace=300096, class=java.lang.ProcessEnvironment$CheckedEntry@500002e1)
OBJ 5000033a (sz=40, trace=300099, class=java.util.TreeMap$Entry@500002e3)
	key		500002a5
	value		500002a7
	parent		50000340
OBJ 5000033b (sz=16, trace=300096, class=java.lang.ProcessEnvironment$CheckedEntry@500002e1)
OBJ 5000033c (sz=40, trace=300099, class=java.util.TreeMap$Entry@500002e3)
	key		50000227
	value		50000229
	parent		50000308
OBJ 5000033d (sz=16, trace=300096, class=java.lang.ProcessEnvironment$CheckedEntry@500002e1)
OBJ 5000033e (sz=40, trace=300099, class=java.util.TreeMap$Entry@500002e3)
	key		500002be
	value		500002c0
	left		500002fc
	right		50000328
	parent		500002ee
OBJ 5000033f (sz=16, trace=300096, class=java.lang.ProcessEnvironment$CheckedEntry@500002e1)
OBJ 50000340 (sz=40, trace=300099, class=java.util.TreeMap$Entry@500002e3)
	key		500002aa
	value		500002ac
	left		5000033a
	right		50000318
	parent		50000338
OBJ 50000341 (sz=16, trace=300096, class=java.lang.ProcessEnvironment$CheckedEntry@500002e1)
OBJ 50000342 (sz=40, trace=300099, class=java.util.TreeMap$Entry@500002e3)
	key		500001fe
	value		50000200
	left		5000032a
	right		50000334
	parent		50000330
OBJ 50000343 (sz=16, trace=300096, class=java.lang.ProcessEnvironment$CheckedEntry@500002e1)
OBJ 50000344 (sz=40, trace=300099, class=java.util.TreeMap$Entry@500002e3)
	key		5000024a
	value		5000024c
	parent		5000030c
OBJ 50000345 (sz=24, trace=300100, class=java.lang.StringBuilder@5000011f)
ARR 50000346 (sz=48, trace=300101, nelems=0, elem type=char[])
ARR 50000347 (sz=88, trace=300011, nelems=0, elem type=char[])
ARR 50000348 (sz=160, trace=300011, nelems=0, elem type=char[])
OBJ 50000349 (sz=24, trace=300102, class=java.lang.String@5000016b)
ARR 5000034a (sz=120, trace=300103, nelems=0, elem type=char[])
OBJ 5000034b (sz=24, trace=300104, class=java.lang.StringBuilder@5000011f)
ARR 5000034c (sz=48, trace=300105, nelems=0, elem type=char[])
ARR 5000034d (sz=88, trace=300011, nelems=0, elem type=char[])
ARR 5000034e (sz=160, trace=300011, nelems=0, elem type=char[])
ARR 5000034f (sz=304, trace=300011, nelems=0, elem type=char[])
OBJ 50000350 (sz=24, trace=300106, class=java.lang.String@5000016b)
ARR 50000351 (sz=160, trace=300107, nelems=0, elem type=char[])
OBJ 50000353 (sz=16, trace=300109, class=sun.usagetracker.UsageTrackerClient$3@50000352)
OBJ 50000354 (sz=32, trace=300110, class=java.io.File@50000119)
OBJ 50000355 (sz=16, trace=300109, class=sun.usagetracker.UsageTrackerClient$3@50000352)
OBJ 50000356 (sz=32, trace=300110, class=java.io.File@50000119)
OBJ 50000357 (sz=32, trace=300111, class=java.io.File@50000119)
OBJ 50000358 (sz=24, trace=300112, class=java.lang.String@5000016b)
ARR 50000359 (sz=64, trace=300113, nelems=0, elem type=char[])
OBJ 5000035a (sz=24, trace=300114, class=java.io.ExpiringCache$Entry@50000062)
	val		50001461
OBJ 5000035b (sz=40, trace=300115, class=java.util.LinkedHashMap$Entry@50000061)
	key		5000145f
	value		5000035a
	before		50001434
	after		500003fc
OBJ 5000035c (sz=24, trace=300116, class=java.lang.String@5000016b)
ARR 5000035d (sz=64, trace=300113, nelems=0, elem type=char[])
OBJ 5000035e (sz=32, trace=300117, class=java.io.File@50000119)
OBJ 5000035f (sz=24, trace=300118, class=java.lang.StringBuilder@5000011f)
ARR 50000360 (sz=48, trace=300119, nelems=0, elem type=char[])
ARR 50000361 (sz=88, trace=300011, nelems=0, elem type=char[])
OBJ 50000362 (sz=24, trace=300120, class=java.lang.String@5000016b)
ARR 50000363 (sz=80, trace=300121, nelems=0, elem type=char[])
OBJ 50000364 (sz=24, trace=300122, class=java.lang.StringBuilder@5000011f)
ARR 50000365 (sz=48, trace=300123, nelems=0, elem type=char[])
ARR 50000366 (sz=48, trace=300124, nelems=0, elem type=char[])
OBJ 50000367 (sz=24, trace=300125, class=java.lang.String@5000016b)
ARR 50000368 (sz=88, trace=300011, nelems=0, elem type=char[])
OBJ 50000369 (sz=24, trace=300126, class=java.lang.String@5000016b)
ARR 5000036a (sz=72, trace=300127, nelems=0, elem type=char[])
OBJ 5000036b (sz=32, trace=300128, class=java.io.File@50000119)
ARR 5000036c (sz=136, trace=300129, nelems=0, elem type=char[])
OBJ 5000036d (sz=24, trace=300130, class=java.lang.String@5000016b)
	value		5000036e
ARR 5000036e (sz=114, trace=300131, nelems=57, elem type=char[])
OBJ 5000036f (sz=32, trace=300132, class=java.io.FileOutputStream@500000ad)
	fd		50000372
	path		5000036d
	closeLock	50000371
OBJ 50000370 (sz=40, trace=300133, class=java.lang.ref.Finalizer@5000014a)
	referent	5000036f
	queue		500012f6
	next		50001ff4
	prev		500003ee
OBJ 50000371 (sz=16, trace=300134, class=java.lang.Object@5000016f)
OBJ 50000372 (sz=40, trace=300135, class=java.io.FileDescriptor@500000bf)
	parent		5000036f
OBJ 50000373 (sz=24, trace=300136, class=java.lang.StringBuilder@5000011f)
ARR 50000374 (sz=48, trace=300137, nelems=0, elem type=char[])
ARR 50000375 (sz=88, trace=300011, nelems=0, elem type=char[])
ARR 50000376 (sz=160, trace=300011, nelems=0, elem type=char[])
OBJ 50000377 (sz=24, trace=300138, class=java.lang.String@5000016b)
ARR 50000378 (sz=120, trace=300139, nelems=0, elem type=char[])
OBJ 5000037a (sz=16, trace=300141, class=java.lang.ThreadLocal@5000008a)
OBJ 5000037b (sz=16, trace=300142, class=java.lang.ThreadLocal@5000008a)
OBJ 5000037d (sz=24, trace=300144, class=java.lang.ThreadLocal$ThreadLocalMap@5000037c)
ARR 50000380 (sz=80, trace=300146, nelems=0, elem type=java.lang.ThreadLocal$ThreadLocalMap$Entry[]@5000037f)
OBJ 50000381 (sz=32, trace=300147, class=java.lang.ThreadLocal$ThreadLocalMap$Entry@5000037e)
ARR 50000382 (sz=32, trace=300148, nelems=0, elem type=char[])
OBJ 50000383 (sz=24, trace=300149, class=java.lang.String@5000016b)
ARR 50000384 (sz=32, trace=300150, nelems=0, elem type=char[])
OBJ 50000385 (sz=24, trace=300151, class=java.lang.StringBuilder@5000011f)
ARR 50000386 (sz=48, trace=300152, nelems=0, elem type=char[])
OBJ 50000387 (sz=24, trace=300153, class=java.lang.String@5000016b)
ARR 50000388 (sz=48, trace=300154, nelems=0, elem type=char[])
ARR 5000038b (sz=16, trace=300156, nelems=0, elem type=java.lang.Class[]@50000101)
OBJ 5000038c (sz=56, trace=300157, class=java.lang.Class$ReflectionData@500000a5)
OBJ 5000038d (sz=40, trace=300041, class=java.lang.ref.SoftReference@5000014f)
OBJ 5000038e (sz=80, trace=300158, class=java.lang.reflect.Constructor@5000013b)
OBJ 5000038f (sz=24, trace=300159, class=java.lang.Class$1@50000082)
OBJ 50000390 (sz=24, trace=300160, class=sun.reflect.NativeConstructorAccessorImpl@50000080)
OBJ 50000391 (sz=16, trace=300161, class=sun.reflect.DelegatingConstructorAccessorImpl@5000007f)
OBJ 50000392 (sz=24, trace=300162, class=sun.nio.cs.UTF_8@5000038a)
	name		5000178e
	aliases		50001b81
ARR 50000393 (sz=24, trace=300163, nelems=2, elem type=java.lang.Object[]@50000106)
	[0]		5000178e
	[1]		50000392
OBJ 50000395 (sz=32, trace=300165, class=java.lang.StringCoding$StringEncoder@50000394)
ARR 50000397 (sz=24, trace=300167, nelems=0, elem type=byte[])
OBJ 50000398 (sz=56, trace=300168, class=sun.nio.cs.UTF_8$Encoder@50000396)
ARR 50000399 (sz=24, trace=300169, nelems=0, elem type=byte[])
OBJ 5000039a (sz=40, trace=300170, class=java.lang.ref.SoftReference@5000014f)
ARR 5000039b (sz=168, trace=300171, nelems=0, elem type=byte[])
ARR 5000039c (sz=72, trace=300172, nelems=0, elem type=byte[])
OBJ 5000039e (sz=16, trace=300174, class=java.io.FileOutputStream$1@5000039d)
OBJ 5000039f (sz=376, trace=300000, class=java.lang.Thread@50000148)
OBJ 500003a1 (sz=24, trace=300175, class=sun.launcher.LauncherHelper@500003a0)
	name		5000207e
ARR 500003a3 (sz=24, trace=300176, nelems=1, elem type=sun.launcher.LauncherHelper[]@500003a2)
	[0]		500003a1
OBJ 500003a4 (sz=24, trace=300177, class=java.lang.StringBuilder@5000011f)
	value		500012df
ARR 500003a5 (sz=48, trace=300178, nelems=0, elem type=char[])
ARR 500003a6 (sz=24, trace=300179, nelems=0, elem type=java.lang.Object[]@50000106)
OBJ 500003aa (sz=40, trace=300183, class=java.util.ResourceBundle$1@500003a9)
	cacheKey	50002094
OBJ 500003ab (sz=64, trace=300184, class=java.util.concurrent.ConcurrentHashMap@5000002b)
	table		500009f6
OBJ 500003ac (sz=32, trace=300185, class=java.lang.ref.ReferenceQueue@500000da)
	lock		500003ad
OBJ 500003ad (sz=16, trace=300186, class=java.lang.ref.ReferenceQueue$Lock@500000d8)
OBJ 500003b0 (sz=32, trace=300189, class=java.util.ServiceLoader@500003af)
OBJ 500003b1 (sz=56, trace=300190, class=java.util.LinkedHashMap@5000006b)
OBJ 500003b3 (sz=40, trace=300192, class=java.util.ServiceLoader$LazyIterator@500003b2)
OBJ 500003b5 (sz=24, trace=300194, class=java.util.ServiceLoader$1@500003b4)
OBJ 500003b7 (sz=16, trace=300196, class=java.util.LinkedHashMap$LinkedEntrySet@500003b6)
OBJ 500003ba (sz=32, trace=300198, class=java.util.LinkedHashMap$LinkedEntryIterator@500003b9)
OBJ 500003bb (sz=24, trace=300199, class=java.lang.StringBuilder@5000011f)
ARR 500003bc (sz=48, trace=300200, nelems=0, elem type=char[])
ARR 500003bd (sz=88, trace=300011, nelems=0, elem type=char[])
ARR 500003be (sz=160, trace=300011, nelems=0, elem type=char[])
OBJ 500003bf (sz=24, trace=300201, class=java.lang.String@5000016b)
ARR 500003c0 (sz=144, trace=300202, nelems=0, elem type=char[])
ARR 500003c2 (sz=24, trace=300203, nelems=0, elem type=java.util.Enumeration[]@500003c1)
OBJ 500003c5 (sz=16, trace=300206, class=sun.misc.Launcher$BootClassPathHolder$1@500003c4)
ARR 500003c6 (sz=48, trace=300207, nelems=0, elem type=java.io.File[]@50000043)
OBJ 500003c7 (sz=24, trace=300208, class=java.lang.String@5000016b)
	value		500003c8
ARR 500003c8 (sz=102, trace=300209, nelems=51, elem type=char[])
OBJ 500003c9 (sz=32, trace=300210, class=java.io.File@50000119)
OBJ 500003ca (sz=24, trace=300208, class=java.lang.String@5000016b)
ARR 500003cb (sz=104, trace=300209, nelems=0, elem type=char[])
OBJ 500003cc (sz=32, trace=300210, class=java.io.File@50000119)
OBJ 500003cd (sz=24, trace=300208, class=java.lang.String@5000016b)
ARR 500003ce (sz=120, trace=300209, nelems=0, elem type=char[])
OBJ 500003cf (sz=32, trace=300210, class=java.io.File@50000119)
OBJ 500003d0 (sz=24, trace=300208, class=java.lang.String@5000016b)
ARR 500003d1 (sz=112, trace=300209, nelems=0, elem type=char[])
OBJ 500003d2 (sz=32, trace=300210, class=java.io.File@50000119)
OBJ 500003d3 (sz=24, trace=300208, class=java.lang.String@5000016b)
ARR 500003d4 (sz=112, trace=300209, nelems=0, elem type=char[])
OBJ 500003d5 (sz=32, trace=300210, class=java.io.File@50000119)
OBJ 500003d6 (sz=24, trace=300208, class=java.lang.String@5000016b)
ARR 500003d7 (sz=120, trace=300209, nelems=0, elem type=char[])
OBJ 500003d8 (sz=32, trace=300210, class=java.io.File@50000119)
OBJ 500003d9 (sz=24, trace=300208, class=java.lang.String@5000016b)
ARR 500003da (sz=112, trace=300209, nelems=0, elem type=char[])
OBJ 500003db (sz=32, trace=300210, class=java.io.File@50000119)
OBJ 500003dc (sz=24, trace=300211, class=java.lang.String@5000016b)
	value		500003dd
ARR 500003dd (sz=82, trace=300212, nelems=41, elem type=char[])
OBJ 500003de (sz=32, trace=300213, class=java.io.File@50000119)
OBJ 500003df (sz=16, trace=300214, class=java.util.HashSet@50000005)
OBJ 500003e0 (sz=48, trace=300215, class=java.util.HashMap@500000b2)
OBJ 500003e1 (sz=24, trace=300216, class=java.lang.String@5000016b)
	value		500003e2
ARR 500003e2 (sz=74, trace=300217, nelems=37, elem type=char[])
OBJ 500003e3 (sz=32, trace=300218, class=java.io.File@50000119)
ARR 500003e4 (sz=96, trace=300219, nelems=0, elem type=char[])
OBJ 500003e5 (sz=24, trace=300220, class=java.lang.String@5000016b)
ARR 500003e6 (sz=96, trace=300221, nelems=0, elem type=char[])
ARR 500003e7 (sz=80, trace=300222, nelems=0, elem type=java.util.HashMap$Node[]@500000b0)
OBJ 500003e8 (sz=32, trace=300081, class=java.util.HashMap$Node@500000b1)
OBJ 500003e9 (sz=32, trace=300223, class=java.io.File@50000119)
ARR 500003ea (sz=112, trace=300224, nelems=0, elem type=char[])
OBJ 500003eb (sz=24, trace=300225, class=java.lang.String@5000016b)
	value		500003ec
ARR 500003ec (sz=96, trace=300226, nelems=48, elem type=char[])
OBJ 500003ed (sz=32, trace=300227, class=java.io.FileInputStream@500000c0)
	fd		500003f0
	path		500003eb
	closeLock	500003ef
OBJ 500003ee (sz=40, trace=300133, class=java.lang.ref.Finalizer@5000014a)
	referent	500003ed
	queue		500012f6
	next		50000370
	prev		50000f34
OBJ 500003ef (sz=16, trace=300228, class=java.lang.Object@5000016f)
OBJ 500003f0 (sz=40, trace=300229, class=java.io.FileDescriptor@500000bf)
	parent		500003ed
OBJ 500003f1 (sz=24, trace=300230, class=java.io.FileReader@5000003c)
OBJ 500003f2 (sz=48, trace=300231, class=sun.nio.cs.SingleByte$Decoder@50000037)
OBJ 500003f3 (sz=48, trace=300232, class=sun.nio.cs.StreamDecoder@5000003b)
ARR 500003f4 (sz=8208, trace=300233, nelems=0, elem type=byte[])
OBJ 500003f5 (sz=48, trace=300234, class=java.nio.HeapByteBuffer@50000076)
OBJ 500003f6 (sz=48, trace=300235, class=java.io.BufferedReader@5000003e)
ARR 500003f7 (sz=16400, trace=300236, nelems=0, elem type=char[])
OBJ 500003f8 (sz=24, trace=300237, class=java.util.ArrayList@500000b9)
OBJ 500003f9 (sz=24, trace=300112, class=java.lang.String@5000016b)
ARR 500003fa (sz=88, trace=300113, nelems=0, elem type=char[])
OBJ 500003fb (sz=24, trace=300114, class=java.io.ExpiringCache$Entry@50000062)
	val		5000145d
OBJ 500003fc (sz=40, trace=300115, class=java.util.LinkedHashMap$Entry@50000061)
	key		500003e1
	value		500003fb
	before		5000035b
	after		50000541
OBJ 500003fd (sz=24, trace=300116, class=java.lang.String@5000016b)
ARR 500003fe (sz=88, trace=300113, nelems=0, elem type=char[])
OBJ 500003ff (sz=32, trace=300238, class=java.io.File@50000119)
OBJ 50000400 (sz=32, trace=300239, class=java.io.File@50000119)
OBJ 50000401 (sz=48, trace=300240, class=java.nio.HeapCharBuffer@50000035)
OBJ 50000402 (sz=24, trace=300241, class=java.lang.String@5000016b)
ARR 50000403 (sz=40, trace=300242, nelems=0, elem type=char[])
OBJ 50000404 (sz=24, trace=300243, class=java.lang.String@5000016b)
ARR 50000405 (sz=120, trace=300242, nelems=0, elem type=char[])
OBJ 50000406 (sz=24, trace=300243, class=java.lang.String@5000016b)
ARR 50000407 (sz=136, trace=300242, nelems=0, elem type=char[])
OBJ 50000408 (sz=24, trace=300243, class=java.lang.String@5000016b)
ARR 50000409 (sz=96, trace=300242, nelems=0, elem type=char[])
OBJ 5000040a (sz=24, trace=300243, class=java.lang.String@5000016b)
ARR 5000040b (sz=48, trace=300242, nelems=0, elem type=char[])
OBJ 5000040c (sz=24, trace=300244, class=java.lang.String@5000016b)
ARR 5000040d (sz=40, trace=300245, nelems=0, elem type=char[])
OBJ 5000040e (sz=24, trace=300243, class=java.lang.String@5000016b)
	value		5000040f
ARR 5000040f (sz=14, trace=300242, nelems=7, elem type=char[])
ARR 50000410 (sz=56, trace=300246, nelems=0, elem type=java.lang.Object[]@50000106)
OBJ 50000411 (sz=24, trace=300243, class=java.lang.String@5000016b)
	value		50000412
ARR 50000412 (sz=14, trace=300242, nelems=7, elem type=char[])
OBJ 50000413 (sz=24, trace=300243, class=java.lang.String@5000016b)
ARR 50000414 (sz=40, trace=300242, nelems=0, elem type=char[])
OBJ 50000415 (sz=32, trace=300247, class=java.io.File@50000119)
	path		50000417
ARR 50000416 (sz=120, trace=300248, nelems=0, elem type=char[])
OBJ 50000417 (sz=24, trace=300249, class=java.lang.String@5000016b)
	value		50000418
ARR 50000418 (sz=100, trace=300226, nelems=50, elem type=char[])
OBJ 50000419 (sz=24, trace=300250, class=sun.misc.MetaIndex@50000041)
	contents	50001ca5
ARR 5000041a (sz=16, trace=300251, nelems=0, elem type=java.lang.String[]@500000b4)
ARR 5000041b (sz=120, trace=300219, nelems=0, elem type=char[])
OBJ 5000041c (sz=24, trace=300220, class=java.lang.String@5000016b)
ARR 5000041d (sz=120, trace=300221, nelems=0, elem type=char[])
OBJ 5000041e (sz=32, trace=300082, class=java.util.HashMap$Node@500000b1)
	key		50000415
	value		50000419
ARR 5000041f (sz=144, trace=300252, nelems=29, elem type=java.util.HashMap$Node[]@500000b0)
	[0]		500004b2
	[1]		50001bef
	[3]		50001bf0
	[4]		50001bf1
	[5]		50000449
	[7]		50001bf2
	[9]		50001bf3
	[17]		50001bf4
	[21]		50000435
	[24]		5000045b
	[25]		50001bf5
	[26]		50001bf6
	[28]		50001bf7
OBJ 50000420 (sz=24, trace=300244, class=java.lang.String@5000016b)
ARR 50000421 (sz=32, trace=300245, nelems=0, elem type=char[])
OBJ 50000422 (sz=24, trace=300243, class=java.lang.String@5000016b)
	value		50000423
ARR 50000423 (sz=24, trace=300242, nelems=12, elem type=char[])
OBJ 50000424 (sz=24, trace=300243, class=java.lang.String@5000016b)
	value		50000425
ARR 50000425 (sz=24, trace=300242, nelems=12, elem type=char[])
OBJ 50000426 (sz=24, trace=300243, class=java.lang.String@5000016b)
	value		50000427
ARR 50000427 (sz=42, trace=300242, nelems=21, elem type=char[])
OBJ 50000428 (sz=24, trace=300243, class=java.lang.String@5000016b)
	value		50000429
ARR 50000429 (sz=40, trace=300242, nelems=20, elem type=char[])
OBJ 5000042a (sz=24, trace=300243, class=java.lang.String@5000016b)
ARR 5000042b (sz=40, trace=300242, nelems=0, elem type=char[])
OBJ 5000042c (sz=32, trace=300247, class=java.io.File@50000119)
	path		5000042e
ARR 5000042d (sz=112, trace=300248, nelems=0, elem type=char[])
OBJ 5000042e (sz=24, trace=300249, class=java.lang.String@5000016b)
	value		5000042f
ARR 5000042f (sz=90, trace=300226, nelems=45, elem type=char[])
OBJ 50000430 (sz=24, trace=300250, class=sun.misc.MetaIndex@50000041)
	contents	50001c1d
ARR 50000431 (sz=16, trace=300251, nelems=0, elem type=java.lang.String[]@500000b4)
ARR 50000432 (sz=112, trace=300219, nelems=0, elem type=char[])
OBJ 50000433 (sz=24, trace=300220, class=java.lang.String@5000016b)
ARR 50000434 (sz=112, trace=300221, nelems=0, elem type=char[])
OBJ 50000435 (sz=32, trace=300081, class=java.util.HashMap$Node@500000b1)
	key		5000042c
	value		50000430
OBJ 50000436 (sz=24, trace=300244, class=java.lang.String@5000016b)
ARR 50000437 (sz=32, trace=300245, nelems=0, elem type=char[])
OBJ 50000438 (sz=24, trace=300243, class=java.lang.String@5000016b)
	value		50000439
ARR 50000439 (sz=30, trace=300242, nelems=15, elem type=char[])
OBJ 5000043a (sz=24, trace=300243, class=java.lang.String@5000016b)
	value		5000043b
ARR 5000043b (sz=14, trace=300242, nelems=7, elem type=char[])
OBJ 5000043c (sz=24, trace=300243, class=java.lang.String@5000016b)
	value		5000043d
ARR 5000043d (sz=38, trace=300242, nelems=19, elem type=char[])
OBJ 5000043e (sz=24, trace=300243, class=java.lang.String@5000016b)
ARR 5000043f (sz=40, trace=300242, nelems=0, elem type=char[])
OBJ 50000440 (sz=32, trace=300247, class=java.io.File@50000119)
	path		50000442
ARR 50000441 (sz=112, trace=300248, nelems=0, elem type=char[])
OBJ 50000442 (sz=24, trace=300249, class=java.lang.String@5000016b)
	value		50000443
ARR 50000443 (sz=90, trace=300226, nelems=45, elem type=char[])
OBJ 50000444 (sz=24, trace=300250, class=sun.misc.MetaIndex@50000041)
	contents	50001c3d
ARR 50000445 (sz=16, trace=300251, nelems=0, elem type=java.lang.String[]@500000b4)
ARR 50000446 (sz=112, trace=300219, nelems=0, elem type=char[])
OBJ 50000447 (sz=24, trace=300220, class=java.lang.String@5000016b)
ARR 50000448 (sz=112, trace=300221, nelems=0, elem type=char[])
OBJ 50000449 (sz=32, trace=300081, class=java.util.HashMap$Node@500000b1)
	key		50000440
	value		50000444
OBJ 5000044a (sz=24, trace=300244, class=java.lang.String@5000016b)
ARR 5000044b (sz=32, trace=300245, nelems=0, elem type=char[])
OBJ 5000044c (sz=24, trace=300243, class=java.lang.String@5000016b)
	value		5000044d
ARR 5000044d (sz=24, trace=300242, nelems=12, elem type=char[])
OBJ 5000044e (sz=24, trace=300243, class=java.lang.String@5000016b)
	value		5000044f
ARR 5000044f (sz=24, trace=300242, nelems=12, elem type=char[])
OBJ 50000450 (sz=24, trace=300243, class=java.lang.String@5000016b)
ARR 50000451 (sz=64, trace=300242, nelems=0, elem type=char[])
OBJ 50000452 (sz=32, trace=300247, class=java.io.File@50000119)
	path		50000454
ARR 50000453 (sz=112, trace=300248, nelems=0, elem type=char[])
OBJ 50000454 (sz=24, trace=300249, class=java.lang.String@5000016b)
	value		50000455
ARR 50000455 (sz=92, trace=300226, nelems=46, elem type=char[])
OBJ 50000456 (sz=24, trace=300250, class=sun.misc.MetaIndex@50000041)
	contents	50001c1c
ARR 50000457 (sz=16, trace=300251, nelems=0, elem type=java.lang.String[]@500000b4)
ARR 50000458 (sz=112, trace=300219, nelems=0, elem type=char[])
OBJ 50000459 (sz=24, trace=300220, class=java.lang.String@5000016b)
ARR 5000045a (sz=112, trace=300221, nelems=0, elem type=char[])
OBJ 5000045b (sz=32, trace=300081, class=java.util.HashMap$Node@500000b1)
	key		50000452
	value		50000456
OBJ 5000045c (sz=24, trace=300244, class=java.lang.String@5000016b)
ARR 5000045d (sz=56, trace=300245, nelems=0, elem type=char[])
OBJ 5000045e (sz=24, trace=300243, class=java.lang.String@5000016b)
ARR 5000045f (sz=48, trace=300242, nelems=0, elem type=char[])
OBJ 50000460 (sz=24, trace=300244, class=java.lang.String@5000016b)
ARR 50000461 (sz=48, trace=300245, nelems=0, elem type=char[])
OBJ 50000462 (sz=24, trace=300243, class=java.lang.String@5000016b)
	value		50000463
ARR 50000463 (sz=54, trace=300242, nelems=27, elem type=char[])
OBJ 50000464 (sz=24, trace=300243, class=java.lang.String@5000016b)
	value		50000465
ARR 50000465 (sz=104, trace=300242, nelems=52, elem type=char[])
OBJ 50000466 (sz=24, trace=300243, class=java.lang.String@5000016b)
	value		50000467
ARR 50000467 (sz=96, trace=300242, nelems=48, elem type=char[])
OBJ 50000468 (sz=24, trace=300243, class=java.lang.String@5000016b)
	value		50000469
ARR 50000469 (sz=28, trace=300242, nelems=14, elem type=char[])
OBJ 5000046a (sz=24, trace=300243, class=java.lang.String@5000016b)
	value		5000046b
ARR 5000046b (sz=108, trace=300242, nelems=54, elem type=char[])
OBJ 5000046c (sz=24, trace=300243, class=java.lang.String@5000016b)
	value		5000046d
ARR 5000046d (sz=18, trace=300242, nelems=9, elem type=char[])
OBJ 5000046e (sz=24, trace=300243, class=java.lang.String@5000016b)
	value		5000046f
ARR 5000046f (sz=106, trace=300242, nelems=53, elem type=char[])
OBJ 50000470 (sz=24, trace=300243, class=java.lang.String@5000016b)
	value		50000471
ARR 50000471 (sz=102, trace=300242, nelems=51, elem type=char[])
OBJ 50000472 (sz=24, trace=300243, class=java.lang.String@5000016b)
	value		50000473
ARR 50000473 (sz=22, trace=300242, nelems=11, elem type=char[])
OBJ 50000474 (sz=24, trace=300243, class=java.lang.String@5000016b)
	value		50000475
ARR 50000475 (sz=114, trace=300242, nelems=57, elem type=char[])
OBJ 50000476 (sz=24, trace=300243, class=java.lang.String@5000016b)
	value		50000477
ARR 50000477 (sz=114, trace=300242, nelems=57, elem type=char[])
ARR 50000478 (sz=80, trace=300246, nelems=0, elem type=java.lang.Object[]@50000106)
OBJ 50000479 (sz=24, trace=300243, class=java.lang.String@5000016b)
	value		5000047a
ARR 5000047a (sz=14, trace=300242, nelems=7, elem type=char[])
OBJ 5000047b (sz=24, trace=300243, class=java.lang.String@5000016b)
	value		5000047c
ARR 5000047c (sz=114, trace=300242, nelems=57, elem type=char[])
OBJ 5000047d (sz=24, trace=300243, class=java.lang.String@5000016b)
	value		5000047e
ARR 5000047e (sz=32, trace=300242, nelems=16, elem type=char[])
OBJ 5000047f (sz=24, trace=300243, class=java.lang.String@5000016b)
	value		50000480
ARR 50000480 (sz=98, trace=300242, nelems=49, elem type=char[])
OBJ 50000481 (sz=24, trace=300243, class=java.lang.String@5000016b)
	value		50000482
ARR 50000482 (sz=52, trace=300242, nelems=26, elem type=char[])
ARR 50000483 (sz=104, trace=300246, nelems=0, elem type=java.lang.Object[]@50000106)
OBJ 50000484 (sz=24, trace=300243, class=java.lang.String@5000016b)
	value		50000485
ARR 50000485 (sz=106, trace=300242, nelems=53, elem type=char[])
OBJ 50000486 (sz=24, trace=300243, class=java.lang.String@5000016b)
	value		50000487
ARR 50000487 (sz=14, trace=300242, nelems=7, elem type=char[])
OBJ 50000488 (sz=24, trace=300243, class=java.lang.String@5000016b)
	value		50000489
ARR 50000489 (sz=18, trace=300242, nelems=9, elem type=char[])
OBJ 5000048a (sz=24, trace=300243, class=java.lang.String@5000016b)
	value		5000048b
ARR 5000048b (sz=120, trace=300242, nelems=60, elem type=char[])
OBJ 5000048c (sz=24, trace=300243, class=java.lang.String@5000016b)
	value		5000048d
ARR 5000048d (sz=30, trace=300242, nelems=15, elem type=char[])
OBJ 5000048e (sz=24, trace=300243, class=java.lang.String@5000016b)
	value		5000048f
ARR 5000048f (sz=110, trace=300242, nelems=55, elem type=char[])
OBJ 50000490 (sz=24, trace=300243, class=java.lang.String@5000016b)
	value		50000491
ARR 50000491 (sz=48, trace=300242, nelems=24, elem type=char[])
ARR 50000492 (sz=152, trace=300246, nelems=0, elem type=java.lang.Object[]@50000106)
OBJ 50000493 (sz=24, trace=300243, class=java.lang.String@5000016b)
	value		50000494
ARR 50000494 (sz=18, trace=300242, nelems=9, elem type=char[])
OBJ 50000495 (sz=24, trace=300243, class=java.lang.String@5000016b)
	value		50000496
ARR 50000496 (sz=16, trace=300242, nelems=8, elem type=char[])
OBJ 50000497 (sz=24, trace=300243, class=java.lang.String@5000016b)
	value		50000498
ARR 50000498 (sz=18, trace=300242, nelems=9, elem type=char[])
OBJ 50000499 (sz=24, trace=300243, class=java.lang.String@5000016b)
	value		5000049a
ARR 5000049a (sz=110, trace=300242, nelems=55, elem type=char[])
OBJ 5000049b (sz=24, trace=300243, class=java.lang.String@5000016b)
	value		5000049c
ARR 5000049c (sz=24, trace=300242, nelems=12, elem type=char[])
OBJ 5000049d (sz=24, trace=300243, class=java.lang.String@5000016b)
	value		5000049e
ARR 5000049e (sz=102, trace=300242, nelems=51, elem type=char[])
OBJ 5000049f (sz=24, trace=300243, class=java.lang.String@5000016b)
	value		500004a0
ARR 500004a0 (sz=38, trace=300242, nelems=19, elem type=char[])
OBJ 500004a1 (sz=24, trace=300243, class=java.lang.String@5000016b)
	value		500004a2
ARR 500004a2 (sz=26, trace=300242, nelems=13, elem type=char[])
OBJ 500004a3 (sz=24, trace=300243, class=java.lang.String@5000016b)
	value		500004a4
ARR 500004a4 (sz=24, trace=300242, nelems=12, elem type=char[])
OBJ 500004a5 (sz=24, trace=300243, class=java.lang.String@5000016b)
	value		500004a6
ARR 500004a6 (sz=132, trace=300242, nelems=66, elem type=char[])
OBJ 500004a7 (sz=24, trace=300243, class=java.lang.String@5000016b)
ARR 500004a8 (sz=32, trace=300242, nelems=0, elem type=char[])
OBJ 500004a9 (sz=32, trace=300247, class=java.io.File@50000119)
	path		500004ab
ARR 500004aa (sz=120, trace=300248, nelems=0, elem type=char[])
OBJ 500004ab (sz=24, trace=300249, class=java.lang.String@5000016b)
	value		500004ac
ARR 500004ac (sz=102, trace=300226, nelems=51, elem type=char[])
OBJ 500004ad (sz=24, trace=300250, class=sun.misc.MetaIndex@50000041)
	contents	50001ca6
ARR 500004ae (sz=16, trace=300251, nelems=0, elem type=java.lang.String[]@500000b4)
ARR 500004af (sz=120, trace=300219, nelems=0, elem type=char[])
OBJ 500004b0 (sz=24, trace=300220, class=java.lang.String@5000016b)
ARR 500004b1 (sz=120, trace=300221, nelems=0, elem type=char[])
OBJ 500004b2 (sz=32, trace=300081, class=java.util.HashMap$Node@500000b1)
	key		500004a9
	value		500004ad
OBJ 500004b3 (sz=24, trace=300244, class=java.lang.String@5000016b)
ARR 500004b4 (sz=32, trace=300245, nelems=0, elem type=char[])
OBJ 500004b5 (sz=24, trace=300243, class=java.lang.String@5000016b)
	value		500004b6
ARR 500004b6 (sz=54, trace=300242, nelems=27, elem type=char[])
OBJ 500004b7 (sz=24, trace=300243, class=java.lang.String@5000016b)
	value		500004b8
ARR 500004b8 (sz=10, trace=300242, nelems=5, elem type=char[])
OBJ 500004b9 (sz=24, trace=300243, class=java.lang.String@5000016b)
	value		500004ba
ARR 500004ba (sz=18, trace=300242, nelems=9, elem type=char[])
OBJ 500004bb (sz=24, trace=300243, class=java.lang.String@5000016b)
	value		500004bc
ARR 500004bc (sz=28, trace=300242, nelems=14, elem type=char[])
OBJ 500004bd (sz=24, trace=300243, class=java.lang.String@5000016b)
	value		500004be
ARR 500004be (sz=32, trace=300242, nelems=16, elem type=char[])
OBJ 500004bf (sz=24, trace=300243, class=java.lang.String@5000016b)
	value		500004c0
ARR 500004c0 (sz=42, trace=300242, nelems=21, elem type=char[])
OBJ 500004c1 (sz=24, trace=300243, class=java.lang.String@5000016b)
	value		500004c2
ARR 500004c2 (sz=28, trace=300242, nelems=14, elem type=char[])
OBJ 500004c3 (sz=24, trace=300243, class=java.lang.String@5000016b)
	value		500004c4
ARR 500004c4 (sz=28, trace=300242, nelems=14, elem type=char[])
OBJ 500004c5 (sz=24, trace=300243, class=java.lang.String@5000016b)
	value		500004c6
ARR 500004c6 (sz=24, trace=300242, nelems=12, elem type=char[])
OBJ 500004c7 (sz=24, trace=300243, class=java.lang.String@5000016b)
	value		500004c8
ARR 500004c8 (sz=38, trace=300242, nelems=19, elem type=char[])
OBJ 500004c9 (sz=24, trace=300243, class=java.lang.String@5000016b)
	value		500004ca
ARR 500004ca (sz=8, trace=300242, nelems=4, elem type=char[])
OBJ 500004cb (sz=24, trace=300243, class=java.lang.String@5000016b)
	value		500004cc
ARR 500004cc (sz=24, trace=300242, nelems=12, elem type=char[])
OBJ 500004cd (sz=24, trace=300243, class=java.lang.String@5000016b)
	value		500004ce
ARR 500004ce (sz=26, trace=300242, nelems=13, elem type=char[])
OBJ 500004cf (sz=24, trace=300243, class=java.lang.String@5000016b)
	value		500004d0
ARR 500004d0 (sz=32, trace=300242, nelems=16, elem type=char[])
OBJ 500004d1 (sz=24, trace=300243, class=java.lang.String@5000016b)
	value		500004d2
ARR 500004d2 (sz=24, trace=300242, nelems=12, elem type=char[])
OBJ 500004d3 (sz=24, trace=300243, class=java.lang.String@5000016b)
	value		500004d4
ARR 500004d4 (sz=24, trace=300242, nelems=12, elem type=char[])
OBJ 500004d5 (sz=24, trace=300243, class=java.lang.String@5000016b)
	value		500004d6
ARR 500004d6 (sz=16, trace=300242, nelems=8, elem type=char[])
OBJ 500004d7 (sz=24, trace=300243, class=java.lang.String@5000016b)
	value		500004d8
ARR 500004d8 (sz=28, trace=300242, nelems=14, elem type=char[])
OBJ 500004d9 (sz=24, trace=300243, class=java.lang.String@5000016b)
	value		500004da
ARR 500004da (sz=38, trace=300242, nelems=19, elem type=char[])
OBJ 500004db (sz=24, trace=300243, class=java.lang.String@5000016b)
	value		500004dc
ARR 500004dc (sz=24, trace=300242, nelems=12, elem type=char[])
OBJ 500004dd (sz=24, trace=300243, class=java.lang.String@5000016b)
	value		500004de
ARR 500004de (sz=30, trace=300242, nelems=15, elem type=char[])
OBJ 500004df (sz=24, trace=300243, class=java.lang.String@5000016b)
	value		500004e0
ARR 500004e0 (sz=16, trace=300242, nelems=8, elem type=char[])
OBJ 500004e1 (sz=24, trace=300243, class=java.lang.String@5000016b)
	value		500004e2
ARR 500004e2 (sz=30, trace=300242, nelems=15, elem type=char[])
OBJ 500004e3 (sz=24, trace=300243, class=java.lang.String@5000016b)
	value		500004e4
ARR 500004e4 (sz=8, trace=300242, nelems=4, elem type=char[])
OBJ 500004e5 (sz=24, trace=300243, class=java.lang.String@5000016b)
	value		500004e6
ARR 500004e6 (sz=30, trace=300242, nelems=15, elem type=char[])
OBJ 500004e7 (sz=24, trace=300243, class=java.lang.String@5000016b)
	value		500004e8
ARR 500004e8 (sz=16, trace=300242, nelems=8, elem type=char[])
OBJ 500004e9 (sz=24, trace=300243, class=java.lang.String@5000016b)
	value		500004ea
ARR 500004ea (sz=16, trace=300242, nelems=8, elem type=char[])
OBJ 500004eb (sz=24, trace=300243, class=java.lang.String@5000016b)
	value		500004ec
ARR 500004ec (sz=34, trace=300242, nelems=17, elem type=char[])
OBJ 500004ed (sz=24, trace=300243, class=java.lang.String@5000016b)
	value		500004ee
ARR 500004ee (sz=28, trace=300242, nelems=14, elem type=char[])
OBJ 500004ef (sz=24, trace=300243, class=java.lang.String@5000016b)
	value		500004f0
ARR 500004f0 (sz=24, trace=300242, nelems=12, elem type=char[])
OBJ 500004f1 (sz=24, trace=300243, class=java.lang.String@5000016b)
	value		500004f2
ARR 500004f2 (sz=38, trace=300242, nelems=19, elem type=char[])
OBJ 500004f3 (sz=24, trace=300243, class=java.lang.String@5000016b)
	value		500004f4
ARR 500004f4 (sz=22, trace=300242, nelems=11, elem type=char[])
OBJ 500004f5 (sz=24, trace=300243, class=java.lang.String@5000016b)
	value		500004f6
ARR 500004f6 (sz=34, trace=300242, nelems=17, elem type=char[])
OBJ 500004f7 (sz=24, trace=300243, class=java.lang.String@5000016b)
	value		500004f8
ARR 500004f8 (sz=26, trace=300242, nelems=13, elem type=char[])
ARR 500004f9 (sz=216, trace=300246, nelems=0, elem type=java.lang.Object[]@50000106)
OBJ 500004fa (sz=24, trace=300243, class=java.lang.String@5000016b)
	value		500004fb
ARR 500004fb (sz=44, trace=300242, nelems=22, elem type=char[])
OBJ 500004fc (sz=24, trace=300243, class=java.lang.String@5000016b)
	value		500004fd
ARR 500004fd (sz=24, trace=300242, nelems=12, elem type=char[])
OBJ 500004fe (sz=24, trace=300243, class=java.lang.String@5000016b)
	value		500004ff
ARR 500004ff (sz=12, trace=300242, nelems=6, elem type=char[])
OBJ 50000500 (sz=24, trace=300253, class=java.lang.StringBuffer@50000120)
ARR 50000501 (sz=176, trace=300254, nelems=0, elem type=char[])
OBJ 50000502 (sz=48, trace=300240, class=java.nio.HeapCharBuffer@50000035)
OBJ 50000503 (sz=32, trace=300255, class=java.io.File@50000119)
	path		50000505
ARR 50000504 (sz=104, trace=300256, nelems=0, elem type=char[])
OBJ 50000505 (sz=24, trace=300257, class=java.lang.String@5000016b)
	value		50000506
ARR 50000506 (sz=88, trace=300226, nelems=44, elem type=char[])
OBJ 50000507 (sz=24, trace=300258, class=sun.misc.MetaIndex@50000041)
	contents	50001c1b
ARR 50000508 (sz=16, trace=300259, nelems=0, elem type=java.lang.String[]@500000b4)
ARR 50000509 (sz=104, trace=300219, nelems=0, elem type=char[])
OBJ 5000050a (sz=24, trace=300220, class=java.lang.String@5000016b)
ARR 5000050b (sz=104, trace=300221, nelems=0, elem type=char[])
OBJ 5000050c (sz=32, trace=300082, class=java.util.HashMap$Node@500000b1)
	key		50000503
	value		50000507
OBJ 5000050d (sz=16, trace=300260, class=java.io.FileInputStream$1@50000013)
OBJ 5000050e (sz=24, trace=300216, class=java.lang.String@5000016b)
ARR 5000050f (sz=96, trace=300217, nelems=0, elem type=char[])
OBJ 50000510 (sz=32, trace=300218, class=java.io.File@50000119)
ARR 50000511 (sz=96, trace=300219, nelems=0, elem type=char[])
OBJ 50000512 (sz=24, trace=300220, class=java.lang.String@5000016b)
ARR 50000513 (sz=96, trace=300221, nelems=0, elem type=char[])
OBJ 50000514 (sz=24, trace=300216, class=java.lang.String@5000016b)
ARR 50000515 (sz=96, trace=300217, nelems=0, elem type=char[])
OBJ 50000516 (sz=32, trace=300218, class=java.io.File@50000119)
ARR 50000517 (sz=96, trace=300219, nelems=0, elem type=char[])
OBJ 50000518 (sz=24, trace=300220, class=java.lang.String@5000016b)
ARR 50000519 (sz=96, trace=300221, nelems=0, elem type=char[])
OBJ 5000051a (sz=24, trace=300216, class=java.lang.String@5000016b)
ARR 5000051b (sz=96, trace=300217, nelems=0, elem type=char[])
OBJ 5000051c (sz=32, trace=300218, class=java.io.File@50000119)
ARR 5000051d (sz=96, trace=300219, nelems=0, elem type=char[])
OBJ 5000051e (sz=24, trace=300220, class=java.lang.String@5000016b)
ARR 5000051f (sz=96, trace=300221, nelems=0, elem type=char[])
OBJ 50000520 (sz=24, trace=300216, class=java.lang.String@5000016b)
ARR 50000521 (sz=96, trace=300217, nelems=0, elem type=char[])
OBJ 50000522 (sz=32, trace=300218, class=java.io.File@50000119)
ARR 50000523 (sz=96, trace=300219, nelems=0, elem type=char[])
OBJ 50000524 (sz=24, trace=300220, class=java.lang.String@5000016b)
ARR 50000525 (sz=96, trace=300221, nelems=0, elem type=char[])
OBJ 50000526 (sz=24, trace=300216, class=java.lang.String@5000016b)
ARR 50000527 (sz=96, trace=300217, nelems=0, elem type=char[])
OBJ 50000528 (sz=32, trace=300218, class=java.io.File@50000119)
ARR 50000529 (sz=96, trace=300219, nelems=0, elem type=char[])
OBJ 5000052a (sz=24, trace=300220, class=java.lang.String@5000016b)
ARR 5000052b (sz=96, trace=300221, nelems=0, elem type=char[])
OBJ 5000052c (sz=24, trace=300216, class=java.lang.String@5000016b)
ARR 5000052d (sz=96, trace=300217, nelems=0, elem type=char[])
OBJ 5000052e (sz=32, trace=300218, class=java.io.File@50000119)
ARR 5000052f (sz=96, trace=300219, nelems=0, elem type=char[])
OBJ 50000530 (sz=24, trace=300220, class=java.lang.String@5000016b)
ARR 50000531 (sz=96, trace=300221, nelems=0, elem type=char[])
OBJ 50000532 (sz=24, trace=300216, class=java.lang.String@5000016b)
ARR 50000533 (sz=88, trace=300217, nelems=0, elem type=char[])
OBJ 50000534 (sz=32, trace=300218, class=java.io.File@50000119)
ARR 50000535 (sz=88, trace=300219, nelems=0, elem type=char[])
OBJ 50000536 (sz=24, trace=300220, class=java.lang.String@5000016b)
ARR 50000537 (sz=88, trace=300221, nelems=0, elem type=char[])
OBJ 50000538 (sz=32, trace=300081, class=java.util.HashMap$Node@500000b1)
OBJ 50000539 (sz=32, trace=300223, class=java.io.File@50000119)
ARR 5000053a (sz=104, trace=300224, nelems=0, elem type=char[])
OBJ 5000053b (sz=24, trace=300225, class=java.lang.String@5000016b)
ARR 5000053c (sz=104, trace=300226, nelems=0, elem type=char[])
ARR 5000053d (sz=48, trace=300261, nelems=0, elem type=java.net.URL[]@5000000d)
OBJ 5000053e (sz=24, trace=300112, class=java.lang.String@5000016b)
	value		5000053f
ARR 5000053f (sz=74, trace=300113, nelems=37, elem type=char[])
OBJ 50000540 (sz=24, trace=300114, class=java.io.ExpiringCache$Entry@50000062)
	val		5000145b
OBJ 50000541 (sz=40, trace=300115, class=java.util.LinkedHashMap$Entry@50000061)
	key		500003c7
	value		50000540
	before		500003fc
	after		50000564
OBJ 50000542 (sz=24, trace=300116, class=java.lang.String@5000016b)
	value		50000543
ARR 50000543 (sz=74, trace=300113, nelems=37, elem type=char[])
OBJ 50000544 (sz=32, trace=300238, class=java.io.File@50000119)
OBJ 50000545 (sz=24, trace=300262, class=java.io.ExpiringCache$Entry@50000062)
	val		50000542
OBJ 50000546 (sz=40, trace=300115, class=java.util.LinkedHashMap$Entry@50000061)
	key		5000053e
	value		50000545
	before		50001d84
OBJ 50000547 (sz=32, trace=300263, class=java.io.File@50000119)
ARR 50000548 (sz=256, trace=300264, nelems=0, elem type=char[])
ARR 50000549 (sz=120, trace=300265, nelems=0, elem type=char[])
OBJ 5000054a (sz=24, trace=300266, class=java.lang.String@5000016b)
ARR 5000054b (sz=128, trace=300267, nelems=0, elem type=char[])
OBJ 5000054c (sz=24, trace=300268, class=java.lang.StringBuilder@5000011f)
ARR 5000054d (sz=48, trace=300269, nelems=0, elem type=char[])
ARR 5000054e (sz=128, trace=300011, nelems=0, elem type=char[])
OBJ 5000054f (sz=24, trace=300270, class=java.lang.String@5000016b)
	value		50000550
ARR 50000550 (sz=108, trace=300271, nelems=54, elem type=char[])
OBJ 50000551 (sz=64, trace=300272, class=java.net.URL@50000117)
	protocol	50001761
	host		500013fe
	file		5000054f
	authority	500013fe
	path		5000054f
	handler		50001760
OBJ 50000552 (sz=24, trace=300273, class=java.net.Parts@50000010)
OBJ 50000553 (sz=24, trace=300112, class=java.lang.String@5000016b)
ARR 50000554 (sz=96, trace=300113, nelems=0, elem type=char[])
OBJ 50000555 (sz=24, trace=300274, class=java.lang.String@5000016b)
ARR 50000556 (sz=32, trace=300275, nelems=0, elem type=char[])
OBJ 50000557 (sz=24, trace=300276, class=java.lang.StringBuilder@5000011f)
ARR 50000558 (sz=48, trace=300277, nelems=0, elem type=char[])
ARR 50000559 (sz=96, trace=300011, nelems=0, elem type=char[])
ARR 5000055a (sz=168, trace=300278, nelems=0, elem type=char[])
OBJ 5000055b (sz=24, trace=300279, class=java.lang.String@5000016b)
ARR 5000055c (sz=104, trace=300280, nelems=0, elem type=char[])
OBJ 5000055d (sz=24, trace=300281, class=java.lang.StringBuilder@5000011f)
ARR 5000055e (sz=48, trace=300282, nelems=0, elem type=char[])
ARR 5000055f (sz=96, trace=300011, nelems=0, elem type=char[])
ARR 50000560 (sz=168, trace=300278, nelems=0, elem type=char[])
OBJ 50000561 (sz=24, trace=300283, class=java.lang.String@5000016b)
	value		50000562
ARR 50000562 (sz=88, trace=300284, nelems=44, elem type=char[])
OBJ 50000563 (sz=24, trace=300285, class=java.io.ExpiringCache$Entry@50000062)
	val		50001459
OBJ 50000564 (sz=40, trace=300115, class=java.util.LinkedHashMap$Entry@50000061)
	key		50000561
	value		50000563
	before		50000541
	after		50000582
OBJ 50000565 (sz=32, trace=300263, class=java.io.File@50000119)
ARR 50000566 (sz=224, trace=300264, nelems=0, elem type=char[])
ARR 50000567 (sz=104, trace=300265, nelems=0, elem type=char[])
OBJ 50000568 (sz=24, trace=300266, class=java.lang.String@5000016b)
ARR 50000569 (sz=112, trace=300267, nelems=0, elem type=char[])
OBJ 5000056a (sz=24, trace=300268, class=java.lang.StringBuilder@5000011f)
ARR 5000056b (sz=48, trace=300269, nelems=0, elem type=char[])
ARR 5000056c (sz=112, trace=300011, nelems=0, elem type=char[])
OBJ 5000056d (sz=24, trace=300270, class=java.lang.String@5000016b)
	value		5000056e
ARR 5000056e (sz=94, trace=300271, nelems=47, elem type=char[])
OBJ 5000056f (sz=64, trace=300272, class=java.net.URL@50000117)
	protocol	50001761
	host		500013fe
	file		5000056d
	authority	500013fe
	path		5000056d
	handler		50001760
OBJ 50000570 (sz=24, trace=300273, class=java.net.Parts@50000010)
OBJ 50000571 (sz=24, trace=300112, class=java.lang.String@5000016b)
ARR 50000572 (sz=96, trace=300113, nelems=0, elem type=char[])
OBJ 50000573 (sz=24, trace=300274, class=java.lang.String@5000016b)
ARR 50000574 (sz=48, trace=300275, nelems=0, elem type=char[])
OBJ 50000575 (sz=24, trace=300276, class=java.lang.StringBuilder@5000011f)
ARR 50000576 (sz=48, trace=300277, nelems=0, elem type=char[])
ARR 50000577 (sz=96, trace=300011, nelems=0, elem type=char[])
ARR 50000578 (sz=168, trace=300278, nelems=0, elem type=char[])
OBJ 50000579 (sz=24, trace=300279, class=java.lang.String@5000016b)
ARR 5000057a (sz=120, trace=300280, nelems=0, elem type=char[])
OBJ 5000057b (sz=24, trace=300281, class=java.lang.StringBuilder@5000011f)
ARR 5000057c (sz=48, trace=300282, nelems=0, elem type=char[])
ARR 5000057d (sz=96, trace=300011, nelems=0, elem type=char[])
ARR 5000057e (sz=168, trace=300278, nelems=0, elem type=char[])
OBJ 5000057f (sz=24, trace=300283, class=java.lang.String@5000016b)
	value		50000580
ARR 50000580 (sz=104, trace=300284, nelems=52, elem type=char[])
OBJ 50000581 (sz=24, trace=300285, class=java.io.ExpiringCache$Entry@50000062)
	val		50001457
OBJ 50000582 (sz=40, trace=300115, class=java.util.LinkedHashMap$Entry@50000061)
	key		5000057f
	value		50000581
	before		50000564
	after		500005a0
OBJ 50000583 (sz=32, trace=300263, class=java.io.File@50000119)
ARR 50000584 (sz=256, trace=300264, nelems=0, elem type=char[])
ARR 50000585 (sz=120, trace=300265, nelems=0, elem type=char[])
OBJ 50000586 (sz=24, trace=300266, class=java.lang.String@5000016b)
ARR 50000587 (sz=128, trace=300267, nelems=0, elem type=char[])
OBJ 50000588 (sz=24, trace=300268, class=java.lang.StringBuilder@5000011f)
ARR 50000589 (sz=48, trace=300269, nelems=0, elem type=char[])
ARR 5000058a (sz=128, trace=300011, nelems=0, elem type=char[])
OBJ 5000058b (sz=24, trace=300270, class=java.lang.String@5000016b)
	value		5000058c
ARR 5000058c (sz=110, trace=300271, nelems=55, elem type=char[])
OBJ 5000058d (sz=64, trace=300272, class=java.net.URL@50000117)
	protocol	50001761
	host		500013fe
	file		5000058b
	authority	500013fe
	path		5000058b
	handler		50001760
OBJ 5000058e (sz=24, trace=300273, class=java.net.Parts@50000010)
OBJ 5000058f (sz=24, trace=300112, class=java.lang.String@5000016b)
ARR 50000590 (sz=96, trace=300113, nelems=0, elem type=char[])
OBJ 50000591 (sz=24, trace=300274, class=java.lang.String@5000016b)
ARR 50000592 (sz=32, trace=300275, nelems=0, elem type=char[])
OBJ 50000593 (sz=24, trace=300276, class=java.lang.StringBuilder@5000011f)
ARR 50000594 (sz=48, trace=300277, nelems=0, elem type=char[])
ARR 50000595 (sz=96, trace=300011, nelems=0, elem type=char[])
ARR 50000596 (sz=168, trace=300278, nelems=0, elem type=char[])
OBJ 50000597 (sz=24, trace=300279, class=java.lang.String@5000016b)
ARR 50000598 (sz=112, trace=300280, nelems=0, elem type=char[])
OBJ 50000599 (sz=24, trace=300281, class=java.lang.StringBuilder@5000011f)
ARR 5000059a (sz=48, trace=300282, nelems=0, elem type=char[])
ARR 5000059b (sz=96, trace=300011, nelems=0, elem type=char[])
ARR 5000059c (sz=168, trace=300278, nelems=0, elem type=char[])
OBJ 5000059d (sz=24, trace=300283, class=java.lang.String@5000016b)
	value		5000059e
ARR 5000059e (sz=92, trace=300284, nelems=46, elem type=char[])
OBJ 5000059f (sz=24, trace=300285, class=java.io.ExpiringCache$Entry@50000062)
	val		50001455
OBJ 500005a0 (sz=40, trace=300286, class=java.util.LinkedHashMap$Entry@50000061)
	key		5000059d
	value		5000059f
	before		50000582
	after		500005be
OBJ 500005a1 (sz=32, trace=300263, class=java.io.File@50000119)
ARR 500005a2 (sz=232, trace=300264, nelems=0, elem type=char[])
ARR 500005a3 (sz=112, trace=300265, nelems=0, elem type=char[])
OBJ 500005a4 (sz=24, trace=300266, class=java.lang.String@5000016b)
ARR 500005a5 (sz=112, trace=300267, nelems=0, elem type=char[])
OBJ 500005a6 (sz=24, trace=300268, class=java.lang.StringBuilder@5000011f)
ARR 500005a7 (sz=48, trace=300269, nelems=0, elem type=char[])
ARR 500005a8 (sz=120, trace=300011, nelems=0, elem type=char[])
OBJ 500005a9 (sz=24, trace=300270, class=java.lang.String@5000016b)
	value		500005aa
ARR 500005aa (sz=98, trace=300271, nelems=49, elem type=char[])
OBJ 500005ab (sz=64, trace=300272, class=java.net.URL@50000117)
	protocol	50001761
	host		500013fe
	file		500005a9
	authority	500013fe
	path		500005a9
	handler		50001760
OBJ 500005ac (sz=24, trace=300273, class=java.net.Parts@50000010)
OBJ 500005ad (sz=24, trace=300112, class=java.lang.String@5000016b)
ARR 500005ae (sz=96, trace=300113, nelems=0, elem type=char[])
OBJ 500005af (sz=24, trace=300274, class=java.lang.String@5000016b)
ARR 500005b0 (sz=32, trace=300275, nelems=0, elem type=char[])
OBJ 500005b1 (sz=24, trace=300276, class=java.lang.StringBuilder@5000011f)
ARR 500005b2 (sz=48, trace=300277, nelems=0, elem type=char[])
ARR 500005b3 (sz=96, trace=300011, nelems=0, elem type=char[])
ARR 500005b4 (sz=168, trace=300278, nelems=0, elem type=char[])
OBJ 500005b5 (sz=24, trace=300279, class=java.lang.String@5000016b)
ARR 500005b6 (sz=112, trace=300280, nelems=0, elem type=char[])
OBJ 500005b7 (sz=24, trace=300281, class=java.lang.StringBuilder@5000011f)
ARR 500005b8 (sz=48, trace=300282, nelems=0, elem type=char[])
ARR 500005b9 (sz=96, trace=300011, nelems=0, elem type=char[])
ARR 500005ba (sz=168, trace=300278, nelems=0, elem type=char[])
OBJ 500005bb (sz=24, trace=300283, class=java.lang.String@5000016b)
	value		500005bc
ARR 500005bc (sz=90, trace=300284, nelems=45, elem type=char[])
OBJ 500005bd (sz=24, trace=300285, class=java.io.ExpiringCache$Entry@50000062)
	val		5000144b
OBJ 500005be (sz=40, trace=300286, class=java.util.LinkedHashMap$Entry@50000061)
	key		500005bb
	value		500005bd
	next		500005fa
	before		500005a0
	after		500005dc
OBJ 500005bf (sz=32, trace=300263, class=java.io.File@50000119)
ARR 500005c0 (sz=232, trace=300264, nelems=0, elem type=char[])
ARR 500005c1 (sz=112, trace=300265, nelems=0, elem type=char[])
OBJ 500005c2 (sz=24, trace=300266, class=java.lang.String@5000016b)
ARR 500005c3 (sz=112, trace=300267, nelems=0, elem type=char[])
OBJ 500005c4 (sz=24, trace=300268, class=java.lang.StringBuilder@5000011f)
ARR 500005c5 (sz=48, trace=300269, nelems=0, elem type=char[])
ARR 500005c6 (sz=112, trace=300011, nelems=0, elem type=char[])
OBJ 500005c7 (sz=24, trace=300270, class=java.lang.String@5000016b)
	value		500005c8
ARR 500005c8 (sz=96, trace=300271, nelems=48, elem type=char[])
OBJ 500005c9 (sz=64, trace=300272, class=java.net.URL@50000117)
	protocol	50001761
	host		500013fe
	file		500005c7
	authority	500013fe
	path		500005c7
	handler		50001760
OBJ 500005ca (sz=24, trace=300273, class=java.net.Parts@50000010)
OBJ 500005cb (sz=24, trace=300112, class=java.lang.String@5000016b)
ARR 500005cc (sz=96, trace=300113, nelems=0, elem type=char[])
OBJ 500005cd (sz=24, trace=300274, class=java.lang.String@5000016b)
ARR 500005ce (sz=40, trace=300275, nelems=0, elem type=char[])
OBJ 500005cf (sz=24, trace=300276, class=java.lang.StringBuilder@5000011f)
ARR 500005d0 (sz=48, trace=300277, nelems=0, elem type=char[])
ARR 500005d1 (sz=96, trace=300011, nelems=0, elem type=char[])
ARR 500005d2 (sz=168, trace=300278, nelems=0, elem type=char[])
OBJ 500005d3 (sz=24, trace=300279, class=java.lang.String@5000016b)
ARR 500005d4 (sz=120, trace=300280, nelems=0, elem type=char[])
OBJ 500005d5 (sz=24, trace=300281, class=java.lang.StringBuilder@5000011f)
ARR 500005d6 (sz=48, trace=300282, nelems=0, elem type=char[])
ARR 500005d7 (sz=96, trace=300011, nelems=0, elem type=char[])
ARR 500005d8 (sz=168, trace=300278, nelems=0, elem type=char[])
OBJ 500005d9 (sz=24, trace=300283, class=java.lang.String@5000016b)
	value		500005da
ARR 500005da (sz=100, trace=300284, nelems=50, elem type=char[])
OBJ 500005db (sz=24, trace=300285, class=java.io.ExpiringCache$Entry@50000062)
	val		5000144f
OBJ 500005dc (sz=40, trace=300115, class=java.util.LinkedHashMap$Entry@50000061)
	key		500005d9
	value		500005db
	next		50000a1f
	before		500005be
	after		500005fa
OBJ 500005dd (sz=32, trace=300263, class=java.io.File@50000119)
ARR 500005de (sz=248, trace=300264, nelems=0, elem type=char[])
ARR 500005df (sz=120, trace=300265, nelems=0, elem type=char[])
OBJ 500005e0 (sz=24, trace=300266, class=java.lang.String@5000016b)
ARR 500005e1 (sz=120, trace=300267, nelems=0, elem type=char[])
OBJ 500005e2 (sz=24, trace=300268, class=java.lang.StringBuilder@5000011f)
ARR 500005e3 (sz=48, trace=300269, nelems=0, elem type=char[])
ARR 500005e4 (sz=128, trace=300011, nelems=0, elem type=char[])
OBJ 500005e5 (sz=24, trace=300270, class=java.lang.String@5000016b)
	value		500005e6
ARR 500005e6 (sz=106, trace=300271, nelems=53, elem type=char[])
OBJ 500005e7 (sz=64, trace=300272, class=java.net.URL@50000117)
	protocol	50001761
	host		500013fe
	file		500005e5
	authority	500013fe
	path		500005e5
	handler		50001760
OBJ 500005e8 (sz=24, trace=300273, class=java.net.Parts@50000010)
OBJ 500005e9 (sz=24, trace=300112, class=java.lang.String@5000016b)
ARR 500005ea (sz=96, trace=300113, nelems=0, elem type=char[])
OBJ 500005eb (sz=24, trace=300274, class=java.lang.String@5000016b)
ARR 500005ec (sz=32, trace=300275, nelems=0, elem type=char[])
OBJ 500005ed (sz=24, trace=300276, class=java.lang.StringBuilder@5000011f)
ARR 500005ee (sz=48, trace=300277, nelems=0, elem type=char[])
ARR 500005ef (sz=96, trace=300011, nelems=0, elem type=char[])
ARR 500005f0 (sz=168, trace=300278, nelems=0, elem type=char[])
OBJ 500005f1 (sz=24, trace=300279, class=java.lang.String@5000016b)
ARR 500005f2 (sz=112, trace=300280, nelems=0, elem type=char[])
OBJ 500005f3 (sz=24, trace=300281, class=java.lang.StringBuilder@5000011f)
ARR 500005f4 (sz=48, trace=300282, nelems=0, elem type=char[])
ARR 500005f5 (sz=96, trace=300011, nelems=0, elem type=char[])
ARR 500005f6 (sz=168, trace=300278, nelems=0, elem type=char[])
OBJ 500005f7 (sz=24, trace=300283, class=java.lang.String@5000016b)
	value		500005f8
ARR 500005f8 (sz=90, trace=300284, nelems=45, elem type=char[])
OBJ 500005f9 (sz=24, trace=300285, class=java.io.ExpiringCache$Entry@50000062)
	val		5000144d
OBJ 500005fa (sz=40, trace=300286, class=java.util.LinkedHashMap$Entry@50000061)
	key		500005f7
	value		500005f9
	before		500005dc
	after		5000060a
OBJ 500005fb (sz=32, trace=300263, class=java.io.File@50000119)
ARR 500005fc (sz=232, trace=300264, nelems=0, elem type=char[])
ARR 500005fd (sz=112, trace=300265, nelems=0, elem type=char[])
OBJ 500005fe (sz=24, trace=300266, class=java.lang.String@5000016b)
ARR 500005ff (sz=112, trace=300267, nelems=0, elem type=char[])
OBJ 50000600 (sz=24, trace=300268, class=java.lang.StringBuilder@5000011f)
ARR 50000601 (sz=48, trace=300269, nelems=0, elem type=char[])
ARR 50000602 (sz=112, trace=300011, nelems=0, elem type=char[])
OBJ 50000603 (sz=24, trace=300270, class=java.lang.String@5000016b)
	value		50000604
ARR 50000604 (sz=96, trace=300271, nelems=48, elem type=char[])
OBJ 50000605 (sz=64, trace=300272, class=java.net.URL@50000117)
	protocol	50001761
	host		500013fe
	file		50000603
	authority	500013fe
	path		50000603
	handler		50001760
OBJ 50000606 (sz=24, trace=300273, class=java.net.Parts@50000010)
OBJ 50000607 (sz=24, trace=300112, class=java.lang.String@5000016b)
ARR 50000608 (sz=88, trace=300113, nelems=0, elem type=char[])
OBJ 50000609 (sz=24, trace=300114, class=java.io.ExpiringCache$Entry@50000062)
	val		50001453
OBJ 5000060a (sz=40, trace=300286, class=java.util.LinkedHashMap$Entry@50000061)
	key		500003dc
	value		50000609
	before		500005fa
	after		50000a1f
ARR 5000060b (sz=272, trace=300287, nelems=62, elem type=java.util.HashMap$Node[]@500000b0)
	[2]		50001429
	[3]		5000142a
	[7]		5000142b
	[11]		5000142c
	[14]		50000564
	[15]		5000142d
	[17]		5000142e
	[18]		500005dc
	[19]		5000142f
	[21]		50000541
	[30]		50001430
	[32]		50001428
	[33]		50001431
	[34]		5000060a
	[39]		50001432
	[44]		50000582
	[48]		5000035b
	[49]		50001433
	[54]		50001434
	[56]		500003fc
	[61]		50001435
OBJ 5000060c (sz=24, trace=300116, class=java.lang.String@5000016b)
ARR 5000060d (sz=88, trace=300113, nelems=0, elem type=char[])
OBJ 5000060e (sz=32, trace=300238, class=java.io.File@50000119)
OBJ 5000060f (sz=32, trace=300263, class=java.io.File@50000119)
ARR 50000610 (sz=216, trace=300264, nelems=0, elem type=char[])
ARR 50000611 (sz=104, trace=300265, nelems=0, elem type=char[])
OBJ 50000612 (sz=24, trace=300266, class=java.lang.String@5000016b)
ARR 50000613 (sz=104, trace=300267, nelems=0, elem type=char[])
OBJ 50000614 (sz=24, trace=300268, class=java.lang.StringBuilder@5000011f)
ARR 50000615 (sz=48, trace=300269, nelems=0, elem type=char[])
ARR 50000616 (sz=104, trace=300011, nelems=0, elem type=char[])
OBJ 50000617 (sz=24, trace=300270, class=java.lang.String@5000016b)
	value		50000618
ARR 50000618 (sz=88, trace=300271, nelems=44, elem type=char[])
OBJ 50000619 (sz=64, trace=300272, class=java.net.URL@50000117)
	protocol	50001761
	host		500013fe
	file		50000617
	authority	500013fe
	path		50000617
	handler		50001760
OBJ 5000061a (sz=24, trace=300273, class=java.net.Parts@50000010)
OBJ 5000061b (sz=48, trace=300288, class=sun.misc.URLClassPath@50000004)
	path		5000061c
	urls		5000061d
	loaders		5000061f
	lmap		50000620
	jarHandler	50000627
OBJ 5000061c (sz=24, trace=300289, class=java.util.ArrayList@500000b9)
	elementData	50000621
OBJ 5000061d (sz=32, trace=300290, class=java.util.Stack@500000e0)
	elementData	5000061e
ARR 5000061e (sz=56, trace=300291, nelems=0, elem type=java.lang.Object[]@50000106)
OBJ 5000061f (sz=24, trace=300292, class=java.util.ArrayList@500000b9)
	elementData	5000066e
OBJ 50000620 (sz=48, trace=300293, class=java.util.HashMap@500000b2)
	table		5000066f
ARR 50000621 (sz=56, trace=300246, nelems=8, elem type=java.lang.Object[]@50000106)
	[0]		50000551
	[1]		5000056f
	[2]		5000058d
	[3]		500005ab
	[4]		500005c9
	[5]		500005e7
	[6]		50000605
	[7]		50000619
OBJ 50000622 (sz=24, trace=300294, class=java.lang.StringBuilder@5000011f)
ARR 50000623 (sz=48, trace=300295, nelems=0, elem type=char[])
ARR 50000624 (sz=88, trace=300011, nelems=0, elem type=char[])
OBJ 50000625 (sz=24, trace=300296, class=java.lang.String@5000016b)
ARR 50000626 (sz=80, trace=300297, nelems=0, elem type=char[])
OBJ 50000627 (sz=16, trace=300298, class=sun.net.www.protocol.jar.Handler@50000003)
OBJ 50000629 (sz=40, trace=300300, class=sun.misc.URLClassPath$2@50000628)
OBJ 5000062b (sz=16, trace=300302, class=java.lang.ClassLoader$2@5000062a)
OBJ 5000062d (sz=40, trace=300304, class=sun.misc.URLClassPath$1@5000062c)
OBJ 5000062f (sz=24, trace=300306, class=java.net.URLClassLoader$3@5000062e)
OBJ 50000631 (sz=24, trace=300308, class=sun.misc.CompoundEnumeration@50000630)
OBJ 50000633 (sz=24, trace=300310, class=java.lang.StringBuilder@5000011f)
ARR 50000634 (sz=48, trace=300311, nelems=0, elem type=char[])
ARR 50000635 (sz=144, trace=300011, nelems=0, elem type=char[])
OBJ 50000636 (sz=24, trace=300312, class=java.lang.String@5000016b)
	value		50000637
ARR 50000637 (sz=122, trace=300313, nelems=61, elem type=char[])
OBJ 50000639 (sz=24, trace=300315, class=sun.misc.URLClassPath$3@50000638)
OBJ 50000640 (sz=16, trace=300319, class=java.util.zip.ZipFile$1@5000063f)
OBJ 50000641 (sz=24, trace=300320, class=java.lang.StringBuilder@5000011f)
ARR 50000642 (sz=48, trace=300321, nelems=0, elem type=char[])
OBJ 50000643 (sz=24, trace=300322, class=java.lang.StringBuffer@50000120)
ARR 50000644 (sz=136, trace=300323, nelems=0, elem type=char[])
ARR 50000645 (sz=136, trace=300324, nelems=0, elem type=char[])
OBJ 50000646 (sz=24, trace=300325, class=java.lang.String@5000016b)
ARR 50000647 (sz=136, trace=300011, nelems=0, elem type=char[])
ARR 50000648 (sz=256, trace=300011, nelems=0, elem type=char[])
OBJ 50000649 (sz=24, trace=300326, class=java.lang.String@5000016b)
	value		5000064a
ARR 5000064a (sz=122, trace=300327, nelems=61, elem type=char[])
OBJ 5000064b (sz=64, trace=300328, class=java.net.URL@50000117)
	protocol	5000174b
	host		500013fe
	file		50000649
	authority	500013fe
	path		50000649
	handler		50000627
OBJ 5000064c (sz=24, trace=300329, class=java.net.Parts@50000010)
OBJ 5000064d (sz=48, trace=300330, class=sun.misc.URLClassPath$JarLoader@5000063b)
	base		5000064b
	csu		50000551
	metaIndex	500004ad
	handler		50000627
	lmap		50000620
OBJ 5000064e (sz=24, trace=300331, class=java.lang.StringBuilder@5000011f)
ARR 5000064f (sz=128, trace=300332, nelems=0, elem type=char[])
ARR 50000650 (sz=72, trace=300333, nelems=0, elem type=byte[])
OBJ 50000651 (sz=48, trace=300234, class=java.nio.HeapByteBuffer@50000076)
ARR 50000652 (sz=128, trace=300334, nelems=0, elem type=char[])
OBJ 50000653 (sz=48, trace=300335, class=java.nio.HeapCharBuffer@50000035)
OBJ 50000657 (sz=24, trace=300338, class=sun.nio.cs.ThreadLocalCoders$1@50000656)
	cache		50000658
OBJ 50000658 (sz=16, trace=300339, class=java.lang.ThreadLocal@5000008a)
OBJ 5000065a (sz=24, trace=300341, class=sun.nio.cs.ThreadLocalCoders$2@50000659)
	cache		5000065b
OBJ 5000065b (sz=16, trace=300342, class=java.lang.ThreadLocal@5000008a)
OBJ 5000065c (sz=32, trace=300147, class=java.lang.ThreadLocal$ThreadLocalMap$Entry@5000037e)
ARR 5000065d (sz=32, trace=300343, nelems=0, elem type=java.lang.Object[]@50000106)
OBJ 5000065f (sz=40, trace=300345, class=sun.nio.cs.UTF_8$Decoder@5000065e)
OBJ 50000660 (sz=24, trace=300346, class=java.lang.String@5000016b)
ARR 50000661 (sz=24, trace=300347, nelems=0, elem type=char[])
OBJ 50000662 (sz=24, trace=300348, class=java.lang.String@5000016b)
ARR 50000663 (sz=24, trace=300349, nelems=0, elem type=char[])
OBJ 50000664 (sz=24, trace=300350, class=java.lang.String@5000016b)
ARR 50000665 (sz=120, trace=300351, nelems=0, elem type=char[])
OBJ 50000666 (sz=32, trace=300352, class=java.io.File@50000119)
OBJ 50000667 (sz=24, trace=300353, class=java.lang.StringBuffer@50000120)
ARR 50000668 (sz=120, trace=300354, nelems=0, elem type=char[])
ARR 50000669 (sz=120, trace=300355, nelems=0, elem type=char[])
OBJ 5000066a (sz=24, trace=300356, class=java.lang.String@5000016b)
ARR 5000066b (sz=120, trace=300219, nelems=0, elem type=char[])
OBJ 5000066c (sz=24, trace=300220, class=java.lang.String@5000016b)
ARR 5000066d (sz=120, trace=300221, nelems=0, elem type=char[])
ARR 5000066e (sz=56, trace=300246, nelems=6, elem type=java.lang.Object[]@50000106)
	[0]		5000064d
	[1]		50000683
	[2]		500006ef
	[3]		50000717
	[4]		5000073f
	[5]		50000767
ARR 5000066f (sz=80, trace=300357, nelems=14, elem type=java.util.HashMap$Node[]@500000b0)
	[1]		50000754
	[3]		50000670
	[4]		50000704
	[8]		50000698
	[13]		5000072c
OBJ 50000670 (sz=32, trace=300081, class=java.util.HashMap$Node@500000b1)
	key		50000636
	value		5000064d
OBJ 50000671 (sz=24, trace=300310, class=java.lang.StringBuilder@5000011f)
ARR 50000672 (sz=48, trace=300311, nelems=0, elem type=char[])
ARR 50000673 (sz=128, trace=300011, nelems=0, elem type=char[])
OBJ 50000674 (sz=24, trace=300312, class=java.lang.String@5000016b)
	value		50000675
ARR 50000675 (sz=108, trace=300313, nelems=54, elem type=char[])
OBJ 50000676 (sz=24, trace=300315, class=sun.misc.URLClassPath$3@50000638)
OBJ 50000677 (sz=24, trace=300320, class=java.lang.StringBuilder@5000011f)
ARR 50000678 (sz=48, trace=300321, nelems=0, elem type=char[])
OBJ 50000679 (sz=24, trace=300322, class=java.lang.StringBuffer@50000120)
ARR 5000067a (sz=120, trace=300323, nelems=0, elem type=char[])
ARR 5000067b (sz=120, trace=300324, nelems=0, elem type=char[])
OBJ 5000067c (sz=24, trace=300325, class=java.lang.String@5000016b)
ARR 5000067d (sz=120, trace=300011, nelems=0, elem type=char[])
ARR 5000067e (sz=232, trace=300011, nelems=0, elem type=char[])
OBJ 5000067f (sz=24, trace=300326, class=java.lang.String@5000016b)
	value		50000680
ARR 50000680 (sz=108, trace=300327, nelems=54, elem type=char[])
OBJ 50000681 (sz=64, trace=300328, class=java.net.URL@50000117)
	protocol	5000174b
	host		500013fe
	file		5000067f
	authority	500013fe
	path		5000067f
	handler		50000627
OBJ 50000682 (sz=24, trace=300329, class=java.net.Parts@50000010)
OBJ 50000683 (sz=48, trace=300330, class=sun.misc.URLClassPath$JarLoader@5000063b)
	base		50000681
	csu		5000056f
	metaIndex	50000507
	handler		50000627
	lmap		50000620
OBJ 50000684 (sz=24, trace=300331, class=java.lang.StringBuilder@5000011f)
ARR 50000685 (sz=112, trace=300332, nelems=0, elem type=char[])
ARR 50000686 (sz=64, trace=300333, nelems=0, elem type=byte[])
OBJ 50000687 (sz=48, trace=300234, class=java.nio.HeapByteBuffer@50000076)
ARR 50000688 (sz=112, trace=300334, nelems=0, elem type=char[])
OBJ 50000689 (sz=48, trace=300335, class=java.nio.HeapCharBuffer@50000035)
OBJ 5000068a (sz=24, trace=300346, class=java.lang.String@5000016b)
ARR 5000068b (sz=24, trace=300347, nelems=0, elem type=char[])
OBJ 5000068c (sz=24, trace=300348, class=java.lang.String@5000016b)
ARR 5000068d (sz=24, trace=300349, nelems=0, elem type=char[])
OBJ 5000068e (sz=24, trace=300350, class=java.lang.String@5000016b)
ARR 5000068f (sz=112, trace=300351, nelems=0, elem type=char[])
OBJ 50000690 (sz=32, trace=300352, class=java.io.File@50000119)
OBJ 50000691 (sz=24, trace=300353, class=java.lang.StringBuffer@50000120)
ARR 50000692 (sz=112, trace=300354, nelems=0, elem type=char[])
ARR 50000693 (sz=104, trace=300355, nelems=0, elem type=char[])
OBJ 50000694 (sz=24, trace=300356, class=java.lang.String@5000016b)
ARR 50000695 (sz=104, trace=300219, nelems=0, elem type=char[])
OBJ 50000696 (sz=24, trace=300220, class=java.lang.String@5000016b)
ARR 50000697 (sz=104, trace=300221, nelems=0, elem type=char[])
OBJ 50000698 (sz=32, trace=300081, class=java.util.HashMap$Node@500000b1)
	key		50000674
	value		50000683
OBJ 50000699 (sz=24, trace=300310, class=java.lang.StringBuilder@5000011f)
ARR 5000069a (sz=48, trace=300311, nelems=0, elem type=char[])
ARR 5000069b (sz=144, trace=300011, nelems=0, elem type=char[])
OBJ 5000069c (sz=24, trace=300312, class=java.lang.String@5000016b)
ARR 5000069d (sz=144, trace=300313, nelems=0, elem type=char[])
OBJ 5000069e (sz=24, trace=300315, class=sun.misc.URLClassPath$3@50000638)
OBJ 5000069f (sz=24, trace=300320, class=java.lang.StringBuilder@5000011f)
ARR 500006a0 (sz=48, trace=300321, nelems=0, elem type=char[])
OBJ 500006a1 (sz=24, trace=300322, class=java.lang.StringBuffer@50000120)
ARR 500006a2 (sz=136, trace=300323, nelems=0, elem type=char[])
ARR 500006a3 (sz=136, trace=300324, nelems=0, elem type=char[])
OBJ 500006a4 (sz=24, trace=300325, class=java.lang.String@5000016b)
ARR 500006a5 (sz=136, trace=300011, nelems=0, elem type=char[])
ARR 500006a6 (sz=264, trace=300011, nelems=0, elem type=char[])
OBJ 500006a7 (sz=24, trace=300326, class=java.lang.String@5000016b)
ARR 500006a8 (sz=144, trace=300327, nelems=0, elem type=char[])
OBJ 500006a9 (sz=64, trace=300328, class=java.net.URL@50000117)
OBJ 500006aa (sz=24, trace=300329, class=java.net.Parts@50000010)
OBJ 500006ab (sz=48, trace=300330, class=sun.misc.URLClassPath$JarLoader@5000063b)
OBJ 500006ac (sz=24, trace=300331, class=java.lang.StringBuilder@5000011f)
ARR 500006ad (sz=128, trace=300332, nelems=0, elem type=char[])
ARR 500006ae (sz=72, trace=300333, nelems=0, elem type=byte[])
OBJ 500006af (sz=48, trace=300234, class=java.nio.HeapByteBuffer@50000076)
ARR 500006b0 (sz=128, trace=300334, nelems=0, elem type=char[])
OBJ 500006b1 (sz=48, trace=300335, class=java.nio.HeapCharBuffer@50000035)
OBJ 500006b2 (sz=24, trace=300346, class=java.lang.String@5000016b)
ARR 500006b3 (sz=24, trace=300347, nelems=0, elem type=char[])
OBJ 500006b4 (sz=24, trace=300348, class=java.lang.String@5000016b)
ARR 500006b5 (sz=24, trace=300349, nelems=0, elem type=char[])
OBJ 500006b6 (sz=24, trace=300350, class=java.lang.String@5000016b)
ARR 500006b7 (sz=128, trace=300351, nelems=0, elem type=char[])
OBJ 500006b8 (sz=32, trace=300352, class=java.io.File@50000119)
OBJ 500006b9 (sz=24, trace=300353, class=java.lang.StringBuffer@50000120)
ARR 500006ba (sz=128, trace=300354, nelems=0, elem type=char[])
ARR 500006bb (sz=120, trace=300355, nelems=0, elem type=char[])
OBJ 500006bc (sz=24, trace=300356, class=java.lang.String@5000016b)
ARR 500006bd (sz=120, trace=300219, nelems=0, elem type=char[])
OBJ 500006be (sz=24, trace=300220, class=java.lang.String@5000016b)
ARR 500006bf (sz=120, trace=300221, nelems=0, elem type=char[])
OBJ 500006c1 (sz=16, trace=300359, class=sun.misc.URLClassPath$JarLoader$1@500006c0)
OBJ 500006c3 (sz=24, trace=300361, class=sun.misc.FileURLMapper@500006c2)
ARR 500006c4 (sz=128, trace=300362, nelems=0, elem type=char[])
OBJ 500006c5 (sz=24, trace=300363, class=java.lang.String@5000016b)
OBJ 500006c6 (sz=24, trace=300364, class=java.lang.StringBuilder@5000011f)
ARR 500006c7 (sz=128, trace=300365, nelems=0, elem type=char[])
ARR 500006c8 (sz=72, trace=300366, nelems=0, elem type=byte[])
OBJ 500006c9 (sz=48, trace=300234, class=java.nio.HeapByteBuffer@50000076)
ARR 500006ca (sz=128, trace=300367, nelems=0, elem type=char[])
OBJ 500006cb (sz=48, trace=300335, class=java.nio.HeapCharBuffer@50000035)
OBJ 500006cc (sz=24, trace=300346, class=java.lang.String@5000016b)
ARR 500006cd (sz=24, trace=300347, nelems=0, elem type=char[])
OBJ 500006ce (sz=24, trace=300348, class=java.lang.String@5000016b)
ARR 500006cf (sz=24, trace=300349, nelems=0, elem type=char[])
OBJ 500006d0 (sz=24, trace=300368, class=java.lang.String@5000016b)
ARR 500006d1 (sz=128, trace=300351, nelems=0, elem type=char[])
OBJ 500006d2 (sz=32, trace=300369, class=java.io.File@50000119)
OBJ 500006d3 (sz=24, trace=300370, class=java.lang.StringBuffer@50000120)
ARR 500006d4 (sz=128, trace=300371, nelems=0, elem type=char[])
ARR 500006d5 (sz=120, trace=300372, nelems=0, elem type=char[])
OBJ 500006d6 (sz=24, trace=300373, class=java.lang.String@5000016b)
OBJ 500006d9 (sz=32, trace=300375, class=java.io.FileNotFoundException@500006d8)
OBJ 500006db (sz=40, trace=300377, class=java.security.PrivilegedActionException@500006da)
OBJ 500006dc (sz=40, trace=300377, class=java.security.PrivilegedActionException@500006da)
OBJ 500006dd (sz=24, trace=300310, class=java.lang.StringBuilder@5000011f)
ARR 500006de (sz=48, trace=300311, nelems=0, elem type=char[])
ARR 500006df (sz=128, trace=300011, nelems=0, elem type=char[])
OBJ 500006e0 (sz=24, trace=300312, class=java.lang.String@5000016b)
	value		500006e1
ARR 500006e1 (sz=112, trace=300313, nelems=56, elem type=char[])
OBJ 500006e2 (sz=24, trace=300315, class=sun.misc.URLClassPath$3@50000638)
OBJ 500006e3 (sz=24, trace=300320, class=java.lang.StringBuilder@5000011f)
ARR 500006e4 (sz=48, trace=300321, nelems=0, elem type=char[])
OBJ 500006e5 (sz=24, trace=300322, class=java.lang.StringBuffer@50000120)
ARR 500006e6 (sz=128, trace=300323, nelems=0, elem type=char[])
ARR 500006e7 (sz=128, trace=300324, nelems=0, elem type=char[])
OBJ 500006e8 (sz=24, trace=300325, class=java.lang.String@5000016b)
ARR 500006e9 (sz=128, trace=300011, nelems=0, elem type=char[])
ARR 500006ea (sz=240, trace=300011, nelems=0, elem type=char[])
OBJ 500006eb (sz=24, trace=300326, class=java.lang.String@5000016b)
	value		500006ec
ARR 500006ec (sz=112, trace=300327, nelems=56, elem type=char[])
OBJ 500006ed (sz=64, trace=300328, class=java.net.URL@50000117)
	protocol	5000174b
	host		500013fe
	file		500006eb
	authority	500013fe
	path		500006eb
	handler		50000627
OBJ 500006ee (sz=24, trace=300329, class=java.net.Parts@50000010)
OBJ 500006ef (sz=48, trace=300330, class=sun.misc.URLClassPath$JarLoader@5000063b)
	base		500006ed
	csu		500005ab
	metaIndex	50000456
	handler		50000627
	lmap		50000620
OBJ 500006f0 (sz=24, trace=300331, class=java.lang.StringBuilder@5000011f)
ARR 500006f1 (sz=120, trace=300332, nelems=0, elem type=char[])
ARR 500006f2 (sz=72, trace=300333, nelems=0, elem type=byte[])
OBJ 500006f3 (sz=48, trace=300234, class=java.nio.HeapByteBuffer@50000076)
ARR 500006f4 (sz=120, trace=300334, nelems=0, elem type=char[])
OBJ 500006f5 (sz=48, trace=300335, class=java.nio.HeapCharBuffer@50000035)
OBJ 500006f6 (sz=24, trace=300346, class=java.lang.String@5000016b)
ARR 500006f7 (sz=24, trace=300347, nelems=0, elem type=char[])
OBJ 500006f8 (sz=24, trace=300348, class=java.lang.String@5000016b)
ARR 500006f9 (sz=24, trace=300349, nelems=0, elem type=char[])
OBJ 500006fa (sz=24, trace=300350, class=java.lang.String@5000016b)
ARR 500006fb (sz=112, trace=300351, nelems=0, elem type=char[])
OBJ 500006fc (sz=32, trace=300352, class=java.io.File@50000119)
OBJ 500006fd (sz=24, trace=300353, class=java.lang.StringBuffer@50000120)
ARR 500006fe (sz=112, trace=300354, nelems=0, elem type=char[])
ARR 500006ff (sz=112, trace=300355, nelems=0, elem type=char[])
OBJ 50000700 (sz=24, trace=300356, class=java.lang.String@5000016b)
ARR 50000701 (sz=112, trace=300219, nelems=0, elem type=char[])
OBJ 50000702 (sz=24, trace=300220, class=java.lang.String@5000016b)
ARR 50000703 (sz=112, trace=300221, nelems=0, elem type=char[])
OBJ 50000704 (sz=32, trace=300081, class=java.util.HashMap$Node@500000b1)
	key		500006e0
	value		500006ef
OBJ 50000705 (sz=24, trace=300310, class=java.lang.StringBuilder@5000011f)
ARR 50000706 (sz=48, trace=300311, nelems=0, elem type=char[])
ARR 50000707 (sz=128, trace=300011, nelems=0, elem type=char[])
OBJ 50000708 (sz=24, trace=300312, class=java.lang.String@5000016b)
	value		50000709
ARR 50000709 (sz=110, trace=300313, nelems=55, elem type=char[])
OBJ 5000070a (sz=24, trace=300315, class=sun.misc.URLClassPath$3@50000638)
OBJ 5000070b (sz=24, trace=300320, class=java.lang.StringBuilder@5000011f)
ARR 5000070c (sz=48, trace=300321, nelems=0, elem type=char[])
OBJ 5000070d (sz=24, trace=300322, class=java.lang.StringBuffer@50000120)
ARR 5000070e (sz=128, trace=300323, nelems=0, elem type=char[])
ARR 5000070f (sz=128, trace=300324, nelems=0, elem type=char[])
OBJ 50000710 (sz=24, trace=300325, class=java.lang.String@5000016b)
ARR 50000711 (sz=128, trace=300011, nelems=0, elem type=char[])
ARR 50000712 (sz=232, trace=300011, nelems=0, elem type=char[])
OBJ 50000713 (sz=24, trace=300326, class=java.lang.String@5000016b)
	value		50000714
ARR 50000714 (sz=110, trace=300327, nelems=55, elem type=char[])
OBJ 50000715 (sz=64, trace=300328, class=java.net.URL@50000117)
	protocol	5000174b
	host		500013fe
	file		50000713
	authority	500013fe
	path		50000713
	handler		50000627
OBJ 50000716 (sz=24, trace=300329, class=java.net.Parts@50000010)
OBJ 50000717 (sz=48, trace=300330, class=sun.misc.URLClassPath$JarLoader@5000063b)
	base		50000715
	csu		500005c9
	metaIndex	50000430
	handler		50000627
	lmap		50000620
OBJ 50000718 (sz=24, trace=300331, class=java.lang.StringBuilder@5000011f)
ARR 50000719 (sz=112, trace=300332, nelems=0, elem type=char[])
ARR 5000071a (sz=64, trace=300333, nelems=0, elem type=byte[])
OBJ 5000071b (sz=48, trace=300234, class=java.nio.HeapByteBuffer@50000076)
ARR 5000071c (sz=112, trace=300334, nelems=0, elem type=char[])
OBJ 5000071d (sz=48, trace=300335, class=java.nio.HeapCharBuffer@50000035)
OBJ 5000071e (sz=24, trace=300346, class=java.lang.String@5000016b)
ARR 5000071f (sz=24, trace=300347, nelems=0, elem type=char[])
OBJ 50000720 (sz=24, trace=300348, class=java.lang.String@5000016b)
ARR 50000721 (sz=24, trace=300349, nelems=0, elem type=char[])
OBJ 50000722 (sz=24, trace=300350, class=java.lang.String@5000016b)
ARR 50000723 (sz=112, trace=300351, nelems=0, elem type=char[])
OBJ 50000724 (sz=32, trace=300352, class=java.io.File@50000119)
OBJ 50000725 (sz=24, trace=300353, class=java.lang.StringBuffer@50000120)
ARR 50000726 (sz=112, trace=300354, nelems=0, elem type=char[])
ARR 50000727 (sz=112, trace=300355, nelems=0, elem type=char[])
OBJ 50000728 (sz=24, trace=300356, class=java.lang.String@5000016b)
ARR 50000729 (sz=112, trace=300219, nelems=0, elem type=char[])
OBJ 5000072a (sz=24, trace=300220, class=java.lang.String@5000016b)
ARR 5000072b (sz=112, trace=300221, nelems=0, elem type=char[])
OBJ 5000072c (sz=32, trace=300081, class=java.util.HashMap$Node@500000b1)
	key		50000708
	value		50000717
OBJ 5000072d (sz=24, trace=300310, class=java.lang.StringBuilder@5000011f)
ARR 5000072e (sz=48, trace=300311, nelems=0, elem type=char[])
ARR 5000072f (sz=136, trace=300011, nelems=0, elem type=char[])
OBJ 50000730 (sz=24, trace=300312, class=java.lang.String@5000016b)
	value		50000731
ARR 50000731 (sz=120, trace=300313, nelems=60, elem type=char[])
OBJ 50000732 (sz=24, trace=300315, class=sun.misc.URLClassPath$3@50000638)
OBJ 50000733 (sz=24, trace=300320, class=java.lang.StringBuilder@5000011f)
ARR 50000734 (sz=48, trace=300321, nelems=0, elem type=char[])
OBJ 50000735 (sz=24, trace=300322, class=java.lang.StringBuffer@50000120)
ARR 50000736 (sz=136, trace=300323, nelems=0, elem type=char[])
ARR 50000737 (sz=136, trace=300324, nelems=0, elem type=char[])
OBJ 50000738 (sz=24, trace=300325, class=java.lang.String@5000016b)
ARR 50000739 (sz=136, trace=300011, nelems=0, elem type=char[])
ARR 5000073a (sz=256, trace=300011, nelems=0, elem type=char[])
OBJ 5000073b (sz=24, trace=300326, class=java.lang.String@5000016b)
	value		5000073c
ARR 5000073c (sz=120, trace=300327, nelems=60, elem type=char[])
OBJ 5000073d (sz=64, trace=300328, class=java.net.URL@50000117)
	protocol	5000174b
	host		500013fe
	file		5000073b
	authority	500013fe
	path		5000073b
	handler		50000627
OBJ 5000073e (sz=24, trace=300329, class=java.net.Parts@50000010)
OBJ 5000073f (sz=48, trace=300330, class=sun.misc.URLClassPath$JarLoader@5000063b)
	base		5000073d
	csu		500005e7
	metaIndex	50000419
	handler		50000627
	lmap		50000620
OBJ 50000740 (sz=24, trace=300331, class=java.lang.StringBuilder@5000011f)
ARR 50000741 (sz=128, trace=300332, nelems=0, elem type=char[])
ARR 50000742 (sz=72, trace=300333, nelems=0, elem type=byte[])
OBJ 50000743 (sz=48, trace=300234, class=java.nio.HeapByteBuffer@50000076)
ARR 50000744 (sz=128, trace=300334, nelems=0, elem type=char[])
OBJ 50000745 (sz=48, trace=300335, class=java.nio.HeapCharBuffer@50000035)
OBJ 50000746 (sz=24, trace=300346, class=java.lang.String@5000016b)
ARR 50000747 (sz=24, trace=300347, nelems=0, elem type=char[])
OBJ 50000748 (sz=24, trace=300348, class=java.lang.String@5000016b)
ARR 50000749 (sz=24, trace=300349, nelems=0, elem type=char[])
OBJ 5000074a (sz=24, trace=300350, class=java.lang.String@5000016b)
ARR 5000074b (sz=120, trace=300351, nelems=0, elem type=char[])
OBJ 5000074c (sz=32, trace=300352, class=java.io.File@50000119)
OBJ 5000074d (sz=24, trace=300353, class=java.lang.StringBuffer@50000120)
ARR 5000074e (sz=120, trace=300354, nelems=0, elem type=char[])
ARR 5000074f (sz=120, trace=300355, nelems=0, elem type=char[])
OBJ 50000750 (sz=24, trace=300356, class=java.lang.String@5000016b)
ARR 50000751 (sz=120, trace=300219, nelems=0, elem type=char[])
OBJ 50000752 (sz=24, trace=300220, class=java.lang.String@5000016b)
ARR 50000753 (sz=120, trace=300221, nelems=0, elem type=char[])
OBJ 50000754 (sz=32, trace=300081, class=java.util.HashMap$Node@500000b1)
	key		50000730
	value		5000073f
	next		5000077c
OBJ 50000755 (sz=24, trace=300310, class=java.lang.StringBuilder@5000011f)
ARR 50000756 (sz=48, trace=300311, nelems=0, elem type=char[])
ARR 50000757 (sz=128, trace=300011, nelems=0, elem type=char[])
OBJ 50000758 (sz=24, trace=300312, class=java.lang.String@5000016b)
	value		50000759
ARR 50000759 (sz=110, trace=300313, nelems=55, elem type=char[])
OBJ 5000075a (sz=24, trace=300315, class=sun.misc.URLClassPath$3@50000638)
OBJ 5000075b (sz=24, trace=300320, class=java.lang.StringBuilder@5000011f)
ARR 5000075c (sz=48, trace=300321, nelems=0, elem type=char[])
OBJ 5000075d (sz=24, trace=300322, class=java.lang.StringBuffer@50000120)
ARR 5000075e (sz=128, trace=300323, nelems=0, elem type=char[])
ARR 5000075f (sz=128, trace=300324, nelems=0, elem type=char[])
OBJ 50000760 (sz=24, trace=300325, class=java.lang.String@5000016b)
ARR 50000761 (sz=128, trace=300011, nelems=0, elem type=char[])
ARR 50000762 (sz=232, trace=300011, nelems=0, elem type=char[])
OBJ 50000763 (sz=24, trace=300326, class=java.lang.String@5000016b)
	value		50000764
ARR 50000764 (sz=110, trace=300327, nelems=55, elem type=char[])
OBJ 50000765 (sz=64, trace=300328, class=java.net.URL@50000117)
	protocol	5000174b
	host		500013fe
	file		50000763
	authority	500013fe
	path		50000763
	handler		50000627
OBJ 50000766 (sz=24, trace=300329, class=java.net.Parts@50000010)
OBJ 50000767 (sz=48, trace=300330, class=sun.misc.URLClassPath$JarLoader@5000063b)
	base		50000765
	csu		50000605
	metaIndex	50000444
	handler		50000627
	lmap		50000620
OBJ 50000768 (sz=24, trace=300331, class=java.lang.StringBuilder@5000011f)
ARR 50000769 (sz=112, trace=300332, nelems=0, elem type=char[])
ARR 5000076a (sz=64, trace=300333, nelems=0, elem type=byte[])
OBJ 5000076b (sz=48, trace=300234, class=java.nio.HeapByteBuffer@50000076)
ARR 5000076c (sz=112, trace=300334, nelems=0, elem type=char[])
OBJ 5000076d (sz=48, trace=300335, class=java.nio.HeapCharBuffer@50000035)
OBJ 5000076e (sz=24, trace=300346, class=java.lang.String@5000016b)
ARR 5000076f (sz=24, trace=300347, nelems=0, elem type=char[])
OBJ 50000770 (sz=24, trace=300348, class=java.lang.String@5000016b)
ARR 50000771 (sz=24, trace=300349, nelems=0, elem type=char[])
OBJ 50000772 (sz=24, trace=300350, class=java.lang.String@5000016b)
ARR 50000773 (sz=112, trace=300351, nelems=0, elem type=char[])
OBJ 50000774 (sz=32, trace=300352, class=java.io.File@50000119)
OBJ 50000775 (sz=24, trace=300353, class=java.lang.StringBuffer@50000120)
ARR 50000776 (sz=112, trace=300354, nelems=0, elem type=char[])
ARR 50000777 (sz=112, trace=300355, nelems=0, elem type=char[])
OBJ 50000778 (sz=24, trace=300356, class=java.lang.String@5000016b)
ARR 50000779 (sz=112, trace=300219, nelems=0, elem type=char[])
OBJ 5000077a (sz=24, trace=300220, class=java.lang.String@5000016b)
ARR 5000077b (sz=112, trace=300221, nelems=0, elem type=char[])
OBJ 5000077c (sz=32, trace=300082, class=java.util.HashMap$Node@500000b1)
	key		50000758
	value		50000767
OBJ 5000077d (sz=24, trace=300310, class=java.lang.StringBuilder@5000011f)
ARR 5000077e (sz=48, trace=300311, nelems=0, elem type=char[])
ARR 5000077f (sz=120, trace=300011, nelems=0, elem type=char[])
OBJ 50000780 (sz=24, trace=300312, class=java.lang.String@5000016b)
ARR 50000781 (sz=120, trace=300313, nelems=0, elem type=char[])
OBJ 50000782 (sz=24, trace=300315, class=sun.misc.URLClassPath$3@50000638)
OBJ 50000783 (sz=24, trace=300320, class=java.lang.StringBuilder@5000011f)
ARR 50000784 (sz=48, trace=300321, nelems=0, elem type=char[])
OBJ 50000785 (sz=24, trace=300322, class=java.lang.StringBuffer@50000120)
ARR 50000786 (sz=120, trace=300323, nelems=0, elem type=char[])
ARR 50000787 (sz=120, trace=300324, nelems=0, elem type=char[])
OBJ 50000788 (sz=24, trace=300325, class=java.lang.String@5000016b)
ARR 50000789 (sz=120, trace=300011, nelems=0, elem type=char[])
ARR 5000078a (sz=216, trace=300011, nelems=0, elem type=char[])
OBJ 5000078b (sz=24, trace=300326, class=java.lang.String@5000016b)
ARR 5000078c (sz=120, trace=300327, nelems=0, elem type=char[])
OBJ 5000078d (sz=64, trace=300328, class=java.net.URL@50000117)
OBJ 5000078e (sz=24, trace=300329, class=java.net.Parts@50000010)
OBJ 5000078f (sz=48, trace=300330, class=sun.misc.URLClassPath$JarLoader@5000063b)
OBJ 50000790 (sz=24, trace=300331, class=java.lang.StringBuilder@5000011f)
ARR 50000791 (sz=104, trace=300332, nelems=0, elem type=char[])
ARR 50000792 (sz=64, trace=300333, nelems=0, elem type=byte[])
OBJ 50000793 (sz=48, trace=300234, class=java.nio.HeapByteBuffer@50000076)
ARR 50000794 (sz=104, trace=300334, nelems=0, elem type=char[])
OBJ 50000795 (sz=48, trace=300335, class=java.nio.HeapCharBuffer@50000035)
OBJ 50000796 (sz=24, trace=300346, class=java.lang.String@5000016b)
ARR 50000797 (sz=24, trace=300347, nelems=0, elem type=char[])
OBJ 50000798 (sz=24, trace=300348, class=java.lang.String@5000016b)
ARR 50000799 (sz=24, trace=300349, nelems=0, elem type=char[])
OBJ 5000079a (sz=24, trace=300350, class=java.lang.String@5000016b)
ARR 5000079b (sz=104, trace=300351, nelems=0, elem type=char[])
OBJ 5000079c (sz=32, trace=300352, class=java.io.File@50000119)
OBJ 5000079d (sz=24, trace=300353, class=java.lang.StringBuffer@50000120)
ARR 5000079e (sz=104, trace=300354, nelems=0, elem type=char[])
ARR 5000079f (sz=104, trace=300355, nelems=0, elem type=char[])
OBJ 500007a0 (sz=24, trace=300356, class=java.lang.String@5000016b)
ARR 500007a1 (sz=104, trace=300219, nelems=0, elem type=char[])
OBJ 500007a2 (sz=24, trace=300220, class=java.lang.String@5000016b)
ARR 500007a3 (sz=104, trace=300221, nelems=0, elem type=char[])
OBJ 500007a4 (sz=16, trace=300359, class=sun.misc.URLClassPath$JarLoader$1@500006c0)
OBJ 500007a5 (sz=24, trace=300361, class=sun.misc.FileURLMapper@500006c2)
ARR 500007a6 (sz=104, trace=300362, nelems=0, elem type=char[])
OBJ 500007a7 (sz=24, trace=300363, class=java.lang.String@5000016b)
OBJ 500007a8 (sz=24, trace=300364, class=java.lang.StringBuilder@5000011f)
ARR 500007a9 (sz=104, trace=300365, nelems=0, elem type=char[])
ARR 500007aa (sz=64, trace=300366, nelems=0, elem type=byte[])
OBJ 500007ab (sz=48, trace=300234, class=java.nio.HeapByteBuffer@50000076)
ARR 500007ac (sz=104, trace=300367, nelems=0, elem type=char[])
OBJ 500007ad (sz=48, trace=300335, class=java.nio.HeapCharBuffer@50000035)
OBJ 500007ae (sz=24, trace=300346, class=java.lang.String@5000016b)
ARR 500007af (sz=24, trace=300347, nelems=0, elem type=char[])
OBJ 500007b0 (sz=24, trace=300348, class=java.lang.String@5000016b)
ARR 500007b1 (sz=24, trace=300349, nelems=0, elem type=char[])
OBJ 500007b2 (sz=24, trace=300368, class=java.lang.String@5000016b)
ARR 500007b3 (sz=104, trace=300351, nelems=0, elem type=char[])
OBJ 500007b4 (sz=32, trace=300369, class=java.io.File@50000119)
OBJ 500007b5 (sz=24, trace=300370, class=java.lang.StringBuffer@50000120)
ARR 500007b6 (sz=104, trace=300371, nelems=0, elem type=char[])
ARR 500007b7 (sz=104, trace=300372, nelems=0, elem type=char[])
OBJ 500007b8 (sz=24, trace=300373, class=java.lang.String@5000016b)
OBJ 500007b9 (sz=32, trace=300375, class=java.io.FileNotFoundException@500006d8)
OBJ 500007ba (sz=40, trace=300377, class=java.security.PrivilegedActionException@500006da)
OBJ 500007bb (sz=40, trace=300377, class=java.security.PrivilegedActionException@500006da)
OBJ 500007bd (sz=16, trace=300379, class=java.net.URLClassLoader$3$1@500007bc)
OBJ 500007be (sz=24, trace=300310, class=java.lang.StringBuilder@5000011f)
ARR 500007bf (sz=48, trace=300311, nelems=0, elem type=char[])
ARR 500007c0 (sz=160, trace=300011, nelems=0, elem type=char[])
OBJ 500007c1 (sz=24, trace=300312, class=java.lang.String@5000016b)
	value		500007c2
ARR 500007c2 (sz=144, trace=300313, nelems=72, elem type=char[])
OBJ 500007c3 (sz=24, trace=300315, class=sun.misc.URLClassPath$3@50000638)
OBJ 500007c4 (sz=24, trace=300320, class=java.lang.StringBuilder@5000011f)
ARR 500007c5 (sz=48, trace=300321, nelems=0, elem type=char[])
OBJ 500007c6 (sz=24, trace=300322, class=java.lang.StringBuffer@50000120)
ARR 500007c7 (sz=160, trace=300323, nelems=0, elem type=char[])
ARR 500007c8 (sz=160, trace=300324, nelems=0, elem type=char[])
OBJ 500007c9 (sz=24, trace=300325, class=java.lang.String@5000016b)
ARR 500007ca (sz=160, trace=300011, nelems=0, elem type=char[])
ARR 500007cb (sz=304, trace=300011, nelems=0, elem type=char[])
OBJ 500007cc (sz=24, trace=300326, class=java.lang.String@5000016b)
	value		500007cd
ARR 500007cd (sz=144, trace=300327, nelems=72, elem type=char[])
OBJ 500007ce (sz=64, trace=300328, class=java.net.URL@50000117)
	protocol	5000174b
	host		500013fe
	file		500007cc
	authority	500013fe
	path		500007cc
	handler		50001ccb
OBJ 500007cf (sz=24, trace=300329, class=java.net.Parts@50000010)
OBJ 500007d0 (sz=48, trace=300330, class=sun.misc.URLClassPath$JarLoader@5000063b)
	base		500007ce
	csu		50001cd1
	metaIndex	50001c14
	handler		50001ccb
	lmap		50001ccc
OBJ 500007d1 (sz=24, trace=300331, class=java.lang.StringBuilder@5000011f)
ARR 500007d2 (sz=152, trace=300332, nelems=0, elem type=char[])
ARR 500007d3 (sz=88, trace=300333, nelems=0, elem type=byte[])
OBJ 500007d4 (sz=48, trace=300234, class=java.nio.HeapByteBuffer@50000076)
ARR 500007d5 (sz=152, trace=300334, nelems=0, elem type=char[])
OBJ 500007d6 (sz=48, trace=300335, class=java.nio.HeapCharBuffer@50000035)
OBJ 500007d7 (sz=24, trace=300346, class=java.lang.String@5000016b)
ARR 500007d8 (sz=24, trace=300347, nelems=0, elem type=char[])
OBJ 500007d9 (sz=24, trace=300348, class=java.lang.String@5000016b)
ARR 500007da (sz=24, trace=300349, nelems=0, elem type=char[])
OBJ 500007db (sz=24, trace=300350, class=java.lang.String@5000016b)
ARR 500007dc (sz=144, trace=300351, nelems=0, elem type=char[])
OBJ 500007dd (sz=32, trace=300352, class=java.io.File@50000119)
OBJ 500007de (sz=24, trace=300353, class=java.lang.StringBuffer@50000120)
ARR 500007df (sz=144, trace=300354, nelems=0, elem type=char[])
ARR 500007e0 (sz=144, trace=300355, nelems=0, elem type=char[])
OBJ 500007e1 (sz=24, trace=300356, class=java.lang.String@5000016b)
ARR 500007e2 (sz=144, trace=300219, nelems=0, elem type=char[])
OBJ 500007e3 (sz=24, trace=300220, class=java.lang.String@5000016b)
ARR 500007e4 (sz=144, trace=300221, nelems=0, elem type=char[])
ARR 500007e5 (sz=56, trace=300246, nelems=0, elem type=java.lang.Object[]@50000106)
ARR 500007e6 (sz=80, trace=300357, nelems=16, elem type=java.util.HashMap$Node[]@500000b0)
	[2]		50000927
	[3]		5000085f
	[4]		500007e7
	[6]		500008ff
	[7]		50000978
	[9]		5000080f
	[10]		500008af
	[11]		500008d7
	[14]		500009a0
	[15]		50000887
OBJ 500007e7 (sz=32, trace=300081, class=java.util.HashMap$Node@500000b1)
	key		500007c1
	value		500007d0
OBJ 500007e8 (sz=24, trace=300310, class=java.lang.StringBuilder@5000011f)
ARR 500007e9 (sz=48, trace=300311, nelems=0, elem type=char[])
ARR 500007ea (sz=144, trace=300011, nelems=0, elem type=char[])
OBJ 500007eb (sz=24, trace=300312, class=java.lang.String@5000016b)
	value		500007ec
ARR 500007ec (sz=128, trace=300313, nelems=64, elem type=char[])
OBJ 500007ed (sz=24, trace=300315, class=sun.misc.URLClassPath$3@50000638)
OBJ 500007ee (sz=24, trace=300320, class=java.lang.StringBuilder@5000011f)
ARR 500007ef (sz=48, trace=300321, nelems=0, elem type=char[])
OBJ 500007f0 (sz=24, trace=300322, class=java.lang.StringBuffer@50000120)
ARR 500007f1 (sz=144, trace=300323, nelems=0, elem type=char[])
ARR 500007f2 (sz=144, trace=300324, nelems=0, elem type=char[])
OBJ 500007f3 (sz=24, trace=300325, class=java.lang.String@5000016b)
ARR 500007f4 (sz=144, trace=300011, nelems=0, elem type=char[])
ARR 500007f5 (sz=272, trace=300011, nelems=0, elem type=char[])
OBJ 500007f6 (sz=24, trace=300326, class=java.lang.String@5000016b)
	value		500007f7
ARR 500007f7 (sz=128, trace=300327, nelems=64, elem type=char[])
OBJ 500007f8 (sz=64, trace=300328, class=java.net.URL@50000117)
	protocol	5000174b
	host		500013fe
	file		500007f6
	authority	500013fe
	path		500007f6
	handler		50001ccb
OBJ 500007f9 (sz=24, trace=300329, class=java.net.Parts@50000010)
OBJ 500007fa (sz=48, trace=300330, class=sun.misc.URLClassPath$JarLoader@5000063b)
	base		500007f8
	csu		50001cd2
	metaIndex	50001c0b
	handler		50001ccb
	lmap		50001ccc
OBJ 500007fb (sz=24, trace=300331, class=java.lang.StringBuilder@5000011f)
ARR 500007fc (sz=136, trace=300332, nelems=0, elem type=char[])
ARR 500007fd (sz=80, trace=300333, nelems=0, elem type=byte[])
OBJ 500007fe (sz=48, trace=300234, class=java.nio.HeapByteBuffer@50000076)
ARR 500007ff (sz=136, trace=300334, nelems=0, elem type=char[])
OBJ 50000800 (sz=48, trace=300335, class=java.nio.HeapCharBuffer@50000035)
OBJ 50000801 (sz=24, trace=300346, class=java.lang.String@5000016b)
ARR 50000802 (sz=24, trace=300347, nelems=0, elem type=char[])
OBJ 50000803 (sz=24, trace=300348, class=java.lang.String@5000016b)
ARR 50000804 (sz=24, trace=300349, nelems=0, elem type=char[])
OBJ 50000805 (sz=24, trace=300350, class=java.lang.String@5000016b)
ARR 50000806 (sz=128, trace=300351, nelems=0, elem type=char[])
OBJ 50000807 (sz=32, trace=300352, class=java.io.File@50000119)
OBJ 50000808 (sz=24, trace=300353, class=java.lang.StringBuffer@50000120)
ARR 50000809 (sz=128, trace=300354, nelems=0, elem type=char[])
ARR 5000080a (sz=128, trace=300355, nelems=0, elem type=char[])
OBJ 5000080b (sz=24, trace=300356, class=java.lang.String@5000016b)
ARR 5000080c (sz=128, trace=300219, nelems=0, elem type=char[])
OBJ 5000080d (sz=24, trace=300220, class=java.lang.String@5000016b)
ARR 5000080e (sz=128, trace=300221, nelems=0, elem type=char[])
OBJ 5000080f (sz=32, trace=300081, class=java.util.HashMap$Node@500000b1)
	key		500007eb
	value		500007fa
	next		50000837
OBJ 50000810 (sz=24, trace=300310, class=java.lang.StringBuilder@5000011f)
ARR 50000811 (sz=48, trace=300311, nelems=0, elem type=char[])
ARR 50000812 (sz=144, trace=300011, nelems=0, elem type=char[])
OBJ 50000813 (sz=24, trace=300312, class=java.lang.String@5000016b)
	value		50000814
ARR 50000814 (sz=122, trace=300313, nelems=61, elem type=char[])
OBJ 50000815 (sz=24, trace=300315, class=sun.misc.URLClassPath$3@50000638)
OBJ 50000816 (sz=24, trace=300320, class=java.lang.StringBuilder@5000011f)
ARR 50000817 (sz=48, trace=300321, nelems=0, elem type=char[])
OBJ 50000818 (sz=24, trace=300322, class=java.lang.StringBuffer@50000120)
ARR 50000819 (sz=136, trace=300323, nelems=0, elem type=char[])
ARR 5000081a (sz=136, trace=300324, nelems=0, elem type=char[])
OBJ 5000081b (sz=24, trace=300325, class=java.lang.String@5000016b)
ARR 5000081c (sz=136, trace=300011, nelems=0, elem type=char[])
ARR 5000081d (sz=256, trace=300011, nelems=0, elem type=char[])
OBJ 5000081e (sz=24, trace=300326, class=java.lang.String@5000016b)
	value		5000081f
ARR 5000081f (sz=122, trace=300327, nelems=61, elem type=char[])
OBJ 50000820 (sz=64, trace=300328, class=java.net.URL@50000117)
	protocol	5000174b
	host		500013fe
	file		5000081e
	authority	500013fe
	path		5000081e
	handler		50001ccb
OBJ 50000821 (sz=24, trace=300329, class=java.net.Parts@50000010)
OBJ 50000822 (sz=48, trace=300330, class=sun.misc.URLClassPath$JarLoader@5000063b)
	base		50000820
	csu		50001cd3
	metaIndex	50001c34
	handler		50001ccb
	lmap		50001ccc
OBJ 50000823 (sz=24, trace=300331, class=java.lang.StringBuilder@5000011f)
ARR 50000824 (sz=128, trace=300332, nelems=0, elem type=char[])
ARR 50000825 (sz=72, trace=300333, nelems=0, elem type=byte[])
OBJ 50000826 (sz=48, trace=300234, class=java.nio.HeapByteBuffer@50000076)
ARR 50000827 (sz=128, trace=300334, nelems=0, elem type=char[])
OBJ 50000828 (sz=48, trace=300335, class=java.nio.HeapCharBuffer@50000035)
OBJ 50000829 (sz=24, trace=300346, class=java.lang.String@5000016b)
ARR 5000082a (sz=24, trace=300347, nelems=0, elem type=char[])
OBJ 5000082b (sz=24, trace=300348, class=java.lang.String@5000016b)
ARR 5000082c (sz=24, trace=300349, nelems=0, elem type=char[])
OBJ 5000082d (sz=24, trace=300350, class=java.lang.String@5000016b)
ARR 5000082e (sz=120, trace=300351, nelems=0, elem type=char[])
OBJ 5000082f (sz=32, trace=300352, class=java.io.File@50000119)
OBJ 50000830 (sz=24, trace=300353, class=java.lang.StringBuffer@50000120)
ARR 50000831 (sz=120, trace=300354, nelems=0, elem type=char[])
ARR 50000832 (sz=120, trace=300355, nelems=0, elem type=char[])
OBJ 50000833 (sz=24, trace=300356, class=java.lang.String@5000016b)
ARR 50000834 (sz=120, trace=300219, nelems=0, elem type=char[])
OBJ 50000835 (sz=24, trace=300220, class=java.lang.String@5000016b)
ARR 50000836 (sz=120, trace=300221, nelems=0, elem type=char[])
OBJ 50000837 (sz=32, trace=300082, class=java.util.HashMap$Node@500000b1)
	key		50000813
	value		50000822
OBJ 50000838 (sz=24, trace=300310, class=java.lang.StringBuilder@5000011f)
ARR 50000839 (sz=48, trace=300311, nelems=0, elem type=char[])
ARR 5000083a (sz=144, trace=300011, nelems=0, elem type=char[])
OBJ 5000083b (sz=24, trace=300312, class=java.lang.String@5000016b)
	value		5000083c
ARR 5000083c (sz=126, trace=300313, nelems=63, elem type=char[])
OBJ 5000083d (sz=24, trace=300315, class=sun.misc.URLClassPath$3@50000638)
OBJ 5000083e (sz=24, trace=300320, class=java.lang.StringBuilder@5000011f)
ARR 5000083f (sz=48, trace=300321, nelems=0, elem type=char[])
OBJ 50000840 (sz=24, trace=300322, class=java.lang.StringBuffer@50000120)
ARR 50000841 (sz=144, trace=300323, nelems=0, elem type=char[])
ARR 50000842 (sz=144, trace=300324, nelems=0, elem type=char[])
OBJ 50000843 (sz=24, trace=300325, class=java.lang.String@5000016b)
ARR 50000844 (sz=144, trace=300011, nelems=0, elem type=char[])
ARR 50000845 (sz=264, trace=300011, nelems=0, elem type=char[])
OBJ 50000846 (sz=24, trace=300326, class=java.lang.String@5000016b)
	value		50000847
ARR 50000847 (sz=126, trace=300327, nelems=63, elem type=char[])
OBJ 50000848 (sz=64, trace=300328, class=java.net.URL@50000117)
	protocol	5000174b
	host		500013fe
	file		50000846
	authority	500013fe
	path		50000846
	handler		50001ccb
OBJ 50000849 (sz=24, trace=300329, class=java.net.Parts@50000010)
OBJ 5000084a (sz=48, trace=300330, class=sun.misc.URLClassPath$JarLoader@5000063b)
	base		50000848
	csu		50001cd4
	metaIndex	50001bf9
	handler		50001ccb
	lmap		50001ccc
OBJ 5000084b (sz=24, trace=300331, class=java.lang.StringBuilder@5000011f)
ARR 5000084c (sz=128, trace=300332, nelems=0, elem type=char[])
ARR 5000084d (sz=72, trace=300333, nelems=0, elem type=byte[])
OBJ 5000084e (sz=48, trace=300234, class=java.nio.HeapByteBuffer@50000076)
ARR 5000084f (sz=128, trace=300334, nelems=0, elem type=char[])
OBJ 50000850 (sz=48, trace=300335, class=java.nio.HeapCharBuffer@50000035)
OBJ 50000851 (sz=24, trace=300346, class=java.lang.String@5000016b)
ARR 50000852 (sz=24, trace=300347, nelems=0, elem type=char[])
OBJ 50000853 (sz=24, trace=300348, class=java.lang.String@5000016b)
ARR 50000854 (sz=24, trace=300349, nelems=0, elem type=char[])
OBJ 50000855 (sz=24, trace=300350, class=java.lang.String@5000016b)
ARR 50000856 (sz=128, trace=300351, nelems=0, elem type=char[])
OBJ 50000857 (sz=32, trace=300352, class=java.io.File@50000119)
OBJ 50000858 (sz=24, trace=300353, class=java.lang.StringBuffer@50000120)
ARR 50000859 (sz=128, trace=300354, nelems=0, elem type=char[])
ARR 5000085a (sz=128, trace=300355, nelems=0, elem type=char[])
OBJ 5000085b (sz=24, trace=300356, class=java.lang.String@5000016b)
ARR 5000085c (sz=128, trace=300219, nelems=0, elem type=char[])
OBJ 5000085d (sz=24, trace=300220, class=java.lang.String@5000016b)
ARR 5000085e (sz=128, trace=300221, nelems=0, elem type=char[])
OBJ 5000085f (sz=32, trace=300081, class=java.util.HashMap$Node@500000b1)
	key		5000083b
	value		5000084a
OBJ 50000860 (sz=24, trace=300310, class=java.lang.StringBuilder@5000011f)
ARR 50000861 (sz=48, trace=300311, nelems=0, elem type=char[])
ARR 50000862 (sz=144, trace=300011, nelems=0, elem type=char[])
OBJ 50000863 (sz=24, trace=300312, class=java.lang.String@5000016b)
	value		50000864
ARR 50000864 (sz=122, trace=300313, nelems=61, elem type=char[])
OBJ 50000865 (sz=24, trace=300315, class=sun.misc.URLClassPath$3@50000638)
OBJ 50000866 (sz=24, trace=300320, class=java.lang.StringBuilder@5000011f)
ARR 50000867 (sz=48, trace=300321, nelems=0, elem type=char[])
OBJ 50000868 (sz=24, trace=300322, class=java.lang.StringBuffer@50000120)
ARR 50000869 (sz=136, trace=300323, nelems=0, elem type=char[])
ARR 5000086a (sz=136, trace=300324, nelems=0, elem type=char[])
OBJ 5000086b (sz=24, trace=300325, class=java.lang.String@5000016b)
ARR 5000086c (sz=136, trace=300011, nelems=0, elem type=char[])
ARR 5000086d (sz=256, trace=300011, nelems=0, elem type=char[])
OBJ 5000086e (sz=24, trace=300326, class=java.lang.String@5000016b)
	value		5000086f
ARR 5000086f (sz=122, trace=300327, nelems=61, elem type=char[])
OBJ 50000870 (sz=64, trace=300328, class=java.net.URL@50000117)
	protocol	5000174b
	host		500013fe
	file		5000086e
	authority	500013fe
	path		5000086e
	handler		50001ccb
OBJ 50000871 (sz=24, trace=300329, class=java.net.Parts@50000010)
OBJ 50000872 (sz=48, trace=300330, class=sun.misc.URLClassPath$JarLoader@5000063b)
	base		50000870
	csu		50001cd5
	metaIndex	50001c68
	handler		50001ccb
	lmap		50001ccc
OBJ 50000873 (sz=24, trace=300331, class=java.lang.StringBuilder@5000011f)
ARR 50000874 (sz=128, trace=300332, nelems=0, elem type=char[])
ARR 50000875 (sz=72, trace=300333, nelems=0, elem type=byte[])
OBJ 50000876 (sz=48, trace=300234, class=java.nio.HeapByteBuffer@50000076)
ARR 50000877 (sz=128, trace=300334, nelems=0, elem type=char[])
OBJ 50000878 (sz=48, trace=300335, class=java.nio.HeapCharBuffer@50000035)
OBJ 50000879 (sz=24, trace=300346, class=java.lang.String@5000016b)
ARR 5000087a (sz=24, trace=300347, nelems=0, elem type=char[])
OBJ 5000087b (sz=24, trace=300348, class=java.lang.String@5000016b)
ARR 5000087c (sz=24, trace=300349, nelems=0, elem type=char[])
OBJ 5000087d (sz=24, trace=300350, class=java.lang.String@5000016b)
ARR 5000087e (sz=120, trace=300351, nelems=0, elem type=char[])
OBJ 5000087f (sz=32, trace=300352, class=java.io.File@50000119)
OBJ 50000880 (sz=24, trace=300353, class=java.lang.StringBuffer@50000120)
ARR 50000881 (sz=120, trace=300354, nelems=0, elem type=char[])
ARR 50000882 (sz=120, trace=300355, nelems=0, elem type=char[])
OBJ 50000883 (sz=24, trace=300356, class=java.lang.String@5000016b)
ARR 50000884 (sz=120, trace=300219, nelems=0, elem type=char[])
OBJ 50000885 (sz=24, trace=300220, class=java.lang.String@5000016b)
ARR 50000886 (sz=120, trace=300221, nelems=0, elem type=char[])
OBJ 50000887 (sz=32, trace=300081, class=java.util.HashMap$Node@500000b1)
	key		50000863
	value		50000872
OBJ 50000888 (sz=24, trace=300310, class=java.lang.StringBuilder@5000011f)
ARR 50000889 (sz=48, trace=300311, nelems=0, elem type=char[])
ARR 5000088a (sz=152, trace=300011, nelems=0, elem type=char[])
OBJ 5000088b (sz=24, trace=300312, class=java.lang.String@5000016b)
	value		5000088c
ARR 5000088c (sz=132, trace=300313, nelems=66, elem type=char[])
OBJ 5000088d (sz=24, trace=300315, class=sun.misc.URLClassPath$3@50000638)
OBJ 5000088e (sz=24, trace=300320, class=java.lang.StringBuilder@5000011f)
ARR 5000088f (sz=48, trace=300321, nelems=0, elem type=char[])
OBJ 50000890 (sz=24, trace=300322, class=java.lang.StringBuffer@50000120)
ARR 50000891 (sz=144, trace=300323, nelems=0, elem type=char[])
ARR 50000892 (sz=144, trace=300324, nelems=0, elem type=char[])
OBJ 50000893 (sz=24, trace=300325, class=java.lang.String@5000016b)
ARR 50000894 (sz=144, trace=300011, nelems=0, elem type=char[])
ARR 50000895 (sz=280, trace=300011, nelems=0, elem type=char[])
OBJ 50000896 (sz=24, trace=300326, class=java.lang.String@5000016b)
	value		50000897
ARR 50000897 (sz=132, trace=300327, nelems=66, elem type=char[])
OBJ 50000898 (sz=64, trace=300328, class=java.net.URL@50000117)
	protocol	5000174b
	host		500013fe
	file		50000896
	authority	500013fe
	path		50000896
	handler		50001ccb
OBJ 50000899 (sz=24, trace=300329, class=java.net.Parts@50000010)
OBJ 5000089a (sz=48, trace=300330, class=sun.misc.URLClassPath$JarLoader@5000063b)
	base		50000898
	csu		50001cd6
	metaIndex	50001c3f
	handler		50001ccb
	lmap		50001ccc
OBJ 5000089b (sz=24, trace=300331, class=java.lang.StringBuilder@5000011f)
ARR 5000089c (sz=136, trace=300332, nelems=0, elem type=char[])
ARR 5000089d (sz=80, trace=300333, nelems=0, elem type=byte[])
OBJ 5000089e (sz=48, trace=300234, class=java.nio.HeapByteBuffer@50000076)
ARR 5000089f (sz=136, trace=300334, nelems=0, elem type=char[])
OBJ 500008a0 (sz=48, trace=300335, class=java.nio.HeapCharBuffer@50000035)
OBJ 500008a1 (sz=24, trace=300346, class=java.lang.String@5000016b)
ARR 500008a2 (sz=24, trace=300347, nelems=0, elem type=char[])
OBJ 500008a3 (sz=24, trace=300348, class=java.lang.String@5000016b)
ARR 500008a4 (sz=24, trace=300349, nelems=0, elem type=char[])
OBJ 500008a5 (sz=24, trace=300350, class=java.lang.String@5000016b)
ARR 500008a6 (sz=136, trace=300351, nelems=0, elem type=char[])
OBJ 500008a7 (sz=32, trace=300352, class=java.io.File@50000119)
OBJ 500008a8 (sz=24, trace=300353, class=java.lang.StringBuffer@50000120)
ARR 500008a9 (sz=136, trace=300354, nelems=0, elem type=char[])
ARR 500008aa (sz=128, trace=300355, nelems=0, elem type=char[])
OBJ 500008ab (sz=24, trace=300356, class=java.lang.String@5000016b)
ARR 500008ac (sz=128, trace=300219, nelems=0, elem type=char[])
OBJ 500008ad (sz=24, trace=300220, class=java.lang.String@5000016b)
ARR 500008ae (sz=128, trace=300221, nelems=0, elem type=char[])
OBJ 500008af (sz=32, trace=300081, class=java.util.HashMap$Node@500000b1)
	key		5000088b
	value		5000089a
OBJ 500008b0 (sz=24, trace=300310, class=java.lang.StringBuilder@5000011f)
ARR 500008b1 (sz=48, trace=300311, nelems=0, elem type=char[])
ARR 500008b2 (sz=144, trace=300011, nelems=0, elem type=char[])
OBJ 500008b3 (sz=24, trace=300312, class=java.lang.String@5000016b)
	value		500008b4
ARR 500008b4 (sz=126, trace=300313, nelems=63, elem type=char[])
OBJ 500008b5 (sz=24, trace=300315, class=sun.misc.URLClassPath$3@50000638)
OBJ 500008b6 (sz=24, trace=300320, class=java.lang.StringBuilder@5000011f)
ARR 500008b7 (sz=48, trace=300321, nelems=0, elem type=char[])
OBJ 500008b8 (sz=24, trace=300322, class=java.lang.StringBuffer@50000120)
ARR 500008b9 (sz=144, trace=300323, nelems=0, elem type=char[])
ARR 500008ba (sz=144, trace=300324, nelems=0, elem type=char[])
OBJ 500008bb (sz=24, trace=300325, class=java.lang.String@5000016b)
ARR 500008bc (sz=144, trace=300011, nelems=0, elem type=char[])
ARR 500008bd (sz=264, trace=300011, nelems=0, elem type=char[])
OBJ 500008be (sz=24, trace=300326, class=java.lang.String@5000016b)
	value		500008bf
ARR 500008bf (sz=126, trace=300327, nelems=63, elem type=char[])
OBJ 500008c0 (sz=64, trace=300328, class=java.net.URL@50000117)
	protocol	5000174b
	host		500013fe
	file		500008be
	authority	500013fe
	path		500008be
	handler		50001ccb
OBJ 500008c1 (sz=24, trace=300329, class=java.net.Parts@50000010)
OBJ 500008c2 (sz=48, trace=300330, class=sun.misc.URLClassPath$JarLoader@5000063b)
	base		500008c0
	csu		50001cd7
	metaIndex	50001c48
	handler		50001ccb
	lmap		50001ccc
OBJ 500008c3 (sz=24, trace=300331, class=java.lang.StringBuilder@5000011f)
ARR 500008c4 (sz=128, trace=300332, nelems=0, elem type=char[])
ARR 500008c5 (sz=72, trace=300333, nelems=0, elem type=byte[])
OBJ 500008c6 (sz=48, trace=300234, class=java.nio.HeapByteBuffer@50000076)
ARR 500008c7 (sz=128, trace=300334, nelems=0, elem type=char[])
OBJ 500008c8 (sz=48, trace=300335, class=java.nio.HeapCharBuffer@50000035)
OBJ 500008c9 (sz=24, trace=300346, class=java.lang.String@5000016b)
ARR 500008ca (sz=24, trace=300347, nelems=0, elem type=char[])
OBJ 500008cb (sz=24, trace=300348, class=java.lang.String@5000016b)
ARR 500008cc (sz=24, trace=300349, nelems=0, elem type=char[])
OBJ 500008cd (sz=24, trace=300350, class=java.lang.String@5000016b)
ARR 500008ce (sz=128, trace=300351, nelems=0, elem type=char[])
OBJ 500008cf (sz=32, trace=300352, class=java.io.File@50000119)
OBJ 500008d0 (sz=24, trace=300353, class=java.lang.StringBuffer@50000120)
ARR 500008d1 (sz=128, trace=300354, nelems=0, elem type=char[])
ARR 500008d2 (sz=128, trace=300355, nelems=0, elem type=char[])
OBJ 500008d3 (sz=24, trace=300356, class=java.lang.String@5000016b)
ARR 500008d4 (sz=128, trace=300219, nelems=0, elem type=char[])
OBJ 500008d5 (sz=24, trace=300220, class=java.lang.String@5000016b)
ARR 500008d6 (sz=128, trace=300221, nelems=0, elem type=char[])
OBJ 500008d7 (sz=32, trace=300081, class=java.util.HashMap$Node@500000b1)
	key		500008b3
	value		500008c2
OBJ 500008d8 (sz=24, trace=300310, class=java.lang.StringBuilder@5000011f)
ARR 500008d9 (sz=48, trace=300311, nelems=0, elem type=char[])
ARR 500008da (sz=144, trace=300011, nelems=0, elem type=char[])
OBJ 500008db (sz=24, trace=300312, class=java.lang.String@5000016b)
	value		500008dc
ARR 500008dc (sz=122, trace=300313, nelems=61, elem type=char[])
OBJ 500008dd (sz=24, trace=300315, class=sun.misc.URLClassPath$3@50000638)
OBJ 500008de (sz=24, trace=300320, class=java.lang.StringBuilder@5000011f)
ARR 500008df (sz=48, trace=300321, nelems=0, elem type=char[])
OBJ 500008e0 (sz=24, trace=300322, class=java.lang.StringBuffer@50000120)
ARR 500008e1 (sz=136, trace=300323, nelems=0, elem type=char[])
ARR 500008e2 (sz=136, trace=300324, nelems=0, elem type=char[])
OBJ 500008e3 (sz=24, trace=300325, class=java.lang.String@5000016b)
ARR 500008e4 (sz=136, trace=300011, nelems=0, elem type=char[])
ARR 500008e5 (sz=256, trace=300011, nelems=0, elem type=char[])
OBJ 500008e6 (sz=24, trace=300326, class=java.lang.String@5000016b)
	value		500008e7
ARR 500008e7 (sz=122, trace=300327, nelems=61, elem type=char[])
OBJ 500008e8 (sz=64, trace=300328, class=java.net.URL@50000117)
	protocol	5000174b
	host		500013fe
	file		500008e6
	authority	500013fe
	path		500008e6
	handler		50001ccb
OBJ 500008e9 (sz=24, trace=300329, class=java.net.Parts@50000010)
OBJ 500008ea (sz=48, trace=300330, class=sun.misc.URLClassPath$JarLoader@5000063b)
	base		500008e8
	csu		50001cd8
	metaIndex	50001c1e
	handler		50001ccb
	lmap		50001ccc
OBJ 500008eb (sz=24, trace=300331, class=java.lang.StringBuilder@5000011f)
ARR 500008ec (sz=128, trace=300332, nelems=0, elem type=char[])
ARR 500008ed (sz=72, trace=300333, nelems=0, elem type=byte[])
OBJ 500008ee (sz=48, trace=300234, class=java.nio.HeapByteBuffer@50000076)
ARR 500008ef (sz=128, trace=300334, nelems=0, elem type=char[])
OBJ 500008f0 (sz=48, trace=300335, class=java.nio.HeapCharBuffer@50000035)
OBJ 500008f1 (sz=24, trace=300346, class=java.lang.String@5000016b)
ARR 500008f2 (sz=24, trace=300347, nelems=0, elem type=char[])
OBJ 500008f3 (sz=24, trace=300348, class=java.lang.String@5000016b)
ARR 500008f4 (sz=24, trace=300349, nelems=0, elem type=char[])
OBJ 500008f5 (sz=24, trace=300350, class=java.lang.String@5000016b)
ARR 500008f6 (sz=120, trace=300351, nelems=0, elem type=char[])
OBJ 500008f7 (sz=32, trace=300352, class=java.io.File@50000119)
OBJ 500008f8 (sz=24, trace=300353, class=java.lang.StringBuffer@50000120)
ARR 500008f9 (sz=120, trace=300354, nelems=0, elem type=char[])
ARR 500008fa (sz=120, trace=300355, nelems=0, elem type=char[])
OBJ 500008fb (sz=24, trace=300356, class=java.lang.String@5000016b)
ARR 500008fc (sz=120, trace=300219, nelems=0, elem type=char[])
OBJ 500008fd (sz=24, trace=300220, class=java.lang.String@5000016b)
ARR 500008fe (sz=120, trace=300221, nelems=0, elem type=char[])
OBJ 500008ff (sz=32, trace=300081, class=java.util.HashMap$Node@500000b1)
	key		500008db
	value		500008ea
	next		5000094f
OBJ 50000900 (sz=24, trace=300310, class=java.lang.StringBuilder@5000011f)
ARR 50000901 (sz=48, trace=300311, nelems=0, elem type=char[])
ARR 50000902 (sz=160, trace=300011, nelems=0, elem type=char[])
OBJ 50000903 (sz=24, trace=300312, class=java.lang.String@5000016b)
	value		50000904
ARR 50000904 (sz=142, trace=300313, nelems=71, elem type=char[])
OBJ 50000905 (sz=24, trace=300315, class=sun.misc.URLClassPath$3@50000638)
OBJ 50000906 (sz=24, trace=300320, class=java.lang.StringBuilder@5000011f)
ARR 50000907 (sz=48, trace=300321, nelems=0, elem type=char[])
OBJ 50000908 (sz=24, trace=300322, class=java.lang.StringBuffer@50000120)
ARR 50000909 (sz=160, trace=300323, nelems=0, elem type=char[])
ARR 5000090a (sz=160, trace=300324, nelems=0, elem type=char[])
OBJ 5000090b (sz=24, trace=300325, class=java.lang.String@5000016b)
ARR 5000090c (sz=160, trace=300011, nelems=0, elem type=char[])
ARR 5000090d (sz=296, trace=300011, nelems=0, elem type=char[])
OBJ 5000090e (sz=24, trace=300326, class=java.lang.String@5000016b)
	value		5000090f
ARR 5000090f (sz=142, trace=300327, nelems=71, elem type=char[])
OBJ 50000910 (sz=64, trace=300328, class=java.net.URL@50000117)
	protocol	5000174b
	host		500013fe
	file		5000090e
	authority	500013fe
	path		5000090e
	handler		50001ccb
OBJ 50000911 (sz=24, trace=300329, class=java.net.Parts@50000010)
OBJ 50000912 (sz=48, trace=300330, class=sun.misc.URLClassPath$JarLoader@5000063b)
	base		50000910
	csu		50001cd9
	metaIndex	50001c29
	handler		50001ccb
	lmap		50001ccc
OBJ 50000913 (sz=24, trace=300331, class=java.lang.StringBuilder@5000011f)
ARR 50000914 (sz=144, trace=300332, nelems=0, elem type=char[])
ARR 50000915 (sz=80, trace=300333, nelems=0, elem type=byte[])
OBJ 50000916 (sz=48, trace=300234, class=java.nio.HeapByteBuffer@50000076)
ARR 50000917 (sz=144, trace=300334, nelems=0, elem type=char[])
OBJ 50000918 (sz=48, trace=300335, class=java.nio.HeapCharBuffer@50000035)
OBJ 50000919 (sz=24, trace=300346, class=java.lang.String@5000016b)
ARR 5000091a (sz=24, trace=300347, nelems=0, elem type=char[])
OBJ 5000091b (sz=24, trace=300348, class=java.lang.String@5000016b)
ARR 5000091c (sz=24, trace=300349, nelems=0, elem type=char[])
OBJ 5000091d (sz=24, trace=300350, class=java.lang.String@5000016b)
ARR 5000091e (sz=144, trace=300351, nelems=0, elem type=char[])
OBJ 5000091f (sz=32, trace=300352, class=java.io.File@50000119)
OBJ 50000920 (sz=24, trace=300353, class=java.lang.StringBuffer@50000120)
ARR 50000921 (sz=144, trace=300354, nelems=0, elem type=char[])
ARR 50000922 (sz=144, trace=300355, nelems=0, elem type=char[])
OBJ 50000923 (sz=24, trace=300356, class=java.lang.String@5000016b)
ARR 50000924 (sz=144, trace=300219, nelems=0, elem type=char[])
OBJ 50000925 (sz=24, trace=300220, class=java.lang.String@5000016b)
ARR 50000926 (sz=144, trace=300221, nelems=0, elem type=char[])
OBJ 50000927 (sz=32, trace=300081, class=java.util.HashMap$Node@500000b1)
	key		50000903
	value		50000912
OBJ 50000928 (sz=24, trace=300310, class=java.lang.StringBuilder@5000011f)
ARR 50000929 (sz=48, trace=300311, nelems=0, elem type=char[])
ARR 5000092a (sz=152, trace=300011, nelems=0, elem type=char[])
OBJ 5000092b (sz=24, trace=300312, class=java.lang.String@5000016b)
	value		5000092c
ARR 5000092c (sz=130, trace=300313, nelems=65, elem type=char[])
OBJ 5000092d (sz=24, trace=300315, class=sun.misc.URLClassPath$3@50000638)
OBJ 5000092e (sz=24, trace=300320, class=java.lang.StringBuilder@5000011f)
ARR 5000092f (sz=48, trace=300321, nelems=0, elem type=char[])
OBJ 50000930 (sz=24, trace=300322, class=java.lang.StringBuffer@50000120)
ARR 50000931 (sz=144, trace=300323, nelems=0, elem type=char[])
ARR 50000932 (sz=144, trace=300324, nelems=0, elem type=char[])
OBJ 50000933 (sz=24, trace=300325, class=java.lang.String@5000016b)
ARR 50000934 (sz=144, trace=300011, nelems=0, elem type=char[])
ARR 50000935 (sz=272, trace=300011, nelems=0, elem type=char[])
OBJ 50000936 (sz=24, trace=300326, class=java.lang.String@5000016b)
	value		50000937
ARR 50000937 (sz=130, trace=300327, nelems=65, elem type=char[])
OBJ 50000938 (sz=64, trace=300328, class=java.net.URL@50000117)
	protocol	5000174b
	host		500013fe
	file		50000936
	authority	500013fe
	path		50000936
	handler		50001ccb
OBJ 50000939 (sz=24, trace=300329, class=java.net.Parts@50000010)
OBJ 5000093a (sz=48, trace=300330, class=sun.misc.URLClassPath$JarLoader@5000063b)
	base		50000938
	csu		50001cda
	metaIndex	50001c00
	handler		50001ccb
	lmap		50001ccc
OBJ 5000093b (sz=24, trace=300331, class=java.lang.StringBuilder@5000011f)
ARR 5000093c (sz=136, trace=300332, nelems=0, elem type=char[])
ARR 5000093d (sz=80, trace=300333, nelems=0, elem type=byte[])
OBJ 5000093e (sz=48, trace=300234, class=java.nio.HeapByteBuffer@50000076)
ARR 5000093f (sz=136, trace=300334, nelems=0, elem type=char[])
OBJ 50000940 (sz=48, trace=300335, class=java.nio.HeapCharBuffer@50000035)
OBJ 50000941 (sz=24, trace=300346, class=java.lang.String@5000016b)
ARR 50000942 (sz=24, trace=300347, nelems=0, elem type=char[])
OBJ 50000943 (sz=24, trace=300348, class=java.lang.String@5000016b)
ARR 50000944 (sz=24, trace=300349, nelems=0, elem type=char[])
OBJ 50000945 (sz=24, trace=300350, class=java.lang.String@5000016b)
ARR 50000946 (sz=128, trace=300351, nelems=0, elem type=char[])
OBJ 50000947 (sz=32, trace=300352, class=java.io.File@50000119)
OBJ 50000948 (sz=24, trace=300353, class=java.lang.StringBuffer@50000120)
ARR 50000949 (sz=128, trace=300354, nelems=0, elem type=char[])
ARR 5000094a (sz=128, trace=300355, nelems=0, elem type=char[])
OBJ 5000094b (sz=24, trace=300356, class=java.lang.String@5000016b)
ARR 5000094c (sz=128, trace=300219, nelems=0, elem type=char[])
OBJ 5000094d (sz=24, trace=300220, class=java.lang.String@5000016b)
ARR 5000094e (sz=128, trace=300221, nelems=0, elem type=char[])
OBJ 5000094f (sz=32, trace=300082, class=java.util.HashMap$Node@500000b1)
	key		5000092b
	value		5000093a
OBJ 50000950 (sz=24, trace=300310, class=java.lang.StringBuilder@5000011f)
ARR 50000951 (sz=48, trace=300311, nelems=0, elem type=char[])
ARR 50000952 (sz=152, trace=300011, nelems=0, elem type=char[])
OBJ 50000953 (sz=24, trace=300312, class=java.lang.String@5000016b)
	value		50000954
ARR 50000954 (sz=130, trace=300313, nelems=65, elem type=char[])
OBJ 50000955 (sz=24, trace=300315, class=sun.misc.URLClassPath$3@50000638)
OBJ 50000956 (sz=24, trace=300320, class=java.lang.StringBuilder@5000011f)
ARR 50000957 (sz=48, trace=300321, nelems=0, elem type=char[])
OBJ 50000958 (sz=24, trace=300322, class=java.lang.StringBuffer@50000120)
ARR 50000959 (sz=144, trace=300323, nelems=0, elem type=char[])
ARR 5000095a (sz=144, trace=300324, nelems=0, elem type=char[])
OBJ 5000095b (sz=24, trace=300325, class=java.lang.String@5000016b)
ARR 5000095c (sz=144, trace=300011, nelems=0, elem type=char[])
ARR 5000095d (sz=272, trace=300011, nelems=0, elem type=char[])
OBJ 5000095e (sz=24, trace=300326, class=java.lang.String@5000016b)
	value		5000095f
ARR 5000095f (sz=130, trace=300327, nelems=65, elem type=char[])
OBJ 50000960 (sz=64, trace=300328, class=java.net.URL@50000117)
	protocol	5000174b
	host		500013fe
	file		5000095e
	authority	500013fe
	path		5000095e
	handler		50001ccb
OBJ 50000961 (sz=24, trace=300329, class=java.net.Parts@50000010)
OBJ 50000962 (sz=48, trace=300330, class=sun.misc.URLClassPath$JarLoader@5000063b)
	base		50000960
	csu		50001cdb
	metaIndex	50001c53
	handler		50001ccb
	lmap		50001ccc
OBJ 50000963 (sz=24, trace=300331, class=java.lang.StringBuilder@5000011f)
ARR 50000964 (sz=136, trace=300332, nelems=0, elem type=char[])
ARR 50000965 (sz=80, trace=300333, nelems=0, elem type=byte[])
OBJ 50000966 (sz=48, trace=300234, class=java.nio.HeapByteBuffer@50000076)
ARR 50000967 (sz=136, trace=300334, nelems=0, elem type=char[])
OBJ 50000968 (sz=48, trace=300335, class=java.nio.HeapCharBuffer@50000035)
OBJ 50000969 (sz=24, trace=300346, class=java.lang.String@5000016b)
ARR 5000096a (sz=24, trace=300347, nelems=0, elem type=char[])
OBJ 5000096b (sz=24, trace=300348, class=java.lang.String@5000016b)
ARR 5000096c (sz=24, trace=300349, nelems=0, elem type=char[])
OBJ 5000096d (sz=24, trace=300350, class=java.lang.String@5000016b)
ARR 5000096e (sz=128, trace=300351, nelems=0, elem type=char[])
OBJ 5000096f (sz=32, trace=300352, class=java.io.File@50000119)
OBJ 50000970 (sz=24, trace=300353, class=java.lang.StringBuffer@50000120)
ARR 50000971 (sz=128, trace=300354, nelems=0, elem type=char[])
ARR 50000972 (sz=128, trace=300355, nelems=0, elem type=char[])
OBJ 50000973 (sz=24, trace=300356, class=java.lang.String@5000016b)
ARR 50000974 (sz=128, trace=300219, nelems=0, elem type=char[])
OBJ 50000975 (sz=24, trace=300220, class=java.lang.String@5000016b)
ARR 50000976 (sz=128, trace=300221, nelems=0, elem type=char[])
ARR 50000977 (sz=80, trace=300246, nelems=12, elem type=java.lang.Object[]@50000106)
	[0]		500007d0
	[1]		500007fa
	[2]		50000822
	[3]		5000084a
	[4]		50000872
	[5]		5000089a
	[6]		500008c2
	[7]		500008ea
	[8]		50000912
	[9]		5000093a
	[10]		50000962
	[11]		5000098b
OBJ 50000978 (sz=32, trace=300081, class=java.util.HashMap$Node@500000b1)
	key		50000953
	value		50000962
OBJ 50000979 (sz=24, trace=300310, class=java.lang.StringBuilder@5000011f)
ARR 5000097a (sz=48, trace=300311, nelems=0, elem type=char[])
ARR 5000097b (sz=144, trace=300011, nelems=0, elem type=char[])
OBJ 5000097c (sz=24, trace=300312, class=java.lang.String@5000016b)
	value		5000097d
ARR 5000097d (sz=122, trace=300313, nelems=61, elem type=char[])
OBJ 5000097e (sz=24, trace=300315, class=sun.misc.URLClassPath$3@50000638)
OBJ 5000097f (sz=24, trace=300320, class=java.lang.StringBuilder@5000011f)
ARR 50000980 (sz=48, trace=300321, nelems=0, elem type=char[])
OBJ 50000981 (sz=24, trace=300322, class=java.lang.StringBuffer@50000120)
ARR 50000982 (sz=136, trace=300323, nelems=0, elem type=char[])
ARR 50000983 (sz=136, trace=300324, nelems=0, elem type=char[])
OBJ 50000984 (sz=24, trace=300325, class=java.lang.String@5000016b)
ARR 50000985 (sz=136, trace=300011, nelems=0, elem type=char[])
ARR 50000986 (sz=256, trace=300011, nelems=0, elem type=char[])
OBJ 50000987 (sz=24, trace=300326, class=java.lang.String@5000016b)
	value		50000988
ARR 50000988 (sz=122, trace=300327, nelems=61, elem type=char[])
OBJ 50000989 (sz=64, trace=300328, class=java.net.URL@50000117)
	protocol	5000174b
	host		500013fe
	file		50000987
	authority	500013fe
	path		50000987
	handler		50001ccb
OBJ 5000098a (sz=24, trace=300329, class=java.net.Parts@50000010)
OBJ 5000098b (sz=48, trace=300330, class=sun.misc.URLClassPath$JarLoader@5000063b)
	base		50000989
	csu		50001cdc
	metaIndex	50001c5f
	handler		50001ccb
	lmap		50001ccc
OBJ 5000098c (sz=24, trace=300331, class=java.lang.StringBuilder@5000011f)
ARR 5000098d (sz=128, trace=300332, nelems=0, elem type=char[])
ARR 5000098e (sz=72, trace=300333, nelems=0, elem type=byte[])
OBJ 5000098f (sz=48, trace=300234, class=java.nio.HeapByteBuffer@50000076)
ARR 50000990 (sz=128, trace=300334, nelems=0, elem type=char[])
OBJ 50000991 (sz=48, trace=300335, class=java.nio.HeapCharBuffer@50000035)
OBJ 50000992 (sz=24, trace=300346, class=java.lang.String@5000016b)
ARR 50000993 (sz=24, trace=300347, nelems=0, elem type=char[])
OBJ 50000994 (sz=24, trace=300348, class=java.lang.String@5000016b)
ARR 50000995 (sz=24, trace=300349, nelems=0, elem type=char[])
OBJ 50000996 (sz=24, trace=300350, class=java.lang.String@5000016b)
ARR 50000997 (sz=120, trace=300351, nelems=0, elem type=char[])
OBJ 50000998 (sz=32, trace=300352, class=java.io.File@50000119)
OBJ 50000999 (sz=24, trace=300353, class=java.lang.StringBuffer@50000120)
ARR 5000099a (sz=120, trace=300354, nelems=0, elem type=char[])
ARR 5000099b (sz=120, trace=300355, nelems=0, elem type=char[])
OBJ 5000099c (sz=24, trace=300356, class=java.lang.String@5000016b)
ARR 5000099d (sz=120, trace=300219, nelems=0, elem type=char[])
OBJ 5000099e (sz=24, trace=300220, class=java.lang.String@5000016b)
ARR 5000099f (sz=120, trace=300221, nelems=0, elem type=char[])
OBJ 500009a0 (sz=32, trace=300081, class=java.util.HashMap$Node@500000b1)
	key		5000097c
	value		5000098b
OBJ 500009a3 (sz=16, trace=300382, class=java.util.ResourceBundle$RBClassLoader$1@500009a2)
OBJ 500009a4 (sz=72, trace=300383, class=java.util.ResourceBundle$RBClassLoader@500009a1)
	parent		500012fb
	package2certs	500009ae
	classes		500009a5
	defaultDomain	500009a8
	domains		500009b0
	packages	500009ab
	nativeLibraries	500009ac
	assertionLock	500009a4
OBJ 500009a5 (sz=32, trace=300290, class=java.util.Vector@500000e1)
	elementData	500009a6
ARR 500009a6 (sz=56, trace=300384, nelems=0, elem type=java.lang.Object[]@50000106)
OBJ 500009a7 (sz=32, trace=300385, class=java.security.CodeSource@50000112)
OBJ 500009a8 (sz=40, trace=300386, class=java.security.ProtectionDomain@5000015d)
	codesource	500009a7
	classloader	500009a4
	principals	500009aa
	key		500009a9
OBJ 500009a9 (sz=16, trace=300387, class=java.security.ProtectionDomain$Key@50000008)
	this$0		500009a8
ARR 500009aa (sz=16, trace=300388, nelems=0, elem type=java.security.Principal[]@50000006)
OBJ 500009ab (sz=48, trace=300389, class=java.util.HashMap@500000b2)
OBJ 500009ac (sz=32, trace=300290, class=java.util.Vector@500000e1)
	elementData	500009ad
ARR 500009ad (sz=56, trace=300390, nelems=0, elem type=java.lang.Object[]@50000106)
OBJ 500009ae (sz=48, trace=300391, class=java.util.Hashtable@50000143)
	table		500009af
ARR 500009af (sz=64, trace=300392, nelems=0, elem type=java.util.Hashtable$Entry[]@500000d2)
OBJ 500009b0 (sz=16, trace=300393, class=java.util.HashSet@50000005)
	map		500009b1
OBJ 500009b1 (sz=48, trace=300394, class=java.util.HashMap@500000b2)
ARR 500009b3 (sz=24, trace=300396, nelems=2, elem type=java.lang.String[]@500000b4)
	[0]		50002092
	[1]		50002253
OBJ 500009b5 (sz=24, trace=300398, class=java.util.Arrays$ArrayList@500009b4)
	a		500009b3
OBJ 500009b6 (sz=24, trace=300399, class=java.util.Collections$UnmodifiableRandomAccessList@500000b6)
	c		500009b5
	list		500009b5
ARR 500009b7 (sz=24, trace=300400, nelems=1, elem type=java.lang.String[]@500000b4)
	[0]		50002092
OBJ 500009b8 (sz=24, trace=300398, class=java.util.Arrays$ArrayList@500009b4)
	a		500009b7
OBJ 500009b9 (sz=24, trace=300399, class=java.util.Collections$UnmodifiableRandomAccessList@500000b6)
	c		500009b8
	list		500009b8
ARR 500009ba (sz=24, trace=300401, nelems=1, elem type=java.lang.String[]@500000b4)
	[0]		50002253
OBJ 500009bb (sz=24, trace=300398, class=java.util.Arrays$ArrayList@500009b4)
	a		500009ba
OBJ 500009bc (sz=24, trace=300399, class=java.util.Collections$UnmodifiableRandomAccessList@500000b6)
	c		500009bb
	list		500009bb
OBJ 500009bd (sz=16, trace=300402, class=java.util.ResourceBundle$Control@500009b2)
OBJ 500009bf (sz=24, trace=300404, class=java.util.ResourceBundle$Control$CandidateListCache@500009be)
	map		500009c2
	queue		500009c0
OBJ 500009c0 (sz=32, trace=300405, class=java.lang.ref.ReferenceQueue@500000da)
	lock		500009c1
OBJ 500009c1 (sz=16, trace=300406, class=java.lang.ref.ReferenceQueue$Lock@500000d8)
OBJ 500009c2 (sz=64, trace=300407, class=java.util.concurrent.ConcurrentHashMap@5000002b)
	table		500009de
OBJ 500009c4 (sz=56, trace=300409, class=java.util.ResourceBundle$CacheKey@500009c3)
OBJ 500009c7 (sz=32, trace=300411, class=java.util.ResourceBundle$LoaderReference@500009c6)
OBJ 500009cc (sz=32, trace=300413, class=java.util.LinkedList@500009cb)
	first		500009d4
	last		500009dc
OBJ 500009cd (sz=40, trace=300414, class=sun.util.locale.BaseLocale$Key@5000001a)
OBJ 500009ce (sz=40, trace=300415, class=java.lang.ref.SoftReference@5000014f)
OBJ 500009cf (sz=40, trace=300416, class=java.lang.ref.SoftReference@5000014f)
OBJ 500009d0 (sz=40, trace=300417, class=java.lang.ref.SoftReference@5000014f)
OBJ 500009d1 (sz=40, trace=300418, class=java.lang.ref.SoftReference@5000014f)
OBJ 500009d2 (sz=24, trace=300419, class=java.util.Locale$LocaleKey@50000018)
OBJ 500009d4 (sz=24, trace=300421, class=java.util.LinkedList$Node@500009d3)
	item		50001db1
	next		500009db
OBJ 500009d5 (sz=40, trace=300414, class=sun.util.locale.BaseLocale$Key@5000001a)
OBJ 500009d6 (sz=40, trace=300415, class=java.lang.ref.SoftReference@5000014f)
OBJ 500009d7 (sz=40, trace=300416, class=java.lang.ref.SoftReference@5000014f)
OBJ 500009d8 (sz=40, trace=300417, class=java.lang.ref.SoftReference@5000014f)
OBJ 500009d9 (sz=40, trace=300418, class=java.lang.ref.SoftReference@5000014f)
OBJ 500009da (sz=24, trace=300419, class=java.util.Locale$LocaleKey@50000018)
OBJ 500009db (sz=24, trace=300422, class=java.util.LinkedList$Node@500009d3)
	item		50001dc3
	next		500009dc
	prev		500009d4
OBJ 500009dc (sz=24, trace=300423, class=java.util.LinkedList$Node@500009d3)
	item		50001db2
	prev		500009db
OBJ 500009dd (sz=48, trace=300424, class=sun.util.locale.LocaleObjectCache$CacheEntry@50000019)
	referent	500009cc
	queue		500009c0
	key		50001e5f
ARR 500009de (sz=144, trace=300425, nelems=28, elem type=java.util.concurrent.ConcurrentHashMap$Node[]@50000023)
	[27]		500009df
OBJ 500009df (sz=32, trace=300426, class=java.util.concurrent.ConcurrentHashMap$Node@50000024)
	key		50001e5f
	val		500009dd
OBJ 500009e0 (sz=24, trace=300427, class=java.util.ArrayList@500000b9)
ARR 500009e1 (sz=32, trace=300428, nelems=0, elem type=java.lang.Object[]@50000106)
OBJ 500009e2 (sz=32, trace=300429, class=java.util.ResourceBundle$LoaderReference@500009c6)
OBJ 500009e3 (sz=16, trace=300430, class=java.lang.Object@5000016f)
ARR 500009e4 (sz=80, trace=300431, nelems=14, elem type=java.util.concurrent.ConcurrentHashMap$Node[]@50000023)
	[0]		500009e5
	[5]		500009fe
	[6]		50000dbb
	[9]		50000de1
	[12]		5000116a
	[13]		50001149
OBJ 500009e5 (sz=32, trace=300432, class=java.util.concurrent.ConcurrentHashMap$Node@50000024)
	key		50001607
	val		500009e3
OBJ 500009e6 (sz=16, trace=300433, class=java.lang.Object@5000016f)
ARR 500009e7 (sz=80, trace=300431, nelems=14, elem type=java.util.concurrent.ConcurrentHashMap$Node[]@50000023)
	[0]		500009e8
	[5]		50000a00
	[6]		50000dbd
	[9]		50000de3
	[12]		5000116c
	[13]		5000114b
OBJ 500009e8 (sz=32, trace=300432, class=java.util.concurrent.ConcurrentHashMap$Node@50000024)
	key		50001607
	val		500009e6
ARR 500009eb (sz=16, trace=300435, nelems=0, elem type=java.lang.Class[]@50000101)
OBJ 500009ec (sz=56, trace=300157, class=java.lang.Class$ReflectionData@500000a5)
OBJ 500009ed (sz=40, trace=300041, class=java.lang.ref.SoftReference@5000014f)
OBJ 500009ee (sz=80, trace=300158, class=java.lang.reflect.Constructor@5000013b)
OBJ 500009ef (sz=24, trace=300436, class=java.lang.Class$1@50000082)
OBJ 500009f0 (sz=24, trace=300160, class=sun.reflect.NativeConstructorAccessorImpl@50000080)
OBJ 500009f1 (sz=16, trace=300161, class=sun.reflect.DelegatingConstructorAccessorImpl@5000007f)
OBJ 500009f2 (sz=40, trace=300437, class=sun.launcher.resources.launcher@500009ea)
	locale		50001db2
	name		50001607
	cacheKey	50002091
	lookup		50000adc
OBJ 500009f3 (sz=32, trace=300429, class=java.util.ResourceBundle$LoaderReference@500009c6)
	referent	500009a4
	queue		500003ac
	cacheKey	50002091
OBJ 500009f5 (sz=48, trace=300439, class=java.util.ResourceBundle$BundleReference@500009f4)
	referent	500009f2
	queue		500003ac
	cacheKey	50002091
ARR 500009f6 (sz=272, trace=300440, nelems=64, elem type=java.util.concurrent.ConcurrentHashMap$Node[]@50000023)
	[9]		50000a6d
	[10]		50000dd1
	[11]		50001178
	[16]		50001159
	[17]		50000e11
	[36]		50000ac6
	[60]		50000df1
	[63]		500009f7
OBJ 500009f7 (sz=32, trace=300441, class=java.util.concurrent.ConcurrentHashMap$Node@50000024)
	key		50002091
	val		500009f5
OBJ 500009f8 (sz=32, trace=300429, class=java.util.ResourceBundle$LoaderReference@500009c6)
OBJ 500009f9 (sz=24, trace=300442, class=java.lang.StringBuilder@5000011f)
ARR 500009fa (sz=112, trace=300443, nelems=0, elem type=char[])
OBJ 500009fb (sz=24, trace=300444, class=java.lang.String@5000016b)
	value		500009fc
ARR 500009fc (sz=68, trace=300445, nelems=34, elem type=char[])
OBJ 500009fd (sz=16, trace=300430, class=java.lang.Object@5000016f)
OBJ 500009fe (sz=32, trace=300432, class=java.util.concurrent.ConcurrentHashMap$Node@50000024)
	key		500009fb
	val		500009fd
	next		50000a74
OBJ 500009ff (sz=16, trace=300433, class=java.lang.Object@5000016f)
OBJ 50000a00 (sz=32, trace=300432, class=java.util.concurrent.ConcurrentHashMap$Node@50000024)
	key		500009fb
	val		500009ff
	next		50000a76
OBJ 50000a02 (sz=24, trace=300447, class=java.net.URLClassLoader$1@50000a01)
ARR 50000a03 (sz=88, trace=300448, nelems=0, elem type=char[])
OBJ 50000a04 (sz=24, trace=300449, class=java.lang.String@5000016b)
ARR 50000a05 (sz=96, trace=300450, nelems=0, elem type=char[])
OBJ 50000a06 (sz=24, trace=300451, class=java.lang.String@5000016b)
OBJ 50000a07 (sz=40, trace=300452, class=java.lang.ClassNotFoundException@50000159)
OBJ 50000a08 (sz=24, trace=300453, class=java.net.URLClassLoader$1@50000a01)
ARR 50000a09 (sz=88, trace=300448, nelems=0, elem type=char[])
OBJ 50000a0a (sz=24, trace=300449, class=java.lang.String@5000016b)
ARR 50000a0b (sz=96, trace=300450, nelems=0, elem type=char[])
OBJ 50000a0c (sz=24, trace=300451, class=java.lang.String@5000016b)
OBJ 50000a0d (sz=24, trace=300310, class=java.lang.StringBuilder@5000011f)
ARR 50000a0e (sz=48, trace=300311, nelems=0, elem type=char[])
ARR 50000a0f (sz=112, trace=300011, nelems=0, elem type=char[])
OBJ 50000a10 (sz=24, trace=300312, class=java.lang.String@5000016b)
	value		50000a11
ARR 50000a11 (sz=92, trace=300313, nelems=46, elem type=char[])
OBJ 50000a12 (sz=24, trace=300315, class=sun.misc.URLClassPath$3@50000638)
OBJ 50000a14 (sz=24, trace=300455, class=sun.misc.URLClassPath$FileLoader@50000a13)
	base		50001d10
	dir		50000a23
ARR 50000a15 (sz=96, trace=300456, nelems=0, elem type=char[])
OBJ 50000a16 (sz=24, trace=300457, class=java.lang.String@5000016b)
OBJ 50000a17 (sz=32, trace=300458, class=java.io.File@50000119)
OBJ 50000a18 (sz=24, trace=300370, class=java.lang.StringBuffer@50000120)
ARR 50000a19 (sz=96, trace=300371, nelems=0, elem type=char[])
ARR 50000a1a (sz=74, trace=300372, nelems=37, elem type=char[])
OBJ 50000a1b (sz=24, trace=300373, class=java.lang.String@5000016b)
	value		50000a1a
OBJ 50000a1c (sz=24, trace=300112, class=java.lang.String@5000016b)
ARR 50000a1d (sz=64, trace=300113, nelems=0, elem type=char[])
OBJ 50000a1e (sz=24, trace=300114, class=java.io.ExpiringCache$Entry@50000062)
	val		50001451
OBJ 50000a1f (sz=40, trace=300286, class=java.util.LinkedHashMap$Entry@50000061)
	key		50000a1b
	value		50000a1e
	before		5000060a
OBJ 50000a20 (sz=24, trace=300116, class=java.lang.String@5000016b)
ARR 50000a21 (sz=64, trace=300113, nelems=0, elem type=char[])
OBJ 50000a22 (sz=32, trace=300238, class=java.io.File@50000119)
OBJ 50000a23 (sz=32, trace=300459, class=java.io.File@50000119)
	path		50001451
ARR 50000a24 (sz=56, trace=300246, nelems=1, elem type=java.lang.Object[]@50000106)
	[0]		50000a14
ARR 50000a25 (sz=80, trace=300357, nelems=9, elem type=java.util.HashMap$Node[]@500000b0)
	[8]		50000a26
OBJ 50000a26 (sz=32, trace=300081, class=java.util.HashMap$Node@500000b1)
	key		50000a10
	value		50000a14
OBJ 50000a27 (sz=64, trace=300460, class=java.net.URL@50000117)
OBJ 50000a28 (sz=24, trace=300461, class=java.lang.StringBuilder@5000011f)
ARR 50000a29 (sz=48, trace=300462, nelems=0, elem type=char[])
ARR 50000a2a (sz=96, trace=300011, nelems=0, elem type=char[])
ARR 50000a2b (sz=176, trace=300011, nelems=0, elem type=char[])
OBJ 50000a2c (sz=24, trace=300463, class=java.lang.String@5000016b)
ARR 50000a2d (sz=96, trace=300464, nelems=0, elem type=char[])
OBJ 50000a2e (sz=24, trace=300465, class=java.lang.String@5000016b)
ARR 50000a2f (sz=96, trace=300466, nelems=0, elem type=char[])
ARR 50000a30 (sz=208, trace=300467, nelems=0, elem type=char[])
ARR 50000a31 (sz=96, trace=300468, nelems=0, elem type=char[])
OBJ 50000a32 (sz=24, trace=300469, class=java.lang.String@5000016b)
ARR 50000a33 (sz=96, trace=300470, nelems=0, elem type=char[])
OBJ 50000a34 (sz=64, trace=300471, class=java.net.URL@50000117)
OBJ 50000a35 (sz=24, trace=300461, class=java.lang.StringBuilder@5000011f)
ARR 50000a36 (sz=48, trace=300462, nelems=0, elem type=char[])
ARR 50000a37 (sz=96, trace=300011, nelems=0, elem type=char[])
ARR 50000a38 (sz=176, trace=300011, nelems=0, elem type=char[])
OBJ 50000a39 (sz=24, trace=300463, class=java.lang.String@5000016b)
ARR 50000a3a (sz=176, trace=300464, nelems=0, elem type=char[])
ARR 50000a3b (sz=96, trace=300472, nelems=0, elem type=char[])
OBJ 50000a3c (sz=24, trace=300473, class=java.lang.String@5000016b)
OBJ 50000a3d (sz=32, trace=300474, class=java.io.File@50000119)
ARR 50000a3e (sz=176, trace=300475, nelems=0, elem type=char[])
OBJ 50000a3f (sz=24, trace=300476, class=java.lang.String@5000016b)
ARR 50000a40 (sz=176, trace=300226, nelems=0, elem type=char[])
OBJ 50000a41 (sz=40, trace=300452, class=java.lang.ClassNotFoundException@50000159)
OBJ 50000a42 (sz=24, trace=300442, class=java.lang.StringBuilder@5000011f)
ARR 50000a43 (sz=112, trace=300443, nelems=0, elem type=char[])
OBJ 50000a44 (sz=24, trace=300444, class=java.lang.String@5000016b)
ARR 50000a45 (sz=88, trace=300445, nelems=0, elem type=char[])
OBJ 50000a46 (sz=24, trace=300477, class=java.lang.StringBuilder@5000011f)
ARR 50000a47 (sz=112, trace=300478, nelems=0, elem type=char[])
ARR 50000a48 (sz=88, trace=300479, nelems=0, elem type=char[])
OBJ 50000a49 (sz=24, trace=300480, class=java.lang.String@5000016b)
OBJ 50000a4a (sz=24, trace=300481, class=java.lang.String@5000016b)
ARR 50000a4b (sz=112, trace=300482, nelems=0, elem type=char[])
OBJ 50000a4d (sz=32, trace=300484, class=java.util.ResourceBundle$Control$1@50000a4c)
OBJ 50000a4f (sz=24, trace=300486, class=java.net.URLClassLoader$2@50000a4e)
OBJ 50000a50 (sz=24, trace=300487, class=java.net.URLClassLoader$2@50000a4e)
OBJ 50000a51 (sz=64, trace=300488, class=java.net.URL@50000117)
OBJ 50000a52 (sz=24, trace=300461, class=java.lang.StringBuilder@5000011f)
ARR 50000a53 (sz=48, trace=300462, nelems=0, elem type=char[])
ARR 50000a54 (sz=96, trace=300011, nelems=0, elem type=char[])
ARR 50000a55 (sz=176, trace=300011, nelems=0, elem type=char[])
OBJ 50000a56 (sz=24, trace=300463, class=java.lang.String@5000016b)
ARR 50000a57 (sz=96, trace=300464, nelems=0, elem type=char[])
OBJ 50000a58 (sz=24, trace=300465, class=java.lang.String@5000016b)
ARR 50000a59 (sz=96, trace=300466, nelems=0, elem type=char[])
ARR 50000a5a (sz=232, trace=300489, nelems=0, elem type=char[])
ARR 50000a5b (sz=112, trace=300490, nelems=0, elem type=char[])
OBJ 50000a5c (sz=24, trace=300491, class=java.lang.String@5000016b)
ARR 50000a5d (sz=112, trace=300470, nelems=0, elem type=char[])
OBJ 50000a5e (sz=64, trace=300492, class=java.net.URL@50000117)
OBJ 50000a5f (sz=24, trace=300461, class=java.lang.StringBuilder@5000011f)
ARR 50000a60 (sz=48, trace=300462, nelems=0, elem type=char[])
ARR 50000a61 (sz=96, trace=300011, nelems=0, elem type=char[])
ARR 50000a62 (sz=184, trace=300011, nelems=0, elem type=char[])
OBJ 50000a63 (sz=24, trace=300463, class=java.lang.String@5000016b)
ARR 50000a64 (sz=184, trace=300464, nelems=0, elem type=char[])
ARR 50000a65 (sz=112, trace=300493, nelems=0, elem type=char[])
OBJ 50000a66 (sz=24, trace=300494, class=java.lang.String@5000016b)
OBJ 50000a67 (sz=32, trace=300495, class=java.io.File@50000119)
ARR 50000a68 (sz=184, trace=300496, nelems=0, elem type=char[])
OBJ 50000a69 (sz=24, trace=300476, class=java.lang.String@5000016b)
ARR 50000a6a (sz=184, trace=300226, nelems=0, elem type=char[])
OBJ 50000a6b (sz=32, trace=300429, class=java.util.ResourceBundle$LoaderReference@500009c6)
	referent	500009a4
	queue		500003ac
	cacheKey	5000224e
OBJ 50000a6c (sz=48, trace=300439, class=java.util.ResourceBundle$BundleReference@500009f4)
	referent	500003aa
	queue		500003ac
	cacheKey	5000224e
OBJ 50000a6d (sz=32, trace=300441, class=java.util.concurrent.ConcurrentHashMap$Node@50000024)
	key		5000224e
	val		50000a6c
OBJ 50000a6e (sz=32, trace=300429, class=java.util.ResourceBundle$LoaderReference@500009c6)
OBJ 50000a6f (sz=24, trace=300442, class=java.lang.StringBuilder@5000011f)
ARR 50000a70 (sz=112, trace=300443, nelems=0, elem type=char[])
OBJ 50000a71 (sz=24, trace=300444, class=java.lang.String@5000016b)
	value		50000a72
ARR 50000a72 (sz=74, trace=300445, nelems=37, elem type=char[])
OBJ 50000a73 (sz=16, trace=300430, class=java.lang.Object@5000016f)
OBJ 50000a74 (sz=32, trace=300497, class=java.util.concurrent.ConcurrentHashMap$Node@50000024)
	key		50000a71
	val		50000a73
OBJ 50000a75 (sz=16, trace=300433, class=java.lang.Object@5000016f)
OBJ 50000a76 (sz=32, trace=300497, class=java.util.concurrent.ConcurrentHashMap$Node@50000024)
	key		50000a71
	val		50000a75
OBJ 50000a77 (sz=24, trace=300447, class=java.net.URLClassLoader$1@50000a01)
ARR 50000a78 (sz=96, trace=300448, nelems=0, elem type=char[])
OBJ 50000a79 (sz=24, trace=300449, class=java.lang.String@5000016b)
ARR 50000a7a (sz=104, trace=300450, nelems=0, elem type=char[])
OBJ 50000a7b (sz=24, trace=300451, class=java.lang.String@5000016b)
OBJ 50000a7c (sz=40, trace=300452, class=java.lang.ClassNotFoundException@50000159)
OBJ 50000a7d (sz=24, trace=300453, class=java.net.URLClassLoader$1@50000a01)
ARR 50000a7e (sz=96, trace=300448, nelems=0, elem type=char[])
OBJ 50000a7f (sz=24, trace=300449, class=java.lang.String@5000016b)
ARR 50000a80 (sz=104, trace=300450, nelems=0, elem type=char[])
OBJ 50000a81 (sz=24, trace=300451, class=java.lang.String@5000016b)
OBJ 50000a82 (sz=64, trace=300460, class=java.net.URL@50000117)
OBJ 50000a83 (sz=24, trace=300461, class=java.lang.StringBuilder@5000011f)
ARR 50000a84 (sz=48, trace=300462, nelems=0, elem type=char[])
ARR 50000a85 (sz=96, trace=300011, nelems=0, elem type=char[])
ARR 50000a86 (sz=176, trace=300011, nelems=0, elem type=char[])
OBJ 50000a87 (sz=24, trace=300463, class=java.lang.String@5000016b)
ARR 50000a88 (sz=96, trace=300464, nelems=0, elem type=char[])
OBJ 50000a89 (sz=24, trace=300465, class=java.lang.String@5000016b)
ARR 50000a8a (sz=96, trace=300466, nelems=0, elem type=char[])
ARR 50000a8b (sz=224, trace=300467, nelems=0, elem type=char[])
ARR 50000a8c (sz=104, trace=300468, nelems=0, elem type=char[])
OBJ 50000a8d (sz=24, trace=300469, class=java.lang.String@5000016b)
ARR 50000a8e (sz=104, trace=300470, nelems=0, elem type=char[])
OBJ 50000a8f (sz=64, trace=300471, class=java.net.URL@50000117)
OBJ 50000a90 (sz=24, trace=300461, class=java.lang.StringBuilder@5000011f)
ARR 50000a91 (sz=48, trace=300462, nelems=0, elem type=char[])
ARR 50000a92 (sz=96, trace=300011, nelems=0, elem type=char[])
ARR 50000a93 (sz=184, trace=300011, nelems=0, elem type=char[])
OBJ 50000a94 (sz=24, trace=300463, class=java.lang.String@5000016b)
ARR 50000a95 (sz=184, trace=300464, nelems=0, elem type=char[])
ARR 50000a96 (sz=104, trace=300472, nelems=0, elem type=char[])
OBJ 50000a97 (sz=24, trace=300473, class=java.lang.String@5000016b)
OBJ 50000a98 (sz=32, trace=300474, class=java.io.File@50000119)
ARR 50000a99 (sz=184, trace=300475, nelems=0, elem type=char[])
OBJ 50000a9a (sz=24, trace=300476, class=java.lang.String@5000016b)
ARR 50000a9b (sz=184, trace=300226, nelems=0, elem type=char[])
OBJ 50000a9c (sz=40, trace=300452, class=java.lang.ClassNotFoundException@50000159)
OBJ 50000a9d (sz=24, trace=300442, class=java.lang.StringBuilder@5000011f)
ARR 50000a9e (sz=112, trace=300443, nelems=0, elem type=char[])
OBJ 50000a9f (sz=24, trace=300444, class=java.lang.String@5000016b)
ARR 50000aa0 (sz=96, trace=300445, nelems=0, elem type=char[])
OBJ 50000aa1 (sz=24, trace=300477, class=java.lang.StringBuilder@5000011f)
ARR 50000aa2 (sz=112, trace=300478, nelems=0, elem type=char[])
ARR 50000aa3 (sz=96, trace=300479, nelems=0, elem type=char[])
OBJ 50000aa4 (sz=24, trace=300480, class=java.lang.String@5000016b)
OBJ 50000aa5 (sz=24, trace=300481, class=java.lang.String@5000016b)
ARR 50000aa6 (sz=112, trace=300482, nelems=0, elem type=char[])
OBJ 50000aa7 (sz=32, trace=300484, class=java.util.ResourceBundle$Control$1@50000a4c)
OBJ 50000aa8 (sz=24, trace=300486, class=java.net.URLClassLoader$2@50000a4e)
OBJ 50000aa9 (sz=24, trace=300487, class=java.net.URLClassLoader$2@50000a4e)
OBJ 50000aaa (sz=64, trace=300488, class=java.net.URL@50000117)
OBJ 50000aab (sz=24, trace=300461, class=java.lang.StringBuilder@5000011f)
ARR 50000aac (sz=48, trace=300462, nelems=0, elem type=char[])
ARR 50000aad (sz=96, trace=300011, nelems=0, elem type=char[])
ARR 50000aae (sz=176, trace=300011, nelems=0, elem type=char[])
OBJ 50000aaf (sz=24, trace=300463, class=java.lang.String@5000016b)
ARR 50000ab0 (sz=96, trace=300464, nelems=0, elem type=char[])
OBJ 50000ab1 (sz=24, trace=300465, class=java.lang.String@5000016b)
ARR 50000ab2 (sz=96, trace=300466, nelems=0, elem type=char[])
ARR 50000ab3 (sz=240, trace=300489, nelems=0, elem type=char[])
ARR 50000ab4 (sz=112, trace=300490, nelems=0, elem type=char[])
OBJ 50000ab5 (sz=24, trace=300491, class=java.lang.String@5000016b)
ARR 50000ab6 (sz=112, trace=300470, nelems=0, elem type=char[])
OBJ 50000ab7 (sz=64, trace=300492, class=java.net.URL@50000117)
OBJ 50000ab8 (sz=24, trace=300461, class=java.lang.StringBuilder@5000011f)
ARR 50000ab9 (sz=48, trace=300462, nelems=0, elem type=char[])
ARR 50000aba (sz=96, trace=300011, nelems=0, elem type=char[])
ARR 50000abb (sz=192, trace=300011, nelems=0, elem type=char[])
OBJ 50000abc (sz=24, trace=300463, class=java.lang.String@5000016b)
ARR 50000abd (sz=192, trace=300464, nelems=0, elem type=char[])
ARR 50000abe (sz=112, trace=300493, nelems=0, elem type=char[])
OBJ 50000abf (sz=24, trace=300494, class=java.lang.String@5000016b)
OBJ 50000ac0 (sz=32, trace=300495, class=java.io.File@50000119)
ARR 50000ac1 (sz=192, trace=300496, nelems=0, elem type=char[])
OBJ 50000ac2 (sz=24, trace=300476, class=java.lang.String@5000016b)
ARR 50000ac3 (sz=192, trace=300226, nelems=0, elem type=char[])
OBJ 50000ac4 (sz=32, trace=300429, class=java.util.ResourceBundle$LoaderReference@500009c6)
	referent	500009a4
	queue		500003ac
	cacheKey	50002094
OBJ 50000ac5 (sz=48, trace=300439, class=java.util.ResourceBundle$BundleReference@500009f4)
	referent	500003aa
	queue		500003ac
	cacheKey	50002094
OBJ 50000ac6 (sz=32, trace=300441, class=java.util.concurrent.ConcurrentHashMap$Node@50000024)
	key		50002094
	val		50000ac5
ARR 50000ac8 (sz=96, trace=300498, nelems=0, elem type=java.lang.Object[][]@50000ac7)
ARR 50000ac9 (sz=24, trace=300499, nelems=0, elem type=java.lang.Object[]@50000106)
ARR 50000aca (sz=24, trace=300500, nelems=0, elem type=java.lang.Object[]@50000106)
ARR 50000acb (sz=24, trace=300501, nelems=0, elem type=java.lang.Object[]@50000106)
ARR 50000acc (sz=24, trace=300502, nelems=0, elem type=java.lang.Object[]@50000106)
ARR 50000acd (sz=24, trace=300503, nelems=0, elem type=java.lang.Object[]@50000106)
ARR 50000ace (sz=24, trace=300504, nelems=0, elem type=java.lang.Object[]@50000106)
ARR 50000acf (sz=24, trace=300505, nelems=0, elem type=java.lang.Object[]@50000106)
ARR 50000ad0 (sz=24, trace=300506, nelems=0, elem type=java.lang.Object[]@50000106)
ARR 50000ad1 (sz=24, trace=300507, nelems=0, elem type=java.lang.Object[]@50000106)
ARR 50000ad2 (sz=24, trace=300508, nelems=0, elem type=java.lang.Object[]@50000106)
ARR 50000ad3 (sz=24, trace=300509, nelems=0, elem type=java.lang.Object[]@50000106)
ARR 50000ad4 (sz=24, trace=300510, nelems=0, elem type=java.lang.Object[]@50000106)
ARR 50000ad5 (sz=24, trace=300511, nelems=0, elem type=java.lang.Object[]@50000106)
ARR 50000ad6 (sz=24, trace=300512, nelems=0, elem type=java.lang.Object[]@50000106)
ARR 50000ad7 (sz=24, trace=300513, nelems=0, elem type=java.lang.Object[]@50000106)
ARR 50000ad8 (sz=24, trace=300514, nelems=0, elem type=java.lang.Object[]@50000106)
ARR 50000ad9 (sz=24, trace=300515, nelems=0, elem type=java.lang.Object[]@50000106)
ARR 50000ada (sz=24, trace=300516, nelems=0, elem type=java.lang.Object[]@50000106)
ARR 50000adb (sz=24, trace=300517, nelems=0, elem type=java.lang.Object[]@50000106)
OBJ 50000adc (sz=48, trace=300518, class=java.util.HashMap@500000b2)
	table		50000add
ARR 50000add (sz=144, trace=300519, nelems=32, elem type=java.util.HashMap$Node[]@500000b0)
	[0]		50000ae0
	[1]		50000ae8
	[5]		50000aed
	[11]		50000adf
	[12]		50000ae5
	[13]		50000ade
	[15]		50000ae6
	[23]		50000aeb
	[25]		50000aee
	[26]		50000aec
	[28]		50000ae4
	[29]		50000ae3
	[30]		50000ae2
	[31]		50000ae1
OBJ 50000ade (sz=32, trace=300081, class=java.util.HashMap$Node@500000b1)
	key		5000227d
	value		5000227c
OBJ 50000adf (sz=32, trace=300081, class=java.util.HashMap$Node@500000b1)
	key		50002284
	value		50002283
	next		50000ae7
OBJ 50000ae0 (sz=32, trace=300081, class=java.util.HashMap$Node@500000b1)
	key		50002297
	value		50002296
	next		50000ae9
OBJ 50000ae1 (sz=32, trace=300081, class=java.util.HashMap$Node@500000b1)
	key		50002258
	value		50002257
	next		50000aea
OBJ 50000ae2 (sz=32, trace=300081, class=java.util.HashMap$Node@500000b1)
	key		50002260
	value		5000225f
OBJ 50000ae3 (sz=32, trace=300081, class=java.util.HashMap$Node@500000b1)
	key		50002264
	value		50002263
OBJ 50000ae4 (sz=32, trace=300081, class=java.util.HashMap$Node@500000b1)
	key		50002268
	value		50002267
OBJ 50000ae5 (sz=32, trace=300081, class=java.util.HashMap$Node@500000b1)
	key		5000207f
	value		50002280
OBJ 50000ae6 (sz=32, trace=300081, class=java.util.HashMap$Node@500000b1)
	key		50002279
	value		50002278
OBJ 50000ae7 (sz=32, trace=300082, class=java.util.HashMap$Node@500000b1)
	key		50002288
	value		50002287
	next		50000aef
OBJ 50000ae8 (sz=32, trace=300081, class=java.util.HashMap$Node@500000b1)
	key		50002293
	value		50002292
OBJ 50000ae9 (sz=32, trace=300082, class=java.util.HashMap$Node@500000b1)
	key		5000229b
	value		5000229a
OBJ 50000aea (sz=32, trace=300082, class=java.util.HashMap$Node@500000b1)
	key		5000225c
	value		5000225b
OBJ 50000aeb (sz=32, trace=300081, class=java.util.HashMap$Node@500000b1)
	key		50002272
	value		50002271
	next		50000af0
OBJ 50000aec (sz=32, trace=300081, class=java.util.HashMap$Node@500000b1)
	key		50002080
	value		5000226b
OBJ 50000aed (sz=32, trace=300081, class=java.util.HashMap$Node@500000b1)
	key		50002081
	value		5000228f
OBJ 50000aee (sz=32, trace=300081, class=java.util.HashMap$Node@500000b1)
	key		50002082
	value		5000226e
OBJ 50000aef (sz=32, trace=300082, class=java.util.HashMap$Node@500000b1)
	key		5000228c
	value		5000228b
OBJ 50000af0 (sz=32, trace=300082, class=java.util.HashMap$Node@500000b1)
	key		50002083
	value		50002275
ARR 50000af3 (sz=40, trace=300521, nelems=5, elem type=java.lang.String[]@500000b4)
	[0]		500013fe
	[1]		500022a4
	[2]		500022a0
	[3]		500022a6
	[4]		5000229e
ARR 50000af4 (sz=32, trace=300522, nelems=4, elem type=java.lang.String[]@500000b4)
	[0]		500013fe
	[1]		5000229f
	[2]		500022a5
	[3]		500022a2
ARR 50000af5 (sz=40, trace=300523, nelems=5, elem type=java.lang.String[]@500000b4)
	[0]		500013fe
	[1]		5000172b
	[2]		500022a3
	[3]		50001619
	[4]		500022a1
ARR 50000af6 (sz=20, trace=300524, nelems=5, elem type=int[])
OBJ 50000af7 (sz=40, trace=300525, class=java.text.MessageFormat@50000af2)
ARR 50000af9 (sz=56, trace=300526, nelems=0, elem type=java.text.Format[]@50000af8)
ARR 50000afa (sz=56, trace=300527, nelems=0, elem type=int[])
ARR 50000afb (sz=56, trace=300528, nelems=0, elem type=int[])
OBJ 50000afd (sz=40, trace=300530, class=java.util.Locale$Category@50000afc)
	name		50001f3a
	languageKey	50001f3e
	scriptKey	50001f40
	countryKey	50001f3c
	variantKey	50001f42
OBJ 50000afe (sz=40, trace=300531, class=java.util.Locale$Category@50000afc)
	name		50001f3b
	languageKey	50001f3f
	scriptKey	50001f41
	countryKey	50001f3d
	variantKey	50001f43
ARR 50000b00 (sz=24, trace=300532, nelems=2, elem type=java.util.Locale$Category[]@50000aff)
	[0]		50000afd
	[1]		50000afe
ARR 50000b02 (sz=8, trace=300534, nelems=2, elem type=int[])
OBJ 50000b03 (sz=24, trace=300535, class=sun.security.action.GetPropertyAction@50000070)
OBJ 50000b04 (sz=24, trace=300536, class=sun.security.action.GetPropertyAction@50000070)
OBJ 50000b05 (sz=24, trace=300537, class=sun.security.action.GetPropertyAction@50000070)
OBJ 50000b06 (sz=24, trace=300538, class=sun.security.action.GetPropertyAction@50000070)
OBJ 50000b07 (sz=40, trace=300414, class=sun.util.locale.BaseLocale$Key@5000001a)
OBJ 50000b08 (sz=40, trace=300415, class=java.lang.ref.SoftReference@5000014f)
OBJ 50000b09 (sz=40, trace=300416, class=java.lang.ref.SoftReference@5000014f)
OBJ 50000b0a (sz=40, trace=300417, class=java.lang.ref.SoftReference@5000014f)
OBJ 50000b0b (sz=40, trace=300418, class=java.lang.ref.SoftReference@5000014f)
OBJ 50000b0c (sz=24, trace=300419, class=java.util.Locale$LocaleKey@50000018)
ARR 50000b0e (sz=32, trace=300539, nelems=0, elem type=java.lang.StringBuilder[]@50000b0d)
OBJ 50000b0f (sz=24, trace=300540, class=java.lang.StringBuilder@5000011f)
ARR 50000b10 (sz=48, trace=300541, nelems=0, elem type=char[])
OBJ 50000b11 (sz=24, trace=300542, class=java.lang.StringBuilder@5000011f)
ARR 50000b12 (sz=48, trace=300543, nelems=0, elem type=char[])
ARR 50000b13 (sz=32, trace=300544, nelems=0, elem type=java.lang.String[]@500000b4)
OBJ 50000b14 (sz=24, trace=300545, class=java.lang.String@5000016b)
ARR 50000b15 (sz=32, trace=300546, nelems=0, elem type=char[])
OBJ 50000b16 (sz=24, trace=300545, class=java.lang.String@5000016b)
ARR 50000b17 (sz=24, trace=300546, nelems=0, elem type=char[])
ARR 50000b18 (sz=88, trace=300278, nelems=0, elem type=char[])
ARR 50000b19 (sz=160, trace=300278, nelems=0, elem type=char[])
ARR 50000b1a (sz=304, trace=300278, nelems=0, elem type=char[])
OBJ 50000b1b (sz=24, trace=300542, class=java.lang.StringBuilder@5000011f)
ARR 50000b1c (sz=48, trace=300543, nelems=0, elem type=char[])
ARR 50000b1d (sz=32, trace=300544, nelems=0, elem type=java.lang.String[]@500000b4)
OBJ 50000b1e (sz=24, trace=300545, class=java.lang.String@5000016b)
ARR 50000b1f (sz=168, trace=300546, nelems=0, elem type=char[])
OBJ 50000b20 (sz=24, trace=300545, class=java.lang.String@5000016b)
ARR 50000b21 (sz=24, trace=300546, nelems=0, elem type=char[])
ARR 50000b22 (sz=592, trace=300278, nelems=0, elem type=char[])
OBJ 50000b23 (sz=24, trace=300547, class=java.lang.String@5000016b)
ARR 50000b24 (sz=352, trace=300548, nelems=0, elem type=char[])
OBJ 50000b25 (sz=24, trace=300549, class=java.lang.StringBuffer@50000120)
ARR 50000b26 (sz=48, trace=300550, nelems=0, elem type=char[])
OBJ 50000b28 (sz=32, trace=300552, class=java.text.FieldPosition@50000b27)
OBJ 50000b29 (sz=24, trace=300553, class=java.lang.String@5000016b)
ARR 50000b2a (sz=32, trace=300554, nelems=0, elem type=char[])
OBJ 50000b2f (sz=48, trace=300557, class=java.util.HashMap@500000b2)
	table		50000b31
OBJ 50000b30 (sz=16, trace=300558, class=java.text.AttributedCharacterIterator$Attribute@50000b2c)
	name		50001da2
ARR 50000b31 (sz=48, trace=300559, nelems=3, elem type=java.util.HashMap$Node[]@500000b0)
	[1]		50000b34
	[2]		50000b32
OBJ 50000b32 (sz=32, trace=300081, class=java.util.HashMap$Node@500000b1)
	key		50001da2
	value		50000b30
	next		50000b36
OBJ 50000b33 (sz=16, trace=300560, class=java.text.AttributedCharacterIterator$Attribute@50000b2c)
	name		50002306
OBJ 50000b34 (sz=32, trace=300081, class=java.util.HashMap$Node@500000b1)
	key		50002306
	value		50000b33
OBJ 50000b35 (sz=16, trace=300561, class=java.text.AttributedCharacterIterator$Attribute@50000b2c)
	name		50002305
OBJ 50000b36 (sz=32, trace=300082, class=java.util.HashMap$Node@500000b1)
	key		50002305
	value		50000b35
OBJ 50000b37 (sz=16, trace=300562, class=java.text.MessageFormat$Field@50000b2e)
	name		50002344
OBJ 50000b38 (sz=24, trace=300553, class=java.lang.String@5000016b)
ARR 50000b39 (sz=152, trace=300554, nelems=0, elem type=char[])
ARR 50000b3a (sz=176, trace=300011, nelems=0, elem type=char[])
ARR 50000b3b (sz=336, trace=300011, nelems=0, elem type=char[])
OBJ 50000b3c (sz=24, trace=300563, class=java.lang.String@5000016b)
ARR 50000b3d (sz=208, trace=300564, nelems=0, elem type=char[])
ARR 50000b3e (sz=656, trace=300011, nelems=0, elem type=char[])
ARR 50000b3f (sz=368, trace=300565, nelems=0, elem type=char[])
OBJ 50000b40 (sz=24, trace=300566, class=java.lang.String@5000016b)
ARR 50000b41 (sz=368, trace=300011, nelems=0, elem type=char[])
ARR 50000b42 (sz=24, trace=300567, nelems=0, elem type=java.lang.Object[]@50000106)
OBJ 50000b43 (sz=40, trace=300525, class=java.text.MessageFormat@50000af2)
ARR 50000b44 (sz=56, trace=300568, nelems=0, elem type=java.text.Format[]@50000af8)
ARR 50000b45 (sz=56, trace=300569, nelems=0, elem type=int[])
ARR 50000b46 (sz=56, trace=300570, nelems=0, elem type=int[])
ARR 50000b47 (sz=32, trace=300539, nelems=0, elem type=java.lang.StringBuilder[]@50000b0d)
OBJ 50000b48 (sz=24, trace=300540, class=java.lang.StringBuilder@5000011f)
ARR 50000b49 (sz=48, trace=300541, nelems=0, elem type=char[])
OBJ 50000b4a (sz=24, trace=300542, class=java.lang.StringBuilder@5000011f)
ARR 50000b4b (sz=48, trace=300543, nelems=0, elem type=char[])
ARR 50000b4c (sz=32, trace=300544, nelems=0, elem type=java.lang.String[]@500000b4)
OBJ 50000b4d (sz=24, trace=300545, class=java.lang.String@5000016b)
ARR 50000b4e (sz=32, trace=300546, nelems=0, elem type=char[])
OBJ 50000b4f (sz=24, trace=300545, class=java.lang.String@5000016b)
ARR 50000b50 (sz=24, trace=300546, nelems=0, elem type=char[])
OBJ 50000b51 (sz=24, trace=300542, class=java.lang.StringBuilder@5000011f)
ARR 50000b52 (sz=48, trace=300543, nelems=0, elem type=char[])
ARR 50000b53 (sz=32, trace=300544, nelems=0, elem type=java.lang.String[]@500000b4)
OBJ 50000b54 (sz=24, trace=300545, class=java.lang.String@5000016b)
ARR 50000b55 (sz=48, trace=300546, nelems=0, elem type=char[])
OBJ 50000b56 (sz=24, trace=300545, class=java.lang.String@5000016b)
ARR 50000b57 (sz=24, trace=300546, nelems=0, elem type=char[])
ARR 50000b58 (sz=88, trace=300278, nelems=0, elem type=char[])
ARR 50000b59 (sz=160, trace=300278, nelems=0, elem type=char[])
OBJ 50000b5a (sz=24, trace=300547, class=java.lang.String@5000016b)
ARR 50000b5b (sz=104, trace=300548, nelems=0, elem type=char[])
OBJ 50000b5c (sz=24, trace=300549, class=java.lang.StringBuffer@50000120)
ARR 50000b5d (sz=48, trace=300550, nelems=0, elem type=char[])
OBJ 50000b5e (sz=32, trace=300552, class=java.text.FieldPosition@50000b27)
OBJ 50000b5f (sz=24, trace=300553, class=java.lang.String@5000016b)
ARR 50000b60 (sz=32, trace=300554, nelems=0, elem type=char[])
OBJ 50000b67 (sz=72, trace=300575, class=sun.util.locale.provider.JRELocaleProviderAdapter@50000b66)
	langtagSets	50000b68
	localeResourcesMap	50000b69
	localeData	50000da0
	decimalFormatSymbolsProvider	50000e25
	numberFormatProvider	50000d48
	currencyNameProvider	50001112
OBJ 50000b68 (sz=64, trace=300576, class=java.util.concurrent.ConcurrentHashMap@5000002b)
	table		50000d46
OBJ 50000b69 (sz=64, trace=300577, class=java.util.concurrent.ConcurrentHashMap@5000002b)
	table		50000da1
OBJ 50000b6d (sz=16, trace=300580, class=sun.util.locale.provider.AuxLocaleProviderAdapter$NullProvider@50000b6c)
OBJ 50000b6e (sz=16, trace=300581, class=sun.util.locale.provider.SPILocaleProviderAdapter@50000b6b)
	providersMap	50000b6f
OBJ 50000b6f (sz=64, trace=300582, class=java.util.concurrent.ConcurrentHashMap@5000002b)
	table		5000112a
OBJ 50000b70 (sz=64, trace=300583, class=java.util.concurrent.ConcurrentHashMap@5000002b)
	table		50000b7e
OBJ 50000b71 (sz=24, trace=300584, class=sun.security.action.GetPropertyAction@50000070)
OBJ 50000b72 (sz=24, trace=300585, class=java.util.ArrayList@500000b9)
	elementData	50000b7b
OBJ 50000b74 (sz=32, trace=300587, class=sun.util.locale.provider.LocaleProviderAdapter$Type@50000b73)
	name		500022b9
	UTIL_RESOURCES_PACKAGE	500022bc
	TEXT_RESOURCES_PACKAGE	500022ba
OBJ 50000b75 (sz=32, trace=300588, class=sun.util.locale.provider.LocaleProviderAdapter$Type@50000b73)
	name		500022b6
	UTIL_RESOURCES_PACKAGE	500022bd
	TEXT_RESOURCES_PACKAGE	500022bb
OBJ 50000b76 (sz=32, trace=300589, class=sun.util.locale.provider.LocaleProviderAdapter$Type@50000b73)
	name		500022b4
OBJ 50000b77 (sz=32, trace=300590, class=sun.util.locale.provider.LocaleProviderAdapter$Type@50000b73)
	name		500022b8
OBJ 50000b78 (sz=32, trace=300591, class=sun.util.locale.provider.LocaleProviderAdapter$Type@50000b73)
	name		500022b7
	UTIL_RESOURCES_PACKAGE	500022bc
	TEXT_RESOURCES_PACKAGE	500022ba
ARR 50000b7a (sz=40, trace=300592, nelems=5, elem type=sun.util.locale.provider.LocaleProviderAdapter$Type[]@50000b79)
	[0]		50000b74
	[1]		50000b75
	[2]		50000b76
	[3]		50000b77
	[4]		50000b78
ARR 50000b7b (sz=56, trace=300246, nelems=2, elem type=java.lang.Object[]@50000106)
	[0]		50000b74
	[1]		50000b76
OBJ 50000b7c (sz=24, trace=300399, class=java.util.Collections$UnmodifiableRandomAccessList@500000b6)
	c		50000b72
	list		50000b72
OBJ 50000b7d (sz=64, trace=300593, class=java.util.concurrent.ConcurrentHashMap@5000002b)
	table		50000d97
ARR 50000b7e (sz=80, trace=300594, nelems=5, elem type=java.util.concurrent.ConcurrentHashMap$Node[]@50000023)
	[3]		50000e1f
	[4]		50000b7f
OBJ 50000b7f (sz=32, trace=300595, class=java.util.concurrent.ConcurrentHashMap$Node@50000024)
	key		50000b63
	val		50000b7d
OBJ 50000b81 (sz=24, trace=300597, class=java.util.Collections$UnmodifiableCollection$1@50000b80)
OBJ 50000b83 (sz=32, trace=300599, class=java.util.ArrayList$Itr@50000b82)
ARR 50000b85 (sz=20, trace=300601, nelems=5, elem type=int[])
OBJ 50000b86 (sz=24, trace=300602, class=java.lang.String@5000016b)
ARR 50000b87 (sz=56, trace=300603, nelems=0, elem type=char[])
OBJ 50000b8b (sz=48, trace=300606, class=java.util.HashMap@500000b2)
	table		50000b94
ARR 50000b8c (sz=48, trace=300607, nelems=0, elem type=java.util.HashMap$Node[]@500000b0)
OBJ 50000b8d (sz=32, trace=300081, class=java.util.HashMap$Node@500000b1)
	key		500022c6
	value		5000231c
	next		50000b8e
OBJ 50000b8e (sz=32, trace=300082, class=java.util.HashMap$Node@500000b1)
	key		50002328
	value		50002321
	next		50000b95
OBJ 50000b8f (sz=32, trace=300081, class=java.util.HashMap$Node@500000b1)
	key		50002325
	value		50002322
	next		50000b91
OBJ 50000b90 (sz=32, trace=300082, class=java.util.HashMap$Node@500000b1)
	key		50002326
	value		50002322
OBJ 50000b91 (sz=32, trace=300082, class=java.util.HashMap$Node@500000b1)
	key		5000232a
	value		5000231d
OBJ 50000b92 (sz=32, trace=300081, class=java.util.HashMap$Node@500000b1)
	key		50002329
	value		5000231f
OBJ 50000b93 (sz=32, trace=300081, class=java.util.HashMap$Node@500000b1)
	key		500022c8
	value		50002320
ARR 50000b94 (sz=80, trace=300608, nelems=10, elem type=java.util.HashMap$Node[]@500000b0)
	[1]		50000b90
	[3]		50000b93
	[4]		50000b96
	[6]		50000b8d
	[7]		50000b92
	[9]		50000b8f
OBJ 50000b95 (sz=32, trace=300082, class=java.util.HashMap$Node@500000b1)
	key		50002327
	value		5000231e
OBJ 50000b96 (sz=32, trace=300081, class=java.util.HashMap$Node@500000b1)
	key		50002324
	value		50002323
OBJ 50000b97 (sz=16, trace=300609, class=java.util.HashSet@50000005)
	map		50000b98
OBJ 50000b98 (sz=48, trace=300610, class=java.util.HashMap@500000b2)
	table		50000ccd
OBJ 50000b99 (sz=48, trace=300611, class=java.util.StringTokenizer@50000044)
OBJ 50000b9a (sz=24, trace=300612, class=java.lang.String@5000016b)
	value		50000b9b
ARR 50000b9b (sz=4, trace=300613, nelems=2, elem type=char[])
ARR 50000b9c (sz=80, trace=300222, nelems=0, elem type=java.util.HashMap$Node[]@500000b0)
OBJ 50000b9d (sz=32, trace=300081, class=java.util.HashMap$Node@500000b1)
	key		50000b9a
	value		50001cc9
OBJ 50000b9e (sz=24, trace=300612, class=java.lang.String@5000016b)
	value		50000b9f
ARR 50000b9f (sz=10, trace=300613, nelems=5, elem type=char[])
OBJ 50000ba0 (sz=32, trace=300082, class=java.util.HashMap$Node@500000b1)
	key		50000b9e
	value		50001cc9
	next		50000bd4
OBJ 50000ba1 (sz=24, trace=300612, class=java.lang.String@5000016b)
	value		50000ba2
ARR 50000ba2 (sz=10, trace=300613, nelems=5, elem type=char[])
OBJ 50000ba3 (sz=32, trace=300081, class=java.util.HashMap$Node@500000b1)
	key		50000ba1
	value		50001cc9
	next		50000c57
OBJ 50000ba4 (sz=24, trace=300612, class=java.lang.String@5000016b)
	value		50000ba5
ARR 50000ba5 (sz=10, trace=300613, nelems=5, elem type=char[])
OBJ 50000ba6 (sz=32, trace=300081, class=java.util.HashMap$Node@500000b1)
	key		50000ba4
	value		50001cc9
	next		50000cc6
OBJ 50000ba7 (sz=24, trace=300612, class=java.lang.String@5000016b)
	value		50000ba8
ARR 50000ba8 (sz=10, trace=300613, nelems=5, elem type=char[])
OBJ 50000ba9 (sz=32, trace=300081, class=java.util.HashMap$Node@500000b1)
	key		50000ba7
	value		50001cc9
OBJ 50000baa (sz=24, trace=300612, class=java.lang.String@5000016b)
	value		50000bab
ARR 50000bab (sz=10, trace=300613, nelems=5, elem type=char[])
OBJ 50000bac (sz=32, trace=300081, class=java.util.HashMap$Node@500000b1)
	key		50000baa
	value		50001cc9
	next		50000c17
OBJ 50000bad (sz=24, trace=300612, class=java.lang.String@5000016b)
	value		50000bae
ARR 50000bae (sz=10, trace=300613, nelems=5, elem type=char[])
OBJ 50000baf (sz=32, trace=300081, class=java.util.HashMap$Node@500000b1)
	key		50000bad
	value		50001cc9
	next		50000cae
OBJ 50000bb0 (sz=24, trace=300612, class=java.lang.String@5000016b)
	value		50000bb1
ARR 50000bb1 (sz=10, trace=300613, nelems=5, elem type=char[])
OBJ 50000bb2 (sz=32, trace=300082, class=java.util.HashMap$Node@500000b1)
	key		50000bb0
	value		50001cc9
OBJ 50000bb3 (sz=24, trace=300612, class=java.lang.String@5000016b)
	value		50000bb4
ARR 50000bb4 (sz=10, trace=300613, nelems=5, elem type=char[])
OBJ 50000bb5 (sz=32, trace=300081, class=java.util.HashMap$Node@500000b1)
	key		50000bb3
	value		50001cc9
OBJ 50000bb6 (sz=24, trace=300612, class=java.lang.String@5000016b)
	value		50000bb7
ARR 50000bb7 (sz=10, trace=300613, nelems=5, elem type=char[])
OBJ 50000bb8 (sz=32, trace=300082, class=java.util.HashMap$Node@500000b1)
	key		50000bb6
	value		50001cc9
	next		50000c84
OBJ 50000bb9 (sz=24, trace=300612, class=java.lang.String@5000016b)
	value		50000bba
ARR 50000bba (sz=10, trace=300613, nelems=5, elem type=char[])
OBJ 50000bbb (sz=32, trace=300082, class=java.util.HashMap$Node@500000b1)
	key		50000bb9
	value		50001cc9
OBJ 50000bbc (sz=24, trace=300612, class=java.lang.String@5000016b)
	value		50000bbd
ARR 50000bbd (sz=10, trace=300613, nelems=5, elem type=char[])
OBJ 50000bbe (sz=32, trace=300082, class=java.util.HashMap$Node@500000b1)
	key		50000bbc
	value		50001cc9
	next		50000c75
OBJ 50000bbf (sz=24, trace=300612, class=java.lang.String@5000016b)
ARR 50000bc0 (sz=24, trace=300613, nelems=0, elem type=char[])
OBJ 50000bc1 (sz=24, trace=300614, class=java.lang.StringBuilder@5000011f)
ARR 50000bc2 (sz=48, trace=300615, nelems=0, elem type=char[])
OBJ 50000bc3 (sz=24, trace=300616, class=sun.security.action.GetPropertyAction@50000070)
ARR 50000bc4 (sz=88, trace=300011, nelems=0, elem type=char[])
ARR 50000bc5 (sz=160, trace=300011, nelems=0, elem type=char[])
OBJ 50000bc6 (sz=24, trace=300617, class=java.lang.String@5000016b)
ARR 50000bc7 (sz=128, trace=300618, nelems=0, elem type=char[])
OBJ 50000bc8 (sz=32, trace=300619, class=java.io.File@50000119)
OBJ 50000bca (sz=16, trace=300621, class=sun.util.locale.provider.JRELocaleProviderAdapter$1@50000bc9)
OBJ 50000bcb (sz=24, trace=300612, class=java.lang.String@5000016b)
	value		50000bcc
ARR 50000bcc (sz=4, trace=300613, nelems=2, elem type=char[])
OBJ 50000bcd (sz=32, trace=300082, class=java.util.HashMap$Node@500000b1)
	key		50000bcb
	value		50001cc9
	next		50000cdc
ARR 50000bce (sz=144, trace=300622, nelems=0, elem type=java.util.HashMap$Node[]@500000b0)
OBJ 50000bcf (sz=24, trace=300612, class=java.lang.String@5000016b)
	value		50000bd0
ARR 50000bd0 (sz=10, trace=300613, nelems=5, elem type=char[])
OBJ 50000bd1 (sz=32, trace=300082, class=java.util.HashMap$Node@500000b1)
	key		50000bcf
	value		50001cc9
	next		50000c4e
OBJ 50000bd2 (sz=24, trace=300612, class=java.lang.String@5000016b)
	value		50000bd3
ARR 50000bd3 (sz=10, trace=300613, nelems=5, elem type=char[])
OBJ 50000bd4 (sz=32, trace=300082, class=java.util.HashMap$Node@500000b1)
	key		50000bd2
	value		50001cc9
OBJ 50000bd5 (sz=24, trace=300612, class=java.lang.String@5000016b)
	value		50000bd6
ARR 50000bd6 (sz=10, trace=300613, nelems=5, elem type=char[])
OBJ 50000bd7 (sz=32, trace=300082, class=java.util.HashMap$Node@500000b1)
	key		50000bd5
	value		50001cc9
OBJ 50000bd8 (sz=24, trace=300612, class=java.lang.String@5000016b)
	value		50000bd9
ARR 50000bd9 (sz=4, trace=300613, nelems=2, elem type=char[])
OBJ 50000bda (sz=32, trace=300082, class=java.util.HashMap$Node@500000b1)
	key		50000bd8
	value		50001cc9
	next		50000c78
OBJ 50000bdb (sz=24, trace=300612, class=java.lang.String@5000016b)
	value		50000bdc
ARR 50000bdc (sz=10, trace=300613, nelems=5, elem type=char[])
OBJ 50000bdd (sz=32, trace=300081, class=java.util.HashMap$Node@500000b1)
	key		50000bdb
	value		50001cc9
OBJ 50000bde (sz=24, trace=300612, class=java.lang.String@5000016b)
	value		50000bdf
ARR 50000bdf (sz=4, trace=300613, nelems=2, elem type=char[])
OBJ 50000be0 (sz=32, trace=300081, class=java.util.HashMap$Node@500000b1)
	key		50000bde
	value		50001cc9
	next		50000c3f
OBJ 50000be1 (sz=24, trace=300612, class=java.lang.String@5000016b)
	value		50000be2
ARR 50000be2 (sz=10, trace=300613, nelems=5, elem type=char[])
OBJ 50000be3 (sz=32, trace=300082, class=java.util.HashMap$Node@500000b1)
	key		50000be1
	value		50001cc9
	next		50000cfa
OBJ 50000be4 (sz=24, trace=300612, class=java.lang.String@5000016b)
	value		50000be5
ARR 50000be5 (sz=4, trace=300613, nelems=2, elem type=char[])
OBJ 50000be6 (sz=32, trace=300082, class=java.util.HashMap$Node@500000b1)
	key		50000be4
	value		50001cc9
	next		50000d00
OBJ 50000be7 (sz=24, trace=300612, class=java.lang.String@5000016b)
	value		50000be8
ARR 50000be8 (sz=10, trace=300613, nelems=5, elem type=char[])
OBJ 50000be9 (sz=32, trace=300081, class=java.util.HashMap$Node@500000b1)
	key		50000be7
	value		50001cc9
	next		50000c02
OBJ 50000bea (sz=24, trace=300612, class=java.lang.String@5000016b)
	value		50000beb
ARR 50000beb (sz=4, trace=300613, nelems=2, elem type=char[])
OBJ 50000bec (sz=32, trace=300081, class=java.util.HashMap$Node@500000b1)
	key		50000bea
	value		50001cc9
OBJ 50000bed (sz=24, trace=300612, class=java.lang.String@5000016b)
	value		50000bee
ARR 50000bee (sz=10, trace=300613, nelems=5, elem type=char[])
OBJ 50000bef (sz=32, trace=300081, class=java.util.HashMap$Node@500000b1)
	key		50000bed
	value		50001cc9
OBJ 50000bf0 (sz=24, trace=300612, class=java.lang.String@5000016b)
	value		50000bf1
ARR 50000bf1 (sz=4, trace=300613, nelems=2, elem type=char[])
OBJ 50000bf2 (sz=32, trace=300082, class=java.util.HashMap$Node@500000b1)
	key		50000bf0
	value		50001cc9
ARR 50000bf3 (sz=272, trace=300622, nelems=0, elem type=java.util.HashMap$Node[]@500000b0)
OBJ 50000bf4 (sz=24, trace=300612, class=java.lang.String@5000016b)
	value		50000bf5
ARR 50000bf5 (sz=10, trace=300613, nelems=5, elem type=char[])
OBJ 50000bf6 (sz=32, trace=300081, class=java.util.HashMap$Node@500000b1)
	key		50000bf4
	value		50001cc9
OBJ 50000bf7 (sz=24, trace=300612, class=java.lang.String@5000016b)
	value		50000bf8
ARR 50000bf8 (sz=4, trace=300613, nelems=2, elem type=char[])
OBJ 50000bf9 (sz=32, trace=300082, class=java.util.HashMap$Node@500000b1)
	key		50000bf7
	value		50001cc9
	next		50000d30
OBJ 50000bfa (sz=24, trace=300612, class=java.lang.String@5000016b)
	value		50000bfb
ARR 50000bfb (sz=10, trace=300613, nelems=5, elem type=char[])
OBJ 50000bfc (sz=32, trace=300081, class=java.util.HashMap$Node@500000b1)
	key		50000bfa
	value		50001cc9
OBJ 50000bfd (sz=24, trace=300612, class=java.lang.String@5000016b)
	value		50000bfe
ARR 50000bfe (sz=10, trace=300613, nelems=5, elem type=char[])
OBJ 50000bff (sz=32, trace=300082, class=java.util.HashMap$Node@500000b1)
	key		50000bfd
	value		50001cc9
	next		50000c9f
OBJ 50000c00 (sz=24, trace=300612, class=java.lang.String@5000016b)
	value		50000c01
ARR 50000c01 (sz=10, trace=300613, nelems=5, elem type=char[])
OBJ 50000c02 (sz=32, trace=300082, class=java.util.HashMap$Node@500000b1)
	key		50000c00
	value		50001cc9
OBJ 50000c03 (sz=24, trace=300612, class=java.lang.String@5000016b)
	value		50000c04
ARR 50000c04 (sz=10, trace=300613, nelems=5, elem type=char[])
OBJ 50000c05 (sz=32, trace=300082, class=java.util.HashMap$Node@500000b1)
	key		50000c03
	value		50001cc9
OBJ 50000c06 (sz=24, trace=300612, class=java.lang.String@5000016b)
	value		50000c07
ARR 50000c07 (sz=4, trace=300613, nelems=2, elem type=char[])
OBJ 50000c08 (sz=32, trace=300081, class=java.util.HashMap$Node@500000b1)
	key		50000c06
	value		50001cc9
	next		50000cc0
OBJ 50000c09 (sz=24, trace=300612, class=java.lang.String@5000016b)
	value		50000c0a
ARR 50000c0a (sz=10, trace=300613, nelems=5, elem type=char[])
OBJ 50000c0b (sz=32, trace=300082, class=java.util.HashMap$Node@500000b1)
	key		50000c09
	value		50001cc9
OBJ 50000c0c (sz=24, trace=300612, class=java.lang.String@5000016b)
	value		50000c0d
ARR 50000c0d (sz=10, trace=300613, nelems=5, elem type=char[])
OBJ 50000c0e (sz=32, trace=300082, class=java.util.HashMap$Node@500000b1)
	key		50000c0c
	value		50001cc9
OBJ 50000c0f (sz=24, trace=300612, class=java.lang.String@5000016b)
	value		50000c10
ARR 50000c10 (sz=4, trace=300613, nelems=2, elem type=char[])
OBJ 50000c11 (sz=32, trace=300081, class=java.util.HashMap$Node@500000b1)
	key		50000c0f
	value		50001cc9
OBJ 50000c12 (sz=24, trace=300612, class=java.lang.String@5000016b)
	value		50000c13
ARR 50000c13 (sz=10, trace=300613, nelems=5, elem type=char[])
OBJ 50000c14 (sz=32, trace=300081, class=java.util.HashMap$Node@500000b1)
	key		50000c12
	value		50001cc9
	next		50000d21
OBJ 50000c15 (sz=24, trace=300612, class=java.lang.String@5000016b)
	value		50000c16
ARR 50000c16 (sz=10, trace=300613, nelems=5, elem type=char[])
OBJ 50000c17 (sz=32, trace=300082, class=java.util.HashMap$Node@500000b1)
	key		50000c15
	value		50001cc9
OBJ 50000c18 (sz=24, trace=300612, class=java.lang.String@5000016b)
	value		50000c19
ARR 50000c19 (sz=10, trace=300613, nelems=5, elem type=char[])
OBJ 50000c1a (sz=32, trace=300081, class=java.util.HashMap$Node@500000b1)
	key		50000c18
	value		50001cc9
OBJ 50000c1b (sz=24, trace=300612, class=java.lang.String@5000016b)
	value		50000c1c
ARR 50000c1c (sz=10, trace=300613, nelems=5, elem type=char[])
OBJ 50000c1d (sz=32, trace=300081, class=java.util.HashMap$Node@500000b1)
	key		50000c1b
	value		50001cc9
OBJ 50000c1e (sz=24, trace=300612, class=java.lang.String@5000016b)
	value		50000c1f
ARR 50000c1f (sz=10, trace=300613, nelems=5, elem type=char[])
OBJ 50000c20 (sz=32, trace=300082, class=java.util.HashMap$Node@500000b1)
	key		50000c1e
	value		50001cc9
	next		50000c87
OBJ 50000c21 (sz=24, trace=300612, class=java.lang.String@5000016b)
	value		50000c22
ARR 50000c22 (sz=10, trace=300613, nelems=5, elem type=char[])
OBJ 50000c23 (sz=32, trace=300081, class=java.util.HashMap$Node@500000b1)
	key		50000c21
	value		50001cc9
OBJ 50000c24 (sz=24, trace=300612, class=java.lang.String@5000016b)
	value		50000c25
ARR 50000c25 (sz=10, trace=300613, nelems=5, elem type=char[])
OBJ 50000c26 (sz=32, trace=300082, class=java.util.HashMap$Node@500000b1)
	key		50000c24
	value		50001cc9
	next		50000c48
OBJ 50000c27 (sz=24, trace=300612, class=java.lang.String@5000016b)
	value		50000c28
ARR 50000c28 (sz=10, trace=300613, nelems=5, elem type=char[])
OBJ 50000c29 (sz=32, trace=300082, class=java.util.HashMap$Node@500000b1)
	key		50000c27
	value		50001cc9
OBJ 50000c2a (sz=24, trace=300612, class=java.lang.String@5000016b)
	value		50000c2b
ARR 50000c2b (sz=10, trace=300613, nelems=5, elem type=char[])
OBJ 50000c2c (sz=32, trace=300081, class=java.util.HashMap$Node@500000b1)
	key		50000c2a
	value		50001cc9
OBJ 50000c2d (sz=24, trace=300612, class=java.lang.String@5000016b)
	value		50000c2e
ARR 50000c2e (sz=10, trace=300613, nelems=5, elem type=char[])
OBJ 50000c2f (sz=32, trace=300082, class=java.util.HashMap$Node@500000b1)
	key		50000c2d
	value		50001cc9
OBJ 50000c30 (sz=24, trace=300612, class=java.lang.String@5000016b)
	value		50000c31
ARR 50000c31 (sz=10, trace=300613, nelems=5, elem type=char[])
OBJ 50000c32 (sz=32, trace=300082, class=java.util.HashMap$Node@500000b1)
	key		50000c30
	value		50001cc9
	next		50000d0f
OBJ 50000c33 (sz=24, trace=300612, class=java.lang.String@5000016b)
	value		50000c34
ARR 50000c34 (sz=10, trace=300613, nelems=5, elem type=char[])
OBJ 50000c35 (sz=32, trace=300082, class=java.util.HashMap$Node@500000b1)
	key		50000c33
	value		50001cc9
OBJ 50000c36 (sz=24, trace=300612, class=java.lang.String@5000016b)
	value		50000c37
ARR 50000c37 (sz=10, trace=300613, nelems=5, elem type=char[])
OBJ 50000c38 (sz=32, trace=300082, class=java.util.HashMap$Node@500000b1)
	key		50000c36
	value		50001cc9
	next		50000ceb
OBJ 50000c39 (sz=24, trace=300612, class=java.lang.String@5000016b)
	value		50000c3a
ARR 50000c3a (sz=10, trace=300613, nelems=5, elem type=char[])
OBJ 50000c3b (sz=32, trace=300082, class=java.util.HashMap$Node@500000b1)
	key		50000c39
	value		50001cc9
ARR 50000c3c (sz=528, trace=300622, nelems=0, elem type=java.util.HashMap$Node[]@500000b0)
OBJ 50000c3d (sz=24, trace=300612, class=java.lang.String@5000016b)
	value		50000c3e
ARR 50000c3e (sz=10, trace=300613, nelems=5, elem type=char[])
OBJ 50000c3f (sz=32, trace=300082, class=java.util.HashMap$Node@500000b1)
	key		50000c3d
	value		50001cc9
OBJ 50000c40 (sz=24, trace=300612, class=java.lang.String@5000016b)
	value		50000c41
ARR 50000c41 (sz=10, trace=300613, nelems=5, elem type=char[])
OBJ 50000c42 (sz=32, trace=300081, class=java.util.HashMap$Node@500000b1)
	key		50000c40
	value		50001cc9
OBJ 50000c43 (sz=24, trace=300612, class=java.lang.String@5000016b)
	value		50000c44
ARR 50000c44 (sz=10, trace=300613, nelems=5, elem type=char[])
OBJ 50000c45 (sz=32, trace=300081, class=java.util.HashMap$Node@500000b1)
	key		50000c43
	value		50001cc9
OBJ 50000c46 (sz=24, trace=300612, class=java.lang.String@5000016b)
	value		50000c47
ARR 50000c47 (sz=10, trace=300613, nelems=5, elem type=char[])
OBJ 50000c48 (sz=32, trace=300082, class=java.util.HashMap$Node@500000b1)
	key		50000c46
	value		50001cc9
OBJ 50000c49 (sz=24, trace=300612, class=java.lang.String@5000016b)
	value		50000c4a
ARR 50000c4a (sz=10, trace=300613, nelems=5, elem type=char[])
OBJ 50000c4b (sz=32, trace=300081, class=java.util.HashMap$Node@500000b1)
	key		50000c49
	value		50001cc9
OBJ 50000c4c (sz=24, trace=300612, class=java.lang.String@5000016b)
	value		50000c4d
ARR 50000c4d (sz=10, trace=300613, nelems=5, elem type=char[])
OBJ 50000c4e (sz=32, trace=300082, class=java.util.HashMap$Node@500000b1)
	key		50000c4c
	value		50001cc9
OBJ 50000c4f (sz=24, trace=300612, class=java.lang.String@5000016b)
	value		50000c50
ARR 50000c50 (sz=4, trace=300613, nelems=2, elem type=char[])
OBJ 50000c51 (sz=32, trace=300082, class=java.util.HashMap$Node@500000b1)
	key		50000c4f
	value		50001cc9
OBJ 50000c52 (sz=24, trace=300612, class=java.lang.String@5000016b)
	value		50000c53
ARR 50000c53 (sz=10, trace=300613, nelems=5, elem type=char[])
OBJ 50000c54 (sz=32, trace=300081, class=java.util.HashMap$Node@500000b1)
	key		50000c52
	value		50001cc9
	next		50000c90
OBJ 50000c55 (sz=24, trace=300612, class=java.lang.String@5000016b)
	value		50000c56
ARR 50000c56 (sz=4, trace=300613, nelems=2, elem type=char[])
OBJ 50000c57 (sz=32, trace=300082, class=java.util.HashMap$Node@500000b1)
	key		50000c55
	value		50001cc9
OBJ 50000c58 (sz=24, trace=300612, class=java.lang.String@5000016b)
	value		50000c59
ARR 50000c59 (sz=10, trace=300613, nelems=5, elem type=char[])
OBJ 50000c5a (sz=32, trace=300081, class=java.util.HashMap$Node@500000b1)
	key		50000c58
	value		50001cc9
OBJ 50000c5b (sz=24, trace=300612, class=java.lang.String@5000016b)
	value		50000c5c
ARR 50000c5c (sz=4, trace=300613, nelems=2, elem type=char[])
OBJ 50000c5d (sz=32, trace=300082, class=java.util.HashMap$Node@500000b1)
	key		50000c5b
	value		50001cc9
	next		50000cfd
OBJ 50000c5e (sz=24, trace=300612, class=java.lang.String@5000016b)
	value		50000c5f
ARR 50000c5f (sz=10, trace=300613, nelems=5, elem type=char[])
OBJ 50000c60 (sz=32, trace=300081, class=java.util.HashMap$Node@500000b1)
	key		50000c5e
	value		50001cc9
OBJ 50000c61 (sz=24, trace=300612, class=java.lang.String@5000016b)
	value		50000c62
ARR 50000c62 (sz=10, trace=300613, nelems=5, elem type=char[])
OBJ 50000c63 (sz=32, trace=300082, class=java.util.HashMap$Node@500000b1)
	key		50000c61
	value		50001cc9
	next		50000c96
OBJ 50000c64 (sz=24, trace=300612, class=java.lang.String@5000016b)
	value		50000c65
ARR 50000c65 (sz=10, trace=300613, nelems=5, elem type=char[])
OBJ 50000c66 (sz=32, trace=300081, class=java.util.HashMap$Node@500000b1)
	key		50000c64
	value		50001cc9
OBJ 50000c67 (sz=24, trace=300612, class=java.lang.String@5000016b)
	value		50000c68
ARR 50000c68 (sz=10, trace=300613, nelems=5, elem type=char[])
OBJ 50000c69 (sz=32, trace=300081, class=java.util.HashMap$Node@500000b1)
	key		50000c67
	value		50001cc9
OBJ 50000c6a (sz=24, trace=300612, class=java.lang.String@5000016b)
	value		50000c6b
ARR 50000c6b (sz=4, trace=300613, nelems=2, elem type=char[])
OBJ 50000c6c (sz=32, trace=300081, class=java.util.HashMap$Node@500000b1)
	key		50000c6a
	value		50001cc9
OBJ 50000c6d (sz=24, trace=300612, class=java.lang.String@5000016b)
	value		50000c6e
ARR 50000c6e (sz=10, trace=300613, nelems=5, elem type=char[])
OBJ 50000c6f (sz=32, trace=300081, class=java.util.HashMap$Node@500000b1)
	key		50000c6d
	value		50001cc9
	next		50000c9c
OBJ 50000c70 (sz=24, trace=300612, class=java.lang.String@5000016b)
	value		50000c71
ARR 50000c71 (sz=10, trace=300613, nelems=5, elem type=char[])
OBJ 50000c72 (sz=32, trace=300081, class=java.util.HashMap$Node@500000b1)
	key		50000c70
	value		50001cc9
OBJ 50000c73 (sz=24, trace=300612, class=java.lang.String@5000016b)
	value		50000c74
ARR 50000c74 (sz=4, trace=300613, nelems=2, elem type=char[])
OBJ 50000c75 (sz=32, trace=300082, class=java.util.HashMap$Node@500000b1)
	key		50000c73
	value		50001cc9
OBJ 50000c76 (sz=24, trace=300612, class=java.lang.String@5000016b)
	value		50000c77
ARR 50000c77 (sz=10, trace=300613, nelems=5, elem type=char[])
OBJ 50000c78 (sz=32, trace=300082, class=java.util.HashMap$Node@500000b1)
	key		50000c76
	value		50001cc9
	next		50000cee
OBJ 50000c79 (sz=24, trace=300612, class=java.lang.String@5000016b)
	value		50000c7a
ARR 50000c7a (sz=4, trace=300613, nelems=2, elem type=char[])
OBJ 50000c7b (sz=32, trace=300081, class=java.util.HashMap$Node@500000b1)
	key		50000c79
	value		50001cc9
OBJ 50000c7c (sz=24, trace=300612, class=java.lang.String@5000016b)
	value		50000c7d
ARR 50000c7d (sz=10, trace=300613, nelems=5, elem type=char[])
OBJ 50000c7e (sz=32, trace=300081, class=java.util.HashMap$Node@500000b1)
	key		50000c7c
	value		50001cc9
OBJ 50000c7f (sz=24, trace=300612, class=java.lang.String@5000016b)
	value		50000c80
ARR 50000c80 (sz=4, trace=300613, nelems=2, elem type=char[])
OBJ 50000c81 (sz=32, trace=300081, class=java.util.HashMap$Node@500000b1)
	key		50000c7f
	value		50001cc9
OBJ 50000c82 (sz=24, trace=300612, class=java.lang.String@5000016b)
	value		50000c83
ARR 50000c83 (sz=10, trace=300613, nelems=5, elem type=char[])
OBJ 50000c84 (sz=32, trace=300082, class=java.util.HashMap$Node@500000b1)
	key		50000c82
	value		50001cc9
OBJ 50000c85 (sz=24, trace=300612, class=java.lang.String@5000016b)
	value		50000c86
ARR 50000c86 (sz=4, trace=300613, nelems=2, elem type=char[])
OBJ 50000c87 (sz=32, trace=300082, class=java.util.HashMap$Node@500000b1)
	key		50000c85
	value		50001cc9
OBJ 50000c88 (sz=24, trace=300612, class=java.lang.String@5000016b)
	value		50000c89
ARR 50000c89 (sz=10, trace=300613, nelems=5, elem type=char[])
OBJ 50000c8a (sz=32, trace=300081, class=java.util.HashMap$Node@500000b1)
	key		50000c88
	value		50001cc9
OBJ 50000c8b (sz=24, trace=300612, class=java.lang.String@5000016b)
	value		50000c8c
ARR 50000c8c (sz=4, trace=300613, nelems=2, elem type=char[])
OBJ 50000c8d (sz=32, trace=300081, class=java.util.HashMap$Node@500000b1)
	key		50000c8b
	value		50001cc9
OBJ 50000c8e (sz=24, trace=300612, class=java.lang.String@5000016b)
	value		50000c8f
ARR 50000c8f (sz=10, trace=300613, nelems=5, elem type=char[])
OBJ 50000c90 (sz=32, trace=300082, class=java.util.HashMap$Node@500000b1)
	key		50000c8e
	value		50001cc9
	next		50000d2a
OBJ 50000c91 (sz=24, trace=300612, class=java.lang.String@5000016b)
	value		50000c92
ARR 50000c92 (sz=10, trace=300613, nelems=5, elem type=char[])
OBJ 50000c93 (sz=32, trace=300082, class=java.util.HashMap$Node@500000b1)
	key		50000c91
	value		50001cc9
OBJ 50000c94 (sz=24, trace=300612, class=java.lang.String@5000016b)
	value		50000c95
ARR 50000c95 (sz=4, trace=300613, nelems=2, elem type=char[])
OBJ 50000c96 (sz=32, trace=300082, class=java.util.HashMap$Node@500000b1)
	key		50000c94
	value		50001cc9
	next		50000d39
OBJ 50000c97 (sz=24, trace=300612, class=java.lang.String@5000016b)
	value		50000c98
ARR 50000c98 (sz=10, trace=300613, nelems=5, elem type=char[])
OBJ 50000c99 (sz=32, trace=300082, class=java.util.HashMap$Node@500000b1)
	key		50000c97
	value		50001cc9
OBJ 50000c9a (sz=24, trace=300612, class=java.lang.String@5000016b)
	value		50000c9b
ARR 50000c9b (sz=4, trace=300613, nelems=2, elem type=char[])
OBJ 50000c9c (sz=32, trace=300082, class=java.util.HashMap$Node@500000b1)
	key		50000c9a
	value		50001cc9
OBJ 50000c9d (sz=24, trace=300612, class=java.lang.String@5000016b)
	value		50000c9e
ARR 50000c9e (sz=10, trace=300613, nelems=5, elem type=char[])
OBJ 50000c9f (sz=32, trace=300082, class=java.util.HashMap$Node@500000b1)
	key		50000c9d
	value		50001cc9
	next		50000cb4
OBJ 50000ca0 (sz=24, trace=300612, class=java.lang.String@5000016b)
	value		50000ca1
ARR 50000ca1 (sz=4, trace=300613, nelems=2, elem type=char[])
OBJ 50000ca2 (sz=32, trace=300081, class=java.util.HashMap$Node@500000b1)
	key		50000ca0
	value		50001cc9
OBJ 50000ca3 (sz=24, trace=300612, class=java.lang.String@5000016b)
	value		50000ca4
ARR 50000ca4 (sz=10, trace=300613, nelems=5, elem type=char[])
OBJ 50000ca5 (sz=32, trace=300081, class=java.util.HashMap$Node@500000b1)
	key		50000ca3
	value		50001cc9
OBJ 50000ca6 (sz=24, trace=300612, class=java.lang.String@5000016b)
	value		50000ca7
ARR 50000ca7 (sz=4, trace=300613, nelems=2, elem type=char[])
OBJ 50000ca8 (sz=32, trace=300082, class=java.util.HashMap$Node@500000b1)
	key		50000ca6
	value		50001cc9
OBJ 50000ca9 (sz=24, trace=300612, class=java.lang.String@5000016b)
	value		50000caa
ARR 50000caa (sz=10, trace=300613, nelems=5, elem type=char[])
OBJ 50000cab (sz=32, trace=300081, class=java.util.HashMap$Node@500000b1)
	key		50000ca9
	value		50001cc9
OBJ 50000cac (sz=24, trace=300612, class=java.lang.String@5000016b)
	value		50000cad
ARR 50000cad (sz=4, trace=300613, nelems=2, elem type=char[])
OBJ 50000cae (sz=32, trace=300082, class=java.util.HashMap$Node@500000b1)
	key		50000cac
	value		50001cc9
OBJ 50000caf (sz=24, trace=300612, class=java.lang.String@5000016b)
	value		50000cb0
ARR 50000cb0 (sz=10, trace=300613, nelems=5, elem type=char[])
OBJ 50000cb1 (sz=32, trace=300081, class=java.util.HashMap$Node@500000b1)
	key		50000caf
	value		50001cc9
	next		50000cd6
OBJ 50000cb2 (sz=24, trace=300612, class=java.lang.String@5000016b)
	value		50000cb3
ARR 50000cb3 (sz=4, trace=300613, nelems=2, elem type=char[])
OBJ 50000cb4 (sz=32, trace=300082, class=java.util.HashMap$Node@500000b1)
	key		50000cb2
	value		50001cc9
OBJ 50000cb5 (sz=24, trace=300612, class=java.lang.String@5000016b)
	value		50000cb6
ARR 50000cb6 (sz=10, trace=300613, nelems=5, elem type=char[])
OBJ 50000cb7 (sz=32, trace=300081, class=java.util.HashMap$Node@500000b1)
	key		50000cb5
	value		50001cc9
OBJ 50000cb8 (sz=24, trace=300612, class=java.lang.String@5000016b)
	value		50000cb9
ARR 50000cb9 (sz=4, trace=300613, nelems=2, elem type=char[])
OBJ 50000cba (sz=32, trace=300082, class=java.util.HashMap$Node@500000b1)
	key		50000cb8
	value		50001cc9
OBJ 50000cbb (sz=24, trace=300612, class=java.lang.String@5000016b)
	value		50000cbc
ARR 50000cbc (sz=10, trace=300613, nelems=5, elem type=char[])
OBJ 50000cbd (sz=32, trace=300081, class=java.util.HashMap$Node@500000b1)
	key		50000cbb
	value		50001cc9
OBJ 50000cbe (sz=24, trace=300612, class=java.lang.String@5000016b)
	value		50000cbf
ARR 50000cbf (sz=4, trace=300613, nelems=2, elem type=char[])
OBJ 50000cc0 (sz=32, trace=300082, class=java.util.HashMap$Node@500000b1)
	key		50000cbe
	value		50001cc9
OBJ 50000cc1 (sz=24, trace=300612, class=java.lang.String@5000016b)
	value		50000cc2
ARR 50000cc2 (sz=10, trace=300613, nelems=5, elem type=char[])
OBJ 50000cc3 (sz=32, trace=300081, class=java.util.HashMap$Node@500000b1)
	key		50000cc1
	value		50001cc9
OBJ 50000cc4 (sz=24, trace=300612, class=java.lang.String@5000016b)
	value		50000cc5
ARR 50000cc5 (sz=4, trace=300613, nelems=2, elem type=char[])
OBJ 50000cc6 (sz=32, trace=300082, class=java.util.HashMap$Node@500000b1)
	key		50000cc4
	value		50001cc9
OBJ 50000cc7 (sz=24, trace=300612, class=java.lang.String@5000016b)
	value		50000cc8
ARR 50000cc8 (sz=10, trace=300613, nelems=5, elem type=char[])
OBJ 50000cc9 (sz=32, trace=300082, class=java.util.HashMap$Node@500000b1)
	key		50000cc7
	value		50001cc9
	next		50000d3c
OBJ 50000cca (sz=24, trace=300612, class=java.lang.String@5000016b)
	value		50000ccb
ARR 50000ccb (sz=10, trace=300613, nelems=5, elem type=char[])
OBJ 50000ccc (sz=32, trace=300081, class=java.util.HashMap$Node@500000b1)
	key		50000cca
	value		50001cc9
ARR 50000ccd (sz=1040, trace=300622, nelems=256, elem type=java.util.HashMap$Node[]@500000b0)
	[1]		50000ba9
	[4]		50000cdf
	[7]		50000cbd
	[8]		50000bac
	[9]		50000bd7
	[10]		50000bbe
	[12]		50000cd3
	[13]		50000c7b
	[16]		50000c0e
	[18]		50000ccc
	[23]		50000d0c
	[25]		50000ba0
	[28]		50000cb7
	[34]		50000c7e
	[37]		50000c81
	[38]		50000c45
	[42]		50000c20
	[43]		50000c8d
	[44]		50000c1a
	[46]		50000c63
	[47]		50000c1d
	[49]		50000bcd
	[50]		50000ce5
	[53]		50000c60
	[55]		50000c6f
	[57]		50000bb8
	[61]		50000ce8
	[65]		50000c2f
	[67]		50000bda
	[69]		50000be0
	[76]		50000c42
	[79]		50000d15
	[80]		50000bfc
	[81]		50000c8a
	[88]		50000cf4
	[89]		50000be3
	[92]		50000bef
	[93]		50000bb5
	[94]		50000be6
	[95]		50000d06
	[99]		50000d1b
	[100]		50000ca2
	[101]		50000d45
	[102]		50000ca5
	[104]		50000cf7
	[105]		50000d12
	[112]		50000bec
	[113]		50000cf1
	[114]		50000d03
	[116]		50000c14
	[118]		50000d1e
	[122]		50000bf6
	[125]		50000bf2
	[126]		50000d27
	[129]		50000bf9
	[131]		50000bbb
	[133]		50000cb1
	[136]		50000ca8
	[138]		50000baf
	[141]		50000cc9
	[150]		50000d2d
	[152]		50000c72
	[157]		50000c0b
	[158]		50000bff
	[166]		50000cba
	[167]		50000c08
	[168]		50000c2c
	[169]		50000b9d
	[174]		50000c11
	[175]		50000c51
	[176]		50000c3b
	[177]		50000bb2
	[178]		50000bdd
	[179]		50000d33
	[180]		50000c38
	[184]		50000cc3
	[186]		50000c54
	[188]		50000c69
	[189]		50000d36
	[190]		50000ba6
	[192]		50000c5a
	[193]		50000cd0
	[195]		50000ba3
	[202]		50000cab
	[204]		50000c5d
	[206]		50000c23
	[215]		50000c66
	[217]		50000c26
	[218]		50000c6c
	[220]		50000c99
	[226]		50000be9
	[228]		50000d09
	[229]		50000d3f
	[230]		50000ce2
	[231]		50000c4b
	[233]		50000c29
	[234]		50000bd1
	[238]		50000c32
	[240]		50000c93
	[250]		50000c05
	[252]		50000cd9
	[254]		50000c35
	[255]		50000d24
OBJ 50000cce (sz=24, trace=300612, class=java.lang.String@5000016b)
	value		50000ccf
ARR 50000ccf (sz=4, trace=300613, nelems=2, elem type=char[])
OBJ 50000cd0 (sz=32, trace=300081, class=java.util.HashMap$Node@500000b1)
	key		50000cce
	value		50001cc9
OBJ 50000cd1 (sz=24, trace=300612, class=java.lang.String@5000016b)
	value		50000cd2
ARR 50000cd2 (sz=10, trace=300613, nelems=5, elem type=char[])
OBJ 50000cd3 (sz=32, trace=300081, class=java.util.HashMap$Node@500000b1)
	key		50000cd1
	value		50001cc9
OBJ 50000cd4 (sz=24, trace=300612, class=java.lang.String@5000016b)
	value		50000cd5
ARR 50000cd5 (sz=16, trace=300613, nelems=8, elem type=char[])
OBJ 50000cd6 (sz=32, trace=300082, class=java.util.HashMap$Node@500000b1)
	key		50000cd4
	value		50001cc9
OBJ 50000cd7 (sz=24, trace=300612, class=java.lang.String@5000016b)
	value		50000cd8
ARR 50000cd8 (sz=4, trace=300613, nelems=2, elem type=char[])
OBJ 50000cd9 (sz=32, trace=300081, class=java.util.HashMap$Node@500000b1)
	key		50000cd7
	value		50001cc9
OBJ 50000cda (sz=24, trace=300612, class=java.lang.String@5000016b)
	value		50000cdb
ARR 50000cdb (sz=10, trace=300613, nelems=5, elem type=char[])
OBJ 50000cdc (sz=32, trace=300082, class=java.util.HashMap$Node@500000b1)
	key		50000cda
	value		50001cc9
OBJ 50000cdd (sz=24, trace=300612, class=java.lang.String@5000016b)
	value		50000cde
ARR 50000cde (sz=4, trace=300613, nelems=2, elem type=char[])
OBJ 50000cdf (sz=32, trace=300081, class=java.util.HashMap$Node@500000b1)
	key		50000cdd
	value		50001cc9
OBJ 50000ce0 (sz=24, trace=300612, class=java.lang.String@5000016b)
	value		50000ce1
ARR 50000ce1 (sz=10, trace=300613, nelems=5, elem type=char[])
OBJ 50000ce2 (sz=32, trace=300081, class=java.util.HashMap$Node@500000b1)
	key		50000ce0
	value		50001cc9
	next		50000d18
OBJ 50000ce3 (sz=24, trace=300612, class=java.lang.String@5000016b)
	value		50000ce4
ARR 50000ce4 (sz=10, trace=300613, nelems=5, elem type=char[])
OBJ 50000ce5 (sz=32, trace=300081, class=java.util.HashMap$Node@500000b1)
	key		50000ce3
	value		50001cc9
OBJ 50000ce6 (sz=24, trace=300612, class=java.lang.String@5000016b)
	value		50000ce7
ARR 50000ce7 (sz=4, trace=300613, nelems=2, elem type=char[])
OBJ 50000ce8 (sz=32, trace=300081, class=java.util.HashMap$Node@500000b1)
	key		50000ce6
	value		50001cc9
OBJ 50000ce9 (sz=24, trace=300612, class=java.lang.String@5000016b)
	value		50000cea
ARR 50000cea (sz=10, trace=300613, nelems=5, elem type=char[])
OBJ 50000ceb (sz=32, trace=300082, class=java.util.HashMap$Node@500000b1)
	key		50000ce9
	value		50001cc9
	next		50000d42
OBJ 50000cec (sz=24, trace=300612, class=java.lang.String@5000016b)
	value		50000ced
ARR 50000ced (sz=4, trace=300613, nelems=2, elem type=char[])
OBJ 50000cee (sz=32, trace=300082, class=java.util.HashMap$Node@500000b1)
	key		50000cec
	value		50001cc9
OBJ 50000cef (sz=24, trace=300612, class=java.lang.String@5000016b)
	value		50000cf0
ARR 50000cf0 (sz=10, trace=300613, nelems=5, elem type=char[])
OBJ 50000cf1 (sz=32, trace=300081, class=java.util.HashMap$Node@500000b1)
	key		50000cef
	value		50001cc9
OBJ 50000cf2 (sz=24, trace=300612, class=java.lang.String@5000016b)
	value		50000cf3
ARR 50000cf3 (sz=4, trace=300613, nelems=2, elem type=char[])
OBJ 50000cf4 (sz=32, trace=300081, class=java.util.HashMap$Node@500000b1)
	key		50000cf2
	value		50001cc9
OBJ 50000cf5 (sz=24, trace=300612, class=java.lang.String@5000016b)
	value		50000cf6
ARR 50000cf6 (sz=10, trace=300613, nelems=5, elem type=char[])
OBJ 50000cf7 (sz=32, trace=300081, class=java.util.HashMap$Node@500000b1)
	key		50000cf5
	value		50001cc9
OBJ 50000cf8 (sz=24, trace=300612, class=java.lang.String@5000016b)
	value		50000cf9
ARR 50000cf9 (sz=4, trace=300613, nelems=2, elem type=char[])
OBJ 50000cfa (sz=32, trace=300082, class=java.util.HashMap$Node@500000b1)
	key		50000cf8
	value		50001cc9
OBJ 50000cfb (sz=24, trace=300612, class=java.lang.String@5000016b)
	value		50000cfc
ARR 50000cfc (sz=10, trace=300613, nelems=5, elem type=char[])
OBJ 50000cfd (sz=32, trace=300082, class=java.util.HashMap$Node@500000b1)
	key		50000cfb
	value		50001cc9
OBJ 50000cfe (sz=24, trace=300612, class=java.lang.String@5000016b)
	value		50000cff
ARR 50000cff (sz=4, trace=300613, nelems=2, elem type=char[])
OBJ 50000d00 (sz=32, trace=300082, class=java.util.HashMap$Node@500000b1)
	key		50000cfe
	value		50001cc9
OBJ 50000d01 (sz=24, trace=300612, class=java.lang.String@5000016b)
	value		50000d02
ARR 50000d02 (sz=10, trace=300613, nelems=5, elem type=char[])
OBJ 50000d03 (sz=32, trace=300081, class=java.util.HashMap$Node@500000b1)
	key		50000d01
	value		50001cc9
OBJ 50000d04 (sz=24, trace=300612, class=java.lang.String@5000016b)
	value		50000d05
ARR 50000d05 (sz=4, trace=300613, nelems=2, elem type=char[])
OBJ 50000d06 (sz=32, trace=300081, class=java.util.HashMap$Node@500000b1)
	key		50000d04
	value		50001cc9
OBJ 50000d07 (sz=24, trace=300612, class=java.lang.String@5000016b)
	value		50000d08
ARR 50000d08 (sz=10, trace=300613, nelems=5, elem type=char[])
OBJ 50000d09 (sz=32, trace=300081, class=java.util.HashMap$Node@500000b1)
	key		50000d07
	value		50001cc9
OBJ 50000d0a (sz=24, trace=300612, class=java.lang.String@5000016b)
	value		50000d0b
ARR 50000d0b (sz=10, trace=300613, nelems=5, elem type=char[])
OBJ 50000d0c (sz=32, trace=300081, class=java.util.HashMap$Node@500000b1)
	key		50000d0a
	value		50001cc9
OBJ 50000d0d (sz=24, trace=300612, class=java.lang.String@5000016b)
	value		50000d0e
ARR 50000d0e (sz=14, trace=300613, nelems=7, elem type=char[])
OBJ 50000d0f (sz=32, trace=300082, class=java.util.HashMap$Node@500000b1)
	key		50000d0d
	value		50001cc9
OBJ 50000d10 (sz=24, trace=300612, class=java.lang.String@5000016b)
	value		50000d11
ARR 50000d11 (sz=20, trace=300613, nelems=10, elem type=char[])
OBJ 50000d12 (sz=32, trace=300081, class=java.util.HashMap$Node@500000b1)
	key		50000d10
	value		50001cc9
OBJ 50000d13 (sz=24, trace=300612, class=java.lang.String@5000016b)
	value		50000d14
ARR 50000d14 (sz=10, trace=300613, nelems=5, elem type=char[])
OBJ 50000d15 (sz=32, trace=300081, class=java.util.HashMap$Node@500000b1)
	key		50000d13
	value		50001cc9
OBJ 50000d16 (sz=24, trace=300612, class=java.lang.String@5000016b)
	value		50000d17
ARR 50000d17 (sz=10, trace=300613, nelems=5, elem type=char[])
OBJ 50000d18 (sz=32, trace=300082, class=java.util.HashMap$Node@500000b1)
	key		50000d16
	value		50001cc9
OBJ 50000d19 (sz=24, trace=300612, class=java.lang.String@5000016b)
	value		50000d1a
ARR 50000d1a (sz=4, trace=300613, nelems=2, elem type=char[])
OBJ 50000d1b (sz=32, trace=300081, class=java.util.HashMap$Node@500000b1)
	key		50000d19
	value		50001cc9
OBJ 50000d1c (sz=24, trace=300612, class=java.lang.String@5000016b)
	value		50000d1d
ARR 50000d1d (sz=10, trace=300613, nelems=5, elem type=char[])
OBJ 50000d1e (sz=32, trace=300081, class=java.util.HashMap$Node@500000b1)
	key		50000d1c
	value		50001cc9
OBJ 50000d1f (sz=24, trace=300612, class=java.lang.String@5000016b)
	value		50000d20
ARR 50000d20 (sz=4, trace=300613, nelems=2, elem type=char[])
OBJ 50000d21 (sz=32, trace=300082, class=java.util.HashMap$Node@500000b1)
	key		50000d1f
	value		50001cc9
OBJ 50000d22 (sz=24, trace=300612, class=java.lang.String@5000016b)
	value		50000d23
ARR 50000d23 (sz=10, trace=300613, nelems=5, elem type=char[])
OBJ 50000d24 (sz=32, trace=300081, class=java.util.HashMap$Node@500000b1)
	key		50000d22
	value		50001cc9
OBJ 50000d25 (sz=24, trace=300612, class=java.lang.String@5000016b)
	value		50000d26
ARR 50000d26 (sz=4, trace=300613, nelems=2, elem type=char[])
OBJ 50000d27 (sz=32, trace=300081, class=java.util.HashMap$Node@500000b1)
	key		50000d25
	value		50001cc9
OBJ 50000d28 (sz=24, trace=300612, class=java.lang.String@5000016b)
	value		50000d29
ARR 50000d29 (sz=10, trace=300613, nelems=5, elem type=char[])
OBJ 50000d2a (sz=32, trace=300082, class=java.util.HashMap$Node@500000b1)
	key		50000d28
	value		50001cc9
OBJ 50000d2b (sz=24, trace=300612, class=java.lang.String@5000016b)
	value		50000d2c
ARR 50000d2c (sz=4, trace=300613, nelems=2, elem type=char[])
OBJ 50000d2d (sz=32, trace=300081, class=java.util.HashMap$Node@500000b1)
	key		50000d2b
	value		50001cc9
OBJ 50000d2e (sz=24, trace=300612, class=java.lang.String@5000016b)
	value		50000d2f
ARR 50000d2f (sz=10, trace=300613, nelems=5, elem type=char[])
OBJ 50000d30 (sz=32, trace=300082, class=java.util.HashMap$Node@500000b1)
	key		50000d2e
	value		50001cc9
OBJ 50000d31 (sz=24, trace=300612, class=java.lang.String@5000016b)
	value		50000d32
ARR 50000d32 (sz=4, trace=300613, nelems=2, elem type=char[])
OBJ 50000d33 (sz=32, trace=300081, class=java.util.HashMap$Node@500000b1)
	key		50000d31
	value		50001cc9
OBJ 50000d34 (sz=24, trace=300612, class=java.lang.String@5000016b)
	value		50000d35
ARR 50000d35 (sz=10, trace=300613, nelems=5, elem type=char[])
OBJ 50000d36 (sz=32, trace=300081, class=java.util.HashMap$Node@500000b1)
	key		50000d34
	value		50001cc9
OBJ 50000d37 (sz=24, trace=300612, class=java.lang.String@5000016b)
	value		50000d38
ARR 50000d38 (sz=4, trace=300613, nelems=2, elem type=char[])
OBJ 50000d39 (sz=32, trace=300082, class=java.util.HashMap$Node@500000b1)
	key		50000d37
	value		50001cc9
OBJ 50000d3a (sz=24, trace=300612, class=java.lang.String@5000016b)
	value		50000d3b
ARR 50000d3b (sz=10, trace=300613, nelems=5, elem type=char[])
OBJ 50000d3c (sz=32, trace=300082, class=java.util.HashMap$Node@500000b1)
	key		50000d3a
	value		50001cc9
OBJ 50000d3d (sz=24, trace=300612, class=java.lang.String@5000016b)
	value		50000d3e
ARR 50000d3e (sz=10, trace=300613, nelems=5, elem type=char[])
OBJ 50000d3f (sz=32, trace=300081, class=java.util.HashMap$Node@500000b1)
	key		50000d3d
	value		50001cc9
OBJ 50000d40 (sz=24, trace=300612, class=java.lang.String@5000016b)
	value		50000d41
ARR 50000d41 (sz=10, trace=300613, nelems=5, elem type=char[])
OBJ 50000d42 (sz=32, trace=300082, class=java.util.HashMap$Node@500000b1)
	key		50000d40
	value		50001cc9
OBJ 50000d43 (sz=24, trace=300612, class=java.lang.String@5000016b)
	value		50000d44
ARR 50000d44 (sz=10, trace=300613, nelems=5, elem type=char[])
OBJ 50000d45 (sz=32, trace=300081, class=java.util.HashMap$Node@500000b1)
	key		50000d43
	value		50001cc9
ARR 50000d46 (sz=80, trace=300623, nelems=7, elem type=java.util.concurrent.ConcurrentHashMap$Node[]@50000023)
	[3]		50001111
	[6]		50000d47
OBJ 50000d47 (sz=32, trace=300624, class=java.util.concurrent.ConcurrentHashMap$Node@50000024)
	key		500022c6
	val		50000b97
OBJ 50000d48 (sz=24, trace=300625, class=sun.util.locale.provider.NumberFormatProviderImpl@50000b89)
	type		50000b74
	langtags	50000b97
OBJ 50000d4a (sz=48, trace=300627, class=java.util.HashMap@500000b2)
	table		50000d8e
ARR 50000d4c (sz=120, trace=300628, nelems=0, elem type=java.lang.String[][]@50000d4b)
ARR 50000d4d (sz=24, trace=300629, nelems=2, elem type=java.lang.String[]@500000b4)
	[0]		50001ec7
	[1]		50001edf
ARR 50000d4e (sz=24, trace=300630, nelems=2, elem type=java.lang.String[]@500000b4)
	[0]		50001ec9
	[1]		50001ef7
ARR 50000d4f (sz=24, trace=300631, nelems=2, elem type=java.lang.String[]@500000b4)
	[0]		50001ecb
	[1]		50001ecc
ARR 50000d50 (sz=24, trace=300632, nelems=2, elem type=java.lang.String[]@500000b4)
	[0]		50001ed0
	[1]		50001ec6
ARR 50000d51 (sz=24, trace=300633, nelems=2, elem type=java.lang.String[]@500000b4)
	[0]		50001ed1
	[1]		50001ec8
ARR 50000d52 (sz=24, trace=300634, nelems=2, elem type=java.lang.String[]@500000b4)
	[0]		50001ed2
	[1]		50001ecd
ARR 50000d53 (sz=24, trace=300635, nelems=2, elem type=java.lang.String[]@500000b4)
	[0]		50001ed3
	[1]		50001ef5
ARR 50000d54 (sz=24, trace=300636, nelems=2, elem type=java.lang.String[]@500000b4)
	[0]		50001ed4
	[1]		50001ece
ARR 50000d55 (sz=24, trace=300637, nelems=2, elem type=java.lang.String[]@500000b4)
	[0]		50001ed5
	[1]		50001ef3
ARR 50000d56 (sz=24, trace=300638, nelems=2, elem type=java.lang.String[]@500000b4)
	[0]		50001ed6
	[1]		50001ee1
ARR 50000d57 (sz=24, trace=300639, nelems=2, elem type=java.lang.String[]@500000b4)
	[0]		50001ed7
	[1]		50001eeb
ARR 50000d58 (sz=24, trace=300640, nelems=2, elem type=java.lang.String[]@500000b4)
	[0]		50001ed8
	[1]		50001ee9
ARR 50000d59 (sz=24, trace=300641, nelems=2, elem type=java.lang.String[]@500000b4)
	[0]		50001ed9
	[1]		50001eea
ARR 50000d5a (sz=24, trace=300642, nelems=2, elem type=java.lang.String[]@500000b4)
	[0]		50001eda
	[1]		50001ef1
ARR 50000d5b (sz=24, trace=300643, nelems=2, elem type=java.lang.String[]@500000b4)
	[0]		50001edb
	[1]		50001ef2
ARR 50000d5c (sz=24, trace=300644, nelems=2, elem type=java.lang.String[]@500000b4)
	[0]		50001edc
	[1]		50001ef4
ARR 50000d5d (sz=24, trace=300645, nelems=2, elem type=java.lang.String[]@500000b4)
	[0]		50001ee7
	[1]		50001ee4
ARR 50000d5e (sz=24, trace=300646, nelems=2, elem type=java.lang.String[]@500000b4)
	[0]		50001ee8
	[1]		50001ee5
ARR 50000d5f (sz=24, trace=300647, nelems=2, elem type=java.lang.String[]@500000b4)
	[0]		50001eee
	[1]		50001eec
ARR 50000d60 (sz=24, trace=300648, nelems=2, elem type=java.lang.String[]@500000b4)
	[0]		50001eef
	[1]		50001ef6
ARR 50000d61 (sz=24, trace=300649, nelems=2, elem type=java.lang.String[]@500000b4)
	[0]		50001ef0
	[1]		50001eed
ARR 50000d62 (sz=24, trace=300650, nelems=2, elem type=java.lang.String[]@500000b4)
	[0]		50001ef8
	[1]		50001eca
ARR 50000d63 (sz=24, trace=300651, nelems=2, elem type=java.lang.String[]@500000b4)
	[0]		50001ef9
	[1]		50001ece
ARR 50000d64 (sz=24, trace=300652, nelems=2, elem type=java.lang.String[]@500000b4)
	[0]		50001efa
	[1]		50001ee3
ARR 50000d65 (sz=24, trace=300653, nelems=2, elem type=java.lang.String[]@500000b4)
	[0]		50001efb
	[1]		50001ee2
ARR 50000d66 (sz=24, trace=300654, nelems=2, elem type=java.lang.String[]@500000b4)
	[0]		50001efc
	[1]		50001ecf
ARR 50000d67 (sz=80, trace=300655, nelems=0, elem type=java.util.HashMap$Node[]@500000b0)
OBJ 50000d68 (sz=32, trace=300081, class=java.util.HashMap$Node@500000b1)
	key		50001ec7
	value		50000d4d
OBJ 50000d69 (sz=32, trace=300081, class=java.util.HashMap$Node@500000b1)
	key		50001ec9
	value		50000d4e
ARR 50000d6a (sz=40, trace=300656, nelems=0, elem type=char[])
OBJ 50000d6b (sz=24, trace=300657, class=java.lang.String@5000016b)
	value		50000d6c
ARR 50000d6c (sz=18, trace=300658, nelems=9, elem type=char[])
OBJ 50000d6d (sz=32, trace=300081, class=java.util.HashMap$Node@500000b1)
	key		50000d6b
	value		50000d4f
	next		50000d71
OBJ 50000d6e (sz=32, trace=300081, class=java.util.HashMap$Node@500000b1)
	key		50001ed0
	value		50000d50
OBJ 50000d6f (sz=32, trace=300082, class=java.util.HashMap$Node@500000b1)
	key		50001ed1
	value		50000d51
	next		50000d79
OBJ 50000d70 (sz=32, trace=300082, class=java.util.HashMap$Node@500000b1)
	key		50001ed2
	value		50000d52
OBJ 50000d71 (sz=32, trace=300082, class=java.util.HashMap$Node@500000b1)
	key		50001ed3
	value		50000d53
	next		50000d85
OBJ 50000d72 (sz=32, trace=300082, class=java.util.HashMap$Node@500000b1)
	key		50001ed4
	value		50000d54
OBJ 50000d73 (sz=32, trace=300081, class=java.util.HashMap$Node@500000b1)
	key		50001ed5
	value		50000d55
	next		50000d8d
OBJ 50000d74 (sz=32, trace=300081, class=java.util.HashMap$Node@500000b1)
	key		50001ed6
	value		50000d56
OBJ 50000d75 (sz=32, trace=300081, class=java.util.HashMap$Node@500000b1)
	key		50001ed7
	value		50000d57
OBJ 50000d76 (sz=32, trace=300081, class=java.util.HashMap$Node@500000b1)
	key		50001ed8
	value		50000d58
OBJ 50000d77 (sz=32, trace=300081, class=java.util.HashMap$Node@500000b1)
	key		50001ed9
	value		50000d59
ARR 50000d78 (sz=144, trace=300659, nelems=0, elem type=java.util.HashMap$Node[]@500000b0)
OBJ 50000d79 (sz=32, trace=300082, class=java.util.HashMap$Node@500000b1)
	key		50001eda
	value		50000d5a
OBJ 50000d7a (sz=32, trace=300082, class=java.util.HashMap$Node@500000b1)
	key		50001edb
	value		50000d5b
	next		50000d7c
OBJ 50000d7b (sz=32, trace=300081, class=java.util.HashMap$Node@500000b1)
	key		50001edc
	value		50000d5c
OBJ 50000d7c (sz=32, trace=300082, class=java.util.HashMap$Node@500000b1)
	key		50001ee7
	value		50000d5d
OBJ 50000d7d (sz=32, trace=300081, class=java.util.HashMap$Node@500000b1)
	key		50001ee8
	value		50000d5e
ARR 50000d7e (sz=40, trace=300656, nelems=0, elem type=char[])
OBJ 50000d7f (sz=24, trace=300657, class=java.lang.String@5000016b)
	value		50000d80
ARR 50000d80 (sz=18, trace=300658, nelems=9, elem type=char[])
OBJ 50000d81 (sz=32, trace=300081, class=java.util.HashMap$Node@500000b1)
	key		50000d7f
	value		50000d5f
	next		50000d8b
ARR 50000d82 (sz=40, trace=300656, nelems=0, elem type=char[])
OBJ 50000d83 (sz=24, trace=300657, class=java.lang.String@5000016b)
	value		50000d84
ARR 50000d84 (sz=18, trace=300658, nelems=9, elem type=char[])
OBJ 50000d85 (sz=32, trace=300082, class=java.util.HashMap$Node@500000b1)
	key		50000d83
	value		50000d60
ARR 50000d86 (sz=40, trace=300656, nelems=0, elem type=char[])
OBJ 50000d87 (sz=24, trace=300657, class=java.lang.String@5000016b)
	value		50000d88
ARR 50000d88 (sz=18, trace=300658, nelems=9, elem type=char[])
OBJ 50000d89 (sz=32, trace=300082, class=java.util.HashMap$Node@500000b1)
	key		50000d87
	value		50000d61
	next		50000d8f
OBJ 50000d8a (sz=32, trace=300081, class=java.util.HashMap$Node@500000b1)
	key		50001ef8
	value		50000d62
OBJ 50000d8b (sz=32, trace=300082, class=java.util.HashMap$Node@500000b1)
	key		50001ef9
	value		50000d63
OBJ 50000d8c (sz=32, trace=300081, class=java.util.HashMap$Node@500000b1)
	key		50001efa
	value		50000d64
OBJ 50000d8d (sz=32, trace=300082, class=java.util.HashMap$Node@500000b1)
	key		50001efb
	value		50000d65
ARR 50000d8e (sz=272, trace=300659, nelems=64, elem type=java.util.HashMap$Node[]@500000b0)
	[1]		50000d81
	[3]		50000d69
	[4]		50000d6e
	[7]		50000d89
	[13]		50000d8c
	[16]		50000d7d
	[17]		50000d76
	[21]		50000d7a
	[35]		50000d6f
	[39]		50000d70
	[47]		50000d7b
	[51]		50000d72
	[53]		50000d68
	[54]		50000d74
	[55]		50000d6d
	[59]		50000d73
	[61]		50000d8a
	[62]		50000d77
	[63]		50000d75
OBJ 50000d8f (sz=32, trace=300082, class=java.util.HashMap$Node@500000b1)
	key		50001efc
	value		50000d66
OBJ 50000d90 (sz=40, trace=300660, class=sun.util.locale.LanguageTag@50000d49)
OBJ 50000d91 (sz=24, trace=300661, class=java.lang.StringBuilder@5000011f)
ARR 50000d92 (sz=48, trace=300662, nelems=0, elem type=char[])
OBJ 50000d94 (sz=16, trace=300664, class=java.util.Collections$EmptyIterator@50000d93)
OBJ 50000d95 (sz=24, trace=300665, class=java.lang.String@5000016b)
	value		50000d96
ARR 50000d96 (sz=10, trace=300666, nelems=5, elem type=char[])
ARR 50000d97 (sz=80, trace=300667, nelems=12, elem type=java.util.concurrent.ConcurrentHashMap$Node[]@50000023)
	[11]		50000d98
OBJ 50000d98 (sz=32, trace=300668, class=java.util.concurrent.ConcurrentHashMap$Node@50000024)
	key		50001db1
	val		50000b67
OBJ 50000d9a (sz=16, trace=300670, class=java.lang.Object@5000016f)
OBJ 50000d9b (sz=32, trace=300671, class=sun.util.locale.provider.LocaleResources@50000d99)
	locale		50001db1
	localeData	50000da0
	type		50000b74
	cache		50000d9c
	referenceQueue	50000d9d
OBJ 50000d9c (sz=64, trace=300672, class=java.util.concurrent.ConcurrentHashMap@5000002b)
	table		50000e1a
OBJ 50000d9d (sz=32, trace=300673, class=java.lang.ref.ReferenceQueue@500000da)
	lock		50000d9e
OBJ 50000d9e (sz=16, trace=300674, class=java.lang.ref.ReferenceQueue$Lock@500000d8)
OBJ 50000da0 (sz=16, trace=300676, class=sun.util.resources.LocaleData@50000d9f)
	type		50000b74
ARR 50000da1 (sz=80, trace=300677, nelems=12, elem type=java.util.concurrent.ConcurrentHashMap$Node[]@50000023)
	[11]		50000da2
OBJ 50000da2 (sz=32, trace=300678, class=java.util.concurrent.ConcurrentHashMap$Node@50000024)
	key		50001db1
	val		50000d9b
OBJ 50000da3 (sz=24, trace=300679, class=java.lang.StringBuilder@5000011f)
ARR 50000da4 (sz=48, trace=300680, nelems=0, elem type=char[])
ARR 50000da5 (sz=88, trace=300011, nelems=0, elem type=char[])
OBJ 50000da6 (sz=24, trace=300681, class=java.lang.String@5000016b)
	value		50000da7
ARR 50000da7 (sz=58, trace=300682, nelems=29, elem type=char[])
OBJ 50000da9 (sz=24, trace=300684, class=sun.util.resources.LocaleData$1@50000da8)
OBJ 50000dab (sz=16, trace=300686, class=sun.util.resources.LocaleData$LocaleDataResourceBundleControl@50000daa)
OBJ 50000dac (sz=56, trace=300687, class=java.util.ResourceBundle$CacheKey@500009c3)
OBJ 50000dad (sz=32, trace=300411, class=java.util.ResourceBundle$LoaderReference@500009c6)
OBJ 50000daf (sz=24, trace=300427, class=java.util.ArrayList@500000b9)
ARR 50000db0 (sz=32, trace=300689, nelems=0, elem type=java.lang.Object[]@50000106)
OBJ 50000db1 (sz=24, trace=300690, class=java.lang.String@5000016b)
ARR 50000db2 (sz=40, trace=300691, nelems=0, elem type=char[])
OBJ 50000db3 (sz=32, trace=300692, class=java.util.ArrayList$Itr@50000b82)
OBJ 50000db4 (sz=40, trace=300660, class=sun.util.locale.LanguageTag@50000d49)
OBJ 50000db5 (sz=24, trace=300661, class=java.lang.StringBuilder@5000011f)
ARR 50000db6 (sz=48, trace=300662, nelems=0, elem type=char[])
OBJ 50000db7 (sz=24, trace=300665, class=java.lang.String@5000016b)
	value		50000db8
ARR 50000db8 (sz=4, trace=300666, nelems=2, elem type=char[])
OBJ 50000db9 (sz=32, trace=300429, class=java.util.ResourceBundle$LoaderReference@500009c6)
OBJ 50000dba (sz=16, trace=300430, class=java.lang.Object@5000016f)
OBJ 50000dbb (sz=32, trace=300432, class=java.util.concurrent.ConcurrentHashMap$Node@50000024)
	key		50000da6
	val		50000dba
	next		50000e01
OBJ 50000dbc (sz=16, trace=300433, class=java.lang.Object@5000016f)
OBJ 50000dbd (sz=32, trace=300432, class=java.util.concurrent.ConcurrentHashMap$Node@50000024)
	key		50000da6
	val		50000dbc
	next		50000e03
ARR 50000dc0 (sz=16, trace=300435, nelems=0, elem type=java.lang.Class[]@50000101)
OBJ 50000dc1 (sz=56, trace=300157, class=java.lang.Class$ReflectionData@500000a5)
OBJ 50000dc2 (sz=40, trace=300041, class=java.lang.ref.SoftReference@5000014f)
OBJ 50000dc3 (sz=80, trace=300158, class=java.lang.reflect.Constructor@5000013b)
OBJ 50000dc4 (sz=24, trace=300436, class=java.lang.Class$1@50000082)
OBJ 50000dc5 (sz=24, trace=300160, class=sun.reflect.NativeConstructorAccessorImpl@50000080)
OBJ 50000dc6 (sz=16, trace=300161, class=sun.reflect.DelegatingConstructorAccessorImpl@5000007f)
OBJ 50000dc7 (sz=48, trace=300693, class=sun.text.resources.FormatData@50000dbf)
	locale		50001db2
	name		50000da6
	cacheKey	50002096
	lookup		50000e42
	keyset		50000f1f
	parallelContents	50000dcd
OBJ 50000dc9 (sz=56, trace=300040, class=java.lang.Class$ReflectionData@500000a5)
OBJ 50000dca (sz=40, trace=300041, class=java.lang.ref.SoftReference@5000014f)
OBJ 50000dcc (sz=72, trace=300042, class=java.lang.reflect.Field@5000013f)
OBJ 50000dcd (sz=16, trace=300696, class=java.util.concurrent.atomic.AtomicMarkableReference@50000dc8)
	pair		50000dce
OBJ 50000dce (sz=24, trace=300697, class=java.util.concurrent.atomic.AtomicMarkableReference$Pair@50000dcb)
OBJ 50000dcf (sz=32, trace=300429, class=java.util.ResourceBundle$LoaderReference@500009c6)
	referent	500009a4
	queue		500003ac
	cacheKey	50002096
OBJ 50000dd0 (sz=48, trace=300439, class=java.util.ResourceBundle$BundleReference@500009f4)
	referent	50000dc7
	queue		500003ac
	cacheKey	50002096
OBJ 50000dd1 (sz=32, trace=300441, class=java.util.concurrent.ConcurrentHashMap$Node@50000024)
	key		50002096
	val		50000dd0
OBJ 50000dd2 (sz=32, trace=300429, class=java.util.ResourceBundle$LoaderReference@500009c6)
OBJ 50000dd3 (sz=24, trace=300698, class=java.lang.StringBuilder@5000011f)
ARR 50000dd4 (sz=48, trace=300699, nelems=0, elem type=char[])
OBJ 50000dd5 (sz=24, trace=300700, class=java.lang.String@5000016b)
ARR 50000dd6 (sz=56, trace=300701, nelems=0, elem type=char[])
ARR 50000dd7 (sz=88, trace=300011, nelems=0, elem type=char[])
OBJ 50000dd8 (sz=24, trace=300702, class=java.lang.String@5000016b)
ARR 50000dd9 (sz=40, trace=300703, nelems=0, elem type=char[])
OBJ 50000dda (sz=24, trace=300704, class=java.lang.String@5000016b)
ARR 50000ddb (sz=80, trace=300705, nelems=0, elem type=char[])
OBJ 50000ddc (sz=24, trace=300706, class=java.lang.StringBuilder@5000011f)
ARR 50000ddd (sz=112, trace=300707, nelems=0, elem type=char[])
OBJ 50000dde (sz=24, trace=300708, class=java.lang.String@5000016b)
	value		50000ddf
ARR 50000ddf (sz=70, trace=300445, nelems=35, elem type=char[])
OBJ 50000de0 (sz=16, trace=300430, class=java.lang.Object@5000016f)
OBJ 50000de1 (sz=32, trace=300432, class=java.util.concurrent.ConcurrentHashMap$Node@50000024)
	key		50000dde
	val		50000de0
OBJ 50000de2 (sz=16, trace=300433, class=java.lang.Object@5000016f)
OBJ 50000de3 (sz=32, trace=300432, class=java.util.concurrent.ConcurrentHashMap$Node@50000024)
	key		50000dde
	val		50000de2
ARR 50000de5 (sz=16, trace=300435, nelems=0, elem type=java.lang.Class[]@50000101)
OBJ 50000de6 (sz=56, trace=300157, class=java.lang.Class$ReflectionData@500000a5)
OBJ 50000de7 (sz=40, trace=300041, class=java.lang.ref.SoftReference@5000014f)
OBJ 50000de8 (sz=80, trace=300158, class=java.lang.reflect.Constructor@5000013b)
OBJ 50000de9 (sz=24, trace=300436, class=java.lang.Class$1@50000082)
OBJ 50000dea (sz=24, trace=300160, class=sun.reflect.NativeConstructorAccessorImpl@50000080)
OBJ 50000deb (sz=16, trace=300161, class=sun.reflect.DelegatingConstructorAccessorImpl@5000007f)
OBJ 50000dec (sz=48, trace=300709, class=sun.text.resources.en.FormatData_en@50000de4)
	parent		50000dc7
	locale		50001dc3
	name		50000da6
	cacheKey	50002095
	lookup		50000e35
	keyset		50000e41
	parallelContents	50000ded
OBJ 50000ded (sz=16, trace=300710, class=java.util.concurrent.atomic.AtomicMarkableReference@50000dc8)
	pair		50000dee
OBJ 50000dee (sz=24, trace=300697, class=java.util.concurrent.atomic.AtomicMarkableReference$Pair@50000dcb)
OBJ 50000def (sz=32, trace=300429, class=java.util.ResourceBundle$LoaderReference@500009c6)
	referent	500009a4
	queue		500003ac
	cacheKey	50002095
OBJ 50000df0 (sz=48, trace=300439, class=java.util.ResourceBundle$BundleReference@500009f4)
	referent	50000dec
	queue		500003ac
	cacheKey	50002095
OBJ 50000df1 (sz=32, trace=300441, class=java.util.concurrent.ConcurrentHashMap$Node@50000024)
	key		50002095
	val		50000df0
OBJ 50000df2 (sz=32, trace=300429, class=java.util.ResourceBundle$LoaderReference@500009c6)
OBJ 50000df3 (sz=24, trace=300698, class=java.lang.StringBuilder@5000011f)
ARR 50000df4 (sz=48, trace=300699, nelems=0, elem type=char[])
OBJ 50000df5 (sz=24, trace=300700, class=java.lang.String@5000016b)
ARR 50000df6 (sz=56, trace=300701, nelems=0, elem type=char[])
ARR 50000df7 (sz=88, trace=300011, nelems=0, elem type=char[])
OBJ 50000df8 (sz=24, trace=300702, class=java.lang.String@5000016b)
ARR 50000df9 (sz=40, trace=300703, nelems=0, elem type=char[])
OBJ 50000dfa (sz=24, trace=300704, class=java.lang.String@5000016b)
ARR 50000dfb (sz=80, trace=300705, nelems=0, elem type=char[])
OBJ 50000dfc (sz=24, trace=300706, class=java.lang.StringBuilder@5000011f)
ARR 50000dfd (sz=112, trace=300707, nelems=0, elem type=char[])
OBJ 50000dfe (sz=24, trace=300708, class=java.lang.String@5000016b)
	value		50000dff
ARR 50000dff (sz=76, trace=300445, nelems=38, elem type=char[])
OBJ 50000e00 (sz=16, trace=300430, class=java.lang.Object@5000016f)
OBJ 50000e01 (sz=32, trace=300497, class=java.util.concurrent.ConcurrentHashMap$Node@50000024)
	key		50000dfe
	val		50000e00
OBJ 50000e02 (sz=16, trace=300433, class=java.lang.Object@5000016f)
OBJ 50000e03 (sz=32, trace=300497, class=java.util.concurrent.ConcurrentHashMap$Node@50000024)
	key		50000dfe
	val		50000e02
ARR 50000e05 (sz=16, trace=300435, nelems=0, elem type=java.lang.Class[]@50000101)
OBJ 50000e06 (sz=56, trace=300157, class=java.lang.Class$ReflectionData@500000a5)
OBJ 50000e07 (sz=40, trace=300041, class=java.lang.ref.SoftReference@5000014f)
OBJ 50000e08 (sz=80, trace=300158, class=java.lang.reflect.Constructor@5000013b)
OBJ 50000e09 (sz=24, trace=300436, class=java.lang.Class$1@50000082)
OBJ 50000e0a (sz=24, trace=300160, class=sun.reflect.NativeConstructorAccessorImpl@50000080)
OBJ 50000e0b (sz=16, trace=300161, class=sun.reflect.DelegatingConstructorAccessorImpl@5000007f)
OBJ 50000e0c (sz=48, trace=300711, class=sun.text.resources.en.FormatData_en_US@50000e04)
	parent		50000dec
	locale		50001db1
	name		50000da6
	cacheKey	50002245
	lookup		50000e12
	keyset		50000e34
	parallelContents	50000e0d
OBJ 50000e0d (sz=16, trace=300712, class=java.util.concurrent.atomic.AtomicMarkableReference@50000dc8)
	pair		50000e0e
OBJ 50000e0e (sz=24, trace=300697, class=java.util.concurrent.atomic.AtomicMarkableReference$Pair@50000dcb)
OBJ 50000e0f (sz=32, trace=300429, class=java.util.ResourceBundle$LoaderReference@500009c6)
	referent	500009a4
	queue		500003ac
	cacheKey	50002245
OBJ 50000e10 (sz=48, trace=300439, class=java.util.ResourceBundle$BundleReference@500009f4)
	referent	50000e0c
	queue		500003ac
	cacheKey	50002245
OBJ 50000e11 (sz=32, trace=300441, class=java.util.concurrent.ConcurrentHashMap$Node@50000024)
	key		50002245
	val		50000e10
OBJ 50000e12 (sz=64, trace=300713, class=java.util.concurrent.ConcurrentHashMap@5000002b)
	table		50000e16
	keySet		50000e33
ARR 50000e13 (sz=24, trace=300714, nelems=0, elem type=java.lang.Object[][]@50000ac7)
ARR 50000e14 (sz=24, trace=300715, nelems=0, elem type=java.lang.Object[]@50000106)
ARR 50000e15 (sz=32, trace=300716, nelems=3, elem type=java.lang.String[]@500000b4)
	[0]		50002107
	[1]		50002246
	[2]		50002109
ARR 50000e16 (sz=80, trace=300717, nelems=12, elem type=java.util.concurrent.ConcurrentHashMap$Node[]@50000023)
	[11]		50000e17
OBJ 50000e17 (sz=32, trace=300718, class=java.util.concurrent.ConcurrentHashMap$Node@50000024)
	key		50002105
	val		50000e15
OBJ 50000e19 (sz=48, trace=300720, class=sun.util.locale.provider.LocaleResources$ResourceReference@50000e18)
	referent	50000e15
	queue		50000d9d
	cacheKey	500022d7
ARR 50000e1a (sz=80, trace=300721, nelems=13, elem type=java.util.concurrent.ConcurrentHashMap$Node[]@50000023)
	[2]		50000e1b
	[5]		50001182
	[12]		50000f25
OBJ 50000e1b (sz=32, trace=300722, class=java.util.concurrent.ConcurrentHashMap$Node@50000024)
	key		500022d7
	val		50000e19
OBJ 50000e1e (sz=64, trace=300725, class=java.util.concurrent.ConcurrentHashMap@5000002b)
	table		50000e26
OBJ 50000e1f (sz=32, trace=300595, class=java.util.concurrent.ConcurrentHashMap$Node@50000024)
	key		50000e1d
	val		50000e1e
OBJ 50000e20 (sz=24, trace=300597, class=java.util.Collections$UnmodifiableCollection$1@50000b80)
OBJ 50000e21 (sz=32, trace=300599, class=java.util.ArrayList$Itr@50000b82)
OBJ 50000e22 (sz=24, trace=300602, class=java.lang.String@5000016b)
ARR 50000e23 (sz=72, trace=300603, nelems=0, elem type=char[])
OBJ 50000e25 (sz=24, trace=300727, class=sun.util.locale.provider.DecimalFormatSymbolsProviderImpl@50000e24)
	type		50000b74
	langtags	50000b97
ARR 50000e26 (sz=80, trace=300667, nelems=12, elem type=java.util.concurrent.ConcurrentHashMap$Node[]@50000023)
	[11]		50000e27
OBJ 50000e27 (sz=32, trace=300668, class=java.util.concurrent.ConcurrentHashMap$Node@50000024)
	key		50001db1
	val		50000b67
OBJ 50000e28 (sz=64, trace=300728, class=java.text.DecimalFormatSymbols@50000e1c)
OBJ 50000e29 (sz=24, trace=300729, class=java.lang.StringBuilder@5000011f)
ARR 50000e2a (sz=48, trace=300730, nelems=0, elem type=char[])
ARR 50000e2b (sz=88, trace=300011, nelems=0, elem type=char[])
OBJ 50000e2c (sz=24, trace=300731, class=java.lang.String@5000016b)
ARR 50000e2d (sz=80, trace=300682, nelems=0, elem type=char[])
OBJ 50000e2e (sz=24, trace=300732, class=sun.util.resources.LocaleData$1@50000da8)
OBJ 50000e2f (sz=56, trace=300687, class=java.util.ResourceBundle$CacheKey@500009c3)
OBJ 50000e30 (sz=32, trace=300411, class=java.util.ResourceBundle$LoaderReference@500009c6)
ARR 50000e31 (sz=32, trace=300733, nelems=3, elem type=java.lang.Object[]@50000106)
	[0]		50000e68
	[1]		50000f8a
	[2]		5000224a
OBJ 50000e33 (sz=24, trace=300735, class=java.util.concurrent.ConcurrentHashMap$KeySetView@5000001f)
	map		50000e12
OBJ 50000e34 (sz=24, trace=300736, class=sun.util.resources.ParallelListResourceBundle$KeySet@50000e32)
	set		50000e33
	parent		50000dec
OBJ 50000e35 (sz=64, trace=300737, class=java.util.concurrent.ConcurrentHashMap@5000002b)
	table		50000e3c
	keySet		50000e40
ARR 50000e36 (sz=32, trace=300738, nelems=0, elem type=java.lang.Object[][]@50000ac7)
ARR 50000e37 (sz=24, trace=300739, nelems=0, elem type=java.lang.Object[]@50000106)
ARR 50000e38 (sz=72, trace=300740, nelems=13, elem type=java.lang.String[]@500000b4)
	[0]		5000223d
	[1]		50002113
	[2]		50002110
	[3]		500021ce
	[4]		50002110
	[5]		5000223d
	[6]		5000223d
	[7]		500021ce
	[8]		5000210f
	[9]		5000223e
	[10]		5000223f
	[11]		50002240
	[12]		500013fe
ARR 50000e39 (sz=24, trace=300741, nelems=0, elem type=java.lang.Object[]@50000106)
ARR 50000e3a (sz=32, trace=300742, nelems=3, elem type=java.lang.String[]@500000b4)
	[0]		50002107
	[1]		5000223b
	[2]		50002109
ARR 50000e3b (sz=24, trace=300743, nelems=0, elem type=java.lang.Object[]@50000106)
ARR 50000e3c (sz=80, trace=300717, nelems=12, elem type=java.util.concurrent.ConcurrentHashMap$Node[]@50000023)
	[3]		50000e3d
	[6]		50000e3f
	[11]		50000e3e
OBJ 50000e3d (sz=32, trace=300718, class=java.util.concurrent.ConcurrentHashMap$Node@50000024)
	key		50002177
	val		50000e38
OBJ 50000e3e (sz=32, trace=300718, class=java.util.concurrent.ConcurrentHashMap$Node@50000024)
	key		50002105
	val		50000e3a
OBJ 50000e3f (sz=32, trace=300718, class=java.util.concurrent.ConcurrentHashMap$Node@50000024)
	key		5000220c
	val		5000220b
OBJ 50000e40 (sz=24, trace=300735, class=java.util.concurrent.ConcurrentHashMap$KeySetView@5000001f)
	map		50000e35
OBJ 50000e41 (sz=24, trace=300736, class=sun.util.resources.ParallelListResourceBundle$KeySet@50000e32)
	set		50000e40
	parent		50000dc7
OBJ 50000e42 (sz=64, trace=300737, class=java.util.concurrent.ConcurrentHashMap@5000002b)
	table		50000f00
	keySet		50000f1e
ARR 50000e43 (sz=24, trace=300744, nelems=2, elem type=java.lang.String[]@500000b4)
	[0]		50002099
	[1]		5000209a
ARR 50000e44 (sz=24, trace=300745, nelems=2, elem type=java.lang.String[]@500000b4)
	[0]		50002099
	[1]		5000212f
ARR 50000e45 (sz=40, trace=300746, nelems=5, elem type=java.lang.String[]@500000b4)
	[0]		500013fe
	[1]		50002110
	[2]		50002111
	[3]		5000210f
	[4]		500021e9
ARR 50000e46 (sz=40, trace=300747, nelems=5, elem type=java.lang.String[]@500000b4)
	[0]		500013fe
	[1]		500020b1
	[2]		500020b2
	[3]		500020b3
	[4]		500020b4
ARR 50000e47 (sz=288, trace=300748, nelems=0, elem type=java.lang.Object[][]@50000ac7)
ARR 50000e48 (sz=24, trace=300749, nelems=0, elem type=java.lang.Object[]@50000106)
ARR 50000e49 (sz=72, trace=300750, nelems=13, elem type=java.lang.String[]@500000b4)
	[0]		50002223
	[1]		50002224
	[2]		50002225
	[3]		50002226
	[4]		500020cf
	[5]		50002227
	[6]		50002228
	[7]		50002229
	[8]		5000222a
	[9]		5000222b
	[10]		5000222c
	[11]		5000222d
	[12]		500013fe
ARR 50000e4a (sz=24, trace=300751, nelems=0, elem type=java.lang.Object[]@50000106)
ARR 50000e4b (sz=72, trace=300752, nelems=13, elem type=java.lang.String[]@500000b4)
	[0]		500020cb
	[1]		500020cc
	[2]		500020cd
	[3]		500020ce
	[4]		500020cf
	[5]		500020d0
	[6]		500020d1
	[7]		500020d2
	[8]		500020d3
	[9]		500020d4
	[10]		500020d5
	[11]		500020d6
	[12]		500013fe
ARR 50000e4c (sz=24, trace=300753, nelems=0, elem type=java.lang.Object[]@50000106)
ARR 50000e4d (sz=72, trace=300754, nelems=13, elem type=java.lang.String[]@500000b4)
	[0]		50002179
	[1]		5000217a
	[2]		5000217b
	[3]		5000217c
	[4]		5000217d
	[5]		5000217e
	[6]		5000217f
	[7]		50002180
	[8]		50002181
	[9]		50002182
	[10]		50002183
	[11]		50002184
	[12]		500013fe
ARR 50000e4e (sz=24, trace=300755, nelems=0, elem type=java.lang.Object[]@50000106)
ARR 50000e4f (sz=48, trace=300756, nelems=7, elem type=java.lang.String[]@500000b4)
	[0]		5000213d
	[1]		5000213e
	[2]		5000213f
	[3]		50002140
	[4]		50002141
	[5]		50002142
	[6]		50002143
ARR 50000e50 (sz=24, trace=300757, nelems=0, elem type=java.lang.Object[]@50000106)
ARR 50000e51 (sz=48, trace=300758, nelems=7, elem type=java.lang.String[]@500000b4)
	[0]		5000211b
	[1]		5000211c
	[2]		5000211d
	[3]		5000211e
	[4]		5000211f
	[5]		50002120
	[6]		50002121
ARR 50000e52 (sz=24, trace=300759, nelems=0, elem type=java.lang.Object[]@50000106)
ARR 50000e53 (sz=48, trace=300760, nelems=7, elem type=java.lang.String[]@500000b4)
	[0]		5000210f
	[1]		50002110
	[2]		50002111
	[3]		50002112
	[4]		50002111
	[5]		50002113
	[6]		5000210f
ARR 50000e54 (sz=24, trace=300761, nelems=0, elem type=java.lang.Object[]@50000106)
ARR 50000e55 (sz=24, trace=300762, nelems=2, elem type=java.lang.String[]@500000b4)
	[0]		50002207
	[1]		50002208
ARR 50000e56 (sz=24, trace=300763, nelems=0, elem type=java.lang.Object[]@50000106)
ARR 50000e57 (sz=24, trace=300764, nelems=2, elem type=java.lang.String[]@500000b4)
	[0]		5000219d
	[1]		5000219e
ARR 50000e58 (sz=24, trace=300765, nelems=0, elem type=java.lang.Object[]@50000106)
ARR 50000e59 (sz=24, trace=300766, nelems=0, elem type=java.lang.Object[]@50000106)
ARR 50000e5a (sz=24, trace=300767, nelems=0, elem type=java.lang.Object[]@50000106)
ARR 50000e5b (sz=24, trace=300768, nelems=2, elem type=java.lang.String[]@500000b4)
	[0]		500021cd
	[1]		500021ce
ARR 50000e5c (sz=24, trace=300769, nelems=0, elem type=java.lang.Object[]@50000106)
ARR 50000e5d (sz=24, trace=300770, nelems=0, elem type=java.lang.Object[]@50000106)
ARR 50000e5e (sz=24, trace=300771, nelems=0, elem type=java.lang.Object[]@50000106)
ARR 50000e5f (sz=24, trace=300772, nelems=0, elem type=java.lang.Object[]@50000106)
ARR 50000e60 (sz=24, trace=300773, nelems=0, elem type=java.lang.Object[]@50000106)
ARR 50000e61 (sz=24, trace=300774, nelems=0, elem type=java.lang.Object[]@50000106)
ARR 50000e62 (sz=24, trace=300775, nelems=0, elem type=java.lang.Object[]@50000106)
ARR 50000e63 (sz=16, trace=300776, nelems=0, elem type=java.lang.String[]@500000b4)
ARR 50000e64 (sz=24, trace=300777, nelems=0, elem type=java.lang.Object[]@50000106)
ARR 50000e65 (sz=32, trace=300778, nelems=3, elem type=java.lang.String[]@500000b4)
	[0]		50002107
	[1]		50002108
	[2]		50002109
ARR 50000e66 (sz=24, trace=300779, nelems=0, elem type=java.lang.Object[]@50000106)
ARR 50000e67 (sz=24, trace=300780, nelems=0, elem type=java.lang.Object[]@50000106)
ARR 50000e68 (sz=64, trace=300781, nelems=11, elem type=java.lang.String[]@500000b4)
	[0]		5000149b
	[1]		5000204c
	[2]		5000209f
	[3]		500020a0
	[4]		500020c3
	[5]		500020a2
	[6]		50001787
	[7]		500020a3
	[8]		500020a4
	[9]		500020a5
	[10]		500017a4
ARR 50000e69 (sz=24, trace=300782, nelems=0, elem type=java.lang.Object[]@50000106)
ARR 50000e6a (sz=64, trace=300783, nelems=11, elem type=java.lang.String[]@500000b4)
	[0]		5000215d
	[1]		5000215e
	[2]		5000215f
	[3]		50002160
	[4]		50002161
	[5]		500020a2
	[6]		50001787
	[7]		50002162
	[8]		50002163
	[9]		500020a5
	[10]		500020a6
ARR 50000e6b (sz=24, trace=300784, nelems=0, elem type=java.lang.Object[]@50000106)
ARR 50000e6c (sz=64, trace=300785, nelems=11, elem type=java.lang.String[]@500000b4)
	[0]		5000215d
	[1]		5000215e
	[2]		5000215f
	[3]		50002160
	[4]		50002219
	[5]		500020a2
	[6]		50001787
	[7]		5000221a
	[8]		50002163
	[9]		500020a5
	[10]		500020a6
ARR 50000e6d (sz=24, trace=300786, nelems=0, elem type=java.lang.Object[]@50000106)
ARR 50000e6e (sz=64, trace=300787, nelems=11, elem type=java.lang.String[]@500000b4)
	[0]		5000149b
	[1]		5000204c
	[2]		5000209f
	[3]		500020a0
	[4]		500020e9
	[5]		500020a2
	[6]		50001787
	[7]		500020a3
	[8]		500020a4
	[9]		500020a5
	[10]		500020a6
ARR 50000e6f (sz=24, trace=300788, nelems=0, elem type=java.lang.Object[]@50000106)
ARR 50000e70 (sz=64, trace=300789, nelems=11, elem type=java.lang.String[]@500000b4)
	[0]		5000149b
	[1]		5000204c
	[2]		5000209f
	[3]		500020a0
	[4]		500021af
	[5]		500020a2
	[6]		50001787
	[7]		500020a3
	[8]		500020a4
	[9]		500020a5
	[10]		500020a6
ARR 50000e71 (sz=24, trace=300790, nelems=0, elem type=java.lang.Object[]@50000106)
ARR 50000e72 (sz=64, trace=300791, nelems=11, elem type=java.lang.String[]@500000b4)
	[0]		5000149b
	[1]		5000204c
	[2]		5000209f
	[3]		500020a0
	[4]		50002171
	[5]		500020a2
	[6]		50001787
	[7]		500020a3
	[8]		500020a4
	[9]		500020a5
	[10]		500020a6
ARR 50000e73 (sz=24, trace=300792, nelems=0, elem type=java.lang.Object[]@50000106)
ARR 50000e74 (sz=64, trace=300793, nelems=11, elem type=java.lang.String[]@500000b4)
	[0]		5000149b
	[1]		5000204c
	[2]		5000209f
	[3]		500020a0
	[4]		50002155
	[5]		500020a2
	[6]		50001787
	[7]		500020a3
	[8]		500020a4
	[9]		500020a5
	[10]		500020a6
ARR 50000e75 (sz=24, trace=300794, nelems=0, elem type=java.lang.Object[]@50000106)
ARR 50000e76 (sz=64, trace=300795, nelems=11, elem type=java.lang.String[]@500000b4)
	[0]		5000149b
	[1]		5000204c
	[2]		5000209f
	[3]		500020a0
	[4]		500021f1
	[5]		500020a2
	[6]		50001787
	[7]		500020a3
	[8]		500020a4
	[9]		500020a5
	[10]		500020a6
ARR 50000e77 (sz=24, trace=300796, nelems=0, elem type=java.lang.Object[]@50000106)
ARR 50000e78 (sz=64, trace=300797, nelems=11, elem type=java.lang.String[]@500000b4)
	[0]		5000149b
	[1]		5000204c
	[2]		5000209f
	[3]		500020a0
	[4]		50002103
	[5]		500020a2
	[6]		50001787
	[7]		500020a3
	[8]		500020a4
	[9]		500020a5
	[10]		500020a6
ARR 50000e79 (sz=24, trace=300798, nelems=0, elem type=java.lang.Object[]@50000106)
ARR 50000e7a (sz=64, trace=300799, nelems=11, elem type=java.lang.String[]@500000b4)
	[0]		5000149b
	[1]		5000204c
	[2]		5000209f
	[3]		500020a0
	[4]		50002175
	[5]		500020a2
	[6]		50001787
	[7]		500020a3
	[8]		500020a4
	[9]		500020a5
	[10]		500020a6
ARR 50000e7b (sz=24, trace=300800, nelems=0, elem type=java.lang.Object[]@50000106)
ARR 50000e7c (sz=64, trace=300801, nelems=11, elem type=java.lang.String[]@500000b4)
	[0]		5000149b
	[1]		5000204c
	[2]		5000209f
	[3]		500020a0
	[4]		500021ff
	[5]		500020a2
	[6]		50001787
	[7]		500020a3
	[8]		500020a4
	[9]		500020a5
	[10]		500020a6
ARR 50000e7d (sz=24, trace=300802, nelems=0, elem type=java.lang.Object[]@50000106)
ARR 50000e7e (sz=64, trace=300803, nelems=11, elem type=java.lang.String[]@500000b4)
	[0]		5000149b
	[1]		5000204c
	[2]		5000209f
	[3]		500020a0
	[4]		500021b5
	[5]		500020a2
	[6]		50001787
	[7]		500020a3
	[8]		500020a4
	[9]		500020a5
	[10]		500020a6
ARR 50000e7f (sz=24, trace=300804, nelems=0, elem type=java.lang.Object[]@50000106)
ARR 50000e80 (sz=64, trace=300805, nelems=11, elem type=java.lang.String[]@500000b4)
	[0]		5000149b
	[1]		5000204c
	[2]		5000209f
	[3]		500020a0
	[4]		500021ed
	[5]		500020a2
	[6]		50001787
	[7]		500020a3
	[8]		500020a4
	[9]		500020a5
	[10]		500020a6
ARR 50000e81 (sz=24, trace=300806, nelems=0, elem type=java.lang.Object[]@50000106)
ARR 50000e82 (sz=64, trace=300807, nelems=11, elem type=java.lang.String[]@500000b4)
	[0]		5000149b
	[1]		5000204c
	[2]		5000209f
	[3]		500020a0
	[4]		500020f7
	[5]		500020a2
	[6]		50001787
	[7]		500020a3
	[8]		500020a4
	[9]		500020a5
	[10]		500020a6
ARR 50000e83 (sz=24, trace=300808, nelems=0, elem type=java.lang.Object[]@50000106)
ARR 50000e84 (sz=64, trace=300809, nelems=11, elem type=java.lang.String[]@500000b4)
	[0]		5000149b
	[1]		5000204c
	[2]		5000209f
	[3]		500020a0
	[4]		500021d3
	[5]		500020a2
	[6]		50001787
	[7]		500020a3
	[8]		500020a4
	[9]		500020a5
	[10]		500020a6
ARR 50000e85 (sz=24, trace=300810, nelems=0, elem type=java.lang.Object[]@50000106)
ARR 50000e86 (sz=64, trace=300811, nelems=11, elem type=java.lang.String[]@500000b4)
	[0]		5000149b
	[1]		5000204c
	[2]		5000209f
	[3]		500020a0
	[4]		500021f5
	[5]		500020a2
	[6]		50001787
	[7]		500020a3
	[8]		500020a4
	[9]		500020a5
	[10]		500020a6
ARR 50000e87 (sz=24, trace=300812, nelems=0, elem type=java.lang.Object[]@50000106)
ARR 50000e88 (sz=64, trace=300813, nelems=11, elem type=java.lang.String[]@500000b4)
	[0]		5000149b
	[1]		5000204c
	[2]		5000209f
	[3]		500020a0
	[4]		5000214d
	[5]		500020a2
	[6]		50001787
	[7]		500020a3
	[8]		500020a4
	[9]		500020a5
	[10]		500020a6
ARR 50000e89 (sz=24, trace=300814, nelems=0, elem type=java.lang.Object[]@50000106)
ARR 50000e8a (sz=64, trace=300815, nelems=11, elem type=java.lang.String[]@500000b4)
	[0]		5000149b
	[1]		5000204c
	[2]		5000209f
	[3]		500020a0
	[4]		500020c3
	[5]		500020a2
	[6]		50001787
	[7]		500020a3
	[8]		500020a4
	[9]		500020a5
	[10]		500017a4
ARR 50000e8b (sz=24, trace=300816, nelems=0, elem type=java.lang.Object[]@50000106)
ARR 50000e8c (sz=64, trace=300817, nelems=11, elem type=java.lang.String[]@500000b4)
	[0]		5000149b
	[1]		5000204c
	[2]		5000209f
	[3]		500020a0
	[4]		500021f9
	[5]		500020a2
	[6]		50001787
	[7]		500020a3
	[8]		500020a4
	[9]		500020a5
	[10]		500020a6
ARR 50000e8d (sz=24, trace=300818, nelems=0, elem type=java.lang.Object[]@50000106)
ARR 50000e8e (sz=64, trace=300819, nelems=11, elem type=java.lang.String[]@500000b4)
	[0]		5000149b
	[1]		5000204c
	[2]		5000209f
	[3]		500020a0
	[4]		500020ff
	[5]		500020a2
	[6]		50001787
	[7]		500020a3
	[8]		500020a4
	[9]		500020a5
	[10]		500020a6
ARR 50000e8f (sz=24, trace=300820, nelems=0, elem type=java.lang.Object[]@50000106)
ARR 50000e90 (sz=64, trace=300821, nelems=11, elem type=java.lang.String[]@500000b4)
	[0]		5000149b
	[1]		5000204c
	[2]		5000209f
	[3]		500020a0
	[4]		50002203
	[5]		500020a2
	[6]		50001787
	[7]		500020a3
	[8]		500020a4
	[9]		500020a5
	[10]		500020a6
ARR 50000e91 (sz=24, trace=300822, nelems=0, elem type=java.lang.Object[]@50000106)
ARR 50000e92 (sz=64, trace=300823, nelems=11, elem type=java.lang.String[]@500000b4)
	[0]		5000149b
	[1]		5000204c
	[2]		5000209f
	[3]		500020a0
	[4]		500021ab
	[5]		500020a2
	[6]		50001787
	[7]		500020a3
	[8]		500020a4
	[9]		500020a5
	[10]		500020a6
ARR 50000e93 (sz=24, trace=300824, nelems=0, elem type=java.lang.Object[]@50000106)
ARR 50000e94 (sz=64, trace=300825, nelems=11, elem type=java.lang.String[]@500000b4)
	[0]		5000149b
	[1]		5000204c
	[2]		5000209f
	[3]		500020a0
	[4]		500021bb
	[5]		500020a2
	[6]		50001787
	[7]		500020a3
	[8]		500020a4
	[9]		500020a5
	[10]		500020a6
ARR 50000e95 (sz=24, trace=300826, nelems=0, elem type=java.lang.Object[]@50000106)
ARR 50000e96 (sz=64, trace=300827, nelems=11, elem type=java.lang.String[]@500000b4)
	[0]		5000149b
	[1]		5000204c
	[2]		5000209f
	[3]		500020a0
	[4]		500021e3
	[5]		500020a2
	[6]		50001787
	[7]		500020a3
	[8]		500020a4
	[9]		500020a5
	[10]		500020a6
ARR 50000e97 (sz=24, trace=300828, nelems=0, elem type=java.lang.Object[]@50000106)
ARR 50000e98 (sz=64, trace=300829, nelems=11, elem type=java.lang.String[]@500000b4)
	[0]		5000149b
	[1]		5000204c
	[2]		5000209f
	[3]		500020a0
	[4]		50002215
	[5]		500020a2
	[6]		50001787
	[7]		500020a3
	[8]		500020a4
	[9]		500020a5
	[10]		500020a6
ARR 50000e99 (sz=24, trace=300830, nelems=0, elem type=java.lang.Object[]@50000106)
ARR 50000e9a (sz=64, trace=300831, nelems=11, elem type=java.lang.String[]@500000b4)
	[0]		5000149b
	[1]		5000204c
	[2]		5000209f
	[3]		500020a0
	[4]		50002159
	[5]		500020a2
	[6]		50001787
	[7]		500020a3
	[8]		500020a4
	[9]		500020a5
	[10]		500020a6
ARR 50000e9b (sz=24, trace=300832, nelems=0, elem type=java.lang.Object[]@50000106)
ARR 50000e9c (sz=64, trace=300833, nelems=11, elem type=java.lang.String[]@500000b4)
	[0]		5000149b
	[1]		5000204c
	[2]		5000209f
	[3]		500020a0
	[4]		500020a1
	[5]		500020a2
	[6]		50001787
	[7]		500020a3
	[8]		500020a4
	[9]		500020a5
	[10]		500020a6
ARR 50000e9d (sz=24, trace=300834, nelems=0, elem type=java.lang.Object[]@50000106)
ARR 50000e9e (sz=64, trace=300835, nelems=11, elem type=java.lang.String[]@500000b4)
	[0]		5000149b
	[1]		5000204c
	[2]		5000209f
	[3]		500020a0
	[4]		500020fb
	[5]		500020a2
	[6]		50001787
	[7]		500020a3
	[8]		500020a4
	[9]		500020a5
	[10]		500020a6
ARR 50000e9f (sz=24, trace=300836, nelems=0, elem type=java.lang.Object[]@50000106)
ARR 50000ea0 (sz=64, trace=300837, nelems=11, elem type=java.lang.String[]@500000b4)
	[0]		5000149b
	[1]		5000204c
	[2]		5000209f
	[3]		500020a0
	[4]		500021a7
	[5]		500020a2
	[6]		50001787
	[7]		500020a3
	[8]		500020a4
	[9]		500020a5
	[10]		500020a6
ARR 50000ea1 (sz=24, trace=300838, nelems=0, elem type=java.lang.Object[]@50000106)
ARR 50000ea2 (sz=64, trace=300839, nelems=11, elem type=java.lang.String[]@500000b4)
	[0]		5000149b
	[1]		5000204c
	[2]		5000209f
	[3]		500020a0
	[4]		500021c9
	[5]		500020a2
	[6]		50001787
	[7]		500020a3
	[8]		500020a4
	[9]		500020a5
	[10]		500020a6
ARR 50000ea3 (sz=24, trace=300840, nelems=0, elem type=java.lang.Object[]@50000106)
ARR 50000ea4 (sz=64, trace=300841, nelems=11, elem type=java.lang.String[]@500000b4)
	[0]		5000149b
	[1]		5000204c
	[2]		5000209f
	[3]		500020a0
	[4]		500021d7
	[5]		500020a2
	[6]		50001787
	[7]		500020a3
	[8]		500020a4
	[9]		500020a5
	[10]		500020a6
ARR 50000ea5 (sz=24, trace=300842, nelems=0, elem type=java.lang.Object[]@50000106)
ARR 50000ea6 (sz=64, trace=300843, nelems=11, elem type=java.lang.String[]@500000b4)
	[0]		5000149b
	[1]		5000204c
	[2]		5000209f
	[3]		500020a0
	[4]		500021c5
	[5]		500020a2
	[6]		50001787
	[7]		500020a3
	[8]		500020a4
	[9]		500020a5
	[10]		500020a6
ARR 50000ea7 (sz=24, trace=300844, nelems=0, elem type=java.lang.Object[]@50000106)
ARR 50000ea8 (sz=64, trace=300845, nelems=11, elem type=java.lang.String[]@500000b4)
	[0]		5000149b
	[1]		5000204c
	[2]		5000209f
	[3]		500020a0
	[4]		5000216d
	[5]		500020a2
	[6]		50001787
	[7]		500020a3
	[8]		500020a4
	[9]		500020a5
	[10]		500020a6
ARR 50000ea9 (sz=24, trace=300846, nelems=0, elem type=java.lang.Object[]@50000106)
ARR 50000eaa (sz=64, trace=300847, nelems=11, elem type=java.lang.String[]@500000b4)
	[0]		5000149b
	[1]		5000204c
	[2]		5000209f
	[3]		500020a0
	[4]		500021bf
	[5]		500020a2
	[6]		50001787
	[7]		500020a3
	[8]		500020a4
	[9]		500020a5
	[10]		500017a4
ARR 50000eab (sz=24, trace=300848, nelems=0, elem type=java.lang.Object[]@50000106)
ARR 50000eac (sz=64, trace=300849, nelems=11, elem type=java.lang.String[]@500000b4)
	[0]		5000149b
	[1]		5000204c
	[2]		5000209f
	[3]		500020a0
	[4]		50002151
	[5]		500020a2
	[6]		50001787
	[7]		500020a3
	[8]		500020a4
	[9]		500020a5
	[10]		500020a6
ARR 50000ead (sz=24, trace=300850, nelems=0, elem type=java.lang.Object[]@50000106)
ARR 50000eae (sz=64, trace=300851, nelems=11, elem type=java.lang.String[]@500000b4)
	[0]		5000149b
	[1]		5000204c
	[2]		5000209f
	[3]		500020a0
	[4]		500020c7
	[5]		500020a2
	[6]		50001787
	[7]		500020a3
	[8]		500020a4
	[9]		500020a5
	[10]		500020a6
ARR 50000eaf (sz=24, trace=300852, nelems=0, elem type=java.lang.Object[]@50000106)
ARR 50000eb0 (sz=32, trace=300853, nelems=4, elem type=java.lang.String[]@500000b4)
	[0]		500021db
	[1]		500021db
	[2]		500021dc
	[3]		500021dd
ARR 50000eb1 (sz=24, trace=300854, nelems=0, elem type=java.lang.Object[]@50000106)
ARR 50000eb2 (sz=32, trace=300855, nelems=4, elem type=java.lang.String[]@500000b4)
	[0]		500020ed
	[1]		500020ee
	[2]		500020ef
	[3]		500020f0
ARR 50000eb3 (sz=24, trace=300856, nelems=0, elem type=java.lang.Object[]@50000106)
ARR 50000eb4 (sz=24, trace=300857, nelems=1, elem type=java.lang.String[]@500000b4)
	[0]		500020e5
ARR 50000eb5 (sz=24, trace=300858, nelems=0, elem type=java.lang.Object[]@50000106)
ARR 50000eb6 (sz=32, trace=300859, nelems=4, elem type=java.lang.String[]@500000b4)
	[0]		500020bb
	[1]		500020bb
	[2]		500020bc
	[3]		500020bd
ARR 50000eb7 (sz=24, trace=300860, nelems=0, elem type=java.lang.Object[]@50000106)
ARR 50000eb8 (sz=32, trace=300861, nelems=4, elem type=java.lang.String[]@500000b4)
	[0]		50002133
	[1]		50002134
	[2]		50002135
	[3]		50002136
ARR 50000eb9 (sz=24, trace=300862, nelems=0, elem type=java.lang.Object[]@50000106)
ARR 50000eba (sz=24, trace=300863, nelems=1, elem type=java.lang.String[]@500000b4)
	[0]		5000212b
ARR 50000ebb (sz=24, trace=300864, nelems=0, elem type=java.lang.Object[]@50000106)
ARR 50000ebc (sz=32, trace=300865, nelems=4, elem type=java.lang.String[]@500000b4)
	[0]		500021db
	[1]		500021db
	[2]		500021dc
	[3]		500021dd
ARR 50000ebd (sz=24, trace=300866, nelems=0, elem type=java.lang.Object[]@50000106)
ARR 50000ebe (sz=32, trace=300867, nelems=4, elem type=java.lang.String[]@500000b4)
	[0]		50002193
	[1]		50002194
	[2]		50002195
	[3]		50002196
ARR 50000ebf (sz=24, trace=300868, nelems=0, elem type=java.lang.Object[]@50000106)
ARR 50000ec0 (sz=24, trace=300869, nelems=1, elem type=java.lang.String[]@500000b4)
	[0]		500020e5
ARR 50000ec1 (sz=24, trace=300870, nelems=0, elem type=java.lang.Object[]@50000106)
ARR 50000ec2 (sz=24, trace=300871, nelems=0, elem type=java.lang.Object[]@50000106)
ARR 50000ec3 (sz=80, trace=300717, nelems=0, elem type=java.util.concurrent.ConcurrentHashMap$Node[]@50000023)
OBJ 50000ec4 (sz=32, trace=300718, class=java.util.concurrent.ConcurrentHashMap$Node@50000024)
OBJ 50000ec5 (sz=32, trace=300872, class=java.util.concurrent.ConcurrentHashMap$Node@50000024)
	key		500020c9
	val		50000e4b
OBJ 50000ec6 (sz=32, trace=300718, class=java.util.concurrent.ConcurrentHashMap$Node@50000024)
OBJ 50000ec7 (sz=32, trace=300872, class=java.util.concurrent.ConcurrentHashMap$Node@50000024)
OBJ 50000ec8 (sz=32, trace=300718, class=java.util.concurrent.ConcurrentHashMap$Node@50000024)
OBJ 50000ec9 (sz=32, trace=300718, class=java.util.concurrent.ConcurrentHashMap$Node@50000024)
	key		5000210d
	val		50000e53
OBJ 50000eca (sz=32, trace=300718, class=java.util.concurrent.ConcurrentHashMap$Node@50000024)
OBJ 50000ecb (sz=32, trace=300718, class=java.util.concurrent.ConcurrentHashMap$Node@50000024)
OBJ 50000ecc (sz=32, trace=300718, class=java.util.concurrent.ConcurrentHashMap$Node@50000024)
OBJ 50000ecd (sz=32, trace=300872, class=java.util.concurrent.ConcurrentHashMap$Node@50000024)
	key		50002097
	val		50000e43
OBJ 50000ece (sz=32, trace=300872, class=java.util.concurrent.ConcurrentHashMap$Node@50000024)
OBJ 50000ecf (sz=32, trace=300872, class=java.util.concurrent.ConcurrentHashMap$Node@50000024)
ARR 50000ed0 (sz=144, trace=300873, nelems=0, elem type=java.util.concurrent.ConcurrentHashMap$Node[]@50000023)
OBJ 50000ed2 (sz=32, trace=300875, class=java.util.concurrent.ConcurrentHashMap$ForwardingNode@50000ed1)
OBJ 50000ed3 (sz=32, trace=300876, class=java.util.concurrent.ConcurrentHashMap$Node@50000024)
OBJ 50000ed4 (sz=32, trace=300876, class=java.util.concurrent.ConcurrentHashMap$Node@50000024)
	key		50002221
	val		50000e49
OBJ 50000ed5 (sz=32, trace=300718, class=java.util.concurrent.ConcurrentHashMap$Node@50000024)
	key		500021e5
	val		50000e44
OBJ 50000ed6 (sz=32, trace=300718, class=java.util.concurrent.ConcurrentHashMap$Node@50000024)
	key		5000220f
	val		50000e44
	next		50000ed8
OBJ 50000ed7 (sz=32, trace=300718, class=java.util.concurrent.ConcurrentHashMap$Node@50000024)
	key		500020af
	val		50000e46
OBJ 50000ed8 (sz=32, trace=300872, class=java.util.concurrent.ConcurrentHashMap$Node@50000024)
	key		50002211
	val		50000e45
	next		50000efc
OBJ 50000ed9 (sz=32, trace=300872, class=java.util.concurrent.ConcurrentHashMap$Node@50000024)
	key		500021e7
	val		50000e45
OBJ 50000eda (sz=32, trace=300718, class=java.util.concurrent.ConcurrentHashMap$Node@50000024)
OBJ 50000edb (sz=32, trace=300718, class=java.util.concurrent.ConcurrentHashMap$Node@50000024)
	key		50002105
	val		50000e65
OBJ 50000edc (sz=32, trace=300872, class=java.util.concurrent.ConcurrentHashMap$Node@50000024)
	key		500021c1
	val		500013fe
	next		50000f0e
OBJ 50000edd (sz=32, trace=300872, class=java.util.concurrent.ConcurrentHashMap$Node@50000024)
	key		500020c1
	val		50000e68
	next		50000f12
OBJ 50000ede (sz=32, trace=300718, class=java.util.concurrent.ConcurrentHashMap$Node@50000024)
	key		5000215b
	val		50000e6a
OBJ 50000edf (sz=32, trace=300872, class=java.util.concurrent.ConcurrentHashMap$Node@50000024)
	key		50002217
	val		50000e6c
OBJ 50000ee0 (sz=32, trace=300718, class=java.util.concurrent.ConcurrentHashMap$Node@50000024)
	key		500020e7
	val		50000e6e
	next		50000f14
ARR 50000ee1 (sz=272, trace=300873, nelems=0, elem type=java.util.concurrent.ConcurrentHashMap$Node[]@50000023)
OBJ 50000ee2 (sz=32, trace=300875, class=java.util.concurrent.ConcurrentHashMap$ForwardingNode@50000ed1)
OBJ 50000ee3 (sz=32, trace=300876, class=java.util.concurrent.ConcurrentHashMap$Node@50000024)
	key		500021b7
	val		50000e43
OBJ 50000ee4 (sz=32, trace=300877, class=java.util.concurrent.ConcurrentHashMap$Node@50000024)
OBJ 50000ee5 (sz=32, trace=300876, class=java.util.concurrent.ConcurrentHashMap$Node@50000024)
	key		5000213b
	val		50000e4f
	next		50000ef4
OBJ 50000ee6 (sz=32, trace=300877, class=java.util.concurrent.ConcurrentHashMap$Node@50000024)
	key		5000219b
	val		50000e57
	next		50000ef5
OBJ 50000ee7 (sz=32, trace=300877, class=java.util.concurrent.ConcurrentHashMap$Node@50000024)
	key		500021b1
	val		50000e63
OBJ 50000ee8 (sz=32, trace=300718, class=java.util.concurrent.ConcurrentHashMap$Node@50000024)
	key		500021ad
	val		50000e70
OBJ 50000ee9 (sz=32, trace=300718, class=java.util.concurrent.ConcurrentHashMap$Node@50000024)
OBJ 50000eea (sz=32, trace=300718, class=java.util.concurrent.ConcurrentHashMap$Node@50000024)
OBJ 50000eeb (sz=32, trace=300872, class=java.util.concurrent.ConcurrentHashMap$Node@50000024)
	key		500021ef
	val		50000e76
	next		50000ef3
OBJ 50000eec (sz=32, trace=300718, class=java.util.concurrent.ConcurrentHashMap$Node@50000024)
OBJ 50000eed (sz=32, trace=300718, class=java.util.concurrent.ConcurrentHashMap$Node@50000024)
	key		50002173
	val		50000e7a
OBJ 50000eee (sz=32, trace=300718, class=java.util.concurrent.ConcurrentHashMap$Node@50000024)
	key		500021fd
	val		50000e7c
OBJ 50000eef (sz=32, trace=300718, class=java.util.concurrent.ConcurrentHashMap$Node@50000024)
	key		500021b3
	val		50000e7e
OBJ 50000ef0 (sz=32, trace=300718, class=java.util.concurrent.ConcurrentHashMap$Node@50000024)
	key		500021eb
	val		50000e80
OBJ 50000ef1 (sz=32, trace=300718, class=java.util.concurrent.ConcurrentHashMap$Node@50000024)
	key		500020f5
	val		50000e82
OBJ 50000ef2 (sz=32, trace=300872, class=java.util.concurrent.ConcurrentHashMap$Node@50000024)
	key		500021d1
	val		50000e84
	next		50000f0d
OBJ 50000ef3 (sz=32, trace=300872, class=java.util.concurrent.ConcurrentHashMap$Node@50000024)
	key		500021f3
	val		50000e86
OBJ 50000ef4 (sz=32, trace=300872, class=java.util.concurrent.ConcurrentHashMap$Node@50000024)
	key		5000214b
	val		50000e88
OBJ 50000ef5 (sz=32, trace=300872, class=java.util.concurrent.ConcurrentHashMap$Node@50000024)
	key		500021a1
	val		50000e8a
OBJ 50000ef6 (sz=32, trace=300718, class=java.util.concurrent.ConcurrentHashMap$Node@50000024)
	key		500021f7
	val		50000e8c
	next		50000f13
OBJ 50000ef7 (sz=32, trace=300718, class=java.util.concurrent.ConcurrentHashMap$Node@50000024)
	key		500020fd
	val		50000e8e
OBJ 50000ef8 (sz=32, trace=300872, class=java.util.concurrent.ConcurrentHashMap$Node@50000024)
OBJ 50000ef9 (sz=32, trace=300718, class=java.util.concurrent.ConcurrentHashMap$Node@50000024)
	key		500021a9
	val		50000e92
OBJ 50000efa (sz=32, trace=300872, class=java.util.concurrent.ConcurrentHashMap$Node@50000024)
	key		500021b9
	val		50000e94
OBJ 50000efb (sz=32, trace=300718, class=java.util.concurrent.ConcurrentHashMap$Node@50000024)
	key		500021e1
	val		50000e96
OBJ 50000efc (sz=32, trace=300872, class=java.util.concurrent.ConcurrentHashMap$Node@50000024)
	key		50002213
	val		50000e98
OBJ 50000efd (sz=32, trace=300872, class=java.util.concurrent.ConcurrentHashMap$Node@50000024)
	key		50002157
	val		50000e9a
OBJ 50000efe (sz=32, trace=300872, class=java.util.concurrent.ConcurrentHashMap$Node@50000024)
	key		5000209d
	val		50000e9c
OBJ 50000eff (sz=32, trace=300718, class=java.util.concurrent.ConcurrentHashMap$Node@50000024)
	key		500020f9
	val		50000e9e
ARR 50000f00 (sz=528, trace=300873, nelems=127, elem type=java.util.concurrent.ConcurrentHashMap$Node[]@50000023)
	[0]		50000ed4
	[2]		50000f1d
	[3]		50000edf
	[5]		50000ed6
	[6]		50000f1c
	[7]		50000f0a
	[9]		50000eee
	[11]		50000ef6
	[12]		50000eeb
	[15]		50000ef0
	[17]		50000ed9
	[18]		50000ed5
	[21]		50000efb
	[22]		50000f19
	[23]		50000f06
	[24]		50000f0c
	[25]		50000edc
	[27]		50000f10
	[28]		50000efa
	[30]		50000ee3
	[32]		50000eef
	[35]		50000ee7
	[39]		50000ee8
	[41]		50000ef9
	[43]		50000f0b
	[48]		50000f15
	[49]		50000ee6
	[51]		50000f03
	[52]		50000eed
	[61]		50000f02
	[67]		50000f0f
	[70]		50000ede
	[71]		50000efd
	[76]		50000f08
	[77]		50000f11
	[83]		50000ee5
	[84]		50000f17
	[87]		50000f07
	[89]		50000f05
	[90]		50000ec9
	[91]		50000edb
	[92]		50000f04
	[93]		50000ef7
	[101]		50000eff
	[104]		50000ef1
	[108]		50000ee0
	[110]		50000f1b
	[112]		50000ec5
	[115]		50000edd
	[117]		50000f16
	[124]		50000ed7
	[125]		50000efe
	[126]		50000ecd
OBJ 50000f01 (sz=32, trace=300875, class=java.util.concurrent.ConcurrentHashMap$ForwardingNode@50000ed1)
OBJ 50000f02 (sz=32, trace=300876, class=java.util.concurrent.ConcurrentHashMap$Node@50000024)
	key		5000216f
	val		50000e72
OBJ 50000f03 (sz=32, trace=300876, class=java.util.concurrent.ConcurrentHashMap$Node@50000024)
	key		50002177
	val		50000e4d
	next		50000f1a
OBJ 50000f04 (sz=32, trace=300877, class=java.util.concurrent.ConcurrentHashMap$Node@50000024)
	key		50002101
	val		50000e78
OBJ 50000f05 (sz=32, trace=300877, class=java.util.concurrent.ConcurrentHashMap$Node@50000024)
	key		50002119
	val		50000e51
	next		50000f18
OBJ 50000f06 (sz=32, trace=300876, class=java.util.concurrent.ConcurrentHashMap$Node@50000024)
	key		500021cb
	val		50000e5b
	next		50000ef2
OBJ 50000f07 (sz=32, trace=300877, class=java.util.concurrent.ConcurrentHashMap$Node@50000024)
	key		5000212d
	val		50000e44
OBJ 50000f08 (sz=32, trace=300877, class=java.util.concurrent.ConcurrentHashMap$Node@50000024)
	key		50002153
	val		50000e74
OBJ 50000f09 (sz=32, trace=300876, class=java.util.concurrent.ConcurrentHashMap$Node@50000024)
	key		50002205
	val		50000e55
OBJ 50000f0a (sz=32, trace=300876, class=java.util.concurrent.ConcurrentHashMap$Node@50000024)
	key		50002201
	val		50000e90
	next		50000f09
OBJ 50000f0b (sz=32, trace=300718, class=java.util.concurrent.ConcurrentHashMap$Node@50000024)
	key		500021a5
	val		50000ea0
OBJ 50000f0c (sz=32, trace=300718, class=java.util.concurrent.ConcurrentHashMap$Node@50000024)
	key		500021c7
	val		50000ea2
OBJ 50000f0d (sz=32, trace=300872, class=java.util.concurrent.ConcurrentHashMap$Node@50000024)
	key		500021d5
	val		50000ea4
OBJ 50000f0e (sz=32, trace=300872, class=java.util.concurrent.ConcurrentHashMap$Node@50000024)
	key		500021c3
	val		50000ea6
OBJ 50000f0f (sz=32, trace=300718, class=java.util.concurrent.ConcurrentHashMap$Node@50000024)
	key		5000216b
	val		50000ea8
OBJ 50000f10 (sz=32, trace=300718, class=java.util.concurrent.ConcurrentHashMap$Node@50000024)
	key		500021bd
	val		50000eaa
OBJ 50000f11 (sz=32, trace=300718, class=java.util.concurrent.ConcurrentHashMap$Node@50000024)
	key		5000214f
	val		50000eac
OBJ 50000f12 (sz=32, trace=300872, class=java.util.concurrent.ConcurrentHashMap$Node@50000024)
	key		500020c5
	val		50000eae
OBJ 50000f13 (sz=32, trace=300872, class=java.util.concurrent.ConcurrentHashMap$Node@50000024)
	key		500021fb
	val		50000eb0
OBJ 50000f14 (sz=32, trace=300872, class=java.util.concurrent.ConcurrentHashMap$Node@50000024)
	key		500020eb
	val		50000eb2
OBJ 50000f15 (sz=32, trace=300718, class=java.util.concurrent.ConcurrentHashMap$Node@50000024)
	key		500021a3
	val		50000eb4
OBJ 50000f16 (sz=32, trace=300718, class=java.util.concurrent.ConcurrentHashMap$Node@50000024)
	key		500020b9
	val		50000eb6
OBJ 50000f17 (sz=32, trace=300718, class=java.util.concurrent.ConcurrentHashMap$Node@50000024)
	key		50002131
	val		50000eb8
OBJ 50000f18 (sz=32, trace=300872, class=java.util.concurrent.ConcurrentHashMap$Node@50000024)
	key		50002129
	val		50000eba
OBJ 50000f19 (sz=32, trace=300718, class=java.util.concurrent.ConcurrentHashMap$Node@50000024)
	key		500021d9
	val		50000ebc
OBJ 50000f1a (sz=32, trace=300872, class=java.util.concurrent.ConcurrentHashMap$Node@50000024)
	key		50002191
	val		50000ebe
OBJ 50000f1b (sz=32, trace=300718, class=java.util.concurrent.ConcurrentHashMap$Node@50000024)
	key		500020e3
	val		50000ec0
OBJ 50000f1c (sz=32, trace=300718, class=java.util.concurrent.ConcurrentHashMap$Node@50000024)
	key		5000220c
	val		5000220b
OBJ 50000f1d (sz=32, trace=300718, class=java.util.concurrent.ConcurrentHashMap$Node@50000024)
	key		5000221e
	val		5000221d
OBJ 50000f1e (sz=24, trace=300735, class=java.util.concurrent.ConcurrentHashMap$KeySetView@5000001f)
	map		50000e42
OBJ 50000f1f (sz=24, trace=300736, class=sun.util.resources.ParallelListResourceBundle$KeySet@50000e32)
	set		50000f1e
OBJ 50000f20 (sz=24, trace=300878, class=java.lang.StringBuilder@5000011f)
ARR 50000f21 (sz=48, trace=300879, nelems=0, elem type=char[])
OBJ 50000f22 (sz=24, trace=300880, class=java.lang.String@5000016b)
ARR 50000f23 (sz=48, trace=300881, nelems=0, elem type=char[])
OBJ 50000f24 (sz=48, trace=300882, class=sun.util.locale.provider.LocaleResources$ResourceReference@50000e18)
	referent	50000e31
	queue		50000d9d
	cacheKey	500022d6
OBJ 50000f25 (sz=32, trace=300883, class=java.util.concurrent.ConcurrentHashMap$Node@50000024)
	key		500022d6
	val		50000f24
OBJ 50000f27 (sz=64, trace=300885, class=java.util.concurrent.ConcurrentHashMap@5000002b)
	table		50000f8d
OBJ 50000f29 (sz=16, trace=300887, class=java.util.Currency$1@50000f28)
OBJ 50000f2a (sz=24, trace=300888, class=java.lang.StringBuilder@5000011f)
ARR 50000f2b (sz=48, trace=300889, nelems=0, elem type=char[])
ARR 50000f2c (sz=88, trace=300011, nelems=0, elem type=char[])
ARR 50000f2d (sz=160, trace=300011, nelems=0, elem type=char[])
OBJ 50000f2e (sz=24, trace=300890, class=java.lang.String@5000016b)
	value		50000f2f
ARR 50000f2f (sz=102, trace=300891, nelems=51, elem type=char[])
OBJ 50000f32 (sz=32, trace=300893, class=java.io.File@50000119)
OBJ 50000f33 (sz=32, trace=300894, class=java.io.FileInputStream@500000c0)
	fd		50000f36
	path		50000f2e
	closeLock	50000f35
OBJ 50000f34 (sz=40, trace=300133, class=java.lang.ref.Finalizer@5000014a)
	referent	50000f33
	queue		500012f6
	next		500003ee
OBJ 50000f35 (sz=16, trace=300895, class=java.lang.Object@5000016f)
OBJ 50000f36 (sz=40, trace=300896, class=java.io.FileDescriptor@500000bf)
	parent		50000f33
OBJ 50000f37 (sz=40, trace=300897, class=java.io.BufferedInputStream@500000ab)
ARR 50000f38 (sz=8208, trace=300898, nelems=0, elem type=byte[])
OBJ 50000f39 (sz=32, trace=300899, class=java.io.DataInputStream@50000f31)
ARR 50000f3a (sz=96, trace=300900, nelems=0, elem type=byte[])
ARR 50000f3b (sz=176, trace=300901, nelems=0, elem type=char[])
ARR 50000f3c (sz=24, trace=300902, nelems=0, elem type=byte[])
ARR 50000f3d (sz=2704, trace=300903, nelems=676, elem type=int[])
ARR 50000f3e (sz=136, trace=300904, nelems=17, elem type=long[])
ARR 50000f3f (sz=88, trace=300905, nelems=17, elem type=java.lang.String[]@500000b4)
	[0]		50000f40
	[1]		50000f42
	[2]		50000f44
	[3]		50000f46
	[4]		50000f48
	[5]		50000f4a
	[6]		50000f4c
	[7]		50000f4e
	[8]		50000f50
	[9]		50000f52
	[10]		50000f54
	[11]		50000f56
	[12]		50000f58
	[13]		50000f5a
	[14]		50000f5c
	[15]		50000f5e
	[16]		50000f60
OBJ 50000f40 (sz=24, trace=300906, class=java.lang.String@5000016b)
	value		50000f41
ARR 50000f41 (sz=6, trace=300907, nelems=3, elem type=char[])
OBJ 50000f42 (sz=24, trace=300906, class=java.lang.String@5000016b)
	value		50000f43
ARR 50000f43 (sz=6, trace=300907, nelems=3, elem type=char[])
OBJ 50000f44 (sz=24, trace=300906, class=java.lang.String@5000016b)
	value		50000f45
ARR 50000f45 (sz=6, trace=300907, nelems=3, elem type=char[])
OBJ 50000f46 (sz=24, trace=300906, class=java.lang.String@5000016b)
	value		50000f47
ARR 50000f47 (sz=6, trace=300907, nelems=3, elem type=char[])
OBJ 50000f48 (sz=24, trace=300906, class=java.lang.String@5000016b)
	value		50000f49
ARR 50000f49 (sz=6, trace=300907, nelems=3, elem type=char[])
OBJ 50000f4a (sz=24, trace=300906, class=java.lang.String@5000016b)
	value		50000f4b
ARR 50000f4b (sz=6, trace=300907, nelems=3, elem type=char[])
OBJ 50000f4c (sz=24, trace=300906, class=java.lang.String@5000016b)
	value		50000f4d
ARR 50000f4d (sz=6, trace=300907, nelems=3, elem type=char[])
OBJ 50000f4e (sz=24, trace=300906, class=java.lang.String@5000016b)
	value		50000f4f
ARR 50000f4f (sz=6, trace=300907, nelems=3, elem type=char[])
OBJ 50000f50 (sz=24, trace=300906, class=java.lang.String@5000016b)
	value		50000f51
ARR 50000f51 (sz=6, trace=300907, nelems=3, elem type=char[])
OBJ 50000f52 (sz=24, trace=300906, class=java.lang.String@5000016b)
	value		50000f53
ARR 50000f53 (sz=6, trace=300907, nelems=3, elem type=char[])
OBJ 50000f54 (sz=24, trace=300906, class=java.lang.String@5000016b)
	value		50000f55
ARR 50000f55 (sz=6, trace=300907, nelems=3, elem type=char[])
OBJ 50000f56 (sz=24, trace=300906, class=java.lang.String@5000016b)
	value		50000f57
ARR 50000f57 (sz=6, trace=300907, nelems=3, elem type=char[])
OBJ 50000f58 (sz=24, trace=300906, class=java.lang.String@5000016b)
	value		50000f59
ARR 50000f59 (sz=6, trace=300907, nelems=3, elem type=char[])
OBJ 50000f5a (sz=24, trace=300906, class=java.lang.String@5000016b)
	value		50000f5b
ARR 50000f5b (sz=6, trace=300907, nelems=3, elem type=char[])
OBJ 50000f5c (sz=24, trace=300906, class=java.lang.String@5000016b)
	value		50000f5d
ARR 50000f5d (sz=6, trace=300907, nelems=3, elem type=char[])
OBJ 50000f5e (sz=24, trace=300906, class=java.lang.String@5000016b)
	value		50000f5f
ARR 50000f5f (sz=6, trace=300907, nelems=3, elem type=char[])
OBJ 50000f60 (sz=24, trace=300906, class=java.lang.String@5000016b)
	value		50000f61
ARR 50000f61 (sz=6, trace=300907, nelems=3, elem type=char[])
ARR 50000f62 (sz=88, trace=300908, nelems=17, elem type=java.lang.String[]@500000b4)
	[0]		50000f63
	[1]		50000f64
	[2]		50000f65
	[3]		50000f66
	[4]		50000f67
	[5]		50000f68
	[6]		50000f69
	[7]		50000f6a
	[8]		50000f6b
	[9]		50000f6c
	[10]		50000f6d
	[11]		50000f6e
	[12]		50000f6f
	[13]		50000f70
	[14]		50000f72
	[15]		50000f74
	[16]		50000f75
OBJ 50000f63 (sz=24, trace=300906, class=java.lang.String@5000016b)
	value		5000177b
OBJ 50000f64 (sz=24, trace=300906, class=java.lang.String@5000016b)
	value		5000177b
OBJ 50000f65 (sz=24, trace=300906, class=java.lang.String@5000016b)
	value		5000177b
OBJ 50000f66 (sz=24, trace=300906, class=java.lang.String@5000016b)
	value		5000177b
OBJ 50000f67 (sz=24, trace=300906, class=java.lang.String@5000016b)
	value		5000177b
OBJ 50000f68 (sz=24, trace=300906, class=java.lang.String@5000016b)
	value		5000177b
OBJ 50000f69 (sz=24, trace=300906, class=java.lang.String@5000016b)
	value		5000177b
OBJ 50000f6a (sz=24, trace=300906, class=java.lang.String@5000016b)
	value		5000177b
OBJ 50000f6b (sz=24, trace=300906, class=java.lang.String@5000016b)
	value		5000177b
OBJ 50000f6c (sz=24, trace=300906, class=java.lang.String@5000016b)
	value		5000177b
OBJ 50000f6d (sz=24, trace=300906, class=java.lang.String@5000016b)
	value		5000177b
OBJ 50000f6e (sz=24, trace=300906, class=java.lang.String@5000016b)
	value		5000177b
OBJ 50000f6f (sz=24, trace=300906, class=java.lang.String@5000016b)
	value		5000177b
OBJ 50000f70 (sz=24, trace=300906, class=java.lang.String@5000016b)
	value		50000f71
ARR 50000f71 (sz=6, trace=300907, nelems=3, elem type=char[])
OBJ 50000f72 (sz=24, trace=300906, class=java.lang.String@5000016b)
	value		50000f73
ARR 50000f73 (sz=6, trace=300907, nelems=3, elem type=char[])
OBJ 50000f74 (sz=24, trace=300906, class=java.lang.String@5000016b)
	value		5000177b
OBJ 50000f75 (sz=24, trace=300906, class=java.lang.String@5000016b)
	value		5000177b
ARR 50000f76 (sz=68, trace=300909, nelems=17, elem type=int[])
ARR 50000f77 (sz=68, trace=300910, nelems=17, elem type=int[])
ARR 50000f78 (sz=68, trace=300911, nelems=17, elem type=int[])
ARR 50000f79 (sz=68, trace=300912, nelems=17, elem type=int[])
ARR 50000f7a (sz=592, trace=300913, nelems=0, elem type=byte[])
ARR 50000f7b (sz=1168, trace=300914, nelems=0, elem type=char[])
OBJ 50000f7c (sz=24, trace=300915, class=java.lang.String@5000016b)
	value		50000f7d
ARR 50000f7d (sz=574, trace=300907, nelems=287, elem type=char[])
ARR 50000f7e (sz=288, trace=300916, nelems=72, elem type=int[])
ARR 50000f7f (sz=288, trace=300917, nelems=72, elem type=int[])
OBJ 50000f80 (sz=16, trace=300918, class=java.io.FileInputStream$1@50000013)
OBJ 50000f81 (sz=24, trace=300919, class=java.lang.StringBuilder@5000011f)
ARR 50000f82 (sz=48, trace=300920, nelems=0, elem type=char[])
ARR 50000f83 (sz=88, trace=300011, nelems=0, elem type=char[])
ARR 50000f84 (sz=160, trace=300011, nelems=0, elem type=char[])
OBJ 50000f85 (sz=24, trace=300921, class=java.lang.String@5000016b)
ARR 50000f86 (sz=136, trace=300922, nelems=0, elem type=char[])
OBJ 50000f87 (sz=32, trace=300923, class=java.io.File@50000119)
OBJ 50000f88 (sz=24, trace=300924, class=java.lang.StringBuilder@5000011f)
ARR 50000f89 (sz=56, trace=300925, nelems=0, elem type=char[])
OBJ 50000f8a (sz=24, trace=300926, class=java.lang.String@5000016b)
	value		50000f8b
ARR 50000f8b (sz=6, trace=300927, nelems=3, elem type=char[])
OBJ 50000f8c (sz=24, trace=300928, class=java.util.Currency@50000f26)
	currencyCode	50000f8a
ARR 50000f8d (sz=80, trace=300929, nelems=8, elem type=java.util.concurrent.ConcurrentHashMap$Node[]@50000023)
	[7]		50000f8e
OBJ 50000f8e (sz=32, trace=300930, class=java.util.concurrent.ConcurrentHashMap$Node@50000024)
	key		50000f8a
	val		50000f8c
OBJ 50000f91 (sz=64, trace=300933, class=java.util.concurrent.ConcurrentHashMap@5000002b)
	table		5000112c
ARR 50000f92 (sz=56, trace=300934, nelems=10, elem type=java.lang.Class[]@50000101)
	[0]		50000f93
	[1]		50000f94
	[2]		50000f95
	[3]		50000f96
	[4]		50000e1d
	[5]		50000b63
	[6]		50000f8f
	[7]		50000f97
	[8]		50000f98
	[9]		50000f99
OBJ 50000f9a (sz=32, trace=300942, class=sun.util.locale.provider.LocaleServiceProviderPool@50000f90)
	providers	50000f9b
	providersCache	50000f9c
	providerClass	50000f8f
OBJ 50000f9b (sz=64, trace=300943, class=java.util.concurrent.ConcurrentHashMap@5000002b)
	table		50001113
OBJ 50000f9c (sz=64, trace=300944, class=java.util.concurrent.ConcurrentHashMap@5000002b)
OBJ 50000f9d (sz=24, trace=300945, class=java.util.Collections$UnmodifiableCollection$1@50000b80)
OBJ 50000f9e (sz=32, trace=300599, class=java.util.ArrayList$Itr@50000b82)
OBJ 50000f9f (sz=24, trace=300602, class=java.lang.String@5000016b)
ARR 50000fa0 (sz=56, trace=300603, nelems=0, elem type=char[])
OBJ 50000fa2 (sz=16, trace=300609, class=java.util.HashSet@50000005)
	map		50000fa3
OBJ 50000fa3 (sz=48, trace=300610, class=java.util.HashMap@500000b2)
	table		500010ce
OBJ 50000fa4 (sz=48, trace=300611, class=java.util.StringTokenizer@50000044)
OBJ 50000fa5 (sz=24, trace=300612, class=java.lang.String@5000016b)
	value		50000fa6
ARR 50000fa6 (sz=10, trace=300613, nelems=5, elem type=char[])
ARR 50000fa7 (sz=80, trace=300222, nelems=0, elem type=java.util.HashMap$Node[]@500000b0)
OBJ 50000fa8 (sz=32, trace=300081, class=java.util.HashMap$Node@500000b1)
	key		50000fa5
	value		50001cc9
	next		50000fe1
OBJ 50000fa9 (sz=24, trace=300612, class=java.lang.String@5000016b)
	value		50000faa
ARR 50000faa (sz=10, trace=300613, nelems=5, elem type=char[])
OBJ 50000fab (sz=32, trace=300081, class=java.util.HashMap$Node@500000b1)
	key		50000fa9
	value		50001cc9
OBJ 50000fac (sz=24, trace=300612, class=java.lang.String@5000016b)
	value		50000fad
ARR 50000fad (sz=10, trace=300613, nelems=5, elem type=char[])
OBJ 50000fae (sz=32, trace=300081, class=java.util.HashMap$Node@500000b1)
	key		50000fac
	value		50001cc9
OBJ 50000faf (sz=24, trace=300612, class=java.lang.String@5000016b)
	value		50000fb0
ARR 50000fb0 (sz=10, trace=300613, nelems=5, elem type=char[])
OBJ 50000fb1 (sz=32, trace=300081, class=java.util.HashMap$Node@500000b1)
	key		50000faf
	value		50001cc9
OBJ 50000fb2 (sz=24, trace=300612, class=java.lang.String@5000016b)
	value		50000fb3
ARR 50000fb3 (sz=10, trace=300613, nelems=5, elem type=char[])
OBJ 50000fb4 (sz=32, trace=300081, class=java.util.HashMap$Node@500000b1)
	key		50000fb2
	value		50001cc9
	next		5000102d
OBJ 50000fb5 (sz=24, trace=300612, class=java.lang.String@5000016b)
	value		50000fb6
ARR 50000fb6 (sz=10, trace=300613, nelems=5, elem type=char[])
OBJ 50000fb7 (sz=32, trace=300081, class=java.util.HashMap$Node@500000b1)
	key		50000fb5
	value		50001cc9
OBJ 50000fb8 (sz=24, trace=300612, class=java.lang.String@5000016b)
	value		50000fb9
ARR 50000fb9 (sz=10, trace=300613, nelems=5, elem type=char[])
OBJ 50000fba (sz=32, trace=300082, class=java.util.HashMap$Node@500000b1)
	key		50000fb8
	value		50001cc9
OBJ 50000fbb (sz=24, trace=300612, class=java.lang.String@5000016b)
	value		50000fbc
ARR 50000fbc (sz=10, trace=300613, nelems=5, elem type=char[])
OBJ 50000fbd (sz=32, trace=300081, class=java.util.HashMap$Node@500000b1)
	key		50000fbb
	value		50001cc9
OBJ 50000fbe (sz=24, trace=300612, class=java.lang.String@5000016b)
	value		50000fbf
ARR 50000fbf (sz=10, trace=300613, nelems=5, elem type=char[])
OBJ 50000fc0 (sz=32, trace=300082, class=java.util.HashMap$Node@500000b1)
	key		50000fbe
	value		50001cc9
	next		50000fd2
OBJ 50000fc1 (sz=24, trace=300612, class=java.lang.String@5000016b)
	value		50000fc2
ARR 50000fc2 (sz=10, trace=300613, nelems=5, elem type=char[])
OBJ 50000fc3 (sz=32, trace=300082, class=java.util.HashMap$Node@500000b1)
	key		50000fc1
	value		50001cc9
OBJ 50000fc4 (sz=24, trace=300612, class=java.lang.String@5000016b)
	value		50000fc5
ARR 50000fc5 (sz=10, trace=300613, nelems=5, elem type=char[])
OBJ 50000fc6 (sz=32, trace=300082, class=java.util.HashMap$Node@500000b1)
	key		50000fc4
	value		50001cc9
OBJ 50000fc7 (sz=24, trace=300612, class=java.lang.String@5000016b)
ARR 50000fc8 (sz=24, trace=300613, nelems=0, elem type=char[])
OBJ 50000fc9 (sz=24, trace=300612, class=java.lang.String@5000016b)
	value		50000fca
ARR 50000fca (sz=10, trace=300613, nelems=5, elem type=char[])
OBJ 50000fcb (sz=32, trace=300081, class=java.util.HashMap$Node@500000b1)
	key		50000fc9
	value		50001cc9
OBJ 50000fcc (sz=24, trace=300612, class=java.lang.String@5000016b)
	value		50000fcd
ARR 50000fcd (sz=10, trace=300613, nelems=5, elem type=char[])
OBJ 50000fce (sz=32, trace=300082, class=java.util.HashMap$Node@500000b1)
	key		50000fcc
	value		50001cc9
	next		50001043
ARR 50000fcf (sz=144, trace=300622, nelems=0, elem type=java.util.HashMap$Node[]@500000b0)
OBJ 50000fd0 (sz=24, trace=300612, class=java.lang.String@5000016b)
	value		50000fd1
ARR 50000fd1 (sz=10, trace=300613, nelems=5, elem type=char[])
OBJ 50000fd2 (sz=32, trace=300082, class=java.util.HashMap$Node@500000b1)
	key		50000fd0
	value		50001cc9
	next		5000108e
OBJ 50000fd3 (sz=24, trace=300612, class=java.lang.String@5000016b)
	value		50000fd4
ARR 50000fd4 (sz=10, trace=300613, nelems=5, elem type=char[])
OBJ 50000fd5 (sz=32, trace=300081, class=java.util.HashMap$Node@500000b1)
	key		50000fd3
	value		50001cc9
	next		50001039
OBJ 50000fd6 (sz=24, trace=300612, class=java.lang.String@5000016b)
	value		50000fd7
ARR 50000fd7 (sz=10, trace=300613, nelems=5, elem type=char[])
OBJ 50000fd8 (sz=32, trace=300081, class=java.util.HashMap$Node@500000b1)
	key		50000fd6
	value		50001cc9
OBJ 50000fd9 (sz=24, trace=300612, class=java.lang.String@5000016b)
	value		50000fda
ARR 50000fda (sz=10, trace=300613, nelems=5, elem type=char[])
OBJ 50000fdb (sz=32, trace=300082, class=java.util.HashMap$Node@500000b1)
	key		50000fd9
	value		50001cc9
	next		50001067
OBJ 50000fdc (sz=24, trace=300612, class=java.lang.String@5000016b)
	value		50000fdd
ARR 50000fdd (sz=10, trace=300613, nelems=5, elem type=char[])
OBJ 50000fde (sz=32, trace=300082, class=java.util.HashMap$Node@500000b1)
	key		50000fdc
	value		50001cc9
OBJ 50000fdf (sz=24, trace=300612, class=java.lang.String@5000016b)
	value		50000fe0
ARR 50000fe0 (sz=10, trace=300613, nelems=5, elem type=char[])
OBJ 50000fe1 (sz=32, trace=300082, class=java.util.HashMap$Node@500000b1)
	key		50000fdf
	value		50001cc9
OBJ 50000fe2 (sz=24, trace=300612, class=java.lang.String@5000016b)
	value		50000fe3
ARR 50000fe3 (sz=10, trace=300613, nelems=5, elem type=char[])
OBJ 50000fe4 (sz=32, trace=300081, class=java.util.HashMap$Node@500000b1)
	key		50000fe2
	value		50001cc9
	next		5000108b
OBJ 50000fe5 (sz=24, trace=300612, class=java.lang.String@5000016b)
	value		50000fe6
ARR 50000fe6 (sz=10, trace=300613, nelems=5, elem type=char[])
OBJ 50000fe7 (sz=32, trace=300081, class=java.util.HashMap$Node@500000b1)
	key		50000fe5
	value		50001cc9
OBJ 50000fe8 (sz=24, trace=300612, class=java.lang.String@5000016b)
	value		50000fe9
ARR 50000fe9 (sz=10, trace=300613, nelems=5, elem type=char[])
OBJ 50000fea (sz=32, trace=300082, class=java.util.HashMap$Node@500000b1)
	key		50000fe8
	value		50001cc9
	next		500010d4
OBJ 50000feb (sz=24, trace=300612, class=java.lang.String@5000016b)
	value		50000fec
ARR 50000fec (sz=10, trace=300613, nelems=5, elem type=char[])
OBJ 50000fed (sz=32, trace=300081, class=java.util.HashMap$Node@500000b1)
	key		50000feb
	value		50001cc9
OBJ 50000fee (sz=24, trace=300612, class=java.lang.String@5000016b)
	value		50000fef
ARR 50000fef (sz=10, trace=300613, nelems=5, elem type=char[])
OBJ 50000ff0 (sz=32, trace=300082, class=java.util.HashMap$Node@500000b1)
	key		50000fee
	value		50001cc9
OBJ 50000ff1 (sz=24, trace=300612, class=java.lang.String@5000016b)
	value		50000ff2
ARR 50000ff2 (sz=10, trace=300613, nelems=5, elem type=char[])
OBJ 50000ff3 (sz=32, trace=300081, class=java.util.HashMap$Node@500000b1)
	key		50000ff1
	value		50001cc9
	next		500010ca
ARR 50000ff4 (sz=272, trace=300622, nelems=0, elem type=java.util.HashMap$Node[]@500000b0)
OBJ 50000ff5 (sz=24, trace=300612, class=java.lang.String@5000016b)
	value		50000ff6
ARR 50000ff6 (sz=10, trace=300613, nelems=5, elem type=char[])
OBJ 50000ff7 (sz=32, trace=300081, class=java.util.HashMap$Node@500000b1)
	key		50000ff5
	value		50001cc9
OBJ 50000ff8 (sz=24, trace=300612, class=java.lang.String@5000016b)
	value		50000ff9
ARR 50000ff9 (sz=10, trace=300613, nelems=5, elem type=char[])
OBJ 50000ffa (sz=32, trace=300082, class=java.util.HashMap$Node@500000b1)
	key		50000ff8
	value		50001cc9
OBJ 50000ffb (sz=24, trace=300612, class=java.lang.String@5000016b)
	value		50000ffc
ARR 50000ffc (sz=10, trace=300613, nelems=5, elem type=char[])
OBJ 50000ffd (sz=32, trace=300081, class=java.util.HashMap$Node@500000b1)
	key		50000ffb
	value		50001cc9
OBJ 50000ffe (sz=24, trace=300612, class=java.lang.String@5000016b)
	value		50000fff
ARR 50000fff (sz=10, trace=300613, nelems=5, elem type=char[])
OBJ 50001000 (sz=32, trace=300081, class=java.util.HashMap$Node@500000b1)
	key		50000ffe
	value		50001cc9
OBJ 50001001 (sz=24, trace=300612, class=java.lang.String@5000016b)
	value		50001002
ARR 50001002 (sz=10, trace=300613, nelems=5, elem type=char[])
OBJ 50001003 (sz=32, trace=300082, class=java.util.HashMap$Node@500000b1)
	key		50001001
	value		50001cc9
OBJ 50001004 (sz=24, trace=300612, class=java.lang.String@5000016b)
	value		50001005
ARR 50001005 (sz=10, trace=300613, nelems=5, elem type=char[])
OBJ 50001006 (sz=32, trace=300082, class=java.util.HashMap$Node@500000b1)
	key		50001004
	value		50001cc9
	next		50001018
OBJ 50001007 (sz=24, trace=300612, class=java.lang.String@5000016b)
	value		50001008
ARR 50001008 (sz=10, trace=300613, nelems=5, elem type=char[])
OBJ 50001009 (sz=32, trace=300081, class=java.util.HashMap$Node@500000b1)
	key		50001007
	value		50001cc9
OBJ 5000100a (sz=24, trace=300612, class=java.lang.String@5000016b)
	value		5000100b
ARR 5000100b (sz=10, trace=300613, nelems=5, elem type=char[])
OBJ 5000100c (sz=32, trace=300081, class=java.util.HashMap$Node@500000b1)
	key		5000100a
	value		50001cc9
OBJ 5000100d (sz=24, trace=300612, class=java.lang.String@5000016b)
	value		5000100e
ARR 5000100e (sz=4, trace=300613, nelems=2, elem type=char[])
OBJ 5000100f (sz=32, trace=300082, class=java.util.HashMap$Node@500000b1)
	key		5000100d
	value		50001cc9
	next		50001101
OBJ 50001010 (sz=24, trace=300612, class=java.lang.String@5000016b)
	value		50001011
ARR 50001011 (sz=10, trace=300613, nelems=5, elem type=char[])
OBJ 50001012 (sz=32, trace=300081, class=java.util.HashMap$Node@500000b1)
	key		50001010
	value		50001cc9
OBJ 50001013 (sz=24, trace=300612, class=java.lang.String@5000016b)
	value		50001014
ARR 50001014 (sz=10, trace=300613, nelems=5, elem type=char[])
OBJ 50001015 (sz=32, trace=300081, class=java.util.HashMap$Node@500000b1)
	key		50001013
	value		50001cc9
	next		500010a3
OBJ 50001016 (sz=24, trace=300612, class=java.lang.String@5000016b)
	value		50001017
ARR 50001017 (sz=10, trace=300613, nelems=5, elem type=char[])
OBJ 50001018 (sz=32, trace=300082, class=java.util.HashMap$Node@500000b1)
	key		50001016
	value		50001cc9
OBJ 50001019 (sz=24, trace=300612, class=java.lang.String@5000016b)
	value		5000101a
ARR 5000101a (sz=10, trace=300613, nelems=5, elem type=char[])
OBJ 5000101b (sz=32, trace=300081, class=java.util.HashMap$Node@500000b1)
	key		50001019
	value		50001cc9
OBJ 5000101c (sz=24, trace=300612, class=java.lang.String@5000016b)
	value		5000101d
ARR 5000101d (sz=10, trace=300613, nelems=5, elem type=char[])
OBJ 5000101e (sz=32, trace=300082, class=java.util.HashMap$Node@500000b1)
	key		5000101c
	value		50001cc9
OBJ 5000101f (sz=24, trace=300612, class=java.lang.String@5000016b)
	value		50001020
ARR 50001020 (sz=10, trace=300613, nelems=5, elem type=char[])
OBJ 50001021 (sz=32, trace=300082, class=java.util.HashMap$Node@500000b1)
	key		5000101f
	value		50001cc9
OBJ 50001022 (sz=24, trace=300612, class=java.lang.String@5000016b)
	value		50001023
ARR 50001023 (sz=10, trace=300613, nelems=5, elem type=char[])
OBJ 50001024 (sz=32, trace=300082, class=java.util.HashMap$Node@500000b1)
	key		50001022
	value		50001cc9
	next		500010ec
OBJ 50001025 (sz=24, trace=300612, class=java.lang.String@5000016b)
	value		50001026
ARR 50001026 (sz=4, trace=300613, nelems=2, elem type=char[])
OBJ 50001027 (sz=32, trace=300081, class=java.util.HashMap$Node@500000b1)
	key		50001025
	value		50001cc9
OBJ 50001028 (sz=24, trace=300612, class=java.lang.String@5000016b)
	value		50001029
ARR 50001029 (sz=10, trace=300613, nelems=5, elem type=char[])
OBJ 5000102a (sz=32, trace=300081, class=java.util.HashMap$Node@500000b1)
	key		50001028
	value		50001cc9
OBJ 5000102b (sz=24, trace=300612, class=java.lang.String@5000016b)
	value		5000102c
ARR 5000102c (sz=10, trace=300613, nelems=5, elem type=char[])
OBJ 5000102d (sz=32, trace=300082, class=java.util.HashMap$Node@500000b1)
	key		5000102b
	value		50001cc9
OBJ 5000102e (sz=24, trace=300612, class=java.lang.String@5000016b)
	value		5000102f
ARR 5000102f (sz=10, trace=300613, nelems=5, elem type=char[])
OBJ 50001030 (sz=32, trace=300081, class=java.util.HashMap$Node@500000b1)
	key		5000102e
	value		50001cc9
OBJ 50001031 (sz=24, trace=300612, class=java.lang.String@5000016b)
	value		50001032
ARR 50001032 (sz=10, trace=300613, nelems=5, elem type=char[])
OBJ 50001033 (sz=32, trace=300081, class=java.util.HashMap$Node@500000b1)
	key		50001031
	value		50001cc9
OBJ 50001034 (sz=24, trace=300612, class=java.lang.String@5000016b)
	value		50001035
ARR 50001035 (sz=10, trace=300613, nelems=5, elem type=char[])
OBJ 50001036 (sz=32, trace=300082, class=java.util.HashMap$Node@500000b1)
	key		50001034
	value		50001cc9
OBJ 50001037 (sz=24, trace=300612, class=java.lang.String@5000016b)
	value		50001038
ARR 50001038 (sz=10, trace=300613, nelems=5, elem type=char[])
OBJ 50001039 (sz=32, trace=300082, class=java.util.HashMap$Node@500000b1)
	key		50001037
	value		50001cc9
	next		50001073
OBJ 5000103a (sz=24, trace=300612, class=java.lang.String@5000016b)
	value		5000103b
ARR 5000103b (sz=10, trace=300613, nelems=5, elem type=char[])
OBJ 5000103c (sz=32, trace=300081, class=java.util.HashMap$Node@500000b1)
	key		5000103a
	value		50001cc9
ARR 5000103d (sz=528, trace=300622, nelems=0, elem type=java.util.HashMap$Node[]@500000b0)
OBJ 5000103e (sz=24, trace=300612, class=java.lang.String@5000016b)
	value		5000103f
ARR 5000103f (sz=10, trace=300613, nelems=5, elem type=char[])
OBJ 50001040 (sz=32, trace=300082, class=java.util.HashMap$Node@500000b1)
	key		5000103e
	value		50001cc9
	next		50001061
OBJ 50001041 (sz=24, trace=300612, class=java.lang.String@5000016b)
	value		50001042
ARR 50001042 (sz=10, trace=300613, nelems=5, elem type=char[])
OBJ 50001043 (sz=32, trace=300082, class=java.util.HashMap$Node@500000b1)
	key		50001041
	value		50001cc9
OBJ 50001044 (sz=24, trace=300612, class=java.lang.String@5000016b)
	value		50001045
ARR 50001045 (sz=10, trace=300613, nelems=5, elem type=char[])
OBJ 50001046 (sz=32, trace=300081, class=java.util.HashMap$Node@500000b1)
	key		50001044
	value		50001cc9
OBJ 50001047 (sz=24, trace=300612, class=java.lang.String@5000016b)
	value		50001048
ARR 50001048 (sz=10, trace=300613, nelems=5, elem type=char[])
OBJ 50001049 (sz=32, trace=300081, class=java.util.HashMap$Node@500000b1)
	key		50001047
	value		50001cc9
OBJ 5000104a (sz=24, trace=300612, class=java.lang.String@5000016b)
	value		5000104b
ARR 5000104b (sz=10, trace=300613, nelems=5, elem type=char[])
OBJ 5000104c (sz=32, trace=300081, class=java.util.HashMap$Node@500000b1)
	key		5000104a
	value		50001cc9
OBJ 5000104d (sz=24, trace=300612, class=java.lang.String@5000016b)
	value		5000104e
ARR 5000104e (sz=10, trace=300613, nelems=5, elem type=char[])
OBJ 5000104f (sz=32, trace=300081, class=java.util.HashMap$Node@500000b1)
	key		5000104d
	value		50001cc9
OBJ 50001050 (sz=24, trace=300612, class=java.lang.String@5000016b)
	value		50001051
ARR 50001051 (sz=10, trace=300613, nelems=5, elem type=char[])
OBJ 50001052 (sz=32, trace=300081, class=java.util.HashMap$Node@500000b1)
	key		50001050
	value		50001cc9
	next		500010d1
OBJ 50001053 (sz=24, trace=300612, class=java.lang.String@5000016b)
	value		50001054
ARR 50001054 (sz=10, trace=300613, nelems=5, elem type=char[])
OBJ 50001055 (sz=32, trace=300081, class=java.util.HashMap$Node@500000b1)
	key		50001053
	value		50001cc9
OBJ 50001056 (sz=24, trace=300612, class=java.lang.String@5000016b)
	value		50001057
ARR 50001057 (sz=10, trace=300613, nelems=5, elem type=char[])
OBJ 50001058 (sz=32, trace=300081, class=java.util.HashMap$Node@500000b1)
	key		50001056
	value		50001cc9
OBJ 50001059 (sz=24, trace=300612, class=java.lang.String@5000016b)
	value		5000105a
ARR 5000105a (sz=10, trace=300613, nelems=5, elem type=char[])
OBJ 5000105b (sz=32, trace=300081, class=java.util.HashMap$Node@500000b1)
	key		50001059
	value		50001cc9
OBJ 5000105c (sz=24, trace=300612, class=java.lang.String@5000016b)
	value		5000105d
ARR 5000105d (sz=10, trace=300613, nelems=5, elem type=char[])
OBJ 5000105e (sz=32, trace=300081, class=java.util.HashMap$Node@500000b1)
	key		5000105c
	value		50001cc9
OBJ 5000105f (sz=24, trace=300612, class=java.lang.String@5000016b)
	value		50001060
ARR 50001060 (sz=10, trace=300613, nelems=5, elem type=char[])
OBJ 50001061 (sz=32, trace=300082, class=java.util.HashMap$Node@500000b1)
	key		5000105f
	value		50001cc9
OBJ 50001062 (sz=24, trace=300612, class=java.lang.String@5000016b)
	value		50001063
ARR 50001063 (sz=10, trace=300613, nelems=5, elem type=char[])
OBJ 50001064 (sz=32, trace=300081, class=java.util.HashMap$Node@500000b1)
	key		50001062
	value		50001cc9
OBJ 50001065 (sz=24, trace=300612, class=java.lang.String@5000016b)
	value		50001066
ARR 50001066 (sz=10, trace=300613, nelems=5, elem type=char[])
OBJ 50001067 (sz=32, trace=300082, class=java.util.HashMap$Node@500000b1)
	key		50001065
	value		50001cc9
OBJ 50001068 (sz=24, trace=300612, class=java.lang.String@5000016b)
	value		50001069
ARR 50001069 (sz=10, trace=300613, nelems=5, elem type=char[])
OBJ 5000106a (sz=32, trace=300081, class=java.util.HashMap$Node@500000b1)
	key		50001068
	value		50001cc9
	next		50001097
OBJ 5000106b (sz=24, trace=300612, class=java.lang.String@5000016b)
	value		5000106c
ARR 5000106c (sz=10, trace=300613, nelems=5, elem type=char[])
OBJ 5000106d (sz=32, trace=300081, class=java.util.HashMap$Node@500000b1)
	key		5000106b
	value		50001cc9
OBJ 5000106e (sz=24, trace=300612, class=java.lang.String@5000016b)
	value		5000106f
ARR 5000106f (sz=4, trace=300613, nelems=2, elem type=char[])
OBJ 50001070 (sz=32, trace=300082, class=java.util.HashMap$Node@500000b1)
	key		5000106e
	value		50001cc9
	next		500010da
OBJ 50001071 (sz=24, trace=300612, class=java.lang.String@5000016b)
	value		50001072
ARR 50001072 (sz=10, trace=300613, nelems=5, elem type=char[])
OBJ 50001073 (sz=32, trace=300082, class=java.util.HashMap$Node@500000b1)
	key		50001071
	value		50001cc9
OBJ 50001074 (sz=24, trace=300612, class=java.lang.String@5000016b)
	value		50001075
ARR 50001075 (sz=10, trace=300613, nelems=5, elem type=char[])
OBJ 50001076 (sz=32, trace=300082, class=java.util.HashMap$Node@500000b1)
	key		50001074
	value		50001cc9
OBJ 50001077 (sz=24, trace=300612, class=java.lang.String@5000016b)
	value		50001078
ARR 50001078 (sz=10, trace=300613, nelems=5, elem type=char[])
OBJ 50001079 (sz=32, trace=300081, class=java.util.HashMap$Node@500000b1)
	key		50001077
	value		50001cc9
OBJ 5000107a (sz=24, trace=300612, class=java.lang.String@5000016b)
	value		5000107b
ARR 5000107b (sz=10, trace=300613, nelems=5, elem type=char[])
OBJ 5000107c (sz=32, trace=300081, class=java.util.HashMap$Node@500000b1)
	key		5000107a
	value		50001cc9
OBJ 5000107d (sz=24, trace=300612, class=java.lang.String@5000016b)
	value		5000107e
ARR 5000107e (sz=10, trace=300613, nelems=5, elem type=char[])
OBJ 5000107f (sz=32, trace=300081, class=java.util.HashMap$Node@500000b1)
	key		5000107d
	value		50001cc9
OBJ 50001080 (sz=24, trace=300612, class=java.lang.String@5000016b)
	value		50001081
ARR 50001081 (sz=10, trace=300613, nelems=5, elem type=char[])
OBJ 50001082 (sz=32, trace=300081, class=java.util.HashMap$Node@500000b1)
	key		50001080
	value		50001cc9
	next		500010a0
OBJ 50001083 (sz=24, trace=300612, class=java.lang.String@5000016b)
	value		50001084
ARR 50001084 (sz=10, trace=300613, nelems=5, elem type=char[])
OBJ 50001085 (sz=32, trace=300082, class=java.util.HashMap$Node@500000b1)
	key		50001083
	value		50001cc9
OBJ 50001086 (sz=24, trace=300612, class=java.lang.String@5000016b)
	value		50001087
ARR 50001087 (sz=10, trace=300613, nelems=5, elem type=char[])
OBJ 50001088 (sz=32, trace=300082, class=java.util.HashMap$Node@500000b1)
	key		50001086
	value		50001cc9
OBJ 50001089 (sz=24, trace=300612, class=java.lang.String@5000016b)
	value		5000108a
ARR 5000108a (sz=10, trace=300613, nelems=5, elem type=char[])
OBJ 5000108b (sz=32, trace=300082, class=java.util.HashMap$Node@500000b1)
	key		50001089
	value		50001cc9
OBJ 5000108c (sz=24, trace=300612, class=java.lang.String@5000016b)
	value		5000108d
ARR 5000108d (sz=10, trace=300613, nelems=5, elem type=char[])
OBJ 5000108e (sz=32, trace=300082, class=java.util.HashMap$Node@500000b1)
	key		5000108c
	value		50001cc9
OBJ 5000108f (sz=24, trace=300612, class=java.lang.String@5000016b)
	value		50001090
ARR 50001090 (sz=10, trace=300613, nelems=5, elem type=char[])
OBJ 50001091 (sz=32, trace=300081, class=java.util.HashMap$Node@500000b1)
	key		5000108f
	value		50001cc9
OBJ 50001092 (sz=24, trace=300612, class=java.lang.String@5000016b)
	value		50001093
ARR 50001093 (sz=4, trace=300613, nelems=2, elem type=char[])
OBJ 50001094 (sz=32, trace=300081, class=java.util.HashMap$Node@500000b1)
	key		50001092
	value		50001cc9
OBJ 50001095 (sz=24, trace=300612, class=java.lang.String@5000016b)
	value		50001096
ARR 50001096 (sz=10, trace=300613, nelems=5, elem type=char[])
OBJ 50001097 (sz=32, trace=300082, class=java.util.HashMap$Node@500000b1)
	key		50001095
	value		50001cc9
	next		500010fe
OBJ 50001098 (sz=24, trace=300612, class=java.lang.String@5000016b)
	value		50001099
ARR 50001099 (sz=10, trace=300613, nelems=5, elem type=char[])
OBJ 5000109a (sz=32, trace=300081, class=java.util.HashMap$Node@500000b1)
	key		50001098
	value		50001cc9
OBJ 5000109b (sz=24, trace=300612, class=java.lang.String@5000016b)
	value		5000109c
ARR 5000109c (sz=10, trace=300613, nelems=5, elem type=char[])
OBJ 5000109d (sz=32, trace=300082, class=java.util.HashMap$Node@500000b1)
	key		5000109b
	value		50001cc9
OBJ 5000109e (sz=24, trace=300612, class=java.lang.String@5000016b)
	value		5000109f
ARR 5000109f (sz=4, trace=300613, nelems=2, elem type=char[])
OBJ 500010a0 (sz=32, trace=300082, class=java.util.HashMap$Node@500000b1)
	key		5000109e
	value		50001cc9
OBJ 500010a1 (sz=24, trace=300612, class=java.lang.String@5000016b)
	value		500010a2
ARR 500010a2 (sz=10, trace=300613, nelems=5, elem type=char[])
OBJ 500010a3 (sz=32, trace=300082, class=java.util.HashMap$Node@500000b1)
	key		500010a1
	value		50001cc9
OBJ 500010a4 (sz=24, trace=300612, class=java.lang.String@5000016b)
	value		500010a5
ARR 500010a5 (sz=4, trace=300613, nelems=2, elem type=char[])
OBJ 500010a6 (sz=32, trace=300081, class=java.util.HashMap$Node@500000b1)
	key		500010a4
	value		50001cc9
OBJ 500010a7 (sz=24, trace=300612, class=java.lang.String@5000016b)
	value		500010a8
ARR 500010a8 (sz=10, trace=300613, nelems=5, elem type=char[])
OBJ 500010a9 (sz=32, trace=300082, class=java.util.HashMap$Node@500000b1)
	key		500010a7
	value		50001cc9
OBJ 500010aa (sz=24, trace=300612, class=java.lang.String@5000016b)
	value		500010ab
ARR 500010ab (sz=10, trace=300613, nelems=5, elem type=char[])
OBJ 500010ac (sz=32, trace=300081, class=java.util.HashMap$Node@500000b1)
	key		500010aa
	value		50001cc9
OBJ 500010ad (sz=24, trace=300612, class=java.lang.String@5000016b)
	value		500010ae
ARR 500010ae (sz=10, trace=300613, nelems=5, elem type=char[])
OBJ 500010af (sz=32, trace=300081, class=java.util.HashMap$Node@500000b1)
	key		500010ad
	value		50001cc9
OBJ 500010b0 (sz=24, trace=300612, class=java.lang.String@5000016b)
	value		500010b1
ARR 500010b1 (sz=10, trace=300613, nelems=5, elem type=char[])
OBJ 500010b2 (sz=32, trace=300081, class=java.util.HashMap$Node@500000b1)
	key		500010b0
	value		50001cc9
OBJ 500010b3 (sz=24, trace=300612, class=java.lang.String@5000016b)
	value		500010b4
ARR 500010b4 (sz=10, trace=300613, nelems=5, elem type=char[])
OBJ 500010b5 (sz=32, trace=300081, class=java.util.HashMap$Node@500000b1)
	key		500010b3
	value		50001cc9
OBJ 500010b6 (sz=24, trace=300612, class=java.lang.String@5000016b)
	value		500010b7
ARR 500010b7 (sz=10, trace=300613, nelems=5, elem type=char[])
OBJ 500010b8 (sz=32, trace=300081, class=java.util.HashMap$Node@500000b1)
	key		500010b6
	value		50001cc9
OBJ 500010b9 (sz=24, trace=300612, class=java.lang.String@5000016b)
	value		500010ba
ARR 500010ba (sz=10, trace=300613, nelems=5, elem type=char[])
OBJ 500010bb (sz=32, trace=300081, class=java.util.HashMap$Node@500000b1)
	key		500010b9
	value		50001cc9
	next		50001107
OBJ 500010bc (sz=24, trace=300612, class=java.lang.String@5000016b)
	value		500010bd
ARR 500010bd (sz=10, trace=300613, nelems=5, elem type=char[])
OBJ 500010be (sz=32, trace=300081, class=java.util.HashMap$Node@500000b1)
	key		500010bc
	value		50001cc9
OBJ 500010bf (sz=24, trace=300612, class=java.lang.String@5000016b)
	value		500010c0
ARR 500010c0 (sz=10, trace=300613, nelems=5, elem type=char[])
OBJ 500010c1 (sz=32, trace=300081, class=java.util.HashMap$Node@500000b1)
	key		500010bf
	value		50001cc9
OBJ 500010c2 (sz=24, trace=300612, class=java.lang.String@5000016b)
	value		500010c3
ARR 500010c3 (sz=10, trace=300613, nelems=5, elem type=char[])
OBJ 500010c4 (sz=32, trace=300082, class=java.util.HashMap$Node@500000b1)
	key		500010c2
	value		50001cc9
OBJ 500010c5 (sz=24, trace=300612, class=java.lang.String@5000016b)
	value		500010c6
ARR 500010c6 (sz=4, trace=300613, nelems=2, elem type=char[])
OBJ 500010c7 (sz=32, trace=300081, class=java.util.HashMap$Node@500000b1)
	key		500010c5
	value		50001cc9
OBJ 500010c8 (sz=24, trace=300612, class=java.lang.String@5000016b)
	value		500010c9
ARR 500010c9 (sz=10, trace=300613, nelems=5, elem type=char[])
OBJ 500010ca (sz=32, trace=300082, class=java.util.HashMap$Node@500000b1)
	key		500010c8
	value		50001cc9
	next		500010f2
OBJ 500010cb (sz=24, trace=300612, class=java.lang.String@5000016b)
	value		500010cc
ARR 500010cc (sz=10, trace=300613, nelems=5, elem type=char[])
OBJ 500010cd (sz=32, trace=300082, class=java.util.HashMap$Node@500000b1)
	key		500010cb
	value		50001cc9
ARR 500010ce (sz=1040, trace=300622, nelems=256, elem type=java.util.HashMap$Node[]@500000b0)
	[1]		50000fb1
	[3]		50000fde
	[4]		500010c7
	[7]		500010b5
	[8]		50000fb4
	[9]		50000ff7
	[10]		50000fc6
	[12]		500010c1
	[14]		500010e6
	[16]		50001024
	[18]		500010be
	[23]		500010e3
	[24]		5000101b
	[25]		50000fa8
	[28]		500010b2
	[29]		50000ffa
	[34]		50000fe4
	[38]		5000105e
	[42]		50001036
	[43]		50001094
	[44]		50001030
	[46]		50001076
	[47]		50001033
	[49]		500010c4
	[50]		500010cd
	[53]		50000fd5
	[55]		50001082
	[57]		50000fc0
	[59]		50000fe7
	[65]		50001049
	[67]		50001088
	[69]		50001058
	[76]		5000105b
	[79]		500010ef
	[80]		50001012
	[81]		50001091
	[89]		50001003
	[92]		50001009
	[93]		50000fbd
	[99]		500010f5
	[100]		500010a6
	[101]		50001110
	[102]		500010a9
	[104]		500010d7
	[105]		500010e9
	[113]		50000fea
	[114]		500010dd
	[116]		5000102a
	[118]		500010f8
	[122]		5000100c
	[129]		5000100f
	[131]		50000fc3
	[133]		500010af
	[138]		50000fb7
	[141]		500010bb
	[152]		50001085
	[157]		50001021
	[158]		50001015
	[163]		50000ffd
	[167]		50000fed
	[168]		50001046
	[174]		50001027
	[176]		50001055
	[177]		50000fba
	[178]		50001000
	[180]		50001052
	[184]		500010b8
	[186]		5000106a
	[188]		5000107c
	[189]		50001104
	[190]		50000fae
	[192]		5000106d
	[195]		50000fab
	[202]		500010ac
	[203]		50000fcb
	[204]		50001070
	[206]		5000103c
	[207]		50000fd8
	[215]		50001079
	[217]		50001040
	[220]		5000109d
	[225]		50000ff0
	[226]		50001006
	[228]		500010e0
	[229]		5000110a
	[230]		50000ff3
	[231]		50001064
	[233]		50000fce
	[234]		50000fdb
	[238]		5000104c
	[240]		5000109a
	[250]		5000101e
	[251]		5000107f
	[254]		5000104f
	[255]		500010fb
OBJ 500010cf (sz=24, trace=300612, class=java.lang.String@5000016b)
	value		500010d0
ARR 500010d0 (sz=10, trace=300613, nelems=5, elem type=char[])
OBJ 500010d1 (sz=32, trace=300082, class=java.util.HashMap$Node@500000b1)
	key		500010cf
	value		50001cc9
	next		5000110d
OBJ 500010d2 (sz=24, trace=300612, class=java.lang.String@5000016b)
	value		500010d3
ARR 500010d3 (sz=10, trace=300613, nelems=5, elem type=char[])
OBJ 500010d4 (sz=32, trace=300082, class=java.util.HashMap$Node@500000b1)
	key		500010d2
	value		50001cc9
OBJ 500010d5 (sz=24, trace=300612, class=java.lang.String@5000016b)
	value		500010d6
ARR 500010d6 (sz=10, trace=300613, nelems=5, elem type=char[])
OBJ 500010d7 (sz=32, trace=300081, class=java.util.HashMap$Node@500000b1)
	key		500010d5
	value		50001cc9
OBJ 500010d8 (sz=24, trace=300612, class=java.lang.String@5000016b)
	value		500010d9
ARR 500010d9 (sz=10, trace=300613, nelems=5, elem type=char[])
OBJ 500010da (sz=32, trace=300082, class=java.util.HashMap$Node@500000b1)
	key		500010d8
	value		50001cc9
OBJ 500010db (sz=24, trace=300612, class=java.lang.String@5000016b)
	value		500010dc
ARR 500010dc (sz=10, trace=300613, nelems=5, elem type=char[])
OBJ 500010dd (sz=32, trace=300081, class=java.util.HashMap$Node@500000b1)
	key		500010db
	value		50001cc9
OBJ 500010de (sz=24, trace=300612, class=java.lang.String@5000016b)
	value		500010df
ARR 500010df (sz=10, trace=300613, nelems=5, elem type=char[])
OBJ 500010e0 (sz=32, trace=300081, class=java.util.HashMap$Node@500000b1)
	key		500010de
	value		50001cc9
OBJ 500010e1 (sz=24, trace=300612, class=java.lang.String@5000016b)
	value		500010e2
ARR 500010e2 (sz=10, trace=300613, nelems=5, elem type=char[])
OBJ 500010e3 (sz=32, trace=300081, class=java.util.HashMap$Node@500000b1)
	key		500010e1
	value		50001cc9
OBJ 500010e4 (sz=24, trace=300612, class=java.lang.String@5000016b)
	value		500010e5
ARR 500010e5 (sz=20, trace=300613, nelems=10, elem type=char[])
OBJ 500010e6 (sz=32, trace=300081, class=java.util.HashMap$Node@500000b1)
	key		500010e4
	value		50001cc9
OBJ 500010e7 (sz=24, trace=300612, class=java.lang.String@5000016b)
	value		500010e8
ARR 500010e8 (sz=20, trace=300613, nelems=10, elem type=char[])
OBJ 500010e9 (sz=32, trace=300081, class=java.util.HashMap$Node@500000b1)
	key		500010e7
	value		50001cc9
OBJ 500010ea (sz=24, trace=300612, class=java.lang.String@5000016b)
	value		500010eb
ARR 500010eb (sz=20, trace=300613, nelems=10, elem type=char[])
OBJ 500010ec (sz=32, trace=300082, class=java.util.HashMap$Node@500000b1)
	key		500010ea
	value		50001cc9
OBJ 500010ed (sz=24, trace=300612, class=java.lang.String@5000016b)
	value		500010ee
ARR 500010ee (sz=10, trace=300613, nelems=5, elem type=char[])
OBJ 500010ef (sz=32, trace=300081, class=java.util.HashMap$Node@500000b1)
	key		500010ed
	value		50001cc9
OBJ 500010f0 (sz=24, trace=300612, class=java.lang.String@5000016b)
	value		500010f1
ARR 500010f1 (sz=10, trace=300613, nelems=5, elem type=char[])
OBJ 500010f2 (sz=32, trace=300082, class=java.util.HashMap$Node@500000b1)
	key		500010f0
	value		50001cc9
OBJ 500010f3 (sz=24, trace=300612, class=java.lang.String@5000016b)
	value		500010f4
ARR 500010f4 (sz=4, trace=300613, nelems=2, elem type=char[])
OBJ 500010f5 (sz=32, trace=300081, class=java.util.HashMap$Node@500000b1)
	key		500010f3
	value		50001cc9
OBJ 500010f6 (sz=24, trace=300612, class=java.lang.String@5000016b)
	value		500010f7
ARR 500010f7 (sz=10, trace=300613, nelems=5, elem type=char[])
OBJ 500010f8 (sz=32, trace=300081, class=java.util.HashMap$Node@500000b1)
	key		500010f6
	value		50001cc9
OBJ 500010f9 (sz=24, trace=300612, class=java.lang.String@5000016b)
	value		500010fa
ARR 500010fa (sz=10, trace=300613, nelems=5, elem type=char[])
OBJ 500010fb (sz=32, trace=300081, class=java.util.HashMap$Node@500000b1)
	key		500010f9
	value		50001cc9
OBJ 500010fc (sz=24, trace=300612, class=java.lang.String@5000016b)
	value		500010fd
ARR 500010fd (sz=10, trace=300613, nelems=5, elem type=char[])
OBJ 500010fe (sz=32, trace=300082, class=java.util.HashMap$Node@500000b1)
	key		500010fc
	value		50001cc9
OBJ 500010ff (sz=24, trace=300612, class=java.lang.String@5000016b)
	value		50001100
ARR 50001100 (sz=10, trace=300613, nelems=5, elem type=char[])
OBJ 50001101 (sz=32, trace=300082, class=java.util.HashMap$Node@500000b1)
	key		500010ff
	value		50001cc9
OBJ 50001102 (sz=24, trace=300612, class=java.lang.String@5000016b)
	value		50001103
ARR 50001103 (sz=10, trace=300613, nelems=5, elem type=char[])
OBJ 50001104 (sz=32, trace=300081, class=java.util.HashMap$Node@500000b1)
	key		50001102
	value		50001cc9
OBJ 50001105 (sz=24, trace=300612, class=java.lang.String@5000016b)
	value		50001106
ARR 50001106 (sz=10, trace=300613, nelems=5, elem type=char[])
OBJ 50001107 (sz=32, trace=300082, class=java.util.HashMap$Node@500000b1)
	key		50001105
	value		50001cc9
OBJ 50001108 (sz=24, trace=300612, class=java.lang.String@5000016b)
	value		50001109
ARR 50001109 (sz=10, trace=300613, nelems=5, elem type=char[])
OBJ 5000110a (sz=32, trace=300081, class=java.util.HashMap$Node@500000b1)
	key		50001108
	value		50001cc9
OBJ 5000110b (sz=24, trace=300612, class=java.lang.String@5000016b)
	value		5000110c
ARR 5000110c (sz=10, trace=300613, nelems=5, elem type=char[])
OBJ 5000110d (sz=32, trace=300082, class=java.util.HashMap$Node@500000b1)
	key		5000110b
	value		50001cc9
OBJ 5000110e (sz=24, trace=300612, class=java.lang.String@5000016b)
	value		5000110f
ARR 5000110f (sz=10, trace=300613, nelems=5, elem type=char[])
OBJ 50001110 (sz=32, trace=300081, class=java.util.HashMap$Node@500000b1)
	key		5000110e
	value		50001cc9
OBJ 50001111 (sz=32, trace=300624, class=java.util.concurrent.ConcurrentHashMap$Node@50000024)
	key		500022c8
	val		50000fa2
OBJ 50001112 (sz=24, trace=300947, class=sun.util.locale.provider.CurrencyNameProviderImpl@50000fa1)
	type		50000b74
	langtags	50000fa2
ARR 50001113 (sz=80, trace=300948, nelems=10, elem type=java.util.concurrent.ConcurrentHashMap$Node[]@50000023)
	[9]		50001114
OBJ 50001114 (sz=32, trace=300949, class=java.util.concurrent.ConcurrentHashMap$Node@50000024)
	key		50000b74
	val		50001112
OBJ 50001116 (sz=24, trace=300951, class=sun.util.locale.provider.SPILocaleProviderAdapter$1@50001115)
OBJ 50001117 (sz=32, trace=300952, class=java.util.ServiceLoader@500003af)
OBJ 50001118 (sz=56, trace=300190, class=java.util.LinkedHashMap@5000006b)
OBJ 50001119 (sz=40, trace=300192, class=java.util.ServiceLoader$LazyIterator@500003b2)
OBJ 5000111a (sz=24, trace=300953, class=java.util.ServiceLoader$1@500003b4)
OBJ 5000111b (sz=16, trace=300196, class=java.util.LinkedHashMap$LinkedEntrySet@500003b6)
OBJ 5000111c (sz=32, trace=300198, class=java.util.LinkedHashMap$LinkedEntryIterator@500003b9)
OBJ 5000111d (sz=24, trace=300199, class=java.lang.StringBuilder@5000011f)
ARR 5000111e (sz=48, trace=300200, nelems=0, elem type=char[])
ARR 5000111f (sz=88, trace=300011, nelems=0, elem type=char[])
ARR 50001120 (sz=160, trace=300011, nelems=0, elem type=char[])
OBJ 50001121 (sz=24, trace=300201, class=java.lang.String@5000016b)
ARR 50001122 (sz=120, trace=300202, nelems=0, elem type=char[])
ARR 50001123 (sz=24, trace=300203, nelems=0, elem type=java.util.Enumeration[]@500003c1)
OBJ 50001124 (sz=40, trace=300300, class=sun.misc.URLClassPath$2@50000628)
OBJ 50001125 (sz=16, trace=300302, class=java.lang.ClassLoader$2@5000062a)
OBJ 50001126 (sz=40, trace=300304, class=sun.misc.URLClassPath$1@5000062c)
OBJ 50001127 (sz=24, trace=300306, class=java.net.URLClassLoader$3@5000062e)
OBJ 50001128 (sz=24, trace=300308, class=sun.misc.CompoundEnumeration@50000630)
OBJ 50001129 (sz=16, trace=300379, class=java.net.URLClassLoader$3$1@500007bc)
ARR 5000112a (sz=80, trace=300954, nelems=7, elem type=java.util.concurrent.ConcurrentHashMap$Node[]@50000023)
	[6]		5000112b
OBJ 5000112b (sz=32, trace=300955, class=java.util.concurrent.ConcurrentHashMap$Node@50000024)
	key		50000f8f
	val		50000b6d
ARR 5000112c (sz=80, trace=300956, nelems=7, elem type=java.util.concurrent.ConcurrentHashMap$Node[]@50000023)
	[6]		5000112d
OBJ 5000112d (sz=32, trace=300957, class=java.util.concurrent.ConcurrentHashMap$Node@50000024)
	key		50000f8f
	val		50000f9a
OBJ 50001130 (sz=16, trace=300959, class=java.util.Currency$CurrencyNameGetter@5000112f)
ARR 50001131 (sz=24, trace=300960, nelems=0, elem type=java.lang.Object[]@50000106)
OBJ 50001132 (sz=24, trace=300961, class=java.lang.StringBuilder@5000011f)
ARR 50001133 (sz=48, trace=300962, nelems=0, elem type=char[])
OBJ 50001134 (sz=24, trace=300963, class=java.lang.String@5000016b)
	value		50001135
ARR 50001135 (sz=12, trace=300964, nelems=6, elem type=char[])
OBJ 50001136 (sz=24, trace=300965, class=java.lang.StringBuilder@5000011f)
ARR 50001137 (sz=48, trace=300966, nelems=0, elem type=char[])
ARR 50001138 (sz=88, trace=300011, nelems=0, elem type=char[])
OBJ 50001139 (sz=24, trace=300967, class=java.lang.String@5000016b)
	value		5000113a
ARR 5000113a (sz=64, trace=300968, nelems=32, elem type=char[])
OBJ 5000113b (sz=24, trace=300969, class=sun.util.resources.LocaleData$1@50000da8)
OBJ 5000113c (sz=56, trace=300687, class=java.util.ResourceBundle$CacheKey@500009c3)
OBJ 5000113d (sz=32, trace=300411, class=java.util.ResourceBundle$LoaderReference@500009c6)
OBJ 5000113e (sz=24, trace=300427, class=java.util.ArrayList@500000b9)
ARR 5000113f (sz=32, trace=300689, nelems=0, elem type=java.lang.Object[]@50000106)
OBJ 50001140 (sz=24, trace=300690, class=java.lang.String@5000016b)
ARR 50001141 (sz=48, trace=300691, nelems=0, elem type=char[])
OBJ 50001142 (sz=32, trace=300692, class=java.util.ArrayList$Itr@50000b82)
OBJ 50001143 (sz=24, trace=300970, class=java.lang.StringBuilder@5000011f)
ARR 50001144 (sz=56, trace=300971, nelems=0, elem type=char[])
OBJ 50001145 (sz=24, trace=300972, class=java.lang.String@5000016b)
ARR 50001146 (sz=24, trace=300973, nelems=0, elem type=char[])
OBJ 50001147 (sz=32, trace=300429, class=java.util.ResourceBundle$LoaderReference@500009c6)
OBJ 50001148 (sz=16, trace=300430, class=java.lang.Object@5000016f)
OBJ 50001149 (sz=32, trace=300432, class=java.util.concurrent.ConcurrentHashMap$Node@50000024)
	key		50001139
	val		50001148
OBJ 5000114a (sz=16, trace=300433, class=java.lang.Object@5000016f)
OBJ 5000114b (sz=32, trace=300432, class=java.util.concurrent.ConcurrentHashMap$Node@50000024)
	key		50001139
	val		5000114a
ARR 5000114f (sz=16, trace=300435, nelems=0, elem type=java.lang.Class[]@50000101)
OBJ 50001150 (sz=56, trace=300157, class=java.lang.Class$ReflectionData@500000a5)
OBJ 50001151 (sz=40, trace=300041, class=java.lang.ref.SoftReference@5000014f)
OBJ 50001152 (sz=80, trace=300158, class=java.lang.reflect.Constructor@5000013b)
OBJ 50001153 (sz=24, trace=300436, class=java.lang.Class$1@50000082)
OBJ 50001154 (sz=24, trace=300160, class=sun.reflect.NativeConstructorAccessorImpl@50000080)
OBJ 50001155 (sz=16, trace=300161, class=sun.reflect.DelegatingConstructorAccessorImpl@5000007f)
OBJ 50001156 (sz=48, trace=300974, class=sun.util.resources.CurrencyNames@5000114e)
	locale		50001db2
	name		50001139
	cacheKey	50002248
OBJ 50001157 (sz=32, trace=300429, class=java.util.ResourceBundle$LoaderReference@500009c6)
	referent	500009a4
	queue		500003ac
	cacheKey	50002248
OBJ 50001158 (sz=48, trace=300439, class=java.util.ResourceBundle$BundleReference@500009f4)
	referent	50001156
	queue		500003ac
	cacheKey	50002248
OBJ 50001159 (sz=32, trace=300441, class=java.util.concurrent.ConcurrentHashMap$Node@50000024)
	key		50002248
	val		50001158
OBJ 5000115a (sz=32, trace=300429, class=java.util.ResourceBundle$LoaderReference@500009c6)
OBJ 5000115b (sz=24, trace=300698, class=java.lang.StringBuilder@5000011f)
ARR 5000115c (sz=48, trace=300699, nelems=0, elem type=char[])
OBJ 5000115d (sz=24, trace=300700, class=java.lang.String@5000016b)
ARR 5000115e (sz=56, trace=300701, nelems=0, elem type=char[])
ARR 5000115f (sz=88, trace=300011, nelems=0, elem type=char[])
OBJ 50001160 (sz=24, trace=300702, class=java.lang.String@5000016b)
ARR 50001161 (sz=48, trace=300703, nelems=0, elem type=char[])
ARR 50001162 (sz=160, trace=300011, nelems=0, elem type=char[])
OBJ 50001163 (sz=24, trace=300704, class=java.lang.String@5000016b)
ARR 50001164 (sz=88, trace=300705, nelems=0, elem type=char[])
OBJ 50001165 (sz=24, trace=300706, class=java.lang.StringBuilder@5000011f)
ARR 50001166 (sz=120, trace=300707, nelems=0, elem type=char[])
OBJ 50001167 (sz=24, trace=300708, class=java.lang.String@5000016b)
	value		50001168
ARR 50001168 (sz=82, trace=300445, nelems=41, elem type=char[])
OBJ 50001169 (sz=16, trace=300430, class=java.lang.Object@5000016f)
OBJ 5000116a (sz=32, trace=300432, class=java.util.concurrent.ConcurrentHashMap$Node@50000024)
	key		50001167
	val		50001169
OBJ 5000116b (sz=16, trace=300433, class=java.lang.Object@5000016f)
OBJ 5000116c (sz=32, trace=300432, class=java.util.concurrent.ConcurrentHashMap$Node@50000024)
	key		50001167
	val		5000116b
ARR 5000116e (sz=16, trace=300435, nelems=0, elem type=java.lang.Class[]@50000101)
OBJ 5000116f (sz=56, trace=300157, class=java.lang.Class$ReflectionData@500000a5)
OBJ 50001170 (sz=40, trace=300041, class=java.lang.ref.SoftReference@5000014f)
OBJ 50001171 (sz=80, trace=300158, class=java.lang.reflect.Constructor@5000013b)
OBJ 50001172 (sz=24, trace=300436, class=java.lang.Class$1@50000082)
OBJ 50001173 (sz=24, trace=300160, class=sun.reflect.NativeConstructorAccessorImpl@50000080)
OBJ 50001174 (sz=16, trace=300161, class=sun.reflect.DelegatingConstructorAccessorImpl@5000007f)
OBJ 50001175 (sz=48, trace=300975, class=sun.util.resources.en.CurrencyNames_en_US@5000116d)
	parent		50001156
	locale		50001db1
	name		50001139
	cacheKey	50002249
	lookup		5000117b
OBJ 50001176 (sz=32, trace=300429, class=java.util.ResourceBundle$LoaderReference@500009c6)
	referent	500009a4
	queue		500003ac
	cacheKey	50002249
OBJ 50001177 (sz=48, trace=300439, class=java.util.ResourceBundle$BundleReference@500009f4)
	referent	50001175
	queue		500003ac
	cacheKey	50002249
OBJ 50001178 (sz=32, trace=300441, class=java.util.concurrent.ConcurrentHashMap$Node@50000024)
	key		50002249
	val		50001177
ARR 50001179 (sz=24, trace=300976, nelems=0, elem type=java.lang.Object[][]@50000ac7)
ARR 5000117a (sz=24, trace=300977, nelems=0, elem type=java.lang.Object[]@50000106)
OBJ 5000117b (sz=48, trace=300978, class=java.util.HashMap@500000b2)
	keySet		50001180
	table		5000117e
ARR 5000117c (sz=24, trace=300979, nelems=0, elem type=java.util.HashMap$Node[]@500000b0)
OBJ 5000117d (sz=32, trace=300081, class=java.util.HashMap$Node@500000b1)
	key		5000224b
	value		5000224a
ARR 5000117e (sz=24, trace=300980, nelems=2, elem type=java.util.HashMap$Node[]@500000b0)
	[1]		5000117d
OBJ 50001180 (sz=16, trace=300982, class=java.util.HashMap$KeySet@5000117f)
	this$0		5000117b
OBJ 50001181 (sz=48, trace=300983, class=sun.util.locale.provider.LocaleResources$ResourceReference@50000e18)
	referent	5000224a
	queue		50000d9d
	cacheKey	50001134
OBJ 50001182 (sz=32, trace=300984, class=java.util.concurrent.ConcurrentHashMap$Node@50000024)
	key		50001134
	val		50001181
ARR 50001185 (sz=16, trace=300986, nelems=0, elem type=java.text.FieldPosition[]@50001184)
OBJ 50001186 (sz=144, trace=300987, class=java.text.DecimalFormat@50001183)
ARR 50001188 (sz=38, trace=300989, nelems=19, elem type=char[])
OBJ 50001189 (sz=40, trace=300990, class=java.text.DigitList@50001187)
ARR 5000118a (sz=56, trace=300991, nelems=0, elem type=char[])
OBJ 5000118c (sz=24, trace=300993, class=java.math.RoundingMode@5000118b)
	name		50002311
OBJ 5000118d (sz=24, trace=300994, class=java.math.RoundingMode@5000118b)
	name		5000230b
OBJ 5000118e (sz=24, trace=300995, class=java.math.RoundingMode@5000118b)
	name		5000230a
OBJ 5000118f (sz=24, trace=300996, class=java.math.RoundingMode@5000118b)
	name		5000230c
OBJ 50001190 (sz=24, trace=300997, class=java.math.RoundingMode@5000118b)
	name		5000230f
OBJ 50001191 (sz=24, trace=300998, class=java.math.RoundingMode@5000118b)
	name		5000230d
OBJ 50001192 (sz=24, trace=300999, class=java.math.RoundingMode@5000118b)
	name		5000230e
OBJ 50001193 (sz=24, trace=301000, class=java.math.RoundingMode@5000118b)
	name		50002310
ARR 50001195 (sz=48, trace=301001, nelems=8, elem type=java.math.RoundingMode[]@50001194)
	[0]		5000118c
	[1]		5000118d
	[2]		5000118e
	[3]		5000118f
	[4]		50001190
	[5]		50001191
	[6]		50001192
	[7]		50001193
OBJ 50001196 (sz=24, trace=301002, class=java.lang.StringBuffer@50000120)
ARR 50001197 (sz=48, trace=301003, nelems=0, elem type=char[])
OBJ 50001198 (sz=24, trace=301004, class=java.lang.StringBuffer@50000120)
ARR 50001199 (sz=48, trace=301005, nelems=0, elem type=char[])
ARR 5000119a (sz=16, trace=301006, nelems=0, elem type=char[])
OBJ 5000119b (sz=24, trace=301007, class=java.lang.String@5000016b)
ARR 5000119c (sz=16, trace=301008, nelems=0, elem type=char[])
OBJ 5000119d (sz=24, trace=301009, class=java.lang.String@5000016b)
OBJ 5000119e (sz=24, trace=301002, class=java.lang.StringBuffer@50000120)
ARR 5000119f (sz=48, trace=301003, nelems=0, elem type=char[])
OBJ 500011a0 (sz=24, trace=301004, class=java.lang.StringBuffer@50000120)
ARR 500011a1 (sz=48, trace=301005, nelems=0, elem type=char[])
ARR 500011a2 (sz=24, trace=301010, nelems=0, elem type=char[])
OBJ 500011a3 (sz=24, trace=301011, class=java.lang.String@5000016b)
ARR 500011a4 (sz=16, trace=301012, nelems=0, elem type=char[])
OBJ 500011a5 (sz=24, trace=301013, class=java.lang.String@5000016b)
OBJ 500011a6 (sz=24, trace=301014, class=java.lang.StringBuffer@50000120)
ARR 500011a7 (sz=48, trace=301015, nelems=0, elem type=char[])
ARR 500011a8 (sz=16, trace=301016, nelems=0, elem type=char[])
OBJ 500011a9 (sz=24, trace=301017, class=java.lang.String@5000016b)
ARR 500011aa (sz=16, trace=301018, nelems=0, elem type=char[])
OBJ 500011ab (sz=24, trace=301019, class=java.lang.String@5000016b)
ARR 500011ac (sz=24, trace=301020, nelems=0, elem type=char[])
OBJ 500011ad (sz=24, trace=301021, class=java.lang.String@5000016b)
ARR 500011ae (sz=16, trace=301022, nelems=0, elem type=char[])
OBJ 500011af (sz=24, trace=301023, class=java.lang.String@5000016b)
OBJ 500011b0 (sz=24, trace=301024, class=java.lang.StringBuffer@50000120)
ARR 500011b1 (sz=48, trace=301025, nelems=0, elem type=char[])
OBJ 500011b2 (sz=32, trace=301026, class=java.text.FieldPosition@50000b27)
OBJ 500011b5 (sz=24, trace=301028, class=java.text.FieldPosition$Delegate@500011b4)
OBJ 500011b7 (sz=48, trace=301030, class=java.util.HashMap@500000b2)
	table		500011b9
OBJ 500011b8 (sz=16, trace=301031, class=java.text.NumberFormat$Field@500011b6)
	name		500022a2
ARR 500011b9 (sz=80, trace=301032, nelems=16, elem type=java.util.HashMap$Node[]@500000b0)
	[2]		500011c0
	[8]		500011c2
	[9]		500011c6
	[10]		500011cc
	[11]		500011ba
	[12]		500011ca
	[13]		500011c8
	[15]		500011bc
OBJ 500011ba (sz=32, trace=300081, class=java.util.HashMap$Node@500000b1)
	key		500022a2
	value		500011b8
	next		500011c4
OBJ 500011bb (sz=16, trace=301033, class=java.text.NumberFormat$Field@500011b6)
	name		500022f9
OBJ 500011bc (sz=32, trace=300081, class=java.util.HashMap$Node@500000b1)
	key		500022f9
	value		500011bb
	next		500011be
OBJ 500011bd (sz=16, trace=301034, class=java.text.NumberFormat$Field@500011b6)
	name		500022f6
OBJ 500011be (sz=32, trace=300082, class=java.util.HashMap$Node@500000b1)
	key		500022f6
	value		500011bd
OBJ 500011bf (sz=16, trace=301035, class=java.text.NumberFormat$Field@500011b6)
	name		500022f5
OBJ 500011c0 (sz=32, trace=300081, class=java.util.HashMap$Node@500000b1)
	key		500022f5
	value		500011bf
OBJ 500011c1 (sz=16, trace=301036, class=java.text.NumberFormat$Field@500011b6)
	name		500022fc
OBJ 500011c2 (sz=32, trace=300081, class=java.util.HashMap$Node@500000b1)
	key		500022fc
	value		500011c1
OBJ 500011c3 (sz=16, trace=301037, class=java.text.NumberFormat$Field@500011b6)
	name		500022fa
OBJ 500011c4 (sz=32, trace=300082, class=java.util.HashMap$Node@500000b1)
	key		500022fa
	value		500011c3
OBJ 500011c5 (sz=16, trace=301038, class=java.text.NumberFormat$Field@500011b6)
	name		500022f8
OBJ 500011c6 (sz=32, trace=300081, class=java.util.HashMap$Node@500000b1)
	key		500022f8
	value		500011c5
OBJ 500011c7 (sz=16, trace=301039, class=java.text.NumberFormat$Field@500011b6)
	name		500022a5
OBJ 500011c8 (sz=32, trace=300081, class=java.util.HashMap$Node@500000b1)
	key		500022a5
	value		500011c7
OBJ 500011c9 (sz=16, trace=301040, class=java.text.NumberFormat$Field@500011b6)
	name		500022fb
OBJ 500011ca (sz=32, trace=300081, class=java.util.HashMap$Node@500000b1)
	key		500022fb
	value		500011c9
OBJ 500011cb (sz=16, trace=301041, class=java.text.NumberFormat$Field@500011b6)
	name		5000229f
OBJ 500011cc (sz=32, trace=300081, class=java.util.HashMap$Node@500000b1)
	key		5000229f
	value		500011cb
	next		500011ce
OBJ 500011cd (sz=16, trace=301042, class=java.text.NumberFormat$Field@500011b6)
	name		500022f7
OBJ 500011ce (sz=32, trace=300082, class=java.util.HashMap$Node@500000b1)
	key		500022f7
	value		500011cd
ARR 500011cf (sz=24, trace=301043, nelems=0, elem type=char[])
OBJ 500011d0 (sz=24, trace=301044, class=java.lang.String@5000016b)
OBJ 500011d1 (sz=24, trace=300553, class=java.lang.String@5000016b)
ARR 500011d2 (sz=40, trace=300554, nelems=0, elem type=char[])
ARR 500011d3 (sz=88, trace=300011, nelems=0, elem type=char[])
OBJ 500011d4 (sz=64, trace=300728, class=java.text.DecimalFormatSymbols@50000e1c)
OBJ 500011d5 (sz=24, trace=300924, class=java.lang.StringBuilder@5000011f)
ARR 500011d6 (sz=56, trace=300925, nelems=0, elem type=char[])
OBJ 500011d7 (sz=24, trace=300926, class=java.lang.String@5000016b)
ARR 500011d8 (sz=24, trace=300927, nelems=0, elem type=char[])
OBJ 500011d9 (sz=144, trace=300987, class=java.text.DecimalFormat@50001183)
OBJ 500011da (sz=40, trace=300990, class=java.text.DigitList@50001187)
ARR 500011db (sz=56, trace=300991, nelems=0, elem type=char[])
OBJ 500011dc (sz=24, trace=301002, class=java.lang.StringBuffer@50000120)
ARR 500011dd (sz=48, trace=301003, nelems=0, elem type=char[])
OBJ 500011de (sz=24, trace=301004, class=java.lang.StringBuffer@50000120)
ARR 500011df (sz=48, trace=301005, nelems=0, elem type=char[])
ARR 500011e0 (sz=16, trace=301006, nelems=0, elem type=char[])
OBJ 500011e1 (sz=24, trace=301007, class=java.lang.String@5000016b)
ARR 500011e2 (sz=16, trace=301008, nelems=0, elem type=char[])
OBJ 500011e3 (sz=24, trace=301009, class=java.lang.String@5000016b)
OBJ 500011e4 (sz=24, trace=301002, class=java.lang.StringBuffer@50000120)
ARR 500011e5 (sz=48, trace=301003, nelems=0, elem type=char[])
OBJ 500011e6 (sz=24, trace=301004, class=java.lang.StringBuffer@50000120)
ARR 500011e7 (sz=48, trace=301005, nelems=0, elem type=char[])
ARR 500011e8 (sz=24, trace=301010, nelems=0, elem type=char[])
OBJ 500011e9 (sz=24, trace=301011, class=java.lang.String@5000016b)
ARR 500011ea (sz=16, trace=301012, nelems=0, elem type=char[])
OBJ 500011eb (sz=24, trace=301013, class=java.lang.String@5000016b)
OBJ 500011ec (sz=24, trace=301014, class=java.lang.StringBuffer@50000120)
ARR 500011ed (sz=48, trace=301015, nelems=0, elem type=char[])
ARR 500011ee (sz=16, trace=301016, nelems=0, elem type=char[])
OBJ 500011ef (sz=24, trace=301017, class=java.lang.String@5000016b)
ARR 500011f0 (sz=16, trace=301018, nelems=0, elem type=char[])
OBJ 500011f1 (sz=24, trace=301019, class=java.lang.String@5000016b)
ARR 500011f2 (sz=24, trace=301020, nelems=0, elem type=char[])
OBJ 500011f3 (sz=24, trace=301021, class=java.lang.String@5000016b)
ARR 500011f4 (sz=16, trace=301022, nelems=0, elem type=char[])
OBJ 500011f5 (sz=24, trace=301023, class=java.lang.String@5000016b)
OBJ 500011f6 (sz=24, trace=301024, class=java.lang.StringBuffer@50000120)
ARR 500011f7 (sz=48, trace=301025, nelems=0, elem type=char[])
OBJ 500011f8 (sz=32, trace=301026, class=java.text.FieldPosition@50000b27)
OBJ 500011f9 (sz=24, trace=301028, class=java.text.FieldPosition$Delegate@500011b4)
ARR 500011fa (sz=24, trace=301043, nelems=0, elem type=char[])
OBJ 500011fb (sz=24, trace=301044, class=java.lang.String@5000016b)
OBJ 500011fc (sz=24, trace=300563, class=java.lang.String@5000016b)
ARR 500011fd (sz=80, trace=300564, nelems=0, elem type=char[])
ARR 500011fe (sz=160, trace=300011, nelems=0, elem type=char[])
ARR 500011ff (sz=112, trace=300565, nelems=0, elem type=char[])
OBJ 50001200 (sz=24, trace=300566, class=java.lang.String@5000016b)
ARR 50001201 (sz=720, trace=300011, nelems=0, elem type=char[])
ARR 50001202 (sz=24, trace=301045, nelems=0, elem type=java.lang.Object[]@50000106)
OBJ 50001203 (sz=40, trace=300525, class=java.text.MessageFormat@50000af2)
ARR 50001204 (sz=56, trace=301046, nelems=0, elem type=java.text.Format[]@50000af8)
ARR 50001205 (sz=56, trace=301047, nelems=0, elem type=int[])
ARR 50001206 (sz=56, trace=301048, nelems=0, elem type=int[])
ARR 50001207 (sz=32, trace=300539, nelems=0, elem type=java.lang.StringBuilder[]@50000b0d)
OBJ 50001208 (sz=24, trace=300540, class=java.lang.StringBuilder@5000011f)
ARR 50001209 (sz=48, trace=300541, nelems=0, elem type=char[])
OBJ 5000120a (sz=24, trace=300542, class=java.lang.StringBuilder@5000011f)
ARR 5000120b (sz=48, trace=300543, nelems=0, elem type=char[])
ARR 5000120c (sz=32, trace=300544, nelems=0, elem type=java.lang.String[]@500000b4)
OBJ 5000120d (sz=24, trace=300545, class=java.lang.String@5000016b)
ARR 5000120e (sz=32, trace=300546, nelems=0, elem type=char[])
OBJ 5000120f (sz=24, trace=300545, class=java.lang.String@5000016b)
ARR 50001210 (sz=24, trace=300546, nelems=0, elem type=char[])
OBJ 50001211 (sz=24, trace=300542, class=java.lang.StringBuilder@5000011f)
ARR 50001212 (sz=48, trace=300543, nelems=0, elem type=char[])
ARR 50001213 (sz=32, trace=300544, nelems=0, elem type=java.lang.String[]@500000b4)
OBJ 50001214 (sz=24, trace=300545, class=java.lang.String@5000016b)
ARR 50001215 (sz=48, trace=300546, nelems=0, elem type=char[])
OBJ 50001216 (sz=24, trace=300545, class=java.lang.String@5000016b)
ARR 50001217 (sz=24, trace=300546, nelems=0, elem type=char[])
ARR 50001218 (sz=88, trace=300278, nelems=0, elem type=char[])
ARR 50001219 (sz=160, trace=300278, nelems=0, elem type=char[])
OBJ 5000121a (sz=24, trace=300547, class=java.lang.String@5000016b)
ARR 5000121b (sz=104, trace=300548, nelems=0, elem type=char[])
OBJ 5000121c (sz=24, trace=300549, class=java.lang.StringBuffer@50000120)
ARR 5000121d (sz=48, trace=300550, nelems=0, elem type=char[])
OBJ 5000121e (sz=32, trace=300552, class=java.text.FieldPosition@50000b27)
OBJ 5000121f (sz=24, trace=300553, class=java.lang.String@5000016b)
ARR 50001220 (sz=32, trace=300554, nelems=0, elem type=char[])
OBJ 50001221 (sz=64, trace=300728, class=java.text.DecimalFormatSymbols@50000e1c)
OBJ 50001222 (sz=24, trace=300924, class=java.lang.StringBuilder@5000011f)
ARR 50001223 (sz=56, trace=300925, nelems=0, elem type=char[])
OBJ 50001224 (sz=24, trace=300926, class=java.lang.String@5000016b)
ARR 50001225 (sz=24, trace=300927, nelems=0, elem type=char[])
OBJ 50001226 (sz=144, trace=300987, class=java.text.DecimalFormat@50001183)
OBJ 50001227 (sz=40, trace=300990, class=java.text.DigitList@50001187)
ARR 50001228 (sz=56, trace=300991, nelems=0, elem type=char[])
OBJ 50001229 (sz=24, trace=301002, class=java.lang.StringBuffer@50000120)
ARR 5000122a (sz=48, trace=301003, nelems=0, elem type=char[])
OBJ 5000122b (sz=24, trace=301004, class=java.lang.StringBuffer@50000120)
ARR 5000122c (sz=48, trace=301005, nelems=0, elem type=char[])
ARR 5000122d (sz=16, trace=301006, nelems=0, elem type=char[])
OBJ 5000122e (sz=24, trace=301007, class=java.lang.String@5000016b)
ARR 5000122f (sz=16, trace=301008, nelems=0, elem type=char[])
OBJ 50001230 (sz=24, trace=301009, class=java.lang.String@5000016b)
OBJ 50001231 (sz=24, trace=301002, class=java.lang.StringBuffer@50000120)
ARR 50001232 (sz=48, trace=301003, nelems=0, elem type=char[])
OBJ 50001233 (sz=24, trace=301004, class=java.lang.StringBuffer@50000120)
ARR 50001234 (sz=48, trace=301005, nelems=0, elem type=char[])
ARR 50001235 (sz=24, trace=301010, nelems=0, elem type=char[])
OBJ 50001236 (sz=24, trace=301011, class=java.lang.String@5000016b)
ARR 50001237 (sz=16, trace=301012, nelems=0, elem type=char[])
OBJ 50001238 (sz=24, trace=301013, class=java.lang.String@5000016b)
OBJ 50001239 (sz=24, trace=301014, class=java.lang.StringBuffer@50000120)
ARR 5000123a (sz=48, trace=301015, nelems=0, elem type=char[])
ARR 5000123b (sz=16, trace=301016, nelems=0, elem type=char[])
OBJ 5000123c (sz=24, trace=301017, class=java.lang.String@5000016b)
ARR 5000123d (sz=16, trace=301018, nelems=0, elem type=char[])
OBJ 5000123e (sz=24, trace=301019, class=java.lang.String@5000016b)
ARR 5000123f (sz=24, trace=301020, nelems=0, elem type=char[])
OBJ 50001240 (sz=24, trace=301021, class=java.lang.String@5000016b)
ARR 50001241 (sz=16, trace=301022, nelems=0, elem type=char[])
OBJ 50001242 (sz=24, trace=301023, class=java.lang.String@5000016b)
OBJ 50001243 (sz=24, trace=301024, class=java.lang.StringBuffer@50000120)
ARR 50001244 (sz=48, trace=301025, nelems=0, elem type=char[])
OBJ 50001245 (sz=32, trace=301026, class=java.text.FieldPosition@50000b27)
OBJ 50001246 (sz=24, trace=301028, class=java.text.FieldPosition$Delegate@500011b4)
ARR 50001247 (sz=24, trace=301043, nelems=0, elem type=char[])
OBJ 50001248 (sz=24, trace=301044, class=java.lang.String@5000016b)
OBJ 50001249 (sz=24, trace=300553, class=java.lang.String@5000016b)
ARR 5000124a (sz=40, trace=300554, nelems=0, elem type=char[])
ARR 5000124b (sz=88, trace=300011, nelems=0, elem type=char[])
OBJ 5000124c (sz=64, trace=300728, class=java.text.DecimalFormatSymbols@50000e1c)
OBJ 5000124d (sz=24, trace=300924, class=java.lang.StringBuilder@5000011f)
ARR 5000124e (sz=56, trace=300925, nelems=0, elem type=char[])
OBJ 5000124f (sz=24, trace=300926, class=java.lang.String@5000016b)
ARR 50001250 (sz=24, trace=300927, nelems=0, elem type=char[])
OBJ 50001251 (sz=144, trace=300987, class=java.text.DecimalFormat@50001183)
OBJ 50001252 (sz=40, trace=300990, class=java.text.DigitList@50001187)
ARR 50001253 (sz=56, trace=300991, nelems=0, elem type=char[])
OBJ 50001254 (sz=24, trace=301002, class=java.lang.StringBuffer@50000120)
ARR 50001255 (sz=48, trace=301003, nelems=0, elem type=char[])
OBJ 50001256 (sz=24, trace=301004, class=java.lang.StringBuffer@50000120)
ARR 50001257 (sz=48, trace=301005, nelems=0, elem type=char[])
ARR 50001258 (sz=16, trace=301006, nelems=0, elem type=char[])
OBJ 50001259 (sz=24, trace=301007, class=java.lang.String@5000016b)
ARR 5000125a (sz=16, trace=301008, nelems=0, elem type=char[])
OBJ 5000125b (sz=24, trace=301009, class=java.lang.String@5000016b)
OBJ 5000125c (sz=24, trace=301002, class=java.lang.StringBuffer@50000120)
ARR 5000125d (sz=48, trace=301003, nelems=0, elem type=char[])
OBJ 5000125e (sz=24, trace=301004, class=java.lang.StringBuffer@50000120)
ARR 5000125f (sz=48, trace=301005, nelems=0, elem type=char[])
ARR 50001260 (sz=24, trace=301010, nelems=0, elem type=char[])
OBJ 50001261 (sz=24, trace=301011, class=java.lang.String@5000016b)
ARR 50001262 (sz=16, trace=301012, nelems=0, elem type=char[])
OBJ 50001263 (sz=24, trace=301013, class=java.lang.String@5000016b)
OBJ 50001264 (sz=24, trace=301014, class=java.lang.StringBuffer@50000120)
ARR 50001265 (sz=48, trace=301015, nelems=0, elem type=char[])
ARR 50001266 (sz=16, trace=301016, nelems=0, elem type=char[])
OBJ 50001267 (sz=24, trace=301017, class=java.lang.String@5000016b)
ARR 50001268 (sz=16, trace=301018, nelems=0, elem type=char[])
OBJ 50001269 (sz=24, trace=301019, class=java.lang.String@5000016b)
ARR 5000126a (sz=24, trace=301020, nelems=0, elem type=char[])
OBJ 5000126b (sz=24, trace=301021, class=java.lang.String@5000016b)
ARR 5000126c (sz=16, trace=301022, nelems=0, elem type=char[])
OBJ 5000126d (sz=24, trace=301023, class=java.lang.String@5000016b)
OBJ 5000126e (sz=24, trace=301024, class=java.lang.StringBuffer@50000120)
ARR 5000126f (sz=48, trace=301025, nelems=0, elem type=char[])
OBJ 50001270 (sz=32, trace=301026, class=java.text.FieldPosition@50000b27)
OBJ 50001271 (sz=24, trace=301028, class=java.text.FieldPosition$Delegate@500011b4)
ARR 50001272 (sz=24, trace=301043, nelems=0, elem type=char[])
OBJ 50001273 (sz=24, trace=301044, class=java.lang.String@5000016b)
OBJ 50001274 (sz=24, trace=300563, class=java.lang.String@5000016b)
ARR 50001275 (sz=80, trace=300564, nelems=0, elem type=char[])
ARR 50001276 (sz=160, trace=300011, nelems=0, elem type=char[])
ARR 50001277 (sz=112, trace=300565, nelems=0, elem type=char[])
OBJ 50001278 (sz=24, trace=300566, class=java.lang.String@5000016b)
ARR 50001279 (sz=24, trace=301049, nelems=0, elem type=java.lang.Object[]@50000106)
OBJ 5000127a (sz=40, trace=300525, class=java.text.MessageFormat@50000af2)
ARR 5000127b (sz=56, trace=301050, nelems=0, elem type=java.text.Format[]@50000af8)
ARR 5000127c (sz=56, trace=301051, nelems=0, elem type=int[])
ARR 5000127d (sz=56, trace=301052, nelems=0, elem type=int[])
ARR 5000127e (sz=32, trace=300539, nelems=0, elem type=java.lang.StringBuilder[]@50000b0d)
OBJ 5000127f (sz=24, trace=300540, class=java.lang.StringBuilder@5000011f)
ARR 50001280 (sz=48, trace=300541, nelems=0, elem type=char[])
OBJ 50001281 (sz=24, trace=300542, class=java.lang.StringBuilder@5000011f)
ARR 50001282 (sz=48, trace=300543, nelems=0, elem type=char[])
ARR 50001283 (sz=32, trace=300544, nelems=0, elem type=java.lang.String[]@500000b4)
OBJ 50001284 (sz=24, trace=300545, class=java.lang.String@5000016b)
ARR 50001285 (sz=24, trace=300546, nelems=0, elem type=char[])
OBJ 50001286 (sz=24, trace=300545, class=java.lang.String@5000016b)
ARR 50001287 (sz=24, trace=300546, nelems=0, elem type=char[])
ARR 50001288 (sz=88, trace=300278, nelems=0, elem type=char[])
OBJ 50001289 (sz=24, trace=300542, class=java.lang.StringBuilder@5000011f)
ARR 5000128a (sz=48, trace=300543, nelems=0, elem type=char[])
ARR 5000128b (sz=32, trace=300544, nelems=0, elem type=java.lang.String[]@500000b4)
OBJ 5000128c (sz=24, trace=300545, class=java.lang.String@5000016b)
ARR 5000128d (sz=64, trace=300546, nelems=0, elem type=char[])
OBJ 5000128e (sz=24, trace=300545, class=java.lang.String@5000016b)
ARR 5000128f (sz=24, trace=300546, nelems=0, elem type=char[])
OBJ 50001290 (sz=24, trace=300547, class=java.lang.String@5000016b)
ARR 50001291 (sz=72, trace=300548, nelems=0, elem type=char[])
OBJ 50001292 (sz=24, trace=300549, class=java.lang.StringBuffer@50000120)
ARR 50001293 (sz=48, trace=300550, nelems=0, elem type=char[])
OBJ 50001294 (sz=32, trace=300552, class=java.text.FieldPosition@50000b27)
OBJ 50001295 (sz=24, trace=300553, class=java.lang.String@5000016b)
ARR 50001296 (sz=24, trace=300554, nelems=0, elem type=char[])
OBJ 50001297 (sz=24, trace=300553, class=java.lang.String@5000016b)
ARR 50001298 (sz=56, trace=300554, nelems=0, elem type=char[])
ARR 50001299 (sz=88, trace=300011, nelems=0, elem type=char[])
ARR 5000129a (sz=160, trace=300011, nelems=0, elem type=char[])
OBJ 5000129b (sz=24, trace=300563, class=java.lang.String@5000016b)
ARR 5000129c (sz=32, trace=300564, nelems=0, elem type=char[])
ARR 5000129d (sz=96, trace=300565, nelems=0, elem type=char[])
OBJ 5000129e (sz=24, trace=300566, class=java.lang.String@5000016b)
ARR 5000129f (sz=24, trace=301053, nelems=0, elem type=java.lang.Object[]@50000106)
OBJ 500012a0 (sz=40, trace=300525, class=java.text.MessageFormat@50000af2)
ARR 500012a1 (sz=56, trace=301054, nelems=0, elem type=java.text.Format[]@50000af8)
ARR 500012a2 (sz=56, trace=301055, nelems=0, elem type=int[])
ARR 500012a3 (sz=56, trace=301056, nelems=0, elem type=int[])
ARR 500012a4 (sz=32, trace=300539, nelems=0, elem type=java.lang.StringBuilder[]@50000b0d)
OBJ 500012a5 (sz=24, trace=300540, class=java.lang.StringBuilder@5000011f)
ARR 500012a6 (sz=48, trace=300541, nelems=0, elem type=char[])
ARR 500012a7 (sz=88, trace=300278, nelems=0, elem type=char[])
ARR 500012a8 (sz=160, trace=300278, nelems=0, elem type=char[])
OBJ 500012a9 (sz=24, trace=300542, class=java.lang.StringBuilder@5000011f)
ARR 500012aa (sz=48, trace=300543, nelems=0, elem type=char[])
ARR 500012ab (sz=32, trace=300544, nelems=0, elem type=java.lang.String[]@500000b4)
OBJ 500012ac (sz=24, trace=300545, class=java.lang.String@5000016b)
ARR 500012ad (sz=88, trace=300546, nelems=0, elem type=char[])
OBJ 500012ae (sz=24, trace=300545, class=java.lang.String@5000016b)
ARR 500012af (sz=24, trace=300546, nelems=0, elem type=char[])
OBJ 500012b0 (sz=24, trace=300547, class=java.lang.String@5000016b)
ARR 500012b1 (sz=88, trace=300548, nelems=0, elem type=char[])
OBJ 500012b2 (sz=24, trace=300549, class=java.lang.StringBuffer@50000120)
ARR 500012b3 (sz=48, trace=300550, nelems=0, elem type=char[])
OBJ 500012b4 (sz=32, trace=300552, class=java.text.FieldPosition@50000b27)
ARR 500012b5 (sz=88, trace=300011, nelems=0, elem type=char[])
ARR 500012b6 (sz=168, trace=300011, nelems=0, elem type=char[])
OBJ 500012b7 (sz=24, trace=300563, class=java.lang.String@5000016b)
ARR 500012b8 (sz=104, trace=300565, nelems=0, elem type=char[])
OBJ 500012b9 (sz=24, trace=300566, class=java.lang.String@5000016b)
ARR 500012ba (sz=1432, trace=300011, nelems=0, elem type=char[])
ARR 500012bb (sz=24, trace=301057, nelems=0, elem type=java.lang.Object[]@50000106)
OBJ 500012bc (sz=40, trace=300525, class=java.text.MessageFormat@50000af2)
ARR 500012bd (sz=56, trace=301058, nelems=0, elem type=java.text.Format[]@50000af8)
ARR 500012be (sz=56, trace=301059, nelems=0, elem type=int[])
ARR 500012bf (sz=56, trace=301060, nelems=0, elem type=int[])
ARR 500012c0 (sz=32, trace=300539, nelems=0, elem type=java.lang.StringBuilder[]@50000b0d)
OBJ 500012c1 (sz=24, trace=300540, class=java.lang.StringBuilder@5000011f)
ARR 500012c2 (sz=48, trace=300541, nelems=0, elem type=char[])
ARR 500012c3 (sz=88, trace=300278, nelems=0, elem type=char[])
ARR 500012c4 (sz=160, trace=300278, nelems=0, elem type=char[])
ARR 500012c5 (sz=304, trace=300278, nelems=0, elem type=char[])
ARR 500012c6 (sz=592, trace=300278, nelems=0, elem type=char[])
OBJ 500012c7 (sz=24, trace=300542, class=java.lang.StringBuilder@5000011f)
ARR 500012c8 (sz=48, trace=300543, nelems=0, elem type=char[])
ARR 500012c9 (sz=32, trace=300544, nelems=0, elem type=java.lang.String[]@500000b4)
OBJ 500012ca (sz=24, trace=300545, class=java.lang.String@5000016b)
ARR 500012cb (sz=320, trace=300546, nelems=0, elem type=char[])
OBJ 500012cc (sz=24, trace=300545, class=java.lang.String@5000016b)
ARR 500012cd (sz=24, trace=300546, nelems=0, elem type=char[])
ARR 500012ce (sz=1168, trace=300278, nelems=0, elem type=char[])
ARR 500012cf (sz=2320, trace=300278, nelems=0, elem type=char[])
ARR 500012d0 (sz=4624, trace=300278, nelems=0, elem type=char[])
OBJ 500012d1 (sz=24, trace=300547, class=java.lang.String@5000016b)
ARR 500012d2 (sz=4136, trace=300548, nelems=0, elem type=char[])
OBJ 500012d3 (sz=24, trace=300549, class=java.lang.StringBuffer@50000120)
ARR 500012d4 (sz=48, trace=300550, nelems=0, elem type=char[])
OBJ 500012d5 (sz=32, trace=300552, class=java.text.FieldPosition@50000b27)
OBJ 500012d6 (sz=24, trace=300553, class=java.lang.String@5000016b)
ARR 500012d7 (sz=320, trace=300554, nelems=0, elem type=char[])
ARR 500012d8 (sz=320, trace=300011, nelems=0, elem type=char[])
ARR 500012d9 (sz=616, trace=300011, nelems=0, elem type=char[])
OBJ 500012da (sz=24, trace=300563, class=java.lang.String@5000016b)
ARR 500012db (sz=3840, trace=300564, nelems=0, elem type=char[])
ARR 500012dc (sz=4144, trace=300011, nelems=0, elem type=char[])
ARR 500012dd (sz=4144, trace=300565, nelems=0, elem type=char[])
OBJ 500012de (sz=24, trace=300566, class=java.lang.String@5000016b)
ARR 500012df (sz=4834, trace=300011, nelems=2417, elem type=char[])
OBJ 500012e0 (sz=24, trace=301061, class=java.lang.String@5000016b)
ARR 500012e1 (sz=4856, trace=301062, nelems=0, elem type=char[])
OBJ 500012e2 (sz=48, trace=300240, class=java.nio.HeapCharBuffer@50000035)
OBJ 500012e3 (sz=48, trace=300240, class=java.nio.HeapCharBuffer@50000035)
OBJ 500012e4 (sz=376, trace=300001, class=java.lang.Thread@50000148)
	name		500012e6
	group		500013f3
	inheritedAccessControlContext	50002005
	blockerLock	500012e5
OBJ 500012e5 (sz=16, trace=300002, class=java.lang.Object@5000016f)
ARR 500012e6 (sz=26, trace=300003, nelems=13, elem type=char[])
ARR 500012e8 (sz=56, trace=301063, nelems=0, elem type=java.lang.Runnable[]@500000dc)
OBJ 500012ea (sz=16, trace=301065, class=java.lang.Shutdown$Lock@500012e9)
OBJ 500012eb (sz=16, trace=301066, class=java.lang.Shutdown$Lock@500012e9)
OBJ 500012f2 (sz=376, trace=300000, class=java.lang.Thread@50000148)
	name		50002348
	contextClassLoader	500012fb
	blockerLock	50002347
OBJ 500012f3 (sz=376, trace=300000, class=java.lang.Thread@50000148)
	name		50001feb
	group		500013f4
	contextClassLoader	500012fb
	inheritedAccessControlContext	50001fea
	blockerLock	50001fe9
OBJ 500012f4 (sz=376, trace=300000, class=java.lang.Thread@50000148)
	name		50001fee
	group		500013f4
	contextClassLoader	500012fb
	inheritedAccessControlContext	50001fed
	blockerLock	50001fec
OBJ 500012f5 (sz=384, trace=300000, class=java.lang.ref.Finalizer$FinalizerThread@500000d7)
	name		50001ff1
	group		500013f4
	inheritedAccessControlContext	50001ff0
	blockerLock	50001fef
OBJ 500012f6 (sz=32, trace=300000, class=java.lang.ref.ReferenceQueue@500000da)
	lock		500012f7
OBJ 500012f7 (sz=16, trace=300000, class=java.lang.ref.ReferenceQueue$Lock@500000d8)
OBJ 500012f8 (sz=16, trace=300000, class=java.lang.System$2@50000054)
OBJ 500012f9 (sz=376, trace=300000, class=java.lang.ref.Reference$ReferenceHandler@500000dd)
	name		50002001
	group		500013f4
	inheritedAccessControlContext	50002000
	blockerLock	50001fff
OBJ 500012fa (sz=16, trace=300000, class=java.lang.ref.Reference$Lock@500000de)
OBJ 500012fb (sz=96, trace=300000, class=sun.misc.Launcher$AppClassLoader@50000114)
	parent		500012fd
	parallelLockMap	500015fa
	package2certs	500015f9
	classes		500015f8
	defaultDomain	500015f7
	domains		500015f6
	packages	500015f5
	nativeLibraries	500015f4
	assertionLock	500015f3
	pdcache		500015f2
	ucp		500015ef
	acc		500015f1
	closeables	500015f0
	ucp		500015ef
ARR 500012fc (sz=0, trace=300000, nelems=0, elem type=int[])
OBJ 500012fd (sz=88, trace=300000, class=sun.misc.Launcher$ExtClassLoader@50000113)
	parallelLockMap	50001606
	package2certs	50001605
	classes		50001604
	defaultDomain	50001603
	domains		50001602
	packages	50001601
	nativeLibraries	50001600
	assertionLock	500015ff
	pdcache		500015fe
	ucp		500015fd
	acc		500015fc
	closeables	500015fb
ARR 500012fe (sz=24, trace=300000, nelems=0, elem type=java.lang.Object[]@50000106)
ARR 500012ff (sz=32, trace=300000, nelems=0, elem type=java.lang.Object[]@50000106)
ARR 50001300 (sz=88, trace=300000, nelems=0, elem type=java.lang.Object[]@50000106)
ARR 50001301 (sz=24, trace=300000, nelems=1, elem type=java.lang.Object[]@50000106)
	[0]		50001799
ARR 50001302 (sz=24, trace=300000, nelems=2, elem type=java.lang.Object[]@50000106)
	[1]		500014bd
ARR 50001303 (sz=88, trace=300000, nelems=18, elem type=java.lang.Object[]@50000106)
	[0]		500013fe
	[14]		500015e7
	[17]		500015e8
ARR 50001304 (sz=56, trace=300000, nelems=10, elem type=java.lang.Object[]@50000106)
	[9]		5000173e
ARR 50001305 (sz=56, trace=300000, nelems=0, elem type=java.lang.Object[]@50000106)
ARR 50001306 (sz=56, trace=300000, nelems=10, elem type=java.lang.Object[]@50000106)
	[0]		500013fe
	[1]		50001400
	[2]		500013f9
	[3]		50001401
	[4]		50001402
	[5]		50001403
	[6]		500013fa
	[7]		500013e7
	[8]		500013f8
	[9]		50001404
ARR 50001307 (sz=208, trace=300000, nelems=0, elem type=java.lang.Object[]@50000106)
ARR 50001308 (sz=32, trace=300000, nelems=3, elem type=java.lang.Object[]@50000106)
	[2]		500013f7
ARR 50001309 (sz=72, trace=300000, nelems=13, elem type=java.lang.Object[]@50000106)
	[0]		500013fe
	[6]		5000140e
	[9]		5000140f
	[10]		50001410
	[12]		50001411
ARR 5000130a (sz=48, trace=300000, nelems=7, elem type=java.lang.Object[]@50000106)
	[6]		5000140d
ARR 5000130b (sz=64, trace=300000, nelems=7, elem type=java.lang.Object[]@50000106)
	[6]		50001407
ARR 5000130c (sz=32, trace=300000, nelems=0, elem type=java.lang.Object[]@50000106)
ARR 5000130d (sz=40, trace=300000, nelems=2, elem type=java.lang.Object[]@50000106)
	[1]		5000140b
ARR 5000130e (sz=48, trace=300000, nelems=0, elem type=java.lang.Object[]@50000106)
ARR 5000130f (sz=72, trace=300000, nelems=0, elem type=java.lang.Object[]@50000106)
ARR 50001310 (sz=80, trace=300000, nelems=0, elem type=java.lang.Object[]@50000106)
ARR 50001311 (sz=32, trace=300000, nelems=0, elem type=java.lang.Object[]@50000106)
ARR 50001312 (sz=112, trace=300000, nelems=4, elem type=java.lang.Object[]@50000106)
	[3]		5000149b
ARR 50001313 (sz=32, trace=300000, nelems=3, elem type=java.lang.Object[]@50000106)
	[2]		500014a2
ARR 50001314 (sz=72, trace=300000, nelems=0, elem type=java.lang.Object[]@50000106)
ARR 50001315 (sz=32, trace=300000, nelems=0, elem type=java.lang.Object[]@50000106)
ARR 50001316 (sz=32, trace=300000, nelems=0, elem type=java.lang.Object[]@50000106)
ARR 50001317 (sz=24, trace=300000, nelems=0, elem type=java.lang.Object[]@50000106)
ARR 50001318 (sz=48, trace=300000, nelems=0, elem type=java.lang.Object[]@50000106)
ARR 50001319 (sz=24, trace=300000, nelems=2, elem type=java.lang.Object[]@50000106)
	[1]		5000149e
ARR 5000131a (sz=24, trace=300000, nelems=0, elem type=java.lang.Object[]@50000106)
ARR 5000131b (sz=24, trace=300000, nelems=1, elem type=java.lang.Object[]@50000106)
	[0]		50001ff2
ARR 5000131c (sz=40, trace=300000, nelems=0, elem type=java.lang.Object[]@50000106)
ARR 5000131d (sz=48, trace=300000, nelems=0, elem type=java.lang.Object[]@50000106)
ARR 5000131e (sz=32, trace=300000, nelems=1, elem type=java.lang.Object[]@50000106)
	[0]		5000149a
ARR 5000131f (sz=64, trace=300000, nelems=11, elem type=java.lang.Object[]@50000106)
	[0]		500014be
	[3]		500014bf
	[4]		500014c0
	[5]		500014c1
	[6]		500014c2
	[7]		500014c3
	[8]		500014c4
	[9]		500014c5
	[10]		50001404
ARR 50001320 (sz=24, trace=300000, nelems=0, elem type=java.lang.Object[]@50000106)
ARR 50001321 (sz=56, trace=300000, nelems=10, elem type=java.lang.Object[]@50000106)
	[9]		500015e2
ARR 50001322 (sz=152, trace=300000, nelems=0, elem type=java.lang.Object[]@50000106)
ARR 50001323 (sz=24, trace=300000, nelems=0, elem type=java.lang.Object[]@50000106)
ARR 50001324 (sz=24, trace=300000, nelems=0, elem type=java.lang.Object[]@50000106)
ARR 50001325 (sz=24, trace=300000, nelems=0, elem type=java.lang.Object[]@50000106)
ARR 50001326 (sz=24, trace=300000, nelems=0, elem type=java.lang.Object[]@50000106)
ARR 50001327 (sz=24, trace=300000, nelems=0, elem type=java.lang.Object[]@50000106)
ARR 50001328 (sz=24, trace=300000, nelems=0, elem type=java.lang.Object[]@50000106)
ARR 50001329 (sz=24, trace=300000, nelems=0, elem type=java.lang.Object[]@50000106)
ARR 5000132a (sz=40, trace=300000, nelems=0, elem type=java.lang.Object[]@50000106)
ARR 5000132b (sz=104, trace=300000, nelems=17, elem type=java.lang.Object[]@50000106)
	[7]		50001750
	[8]		50001fb9
	[10]		50001fae
	[14]		50001faf
	[15]		50001fba
	[16]		5000174c
ARR 5000132c (sz=24, trace=300000, nelems=0, elem type=java.lang.Object[]@50000106)
ARR 5000132d (sz=24, trace=300000, nelems=0, elem type=java.lang.Object[]@50000106)
ARR 5000132e (sz=48, trace=300000, nelems=0, elem type=java.lang.Object[]@50000106)
ARR 5000132f (sz=56, trace=300000, nelems=10, elem type=java.lang.Object[]@50000106)
	[6]		500014a9
	[7]		500014aa
	[8]		500014ab
	[9]		500014ac
ARR 50001330 (sz=32, trace=300000, nelems=0, elem type=java.lang.Object[]@50000106)
ARR 50001331 (sz=24, trace=300000, nelems=0, elem type=java.lang.Object[]@50000106)
ARR 50001332 (sz=24, trace=300000, nelems=0, elem type=java.lang.Object[]@50000106)
ARR 50001333 (sz=40, trace=300000, nelems=5, elem type=java.lang.Object[]@50000106)
	[3]		500013f6
	[4]		50001f68
ARR 50001334 (sz=40, trace=300000, nelems=0, elem type=java.lang.Object[]@50000106)
ARR 50001335 (sz=24, trace=300000, nelems=1, elem type=java.lang.Object[]@50000106)
	[0]		50001d7e
ARR 50001336 (sz=40, trace=300000, nelems=5, elem type=java.lang.Object[]@50000106)
	[2]		50001d78
	[3]		50001d79
	[4]		50001d7a
ARR 50001337 (sz=32, trace=300000, nelems=0, elem type=java.lang.Object[]@50000106)
ARR 50001338 (sz=72, trace=300000, nelems=0, elem type=java.lang.Object[]@50000106)
ARR 50001339 (sz=56, trace=300000, nelems=0, elem type=java.lang.Object[]@50000106)
ARR 5000133a (sz=40, trace=300000, nelems=3, elem type=java.lang.Object[]@50000106)
	[0]		50001f78
	[2]		50001402
ARR 5000133b (sz=24, trace=300000, nelems=0, elem type=java.lang.Object[]@50000106)
ARR 5000133c (sz=48, trace=300000, nelems=7, elem type=java.lang.Object[]@50000106)
	[0]		500013fe
	[1]		5000179f
	[5]		500017c0
	[6]		500017c1
ARR 5000133d (sz=24, trace=300000, nelems=0, elem type=java.lang.Object[]@50000106)
ARR 5000133e (sz=24, trace=300000, nelems=2, elem type=java.lang.Object[]@50000106)
	[0]		5000149b
	[1]		5000181b
ARR 5000133f (sz=864, trace=300000, nelems=212, elem type=java.lang.Object[]@50000106)
	[0]		50001a1b
	[1]		50001a67
	[2]		50001a94
	[3]		50001a37
	[4]		50001acc
	[5]		50001ac4
	[6]		50001aa0
	[7]		50001a9e
	[8]		50001a9c
	[9]		50001a97
	[10]		50001a92
	[11]		50001a8e
	[12]		50001a8c
	[13]		50001ad7
	[14]		500019b2
	[15]		500019ae
	[16]		50001ad3
	[17]		50001ad1
	[18]		50001ace
	[19]		50001aca
	[20]		50001ac8
	[21]		50001ae2
	[22]		50001ae0
	[23]		50001ade
	[24]		50001adc
	[25]		50001ada
	[26]		50001b1a
	[27]		50001b1b
	[28]		50001b1c
	[29]		50001b1d
	[30]		50001b1e
	[31]		50001b1f
	[32]		50001b20
	[33]		50001b21
	[34]		50001b22
	[35]		50001b23
	[36]		50001b24
	[37]		50001b25
	[38]		50001b26
	[39]		50001b27
	[40]		50001b28
	[41]		50001b29
	[42]		50001b2a
	[43]		50001b2b
	[44]		50001b2c
	[45]		50001b2d
	[46]		50001b2e
	[47]		50001b2f
	[48]		50001b30
	[49]		50001b31
	[50]		50001b32
	[51]		50001b33
	[52]		50001b34
	[53]		50001b35
	[54]		50001b36
	[55]		50001b37
	[56]		50001b38
	[57]		50001b39
	[58]		50001b3a
	[59]		50001b3b
	[60]		50001b3c
	[61]		50001b3d
	[62]		50001b3e
	[63]		5000184f
	[64]		50001b3f
	[65]		50001b40
	[66]		50001b41
	[67]		50001b42
	[68]		50001b43
	[69]		50001b44
	[70]		50001b45
	[71]		50001b46
	[72]		50001860
	[73]		50001855
	[74]		50001883
	[75]		50001880
	[76]		5000186c
	[77]		500017f0
	[78]		500017e4
	[79]		50001802
	[80]		50001b47
	[81]		50001b48
	[82]		50001b49
	[83]		50001b4a
	[84]		50001b4b
	[85]		50001b4c
	[86]		50001b4d
	[87]		50001b4e
	[88]		50001aa9
	[89]		5000199c
	[90]		5000198c
	[91]		500019b4
	[92]		500019d3
	[93]		500019d1
	[94]		500019cf
	[95]		500019cd
	[96]		500019cb
	[97]		500019c8
	[98]		500019ac
	[99]		500019f3
	[100]		50001966
	[101]		50001964
	[102]		50001962
	[103]		50001960
	[104]		5000195c
	[105]		5000195a
	[106]		50001a3f
	[107]		50001a07
	[108]		50001aa5
	[109]		50001aa2
	[110]		50001a52
	[111]		50001a4b
	[112]		50001a47
	[113]		50001a42
	[114]		50001a3d
	[115]		50001a2d
	[116]		50001a2b
	[117]		50001a21
	[118]		50001ab8
	[119]		50001ab6
	[120]		50001ab4
	[121]		50001ab2
	[122]		50001ab0
	[123]		50001b4f
	[124]		50001b50
	[125]		50001b51
	[126]		50001b52
	[127]		50001b53
	[128]		50001b54
	[129]		50001b55
	[130]		50001b56
	[131]		50001b57
	[132]		50001b58
	[133]		50001b59
	[134]		50001b5a
	[135]		50001b5b
	[136]		50001b5c
	[137]		50001996
	[138]		50001954
	[139]		5000198a
	[140]		50001aa7
	[141]		50001972
	[142]		50001a50
	[143]		500019df
	[144]		5000199e
	[145]		50001a65
	[146]		500019a8
	[147]		500019f7
	[148]		500019b6
	[149]		50001a25
	[150]		500019ff
	[151]		500019fd
	[152]		500019fb
	[153]		500019f9
	[154]		500019eb
	[155]		500019e9
	[156]		50001a63
	[157]		50001a60
	[158]		50001a5c
	[159]		50001a33
	[160]		5000180c
	[161]		50001a03
	[162]		50001823
	[163]		50001a2f
	[164]		50001829
	[165]		50001820
	[166]		50001809
	[167]		500017fe
	[168]		5000188a
	[169]		5000187c
	[170]		50001a72
	[171]		50001a70
	[172]		50001a6e
	[173]		50001a5e
	[174]		50001a1f
	[175]		50001a1d
	[176]		50001a0f
	[177]		50001a05
	[178]		500019ef
	[179]		500019ed
	[180]		50001a99
	[181]		50001994
	[182]		50001990
	[183]		500019bf
	[184]		50001a7c
	[185]		50001a7a
	[186]		50001a78
	[187]		50001a76
	[188]		50001a74
	[189]		50001968
	[190]		50001a6c
	[191]		50001a39
	[192]		50001abc
	[193]		50001aba
	[194]		50001a5a
	[195]		50001a56
	[196]		50001a4d
	[197]		50001a49
	[198]		50001a17
	[199]		50001a15
	[200]		50001a13
	[201]		50001a11
	[202]		500017c6
	[203]		5000197f
	[204]		500019a0
	[205]		50001ac2
	[206]		500019b0
	[207]		500019f1
	[208]		50001970
	[209]		50001a82
	[210]		500019e3
	[211]		500019e7
ARR 50001340 (sz=984, trace=300000, nelems=241, elem type=java.lang.Object[]@50000106)
	[0]		50001a1b
	[1]		50001a67
	[2]		50001a94
	[3]		50001a37
	[4]		50001acc
	[5]		50001ac4
	[6]		50001aa0
	[7]		50001a9e
	[8]		50001a9c
	[9]		50001a97
	[10]		50001a92
	[11]		50001a8e
	[12]		50001a8c
	[13]		50001a82
	[14]		50001ad7
	[15]		500019b2
	[16]		500019ae
	[17]		50001ad3
	[18]		50001ad1
	[19]		50001ace
	[20]		50001aca
	[21]		50001ac8
	[22]		50001ae2
	[23]		50001ae0
	[24]		50001ade
	[25]		50001adc
	[26]		50001ada
	[27]		50001aa9
	[28]		50001a27
	[29]		50001a0b
	[30]		5000196e
	[31]		5000199c
	[32]		5000198c
	[33]		500017f3
	[34]		500019c3
	[35]		500019b4
	[36]		500019d3
	[37]		500019d1
	[38]		500019cf
	[39]		500019cd
	[40]		500019cb
	[41]		500019c8
	[42]		500019ac
	[43]		500019f3
	[44]		50001966
	[45]		50001964
	[46]		50001962
	[47]		50001960
	[48]		5000195c
	[49]		5000195a
	[50]		50001a3f
	[51]		50001a07
	[52]		50001aa5
	[53]		50001aa2
	[54]		50001a52
	[55]		50001a4b
	[56]		50001a47
	[57]		50001a42
	[58]		50001a3d
	[59]		50001a2d
	[60]		50001a2b
	[61]		50001a21
	[62]		50001ab8
	[63]		50001ab6
	[64]		50001ab4
	[65]		50001ab2
	[66]		50001ab0
	[67]		50001a90
	[68]		5000196c
	[69]		500019d5
	[70]		500019c6
	[71]		500019c1
	[72]		50001af4
	[73]		50001af2
	[74]		50001af0
	[75]		50001aee
	[76]		50001aec
	[77]		50001aea
	[78]		50001ad5
	[79]		500019d7
	[80]		50001996
	[81]		50001954
	[82]		5000198a
	[83]		50001aa7
	[84]		50001976
	[85]		50001972
	[86]		50001a50
	[87]		500019df
	[88]		50001abe
	[89]		500019d9
	[90]		5000199e
	[91]		50001a65
	[92]		500019a8
	[93]		500019f7
	[94]		500019b6
	[95]		50001a25
	[96]		50001a23
	[97]		500019ff
	[98]		500019fd
	[99]		500019fb
	[100]		500019f9
	[101]		500019eb
	[102]		500019e9
	[103]		500019e3
	[104]		50001a63
	[105]		50001a60
	[106]		50001a5c
	[107]		50001a33
	[108]		50001a31
	[109]		500017fb
	[110]		50001988
	[111]		5000180c
	[112]		50001a03
	[113]		50001823
	[114]		50001a2f
	[115]		50001a29
	[116]		50001829
	[117]		50001820
	[118]		50001809
	[119]		500017fe
	[120]		5000188a
	[121]		5000187c
	[122]		500019e7
	[123]		50001a72
	[124]		50001a70
	[125]		50001a6e
	[126]		50001a5e
	[127]		50001a54
	[128]		500019aa
	[129]		5000184e
	[130]		50001817
	[131]		5000180f
	[132]		5000184b
	[133]		50001842
	[134]		5000183e
	[135]		50001838
	[136]		50001831
	[137]		50001a1f
	[138]		50001a1d
	[139]		50001a0f
	[140]		50001a05
	[141]		500019ef
	[142]		500019ed
	[143]		50001a99
	[144]		50001ae6
	[145]		5000199a
	[146]		500019a6
	[147]		500019a4
	[148]		50001998
	[149]		50001994
	[150]		50001992
	[151]		50001990
	[152]		5000198e
	[153]		50001a7e
	[154]		500019bf
	[155]		500019ba
	[156]		50001a84
	[157]		50001a7c
	[158]		50001a7a
	[159]		50001a78
	[160]		50001a76
	[161]		50001a74
	[162]		50001968
	[163]		5000195e
	[164]		50001986
	[165]		50001a6c
	[166]		50001a6a
	[167]		50001ac6
	[168]		50001981
	[169]		50001a88
	[170]		5000197d
	[171]		500019e1
	[172]		5000197b
	[173]		500019a2
	[174]		50001978
	[175]		50001ae4
	[176]		50001974
	[177]		50001a35
	[178]		50001a3b
	[179]		50001a39
	[180]		500017eb
	[181]		500017e7
	[182]		50001abc
	[183]		50001aba
	[184]		50001a5a
	[185]		50001a56
	[186]		50001a4d
	[187]		50001a49
	[188]		50001a44
	[189]		50001a19
	[190]		50001a17
	[191]		50001a15
	[192]		50001a13
	[193]		50001a11
	[194]		50001a0d
	[195]		500019db
	[196]		5000197f
	[197]		500019a0
	[198]		50001ac2
	[199]		50001a86
	[200]		500019f5
	[201]		50001ae8
	[202]		50001a80
	[203]		500019b0
	[204]		5000181a
	[205]		5000185f
	[206]		50001854
	[207]		50001882
	[208]		5000187f
	[209]		5000186b
	[210]		50001a09
	[211]		500017e3
	[212]		50001952
	[213]		50001845
	[214]		500019f1
	[215]		500019dd
	[216]		5000196a
	[217]		50001956
	[218]		50001aac
	[219]		50001a01
	[220]		50001950
	[221]		500019bc
	[222]		500019b8
	[223]		50001958
	[224]		50001aae
	[225]		50001876
	[226]		50001873
	[227]		50001868
	[228]		50001865
	[229]		5000185c
	[230]		50001858
	[231]		50001970
	[232]		5000182d
	[233]		50001835
	[234]		50001983
	[235]		50001ac0
	[236]		500017f7
	[237]		50001a8a
	[238]		500017ef
	[239]		500019e5
	[240]		50001801
ARR 50001341 (sz=328, trace=300000, nelems=78, elem type=java.lang.Object[]@50000106)
	[0]		500017f4
	[1]		5000180d
	[2]		5000182e
	[3]		50001824
	[4]		5000182a
	[5]		50001821
	[6]		5000180a
	[7]		500017ff
	[8]		500017fc
	[9]		5000188b
	[10]		5000187d
	[11]		50001836
	[12]		5000184f
	[13]		50001818
	[14]		50001810
	[15]		5000184c
	[16]		50001843
	[17]		5000183f
	[18]		50001839
	[19]		50001832
	[20]		500017ec
	[21]		500017e8
	[22]		50001877
	[23]		50001874
	[24]		50001869
	[25]		50001866
	[26]		5000185d
	[27]		50001859
	[28]		5000181b
	[29]		50001860
	[30]		50001855
	[31]		50001883
	[32]		500017f8
	[33]		50001880
	[34]		5000186c
	[35]		500017f0
	[36]		500017e4
	[37]		50001802
	[38]		50001846
	[39]		500017f3
	[40]		500017fb
	[41]		5000180c
	[42]		50001823
	[43]		50001829
	[44]		50001820
	[45]		50001809
	[46]		500017fe
	[47]		5000188a
	[48]		5000187c
	[49]		5000184e
	[50]		50001817
	[51]		5000180f
	[52]		5000184b
	[53]		50001842
	[54]		5000183e
	[55]		50001838
	[56]		50001831
	[57]		500017eb
	[58]		500017e7
	[59]		5000181a
	[60]		5000185f
	[61]		50001854
	[62]		50001882
	[63]		5000187f
	[64]		5000186b
	[65]		500017e3
	[66]		50001845
	[67]		50001876
	[68]		50001873
	[69]		50001868
	[70]		50001865
	[71]		5000185c
	[72]		50001858
	[73]		5000182d
	[74]		50001835
	[75]		500017f7
	[76]		500017ef
	[77]		50001801
ARR 50001342 (sz=176, trace=300000, nelems=39, elem type=java.lang.Object[]@50000106)
	[0]		500017f3
	[1]		500017fb
	[2]		5000180c
	[3]		50001823
	[4]		50001829
	[5]		50001820
	[6]		50001809
	[7]		500017fe
	[8]		5000188a
	[9]		5000187c
	[10]		5000184e
	[11]		50001817
	[12]		5000180f
	[13]		5000184b
	[14]		50001842
	[15]		5000183e
	[16]		50001838
	[17]		50001831
	[18]		500017eb
	[19]		500017e7
	[20]		5000181a
	[21]		5000185f
	[22]		50001854
	[23]		50001882
	[24]		5000187f
	[25]		5000186b
	[26]		500017e3
	[27]		50001845
	[28]		50001876
	[29]		50001873
	[30]		50001868
	[31]		50001865
	[32]		5000185c
	[33]		50001858
	[34]		5000182d
	[35]		50001835
	[36]		500017f7
	[37]		500017ef
	[38]		50001801
ARR 50001343 (sz=24, trace=300000, nelems=1, elem type=java.lang.Object[]@50000106)
	[0]		50001610
ARR 50001344 (sz=72, trace=300000, nelems=0, elem type=java.lang.Object[]@50000106)
ARR 50001345 (sz=104, trace=300000, nelems=1, elem type=java.lang.Object[]@50000106)
	[0]		500013fd
ARR 50001346 (sz=32, trace=300000, nelems=3, elem type=java.lang.Object[]@50000106)
	[1]		5000180d
	[2]		50001b15
ARR 50001347 (sz=32, trace=300000, nelems=0, elem type=java.lang.Object[]@50000106)
ARR 50001348 (sz=32, trace=300000, nelems=3, elem type=java.lang.Object[]@50000106)
	[1]		500014a5
	[2]		500014a6
ARR 50001349 (sz=24, trace=300000, nelems=0, elem type=java.lang.Object[]@50000106)
ARR 5000134a (sz=32, trace=300000, nelems=0, elem type=java.lang.Object[]@50000106)
ARR 5000134b (sz=24, trace=300000, nelems=0, elem type=java.lang.Object[]@50000106)
ARR 5000134c (sz=80, trace=300000, nelems=13, elem type=java.lang.Object[]@50000106)
	[1]		5000179f
	[2]		500017a0
	[3]		500017a1
	[6]		500017a2
	[12]		500017a3
ARR 5000134d (sz=32, trace=300000, nelems=3, elem type=java.lang.Object[]@50000106)
	[0]		500017aa
	[1]		500017ab
	[2]		500017ac
ARR 5000134e (sz=32, trace=300000, nelems=0, elem type=java.lang.Object[]@50000106)
ARR 5000134f (sz=32, trace=300000, nelems=0, elem type=java.lang.Object[]@50000106)
ARR 50001350 (sz=48, trace=300000, nelems=0, elem type=java.lang.Object[]@50000106)
ARR 50001351 (sz=24, trace=300000, nelems=2, elem type=java.lang.Object[]@50000106)
	[0]		50001bc9
	[1]		50001bca
ARR 50001352 (sz=32, trace=300000, nelems=3, elem type=java.lang.Object[]@50000106)
	[2]		5000140e
ARR 50001353 (sz=96, trace=300000, nelems=19, elem type=java.lang.Object[]@50000106)
	[0]		500013fe
	[17]		5000141f
	[18]		50001420
ARR 50001354 (sz=32, trace=300000, nelems=2, elem type=java.lang.Object[]@50000106)
	[0]		50001f54
	[1]		50001f55
ARR 50001355 (sz=48, trace=300000, nelems=8, elem type=java.lang.Object[]@50000106)
	[5]		50001d8f
	[6]		50001d90
	[7]		50001d91
ARR 50001356 (sz=32, trace=300000, nelems=0, elem type=java.lang.Object[]@50000106)
ARR 50001357 (sz=24, trace=300000, nelems=2, elem type=java.lang.Object[]@50000106)
	[0]		50001f5d
	[1]		50001f5e
ARR 50001358 (sz=32, trace=300000, nelems=3, elem type=java.lang.Object[]@50000106)
	[0]		500015dd
	[2]		50001404
ARR 50001359 (sz=24, trace=300000, nelems=2, elem type=java.lang.Object[]@50000106)
	[0]		50001fcb
	[1]		50001fcc
ARR 5000135a (sz=40, trace=300000, nelems=0, elem type=java.lang.Object[]@50000106)
ARR 5000135b (sz=80, trace=300000, nelems=14, elem type=java.lang.Object[]@50000106)
	[13]		5000161a
ARR 5000135c (sz=24, trace=300000, nelems=1, elem type=java.lang.Object[]@50000106)
	[0]		500014bf
ARR 5000135d (sz=24, trace=300000, nelems=1, elem type=java.lang.Object[]@50000106)
	[0]		500015e4
ARR 5000135e (sz=48, trace=300000, nelems=8, elem type=java.lang.Object[]@50000106)
	[3]		50002031
	[6]		50002032
	[7]		50002033
ARR 5000135f (sz=48, trace=300000, nelems=8, elem type=java.lang.Object[]@50000106)
	[6]		50001cfa
	[7]		50001cfb
ARR 50001360 (sz=40, trace=300000, nelems=4, elem type=java.lang.Object[]@50000106)
	[0]		5000149b
	[1]		50001755
	[3]		50001758
ARR 50001361 (sz=32, trace=300000, nelems=4, elem type=java.lang.Object[]@50000106)
	[3]		50001cc3
ARR 50001362 (sz=64, trace=300000, nelems=0, elem type=java.lang.Object[]@50000106)
ARR 50001363 (sz=32, trace=300000, nelems=2, elem type=java.lang.Object[]@50000106)
	[0]		50001cf9
	[1]		50001bed
ARR 50001364 (sz=264, trace=300000, nelems=50, elem type=java.lang.Object[]@50000106)
	[22]		5000173f
	[48]		50001740
	[49]		50001741
ARR 50001365 (sz=24, trace=300000, nelems=0, elem type=java.lang.Object[]@50000106)
ARR 50001366 (sz=24, trace=300000, nelems=0, elem type=java.lang.Object[]@50000106)
ARR 50001367 (sz=24, trace=300000, nelems=0, elem type=java.lang.Object[]@50000106)
ARR 50001368 (sz=24, trace=300000, nelems=1, elem type=java.lang.Object[]@50000106)
	[0]		5000177c
ARR 50001369 (sz=24, trace=300000, nelems=2, elem type=java.lang.Object[]@50000106)
	[1]		50001721
ARR 5000136a (sz=32, trace=300000, nelems=3, elem type=java.lang.Object[]@50000106)
	[0]		50001beb
	[1]		50001bec
	[2]		50001bed
ARR 5000136b (sz=32, trace=300000, nelems=0, elem type=java.lang.Object[]@50000106)
ARR 5000136c (sz=40, trace=300000, nelems=4, elem type=java.lang.Object[]@50000106)
	[3]		500013f6
ARR 5000136d (sz=32, trace=300000, nelems=0, elem type=java.lang.Object[]@50000106)
ARR 5000136e (sz=32, trace=300000, nelems=0, elem type=java.lang.Object[]@50000106)
ARR 5000136f (sz=32, trace=300000, nelems=4, elem type=java.lang.Object[]@50000106)
	[2]		50001868
	[3]		50001bd8
ARR 50001370 (sz=80, trace=300000, nelems=15, elem type=java.lang.Object[]@50000106)
	[1]		5000179f
	[2]		500017a0
	[3]		500017a1
	[6]		500017a2
	[11]		500017a3
	[14]		500017a4
ARR 50001371 (sz=48, trace=300000, nelems=0, elem type=java.lang.Object[]@50000106)
ARR 50001372 (sz=40, trace=300000, nelems=4, elem type=java.lang.Object[]@50000106)
	[0]		500017b3
	[1]		500017b4
	[2]		500017b5
	[3]		500017b6
ARR 50001373 (sz=24, trace=300000, nelems=0, elem type=java.lang.Object[]@50000106)
ARR 50001374 (sz=256, trace=300000, nelems=60, elem type=java.lang.Object[]@50000106)
	[0]		500013fe
	[3]		50001787
	[5]		50001d93
	[10]		50001d94
	[12]		50001d95
	[14]		50001d96
	[17]		50001d97
	[23]		50001d98
	[28]		50001d99
	[29]		50001d9a
	[30]		50001d9b
	[31]		50001d9c
	[32]		50001d9d
	[33]		50001d9e
	[37]		50001d9f
	[39]		50001da0
	[42]		50001da1
	[43]		50001da2
	[44]		50001da3
	[45]		50001da4
	[46]		50001da5
	[47]		50001da6
	[48]		50001da7
	[49]		50001da8
	[50]		50001da9
	[51]		50001daa
	[55]		50001dab
	[56]		50001dac
	[57]		50001dad
	[58]		50001dae
	[59]		50001daf
ARR 50001375 (sz=88, trace=300000, nelems=0, elem type=java.lang.Object[]@50000106)
ARR 50001376 (sz=56, trace=300000, nelems=10, elem type=java.lang.Object[]@50000106)
	[1]		50001609
	[2]		5000160a
	[3]		5000160b
	[4]		5000160c
	[5]		5000160d
	[7]		5000160e
	[8]		5000160f
	[9]		50001610
ARR 50001377 (sz=24, trace=300000, nelems=0, elem type=java.lang.Object[]@50000106)
ARR 50001378 (sz=72, trace=300000, nelems=12, elem type=java.lang.Object[]@50000106)
	[0]		500013fe
	[2]		50001ddd
	[3]		50001dde
	[11]		50001ddf
ARR 50001379 (sz=24, trace=300000, nelems=1, elem type=java.lang.Object[]@50000106)
	[0]		500013fe
ARR 5000137a (sz=24, trace=300000, nelems=0, elem type=java.lang.Object[]@50000106)
ARR 5000137b (sz=24, trace=300000, nelems=2, elem type=java.lang.Object[]@50000106)
	[0]		50001722
	[1]		50001723
ARR 5000137c (sz=32, trace=300000, nelems=3, elem type=java.lang.Object[]@50000106)
	[0]		50001769
	[1]		5000176a
	[2]		50001610
ARR 5000137d (sz=40, trace=300000, nelems=5, elem type=java.lang.Object[]@50000106)
	[4]		5000172d
ARR 5000137e (sz=88, trace=300000, nelems=15, elem type=java.lang.Object[]@50000106)
	[14]		50001619
ARR 5000137f (sz=40, trace=300000, nelems=5, elem type=java.lang.Object[]@50000106)
	[4]		5000172b
ARR 50001380 (sz=112, trace=300000, nelems=24, elem type=java.lang.Object[]@50000106)
	[0]		500013fe
	[1]		50001786
	[2]		50001787
	[3]		50001788
	[4]		50001789
	[5]		50001756
	[14]		5000178a
	[15]		5000178b
	[16]		5000178c
	[17]		5000178d
	[20]		5000178e
	[23]		50001761
ARR 50001381 (sz=80, trace=300000, nelems=4, elem type=java.lang.Object[]@50000106)
	[3]		50001792
ARR 50001382 (sz=88, trace=300000, nelems=17, elem type=java.lang.Object[]@50000106)
	[0]		500013fe
	[1]		5000149b
	[2]		50001755
	[3]		50001756
	[10]		50001757
	[13]		50001758
	[15]		50001759
	[16]		5000175a
ARR 50001383 (sz=80, trace=300000, nelems=10, elem type=java.lang.Object[]@50000106)
	[0]		500013fe
	[2]		50001763
	[4]		50001764
	[5]		50001765
	[6]		50001766
	[7]		50001767
	[9]		50001768
ARR 50001384 (sz=48, trace=300000, nelems=0, elem type=java.lang.Object[]@50000106)
ARR 50001385 (sz=72, trace=300000, nelems=0, elem type=java.lang.Object[]@50000106)
ARR 50001386 (sz=32, trace=300000, nelems=0, elem type=java.lang.Object[]@50000106)
ARR 50001387 (sz=104, trace=300000, nelems=20, elem type=java.lang.Object[]@50000106)
	[12]		5000174b
	[13]		5000174c
	[15]		500014c0
	[16]		5000174d
	[17]		5000174e
	[18]		5000174f
	[19]		50001404
ARR 50001388 (sz=64, trace=300000, nelems=0, elem type=java.lang.Object[]@50000106)
ARR 50001389 (sz=24, trace=300000, nelems=2, elem type=java.lang.Object[]@50000106)
	[1]		50001cfe
ARR 5000138a (sz=24, trace=300000, nelems=1, elem type=java.lang.Object[]@50000106)
	[0]		50001d63
ARR 5000138b (sz=40, trace=300000, nelems=0, elem type=java.lang.Object[]@50000106)
ARR 5000138c (sz=80, trace=300000, nelems=11, elem type=java.lang.Object[]@50000106)
	[10]		50002019
ARR 5000138d (sz=120, trace=300000, nelems=0, elem type=java.lang.Object[]@50000106)
ARR 5000138e (sz=24, trace=300000, nelems=1, elem type=java.lang.Object[]@50000106)
	[0]		5000202c
ARR 5000138f (sz=64, trace=300000, nelems=0, elem type=java.lang.Object[]@50000106)
ARR 50001390 (sz=24, trace=300000, nelems=0, elem type=java.lang.Object[]@50000106)
ARR 50001391 (sz=24, trace=300000, nelems=0, elem type=java.lang.Object[]@50000106)
ARR 50001392 (sz=40, trace=300000, nelems=0, elem type=java.lang.Object[]@50000106)
ARR 50001393 (sz=56, trace=300000, nelems=10, elem type=java.lang.Object[]@50000106)
	[0]		5000201a
	[1]		5000201b
	[2]		5000201c
	[3]		5000201d
	[4]		5000201e
	[5]		5000201f
	[6]		50002020
	[7]		50002021
	[8]		50002022
	[9]		50001404
ARR 50001394 (sz=144, trace=300000, nelems=0, elem type=java.lang.Object[]@50000106)
ARR 50001395 (sz=128, trace=300000, nelems=0, elem type=java.lang.Object[]@50000106)
ARR 50001396 (sz=24, trace=300000, nelems=2, elem type=java.lang.Object[]@50000106)
	[0]		50002037
	[1]		50002038
ARR 50001397 (sz=192, trace=300000, nelems=42, elem type=java.lang.Object[]@50000106)
	[5]		50002039
	[6]		5000203a
	[7]		5000203b
	[10]		5000203c
	[11]		5000178e
	[12]		5000203d
	[19]		5000203e
	[21]		5000203f
	[31]		50002040
	[32]		50002041
	[34]		50002042
	[35]		50002043
	[36]		50002044
	[37]		50002045
	[39]		50002046
	[40]		50002047
	[41]		50002048
ARR 50001398 (sz=24, trace=300000, nelems=1, elem type=java.lang.Object[]@50000106)
	[0]		50001610
ARR 50001399 (sz=32, trace=300000, nelems=4, elem type=java.lang.Object[]@50000106)
	[1]		5000206c
	[2]		50002057
	[3]		50001404
ARR 5000139a (sz=32, trace=300000, nelems=0, elem type=java.lang.Object[]@50000106)
ARR 5000139b (sz=56, trace=300000, nelems=0, elem type=java.lang.Object[]@50000106)
ARR 5000139c (sz=80, trace=300000, nelems=0, elem type=java.lang.Object[]@50000106)
ARR 5000139d (sz=24, trace=300000, nelems=0, elem type=java.lang.Object[]@50000106)
ARR 5000139e (sz=24, trace=300000, nelems=0, elem type=java.lang.Object[]@50000106)
ARR 5000139f (sz=32, trace=300000, nelems=0, elem type=java.lang.Object[]@50000106)
ARR 500013a0 (sz=192, trace=300000, nelems=0, elem type=java.lang.Object[]@50000106)
ARR 500013a1 (sz=24, trace=300000, nelems=1, elem type=java.lang.Object[]@50000106)
	[0]		5000178e
ARR 500013a2 (sz=296, trace=300000, nelems=66, elem type=java.lang.Object[]@50000106)
	[18]		5000207d
	[25]		5000207e
	[45]		5000207f
	[50]		50002080
	[51]		50002081
	[52]		50002082
	[54]		50002083
	[65]		500014c1
ARR 500013a3 (sz=24, trace=300000, nelems=1, elem type=java.lang.Object[]@50000106)
	[0]		50001607
ARR 500013a4 (sz=56, trace=300000, nelems=0, elem type=java.lang.Object[]@50000106)
ARR 500013a5 (sz=24, trace=300000, nelems=0, elem type=java.lang.Object[]@50000106)
ARR 500013a6 (sz=64, trace=300000, nelems=7, elem type=java.lang.Object[]@50000106)
	[6]		5000224f
ARR 500013a7 (sz=40, trace=300000, nelems=5, elem type=java.lang.Object[]@50000106)
	[4]		50002250
ARR 500013a8 (sz=48, trace=300000, nelems=3, elem type=java.lang.Object[]@50000106)
	[2]		50001754
ARR 500013a9 (sz=24, trace=300000, nelems=2, elem type=java.lang.Object[]@50000106)
	[0]		50001756
	[1]		50001761
ARR 500013aa (sz=24, trace=300000, nelems=0, elem type=java.lang.Object[]@50000106)
ARR 500013ab (sz=48, trace=300000, nelems=8, elem type=java.lang.Object[]@50000106)
	[0]		500013fe
	[1]		50001785
	[6]		50001761
	[7]		5000174b
ARR 500013ac (sz=56, trace=300000, nelems=8, elem type=java.lang.Object[]@50000106)
	[7]		500014c5
ARR 500013ad (sz=24, trace=300000, nelems=0, elem type=java.lang.Object[]@50000106)
ARR 500013ae (sz=32, trace=300000, nelems=1, elem type=java.lang.Object[]@50000106)
	[0]		500013fe
ARR 500013af (sz=32, trace=300000, nelems=0, elem type=java.lang.Object[]@50000106)
ARR 500013b0 (sz=24, trace=300000, nelems=0, elem type=java.lang.Object[]@50000106)
ARR 500013b1 (sz=48, trace=300000, nelems=6, elem type=java.lang.Object[]@50000106)
	[0]		500013fe
	[2]		50001754
	[3]		50002092
	[4]		50002253
	[5]		50002254
ARR 500013b2 (sz=72, trace=300000, nelems=14, elem type=java.lang.Object[]@50000106)
	[0]		500013fe
	[10]		50001ee4
	[11]		50001ee5
	[12]		50001ee6
	[13]		50001dab
ARR 500013b3 (sz=48, trace=300000, nelems=0, elem type=java.lang.Object[]@50000106)
ARR 500013b4 (sz=24, trace=300000, nelems=0, elem type=java.lang.Object[]@50000106)
ARR 500013b5 (sz=64, trace=300000, nelems=0, elem type=java.lang.Object[]@50000106)
ARR 500013b6 (sz=48, trace=300000, nelems=0, elem type=java.lang.Object[]@50000106)
ARR 500013b7 (sz=24, trace=300000, nelems=0, elem type=java.lang.Object[]@50000106)
ARR 500013b8 (sz=168, trace=300000, nelems=38, elem type=java.lang.Object[]@50000106)
	[0]		5000227c
	[1]		50002280
	[2]		50002278
	[3]		50002283
	[4]		5000228f
	[5]		5000226b
	[6]		5000228b
	[7]		50002275
	[8]		50002292
	[9]		50002296
	[10]		50002267
	[11]		50002257
	[12]		5000225f
	[13]		50002263
	[14]		50002271
	[15]		5000226e
	[16]		50002287
	[17]		5000227d
	[18]		50002284
	[19]		50002297
	[20]		50002258
	[21]		50002260
	[22]		50002264
	[23]		50002268
	[24]		5000207f
	[25]		50002279
	[26]		50002288
	[27]		50002293
	[28]		5000229b
	[29]		5000225c
	[30]		50002272
	[31]		50002080
	[32]		50002081
	[33]		50002082
	[34]		5000228c
	[35]		50002083
	[36]		5000229a
	[37]		5000225b
ARR 500013b9 (sz=24, trace=300000, nelems=1, elem type=java.lang.Object[]@50000106)
	[0]		50001bec
ARR 500013ba (sz=32, trace=300000, nelems=3, elem type=java.lang.Object[]@50000106)
	[0]		5000149b
	[1]		50001cbb
	[2]		50001761
ARR 500013bb (sz=24, trace=300000, nelems=0, elem type=java.lang.Object[]@50000106)
ARR 500013bc (sz=152, trace=300000, nelems=30, elem type=java.lang.Object[]@50000106)
	[0]		500013fe
	[16]		5000229e
	[17]		5000229f
	[18]		500022a0
	[20]		500022a1
	[21]		500022a2
	[22]		50001619
	[23]		500022a3
	[26]		500022a4
	[27]		500022a5
	[28]		5000172b
	[29]		500022a6
ARR 500013bd (sz=56, trace=300000, nelems=10, elem type=java.lang.Object[]@50000106)
	[0]		50001f3a
	[1]		50001f3b
	[2]		50001f3c
	[3]		50001f3d
	[4]		50001f3e
	[5]		50001f3f
	[6]		50001f40
	[7]		50001f41
	[8]		50001f42
	[9]		50001f43
ARR 500013be (sz=32, trace=300000, nelems=0, elem type=java.lang.Object[]@50000106)
ARR 500013bf (sz=48, trace=300000, nelems=5, elem type=java.lang.Object[]@50000106)
	[2]		50002305
	[3]		50001da2
	[4]		50002306
ARR 500013c0 (sz=24, trace=300000, nelems=1, elem type=java.lang.Object[]@50000106)
	[0]		50002344
ARR 500013c1 (sz=32, trace=300000, nelems=0, elem type=java.lang.Object[]@50000106)
ARR 500013c2 (sz=48, trace=300000, nelems=6, elem type=java.lang.Object[]@50000106)
	[2]		500022b0
	[3]		500022b1
	[4]		500022b2
	[5]		500022b3
ARR 500013c3 (sz=136, trace=300000, nelems=29, elem type=java.lang.Object[]@50000106)
	[8]		500022ce
	[9]		500022c8
	[12]		500022cf
	[13]		500022c6
	[17]		500022d0
	[20]		500022d1
	[22]		50002040
	[23]		50002041
	[24]		500022d2
	[28]		5000175a
ARR 500013c4 (sz=56, trace=300000, nelems=9, elem type=java.lang.Object[]@50000106)
	[0]		500022b6
	[1]		500022b7
	[2]		500022b8
	[3]		500022b9
	[4]		500022b4
	[5]		500022ba
	[6]		500022bb
	[7]		500022bc
	[8]		500022bd
ARR 500013c5 (sz=88, trace=300000, nelems=17, elem type=java.lang.Object[]@50000106)
	[0]		5000231c
	[1]		5000231d
	[2]		5000231e
	[3]		5000231f
	[4]		50002320
	[5]		50002321
	[6]		50002322
	[7]		50002323
	[8]		50002324
	[9]		50002325
	[10]		50002326
	[11]		50002327
	[12]		50002328
	[13]		500022c8
	[14]		500022c6
	[15]		50002329
	[16]		5000232a
ARR 500013c6 (sz=304, trace=300000, nelems=72, elem type=java.lang.Object[]@50000106)
	[0]		500013fe
	[10]		50001ec6
	[11]		50001ec7
	[12]		50001ec8
	[13]		50001ec9
	[14]		50001eca
	[15]		50001ecb
	[16]		50001ecc
	[17]		50001ecd
	[18]		50001ece
	[20]		50001ecf
	[21]		50001ed0
	[22]		50001ed1
	[23]		50001ed2
	[24]		50001ed3
	[25]		50001ed4
	[26]		50001ed5
	[27]		50001ed6
	[28]		50001ed7
	[29]		50001ed8
	[30]		50001ed9
	[31]		50001eda
	[32]		50001edb
	[33]		50001edc
	[35]		50001edd
	[36]		50001ede
	[37]		50001edf
	[38]		50001ee0
	[39]		50001ee1
	[42]		50001ee2
	[43]		50001ee3
	[44]		50001ee4
	[45]		50001ee5
	[46]		50001ee6
	[47]		50001ee7
	[48]		50001ee8
	[49]		50001ee9
	[50]		50001eea
	[51]		50001eeb
	[52]		50001eec
	[53]		50001eed
	[54]		50001eee
	[55]		50001eef
	[56]		50001ef0
	[57]		50001ef1
	[58]		50001ef2
	[59]		50001ef3
	[60]		50001ef4
	[62]		50001ef5
	[63]		50001ef6
	[65]		50001ef7
	[67]		50001ef8
	[68]		50001ef9
	[69]		50001efa
	[70]		50001efb
	[71]		50001efc
ARR 500013c7 (sz=128, trace=300000, nelems=25, elem type=java.lang.Object[]@50000106)
	[2]		500022d4
	[6]		500022d5
	[8]		500022d6
	[12]		500021c1
	[14]		500022d7
	[16]		500020c1
	[17]		50002105
	[24]		500022d8
ARR 500013c8 (sz=48, trace=300000, nelems=5, elem type=java.lang.Object[]@50000106)
	[3]		500022ca
	[4]		500022cb
ARR 500013c9 (sz=32, trace=300000, nelems=3, elem type=java.lang.Object[]@50000106)
	[0]		500022cc
	[2]		50001d9b
ARR 500013ca (sz=872, trace=300000, nelems=214, elem type=java.lang.Object[]@50000106)
	[0]		500013fe
	[1]		500020a2
	[2]		50002109
	[3]		50002107
	[4]		500020a0
	[5]		5000204c
	[6]		50001787
	[7]		5000149b
	[8]		500020c3
	[9]		50002179
	[10]		50002182
	[11]		50002183
	[12]		50002184
	[13]		5000217a
	[14]		5000217b
	[15]		5000217c
	[16]		5000217d
	[17]		5000217e
	[18]		5000217f
	[19]		50002180
	[20]		50002181
	[21]		5000209f
	[22]		500021ce
	[23]		5000209a
	[24]		50002207
	[25]		50002205
	[26]		500020ce
	[27]		50002226
	[28]		500020d2
	[29]		50002229
	[30]		500021cd
	[31]		5000212f
	[32]		50002099
	[33]		500020eb
	[34]		5000220c
	[35]		500021a3
	[36]		50002119
	[37]		5000213b
	[38]		5000210d
	[39]		500020d6
	[40]		5000222d
	[41]		500021c1
	[42]		500020a3
	[43]		50002133
	[44]		500020ed
	[45]		500021b7
	[46]		50002113
	[47]		500020cc
	[48]		50002224
	[49]		50002120
	[50]		50002142
	[51]		50002195
	[52]		50002194
	[53]		50002193
	[54]		50002196
	[55]		5000220b
	[56]		500021e9
	[57]		500020bd
	[58]		500020bc
	[59]		500020bb
	[60]		500020b4
	[61]		5000221d
	[62]		500020cb
	[63]		50002223
	[64]		500020d1
	[65]		50002228
	[66]		500020d0
	[67]		50002227
	[68]		50002110
	[69]		500020f0
	[70]		500020ef
	[71]		500020ee
	[72]		500020cd
	[73]		50002225
	[74]		500020cf
	[75]		500020b1
	[76]		5000211c
	[77]		5000213e
	[78]		500020c9
	[79]		50002221
	[80]		50002177
	[81]		500020a6
	[82]		500020d5
	[83]		5000222c
	[84]		500020c1
	[85]		50002105
	[86]		500020d4
	[87]		5000222b
	[88]		50002208
	[89]		5000210f
	[90]		50002121
	[91]		50002143
	[92]		500020d3
	[93]		5000222a
	[94]		500020b3
	[95]		5000211b
	[96]		5000213d
	[97]		50002111
	[98]		500020b2
	[99]		5000211f
	[100]		50002141
	[101]		500021fb
	[102]		5000211d
	[103]		5000213f
	[104]		50002112
	[105]		5000211e
	[106]		50002140
	[107]		5000219d
	[108]		5000215b
	[109]		50002217
	[110]		500020e7
	[111]		500021ad
	[112]		50002131
	[113]		50002129
	[114]		5000212d
	[115]		500020b9
	[116]		5000220f
	[117]		500021e5
	[118]		5000221e
	[119]		5000216f
	[120]		50002135
	[121]		50002134
	[122]		50002136
	[123]		50002153
	[124]		500021ef
	[125]		50002101
	[126]		50002173
	[127]		500021dd
	[128]		500021dc
	[129]		500021db
	[130]		50002191
	[131]		500020e3
	[132]		500020af
	[133]		500021b1
	[134]		500021d9
	[135]		500021e7
	[136]		50002211
	[137]		500021fd
	[138]		500021b3
	[139]		500021eb
	[140]		500020f5
	[141]		500021f3
	[142]		5000214b
	[143]		500021d1
	[144]		500021a1
	[145]		500021f7
	[146]		500020fd
	[147]		50002201
	[148]		500021a9
	[149]		500021b9
	[150]		500021e1
	[151]		50002213
	[152]		5000219b
	[153]		500021cb
	[154]		50002157
	[155]		5000209d
	[156]		500020f9
	[157]		5000219e
	[158]		500021a5
	[159]		50002097
	[160]		500021c7
	[161]		500021d5
	[162]		500021c3
	[163]		5000216b
	[164]		500021bd
	[165]		5000214f
	[166]		500020c5
	[167]		500020e5
	[168]		5000212b
	[169]		50002108
	[170]		5000221a
	[171]		50002163
	[172]		5000215f
	[173]		50002162
	[174]		50002161
	[175]		50002160
	[176]		5000215d
	[177]		5000215e
	[178]		50002219
	[179]		50002159
	[180]		50002155
	[181]		500021af
	[182]		50002175
	[183]		50002103
	[184]		500020fb
	[185]		500021c5
	[186]		5000216d
	[187]		500020f7
	[188]		50002203
	[189]		500021bf
	[190]		500021d3
	[191]		50002151
	[192]		500021e3
	[193]		50002215
	[194]		500021ed
	[195]		500021ab
	[196]		500020ff
	[197]		500021d7
	[198]		500021f5
	[199]		5000214d
	[200]		500020e9
	[201]		500021c9
	[202]		500021f9
	[203]		500020a1
	[204]		500020a4
	[205]		500020a5
	[206]		500020c7
	[207]		500021a7
	[208]		500021b5
	[209]		500021ff
	[210]		50002171
	[211]		500021bb
	[212]		500021f1
	[213]		500017a4
ARR 500013cb (sz=24, trace=300000, nelems=1, elem type=java.lang.Object[]@50000106)
	[0]		50002239
ARR 500013cc (sz=80, trace=300000, nelems=16, elem type=java.lang.Object[]@50000106)
	[0]		500013fe
	[1]		50002109
	[2]		50002107
	[3]		500021ce
	[4]		50002240
	[5]		5000220c
	[6]		50002113
	[7]		5000220b
	[8]		5000223d
	[9]		50002110
	[10]		50002177
	[11]		5000223f
	[12]		50002105
	[13]		5000223e
	[14]		5000210f
	[15]		5000223b
ARR 500013cd (sz=32, trace=300000, nelems=4, elem type=java.lang.Object[]@50000106)
	[0]		50002109
	[1]		50002107
	[2]		50002105
	[3]		50002246
ARR 500013ce (sz=24, trace=300000, nelems=0, elem type=java.lang.Object[]@50000106)
ARR 500013cf (sz=32, trace=300000, nelems=0, elem type=java.lang.Object[]@50000106)
ARR 500013d0 (sz=64, trace=300000, nelems=0, elem type=java.lang.Object[]@50000106)
ARR 500013d1 (sz=56, trace=300000, nelems=9, elem type=java.lang.Object[]@50000106)
	[3]		500022ee
	[4]		500022ef
	[6]		50002040
	[7]		500022f0
	[8]		50002041
ARR 500013d2 (sz=24, trace=300000, nelems=0, elem type=java.lang.Object[]@50000106)
ARR 500013d3 (sz=40, trace=300000, nelems=0, elem type=java.lang.Object[]@50000106)
ARR 500013d4 (sz=32, trace=300000, nelems=0, elem type=java.lang.Object[]@50000106)
ARR 500013d5 (sz=24, trace=300000, nelems=0, elem type=java.lang.Object[]@50000106)
ARR 500013d6 (sz=2632, trace=300000, nelems=0, elem type=java.lang.Object[]@50000106)
ARR 500013d7 (sz=24, trace=300000, nelems=2, elem type=java.lang.Object[]@50000106)
	[0]		5000224a
	[1]		5000224b
ARR 500013d8 (sz=96, trace=300000, nelems=13, elem type=java.lang.Object[]@50000106)
	[0]		500013fe
	[1]		50001787
	[7]		500022f4
	[12]		500020a3
ARR 500013d9 (sz=40, trace=300000, nelems=4, elem type=java.lang.Object[]@50000106)
	[3]		50002309
ARR 500013da (sz=56, trace=300000, nelems=8, elem type=java.lang.Object[]@50000106)
	[0]		5000230a
	[1]		5000230b
	[2]		5000230c
	[3]		5000230d
	[4]		5000230e
	[5]		5000230f
	[6]		50002310
	[7]		50002311
ARR 500013db (sz=72, trace=300000, nelems=11, elem type=java.lang.Object[]@50000106)
	[0]		5000229f
	[1]		500022f5
	[2]		500022f6
	[3]		500022f7
	[4]		500022f8
	[5]		500022f9
	[6]		500022fa
	[7]		500022a2
	[8]		500022fb
	[9]		500022a5
	[10]		500022fc
ARR 500013dc (sz=32, trace=300000, nelems=0, elem type=java.lang.Object[]@50000106)
OBJ 500013dd (sz=104, trace=300000, class=java.lang.Class@50000167)
OBJ 500013de (sz=104, trace=300000, class=java.lang.Class@50000167)
OBJ 500013df (sz=104, trace=300000, class=java.lang.Class@50000167)
OBJ 500013e0 (sz=104, trace=300000, class=java.lang.Class@50000167)
OBJ 500013e1 (sz=104, trace=300000, class=java.lang.Class@50000167)
OBJ 500013e2 (sz=104, trace=300000, class=java.lang.Class@50000167)
OBJ 500013e3 (sz=104, trace=300000, class=java.lang.Class@50000167)
OBJ 500013e4 (sz=104, trace=300000, class=java.lang.Class@50000167)
OBJ 500013e5 (sz=104, trace=300000, class=java.lang.Class@50000167)
ARR 500013e6 (sz=16, trace=300000, nelems=0, elem type=java.lang.Class[]@50000101)
OBJ 500013e7 (sz=24, trace=300000, class=java.lang.String@5000016b)
	value		50001fe1
OBJ 500013e8 (sz=24, trace=300000, class=java.lang.String@5000016b)
	value		50002018
OBJ 500013e9 (sz=32, trace=300000, class=java.lang.OutOfMemoryError@50000153)
	detailMessage	50002016
OBJ 500013ea (sz=32, trace=300000, class=java.lang.OutOfMemoryError@50000153)
	detailMessage	50002014
OBJ 500013eb (sz=32, trace=300000, class=java.lang.OutOfMemoryError@50000153)
	detailMessage	50002012
OBJ 500013ec (sz=32, trace=300000, class=java.lang.OutOfMemoryError@50000153)
	detailMessage	50002010
OBJ 500013ed (sz=32, trace=300000, class=java.lang.OutOfMemoryError@50000153)
	detailMessage	5000200e
OBJ 500013ee (sz=32, trace=300000, class=java.lang.OutOfMemoryError@50000153)
	detailMessage	5000200c
ARR 500013ef (sz=32, trace=300000, nelems=4, elem type=java.lang.OutOfMemoryError[]@500000fb)
	[0]		50002008
	[1]		50002009
	[2]		5000200a
	[3]		5000200b
OBJ 500013f0 (sz=32, trace=300000, class=java.lang.NullPointerException@50000100)
OBJ 500013f1 (sz=32, trace=300000, class=java.lang.ArithmeticException@500000ff)
	detailMessage	50002006
OBJ 500013f2 (sz=32, trace=300000, class=java.lang.VirtualMachineError@50000154)
OBJ 500013f3 (sz=48, trace=300000, class=java.lang.ThreadGroup@50000146)
	parent		500013f4
	name		50002003
	threads		50002002
OBJ 500013f4 (sz=48, trace=300000, class=java.lang.ThreadGroup@50000146)
	name		5000140d
	threads		50001fe8
	groups		50001fe7
OBJ 500013f5 (sz=32, trace=300000, class=java.lang.VirtualMachineError@50000154)
OBJ 500013f6 (sz=24, trace=300000, class=java.lang.String@5000016b)
	value		50001ca9
OBJ 500013f7 (sz=24, trace=300000, class=java.lang.String@5000016b)
	value		500013ff
OBJ 500013f8 (sz=24, trace=300000, class=java.lang.String@5000016b)
	value		50001fe0
OBJ 500013f9 (sz=24, trace=300000, class=java.lang.String@5000016b)
	value		50001fe5
OBJ 500013fa (sz=24, trace=300000, class=java.lang.String@5000016b)
	value		50001fe2
ARR 500013fb (sz=1024, trace=300000, nelems=256, elem type=int[])
OBJ 500013fc (sz=16, trace=300000, class=java.lang.CharacterDataLatin1@50000015)
OBJ 500013fd (sz=24, trace=300000, class=java.lang.String@5000016b)
	value		50001618
OBJ 500013fe (sz=24, trace=300000, class=java.lang.String@5000016b)
	value		5000177b
ARR 500013ff (sz=24, trace=300000, nelems=12, elem type=char[])
OBJ 50001400 (sz=24, trace=300000, class=java.lang.String@5000016b)
	value		50001fe6
OBJ 50001401 (sz=24, trace=300000, class=java.lang.String@5000016b)
	value		50001fe4
OBJ 50001402 (sz=24, trace=300000, class=java.lang.String@5000016b)
	value		50001f79
OBJ 50001403 (sz=24, trace=300000, class=java.lang.String@5000016b)
	value		50001fe3
OBJ 50001404 (sz=24, trace=300000, class=java.lang.String@5000016b)
	value		500015e0
OBJ 50001405 (sz=16, trace=300000, class=java.lang.String$CaseInsensitiveComparator@500000f6)
ARR 50001406 (sz=16, trace=300000, nelems=0, elem type=java.io.ObjectStreamField[]@500000f8)
OBJ 50001407 (sz=24, trace=300000, class=java.lang.String@5000016b)
	value		5000140a
OBJ 50001408 (sz=24, trace=300000, class=java.lang.RuntimePermission@500000ee)
	name		50001407
	path		50001407
ARR 50001409 (sz=16, trace=300000, nelems=0, elem type=java.lang.StackTraceElement[]@500000f2)
ARR 5000140a (sz=64, trace=300000, nelems=32, elem type=char[])
OBJ 5000140b (sz=24, trace=300000, class=java.lang.String@5000016b)
	value		5000140c
ARR 5000140c (sz=12, trace=300000, nelems=6, elem type=char[])
OBJ 5000140d (sz=24, trace=300000, class=java.lang.String@5000016b)
	value		50001fdf
OBJ 5000140e (sz=24, trace=300000, class=java.lang.String@5000016b)
	value		50001f77
OBJ 5000140f (sz=24, trace=300000, class=java.lang.String@5000016b)
	value		50001fde
OBJ 50001410 (sz=24, trace=300000, class=java.lang.String@5000016b)
	value		50001fdd
OBJ 50001411 (sz=24, trace=300000, class=java.lang.String@5000016b)
	value		50001fdc
OBJ 50001412 (sz=24, trace=300000, class=java.lang.String@5000016b)
	value		5000153e
OBJ 50001413 (sz=48, trace=300000, class=java.util.Properties@50000142)
	table		50001f86
	entrySet	50001f85
OBJ 50001414 (sz=32, trace=300000, class=java.io.PrintStream@50000094)
	out		50001f7d
	textOut		50001f7c
	charOut		50001f7b
OBJ 50001415 (sz=32, trace=300000, class=java.io.PrintStream@50000094)
	out		50001f6f
	textOut		50001f6e
	charOut		50001f6d
OBJ 50001416 (sz=40, trace=300000, class=java.io.BufferedInputStream@500000ab)
	in		50001418
	buf		50001417
ARR 50001417 (sz=8192, trace=300000, nelems=8192, elem type=byte[])
OBJ 50001418 (sz=32, trace=300000, class=java.io.FileInputStream@500000c0)
	fd		5000141a
	closeLock	50001419
OBJ 50001419 (sz=16, trace=300000, class=java.lang.Object@5000016f)
OBJ 5000141a (sz=40, trace=300000, class=java.io.FileDescriptor@500000bf)
	parent		50001418
OBJ 5000141b (sz=40, trace=300000, class=java.io.FileDescriptor@500000bf)
	parent		50001f66
OBJ 5000141c (sz=40, trace=300000, class=java.io.FileDescriptor@500000bf)
	parent		5000141d
OBJ 5000141d (sz=32, trace=300000, class=java.io.FileOutputStream@500000ad)
	fd		5000141c
	closeLock	5000141e
OBJ 5000141e (sz=16, trace=300000, class=java.lang.Object@5000016f)
OBJ 5000141f (sz=24, trace=300000, class=java.lang.String@5000016b)
	value		50001f65
OBJ 50001420 (sz=24, trace=300000, class=java.lang.String@5000016b)
	value		50001f64
OBJ 50001421 (sz=16, trace=300000, class=sun.misc.Unsafe@5000011e)
OBJ 50001422 (sz=24, trace=300000, class=java.lang.String@5000016b)
	value		50001f5c
OBJ 50001423 (sz=24, trace=300000, class=java.lang.String@5000016b)
	value		50001f5b
OBJ 50001424 (sz=32, trace=300000, class=java.io.WinNTFileSystem@5000006d)
	cache		50001426
	prefixCache	50001425
OBJ 50001425 (sz=40, trace=300000, class=java.io.ExpiringCache@5000006c)
	map		50001d81
OBJ 50001426 (sz=40, trace=300000, class=java.io.ExpiringCache@5000006c)
	map		50001427
OBJ 50001427 (sz=64, trace=300000, class=java.io.ExpiringCache$1@5000006a)
	table		5000060b
	head		50001428
	tail		50000a1f
	this$0		50001426
OBJ 50001428 (sz=40, trace=300000, class=java.util.LinkedHashMap$Entry@50000061)
	key		50001496
	value		50001495
	next		5000143b
	after		5000142c
OBJ 50001429 (sz=40, trace=300000, class=java.util.LinkedHashMap$Entry@50000061)
	key		50001487
	value		50001486
	before		5000142b
	after		5000142f
OBJ 5000142a (sz=40, trace=300000, class=java.util.LinkedHashMap$Entry@50000061)
	key		5000143d
	value		5000143c
	before		5000143b
	after		50001435
OBJ 5000142b (sz=40, trace=300000, class=java.util.LinkedHashMap$Entry@50000061)
	key		5000148c
	value		5000148b
	before		5000142c
	after		50001429
OBJ 5000142c (sz=40, trace=300000, class=java.util.LinkedHashMap$Entry@50000061)
	key		50001491
	value		50001490
	before		50001428
	after		5000142b
OBJ 5000142d (sz=40, trace=300000, class=java.util.LinkedHashMap$Entry@50000061)
	key		50001473
	value		50001472
	before		5000142e
	after		50001430
OBJ 5000142e (sz=40, trace=300000, class=java.util.LinkedHashMap$Entry@50000061)
	key		50001478
	value		50001477
	before		50001432
	after		5000142d
OBJ 5000142f (sz=40, trace=300000, class=java.util.LinkedHashMap$Entry@50000061)
	key		50001482
	value		50001481
	before		50001429
	after		50001432
OBJ 50001430 (sz=40, trace=300000, class=java.util.LinkedHashMap$Entry@50000061)
	key		50001447
	value		50001446
	next		500005be
	before		5000142d
	after		5000143b
OBJ 50001431 (sz=40, trace=300000, class=java.util.LinkedHashMap$Entry@50000061)
	key		5000146e
	value		5000146d
	before		50001435
	after		50001433
OBJ 50001432 (sz=40, trace=300000, class=java.util.LinkedHashMap$Entry@50000061)
	key		5000147d
	value		5000147c
	next		500005a0
	before		5000142f
	after		5000142e
OBJ 50001433 (sz=40, trace=300000, class=java.util.LinkedHashMap$Entry@50000061)
	key		50001469
	value		50001468
	before		50001431
	after		50001434
OBJ 50001434 (sz=40, trace=300000, class=java.util.LinkedHashMap$Entry@50000061)
	key		50001464
	value		50001463
	before		50001433
	after		5000035b
OBJ 50001435 (sz=40, trace=300000, class=java.util.LinkedHashMap$Entry@50000061)
	key		50001437
	value		50001436
	before		5000142a
	after		50001431
OBJ 50001436 (sz=24, trace=300000, class=java.io.ExpiringCache$Entry@50000062)
	val		50001439
OBJ 50001437 (sz=24, trace=300000, class=java.lang.String@5000016b)
	value		50001438
ARR 50001438 (sz=110, trace=300000, nelems=55, elem type=char[])
OBJ 50001439 (sz=24, trace=300000, class=java.lang.String@5000016b)
	value		5000143a
ARR 5000143a (sz=110, trace=300000, nelems=55, elem type=char[])
OBJ 5000143b (sz=40, trace=300000, class=java.util.LinkedHashMap$Entry@50000061)
	key		50001442
	value		50001441
	before		50001430
	after		5000142a
OBJ 5000143c (sz=24, trace=300000, class=java.io.ExpiringCache$Entry@50000062)
	val		5000143f
OBJ 5000143d (sz=24, trace=300000, class=java.lang.String@5000016b)
	value		5000143e
ARR 5000143e (sz=122, trace=300000, nelems=61, elem type=char[])
OBJ 5000143f (sz=24, trace=300000, class=java.lang.String@5000016b)
	value		50001440
ARR 50001440 (sz=122, trace=300000, nelems=61, elem type=char[])
OBJ 50001441 (sz=24, trace=300000, class=java.io.ExpiringCache$Entry@50000062)
	val		50001444
OBJ 50001442 (sz=24, trace=300000, class=java.lang.String@5000016b)
	value		50001443
ARR 50001443 (sz=102, trace=300000, nelems=51, elem type=char[])
OBJ 50001444 (sz=24, trace=300000, class=java.lang.String@5000016b)
	value		50001445
ARR 50001445 (sz=102, trace=300000, nelems=51, elem type=char[])
OBJ 50001446 (sz=24, trace=300000, class=java.io.ExpiringCache$Entry@50000062)
	val		50001449
OBJ 50001447 (sz=24, trace=300000, class=java.lang.String@5000016b)
	value		50001448
ARR 50001448 (sz=106, trace=300000, nelems=53, elem type=char[])
OBJ 50001449 (sz=24, trace=300000, class=java.lang.String@5000016b)
	value		5000144a
ARR 5000144a (sz=106, trace=300000, nelems=53, elem type=char[])
OBJ 5000144b (sz=24, trace=300000, class=java.lang.String@5000016b)
	value		5000144c
ARR 5000144c (sz=90, trace=300000, nelems=45, elem type=char[])
OBJ 5000144d (sz=24, trace=300000, class=java.lang.String@5000016b)
	value		5000144e
ARR 5000144e (sz=90, trace=300000, nelems=45, elem type=char[])
OBJ 5000144f (sz=24, trace=300000, class=java.lang.String@5000016b)
	value		50001450
ARR 50001450 (sz=100, trace=300000, nelems=50, elem type=char[])
OBJ 50001451 (sz=24, trace=300000, class=java.lang.String@5000016b)
	value		50001452
ARR 50001452 (sz=74, trace=300000, nelems=37, elem type=char[])
OBJ 50001453 (sz=24, trace=300000, class=java.lang.String@5000016b)
	value		50001454
ARR 50001454 (sz=82, trace=300000, nelems=41, elem type=char[])
OBJ 50001455 (sz=24, trace=300000, class=java.lang.String@5000016b)
	value		50001456
ARR 50001456 (sz=92, trace=300000, nelems=46, elem type=char[])
OBJ 50001457 (sz=24, trace=300000, class=java.lang.String@5000016b)
	value		50001458
ARR 50001458 (sz=104, trace=300000, nelems=52, elem type=char[])
OBJ 50001459 (sz=24, trace=300000, class=java.lang.String@5000016b)
	value		5000145a
ARR 5000145a (sz=88, trace=300000, nelems=44, elem type=char[])
OBJ 5000145b (sz=24, trace=300000, class=java.lang.String@5000016b)
	value		5000145c
ARR 5000145c (sz=102, trace=300000, nelems=51, elem type=char[])
OBJ 5000145d (sz=24, trace=300000, class=java.lang.String@5000016b)
	value		5000145e
ARR 5000145e (sz=74, trace=300000, nelems=37, elem type=char[])
OBJ 5000145f (sz=24, trace=300000, class=java.lang.String@5000016b)
	value		50001460
ARR 50001460 (sz=66, trace=300000, nelems=33, elem type=char[])
OBJ 50001461 (sz=24, trace=300000, class=java.lang.String@5000016b)
	value		50001462
ARR 50001462 (sz=66, trace=300000, nelems=33, elem type=char[])
OBJ 50001463 (sz=24, trace=300000, class=java.io.ExpiringCache$Entry@50000062)
	val		50001466
OBJ 50001464 (sz=24, trace=300000, class=java.lang.String@5000016b)
	value		50001465
ARR 50001465 (sz=78, trace=300000, nelems=39, elem type=char[])
OBJ 50001466 (sz=24, trace=300000, class=java.lang.String@5000016b)
	value		50001467
ARR 50001467 (sz=74, trace=300000, nelems=37, elem type=char[])
OBJ 50001468 (sz=24, trace=300000, class=java.io.ExpiringCache$Entry@50000062)
	val		5000146b
OBJ 50001469 (sz=24, trace=300000, class=java.lang.String@5000016b)
	value		5000146a
ARR 5000146a (sz=102, trace=300000, nelems=51, elem type=char[])
OBJ 5000146b (sz=24, trace=300000, class=java.lang.String@5000016b)
	value		5000146c
ARR 5000146c (sz=102, trace=300000, nelems=51, elem type=char[])
OBJ 5000146d (sz=24, trace=300000, class=java.io.ExpiringCache$Entry@50000062)
	val		50001470
OBJ 5000146e (sz=24, trace=300000, class=java.lang.String@5000016b)
	value		5000146f
ARR 5000146f (sz=110, trace=300000, nelems=55, elem type=char[])
OBJ 50001470 (sz=24, trace=300000, class=java.lang.String@5000016b)
	value		50001471
ARR 50001471 (sz=110, trace=300000, nelems=55, elem type=char[])
OBJ 50001472 (sz=24, trace=300000, class=java.io.ExpiringCache$Entry@50000062)
	val		50001475
OBJ 50001473 (sz=24, trace=300000, class=java.lang.String@5000016b)
	value		50001474
ARR 50001474 (sz=112, trace=300000, nelems=56, elem type=char[])
OBJ 50001475 (sz=24, trace=300000, class=java.lang.String@5000016b)
	value		50001476
ARR 50001476 (sz=112, trace=300000, nelems=56, elem type=char[])
OBJ 50001477 (sz=24, trace=300000, class=java.io.ExpiringCache$Entry@50000062)
	val		5000147a
OBJ 50001478 (sz=24, trace=300000, class=java.lang.String@5000016b)
	value		50001479
ARR 50001479 (sz=102, trace=300000, nelems=51, elem type=char[])
OBJ 5000147a (sz=24, trace=300000, class=java.lang.String@5000016b)
	value		5000147b
ARR 5000147b (sz=102, trace=300000, nelems=51, elem type=char[])
OBJ 5000147c (sz=24, trace=300000, class=java.io.ExpiringCache$Entry@50000062)
	val		5000147f
OBJ 5000147d (sz=24, trace=300000, class=java.lang.String@5000016b)
	value		5000147e
ARR 5000147e (sz=106, trace=300000, nelems=53, elem type=char[])
OBJ 5000147f (sz=24, trace=300000, class=java.lang.String@5000016b)
	value		50001480
ARR 50001480 (sz=106, trace=300000, nelems=53, elem type=char[])
OBJ 50001481 (sz=24, trace=300000, class=java.io.ExpiringCache$Entry@50000062)
	val		50001484
OBJ 50001482 (sz=24, trace=300000, class=java.lang.String@5000016b)
	value		50001483
ARR 50001483 (sz=102, trace=300000, nelems=51, elem type=char[])
OBJ 50001484 (sz=24, trace=300000, class=java.lang.String@5000016b)
	value		50001485
ARR 50001485 (sz=102, trace=300000, nelems=51, elem type=char[])
OBJ 50001486 (sz=24, trace=300000, class=java.io.ExpiringCache$Entry@50000062)
	val		50001489
OBJ 50001487 (sz=24, trace=300000, class=java.lang.String@5000016b)
	value		50001488
ARR 50001488 (sz=108, trace=300000, nelems=54, elem type=char[])
OBJ 50001489 (sz=24, trace=300000, class=java.lang.String@5000016b)
	value		5000148a
ARR 5000148a (sz=108, trace=300000, nelems=54, elem type=char[])
OBJ 5000148b (sz=24, trace=300000, class=java.io.ExpiringCache$Entry@50000062)
	val		5000148e
OBJ 5000148c (sz=24, trace=300000, class=java.lang.String@5000016b)
	value		5000148d
ARR 5000148d (sz=124, trace=300000, nelems=62, elem type=char[])
OBJ 5000148e (sz=24, trace=300000, class=java.lang.String@5000016b)
	value		5000148f
ARR 5000148f (sz=124, trace=300000, nelems=62, elem type=char[])
OBJ 50001490 (sz=24, trace=300000, class=java.io.ExpiringCache$Entry@50000062)
	val		50001493
OBJ 50001491 (sz=24, trace=300000, class=java.lang.String@5000016b)
	value		50001492
ARR 50001492 (sz=82, trace=300000, nelems=41, elem type=char[])
OBJ 50001493 (sz=24, trace=300000, class=java.lang.String@5000016b)
	value		50001494
ARR 50001494 (sz=82, trace=300000, nelems=41, elem type=char[])
OBJ 50001495 (sz=24, trace=300000, class=java.io.ExpiringCache$Entry@50000062)
	val		50001498
OBJ 50001496 (sz=24, trace=300000, class=java.lang.String@5000016b)
	value		50001497
ARR 50001497 (sz=90, trace=300000, nelems=45, elem type=char[])
OBJ 50001498 (sz=24, trace=300000, class=java.lang.String@5000016b)
	value		50001499
ARR 50001499 (sz=90, trace=300000, nelems=45, elem type=char[])
OBJ 5000149a (sz=24, trace=300000, class=java.lang.String@5000016b)
	value		50001d80
OBJ 5000149b (sz=24, trace=300000, class=java.lang.String@5000016b)
	value		50001783
OBJ 5000149c (sz=16, trace=300000, class=sun.reflect.ReflectionFactory@500000df)
ARR 5000149d (sz=16, trace=300000, nelems=0, elem type=java.io.ObjectStreamField[]@500000f8)
OBJ 5000149e (sz=24, trace=300000, class=java.lang.String@5000016b)
	value		500014a1
OBJ 5000149f (sz=16, trace=300000, class=java.lang.reflect.ReflectAccess@50000097)
OBJ 500014a0 (sz=24, trace=300000, class=java.lang.RuntimePermission@500000ee)
	name		5000149e
	path		5000149e
ARR 500014a1 (sz=46, trace=300000, nelems=23, elem type=char[])
OBJ 500014a2 (sz=24, trace=300000, class=java.lang.String@5000016b)
	value		500014a4
OBJ 500014a3 (sz=24, trace=300000, class=java.lang.reflect.ReflectPermission@500000ec)
	name		500014a2
	path		500014a2
ARR 500014a4 (sz=40, trace=300000, nelems=20, elem type=char[])
OBJ 500014a5 (sz=24, trace=300000, class=java.lang.String@5000016b)
	value		500014a8
OBJ 500014a6 (sz=24, trace=300000, class=java.lang.String@5000016b)
	value		500014a7
ARR 500014a7 (sz=46, trace=300000, nelems=23, elem type=char[])
ARR 500014a8 (sz=60, trace=300000, nelems=30, elem type=char[])
OBJ 500014a9 (sz=24, trace=300000, class=java.lang.String@5000016b)
	value		500014b4
OBJ 500014aa (sz=24, trace=300000, class=java.lang.String@5000016b)
	value		500014b9
OBJ 500014ab (sz=24, trace=300000, class=java.lang.String@5000016b)
	value		500014b8
OBJ 500014ac (sz=24, trace=300000, class=java.lang.String@5000016b)
	value		500014b6
OBJ 500014ad (sz=48, trace=300000, class=java.util.HashMap@500000b2)
	table		500014ba
OBJ 500014ae (sz=48, trace=300000, class=java.util.HashMap@500000b2)
	table		500014af
ARR 500014af (sz=80, trace=300000, nelems=11, elem type=java.util.HashMap$Node[]@500000b0)
	[2]		500014b0
	[5]		500014b1
	[10]		500014b2
OBJ 500014b0 (sz=32, trace=300000, class=java.util.HashMap$Node@500000b1)
	key		500000b3
	value		500014b7
OBJ 500014b1 (sz=32, trace=300000, class=java.util.HashMap$Node@500000b1)
	key		50000164
	value		500014b5
OBJ 500014b2 (sz=32, trace=300000, class=java.util.HashMap$Node@500000b1)
	key		50000167
	value		500014b3
ARR 500014b3 (sz=24, trace=300000, nelems=1, elem type=java.lang.String[]@500000b4)
	[0]		500014a9
ARR 500014b4 (sz=22, trace=300000, nelems=11, elem type=char[])
ARR 500014b5 (sz=24, trace=300000, nelems=1, elem type=java.lang.String[]@500000b4)
	[0]		500014ac
ARR 500014b6 (sz=16, trace=300000, nelems=8, elem type=char[])
ARR 500014b7 (sz=24, trace=300000, nelems=2, elem type=java.lang.String[]@500000b4)
	[0]		500014aa
	[1]		500014ab
ARR 500014b8 (sz=30, trace=300000, nelems=15, elem type=char[])
ARR 500014b9 (sz=28, trace=300000, nelems=14, elem type=char[])
ARR 500014ba (sz=80, trace=300000, nelems=4, elem type=java.util.HashMap$Node[]@500000b0)
	[3]		500014bb
OBJ 500014bb (sz=32, trace=300000, class=java.util.HashMap$Node@500000b1)
	key		5000011e
	value		500014bc
ARR 500014bc (sz=24, trace=300000, nelems=1, elem type=java.lang.String[]@500000b4)
	[0]		500014bd
OBJ 500014bd (sz=24, trace=300000, class=java.lang.String@5000016b)
	value		50001d77
OBJ 500014be (sz=24, trace=300000, class=java.lang.String@5000016b)
	value		50001d76
OBJ 500014bf (sz=24, trace=300000, class=java.lang.String@5000016b)
	value		50001720
OBJ 500014c0 (sz=24, trace=300000, class=java.lang.String@5000016b)
	value		50001cc0
OBJ 500014c1 (sz=24, trace=300000, class=java.lang.String@5000016b)
	value		50001d75
OBJ 500014c2 (sz=24, trace=300000, class=java.lang.String@5000016b)
	value		50001d74
OBJ 500014c3 (sz=24, trace=300000, class=java.lang.String@5000016b)
	value		50001d73
OBJ 500014c4 (sz=24, trace=300000, class=java.lang.String@5000016b)
	value		50001d72
OBJ 500014c5 (sz=24, trace=300000, class=java.lang.String@5000016b)
	value		50001cc5
OBJ 500014c6 (sz=48, trace=300000, class=java.util.Properties@50000142)
	table		500014c8
OBJ 500014c7 (sz=16, trace=300000, class=java.lang.Object@5000016f)
ARR 500014c8 (sz=400, trace=300000, nelems=89, elem type=java.util.Hashtable$Entry[]@500000d2)
	[0]		500014c9
	[2]		500014ca
	[5]		500014cb
	[9]		500014cc
	[10]		500014cd
	[11]		500014ce
	[13]		500014cf
	[16]		500014d0
	[17]		500014d1
	[18]		500014d2
	[19]		500014d3
	[21]		500014d4
	[22]		500014d5
	[24]		500014d6
	[26]		500014d7
	[27]		500014d8
	[33]		500014d9
	[38]		500014da
	[39]		500014db
	[40]		500014dc
	[41]		500014dd
	[44]		500014de
	[47]		500014df
	[49]		500014e0
	[54]		500014e1
	[57]		500014e2
	[63]		500014e3
	[64]		500014e4
	[65]		500014e5
	[67]		500014e6
	[70]		500014e7
	[72]		500014e8
	[76]		500014e9
	[79]		500014ea
	[80]		500014eb
	[81]		500014ec
	[82]		500014ed
	[88]		500014ee
OBJ 500014c9 (sz=32, trace=300000, class=java.util.Hashtable$Entry@500000d4)
	key		500015d6
	value		500015d5
OBJ 500014ca (sz=32, trace=300000, class=java.util.Hashtable$Entry@500000d4)
	key		500015d2
	value		500015d1
OBJ 500014cb (sz=32, trace=300000, class=java.util.Hashtable$Entry@500000d4)
	key		500015ce
	value		500015cd
OBJ 500014cc (sz=32, trace=300000, class=java.util.Hashtable$Entry@500000d4)
	key		500015c6
	value		500015c5
	next		500015c4
OBJ 500014cd (sz=32, trace=300000, class=java.util.Hashtable$Entry@500000d4)
	key		500015c1
	value		500015c0
OBJ 500014ce (sz=32, trace=300000, class=java.util.Hashtable$Entry@500000d4)
	key		500015bd
	value		500015bc
OBJ 500014cf (sz=32, trace=300000, class=java.util.Hashtable$Entry@500000d4)
	key		500015b9
	value		500015b8
OBJ 500014d0 (sz=32, trace=300000, class=java.util.Hashtable$Entry@500000d4)
	key		500015b1
	value		500015b0
	next		500015af
OBJ 500014d1 (sz=32, trace=300000, class=java.util.Hashtable$Entry@500000d4)
	key		500015ac
	value		500015ab
OBJ 500014d2 (sz=32, trace=300000, class=java.util.Hashtable$Entry@500000d4)
	key		500015a8
	value		500015a7
OBJ 500014d3 (sz=32, trace=300000, class=java.util.Hashtable$Entry@500000d4)
	key		500015a4
	value		500015a3
OBJ 500014d4 (sz=32, trace=300000, class=java.util.Hashtable$Entry@500000d4)
	key		5000159c
	value		5000159b
	next		5000159a
OBJ 500014d5 (sz=32, trace=300000, class=java.util.Hashtable$Entry@500000d4)
	key		50001597
	value		50001596
OBJ 500014d6 (sz=32, trace=300000, class=java.util.Hashtable$Entry@500000d4)
	key		5000158f
	value		5000158e
	next		5000158d
OBJ 500014d7 (sz=32, trace=300000, class=java.util.Hashtable$Entry@500000d4)
	key		50001588
	value		50001587
	next		50001586
OBJ 500014d8 (sz=32, trace=300000, class=java.util.Hashtable$Entry@500000d4)
	key		50001583
	value		50001582
OBJ 500014d9 (sz=32, trace=300000, class=java.util.Hashtable$Entry@500000d4)
	key		5000157b
	value		5000157a
	next		50001579
OBJ 500014da (sz=32, trace=300000, class=java.util.Hashtable$Entry@500000d4)
	key		50001572
	value		50001571
	next		50001570
OBJ 500014db (sz=32, trace=300000, class=java.util.Hashtable$Entry@500000d4)
	key		5000156d
	value		5000156c
OBJ 500014dc (sz=32, trace=300000, class=java.util.Hashtable$Entry@500000d4)
	key		50001569
	value		50001568
OBJ 500014dd (sz=32, trace=300000, class=java.util.Hashtable$Entry@500000d4)
	key		50001565
	value		50001564
OBJ 500014de (sz=32, trace=300000, class=java.util.Hashtable$Entry@500000d4)
	key		50001561
	value		50001560
OBJ 500014df (sz=32, trace=300000, class=java.util.Hashtable$Entry@500000d4)
	key		5000155d
	value		5000155c
OBJ 500014e0 (sz=32, trace=300000, class=java.util.Hashtable$Entry@500000d4)
	key		50001555
	value		50001554
	next		50001553
OBJ 500014e1 (sz=32, trace=300000, class=java.util.Hashtable$Entry@500000d4)
	key		50001550
	value		5000154f
OBJ 500014e2 (sz=32, trace=300000, class=java.util.Hashtable$Entry@500000d4)
	key		5000154c
	value		5000154b
OBJ 500014e3 (sz=32, trace=300000, class=java.util.Hashtable$Entry@500000d4)
	key		50001548
	value		50001547
OBJ 500014e4 (sz=32, trace=300000, class=java.util.Hashtable$Entry@500000d4)
	key		50001544
	value		50001543
OBJ 500014e5 (sz=32, trace=300000, class=java.util.Hashtable$Entry@500000d4)
	key		50001540
	value		5000153f
OBJ 500014e6 (sz=32, trace=300000, class=java.util.Hashtable$Entry@500000d4)
	key		50001539
	value		50001538
	next		50001537
OBJ 500014e7 (sz=32, trace=300000, class=java.util.Hashtable$Entry@500000d4)
	key		50001530
	value		5000152f
	next		5000152e
OBJ 500014e8 (sz=32, trace=300000, class=java.util.Hashtable$Entry@500000d4)
	key		5000152b
	value		5000152a
OBJ 500014e9 (sz=32, trace=300000, class=java.util.Hashtable$Entry@500000d4)
	key		50001523
	value		50001522
	next		50001521
OBJ 500014ea (sz=32, trace=300000, class=java.util.Hashtable$Entry@500000d4)
	key		50001510
	value		5000150f
	next		5000150e
OBJ 500014eb (sz=32, trace=300000, class=java.util.Hashtable$Entry@500000d4)
	key		50001507
	value		50001506
	next		50001505
OBJ 500014ec (sz=32, trace=300000, class=java.util.Hashtable$Entry@500000d4)
	key		50001502
	value		50001501
OBJ 500014ed (sz=32, trace=300000, class=java.util.Hashtable$Entry@500000d4)
	key		500014fa
	value		500014f9
	next		500014f8
OBJ 500014ee (sz=32, trace=300000, class=java.util.Hashtable$Entry@500000d4)
	key		500014f1
	value		500014f0
	next		500014ef
OBJ 500014ef (sz=32, trace=300000, class=java.util.Hashtable$Entry@500000d4)
	key		500014f5
	value		500014f4
OBJ 500014f0 (sz=24, trace=300000, class=java.lang.String@5000016b)
	value		500014f3
OBJ 500014f1 (sz=24, trace=300000, class=java.lang.String@5000016b)
	value		500014f2
ARR 500014f2 (sz=42, trace=300000, nelems=21, elem type=char[])
ARR 500014f3 (sz=74, trace=300000, nelems=37, elem type=char[])
OBJ 500014f4 (sz=24, trace=300000, class=java.lang.String@5000016b)
	value		500014f7
OBJ 500014f5 (sz=24, trace=300000, class=java.lang.String@5000016b)
	value		500014f6
ARR 500014f6 (sz=30, trace=300000, nelems=15, elem type=char[])
ARR 500014f7 (sz=18, trace=300000, nelems=9, elem type=char[])
OBJ 500014f8 (sz=32, trace=300000, class=java.util.Hashtable$Entry@500000d4)
	key		500014fe
	value		500014fd
OBJ 500014f9 (sz=24, trace=300000, class=java.lang.String@5000016b)
	value		500014fc
OBJ 500014fa (sz=24, trace=300000, class=java.lang.String@5000016b)
	value		500014fb
ARR 500014fb (sz=28, trace=300000, nelems=14, elem type=char[])
ARR 500014fc (sz=36, trace=300000, nelems=18, elem type=char[])
OBJ 500014fd (sz=24, trace=300000, class=java.lang.String@5000016b)
	value		50001500
OBJ 500014fe (sz=24, trace=300000, class=java.lang.String@5000016b)
	value		500014ff
ARR 500014ff (sz=30, trace=300000, nelems=15, elem type=char[])
ARR 50001500 (sz=46, trace=300000, nelems=23, elem type=char[])
OBJ 50001501 (sz=24, trace=300000, class=java.lang.String@5000016b)
	value		50001504
OBJ 50001502 (sz=24, trace=300000, class=java.lang.String@5000016b)
	value		50001503
ARR 50001503 (sz=28, trace=300000, nelems=14, elem type=char[])
ARR 50001504 (sz=2, trace=300000, nelems=1, elem type=char[])
OBJ 50001505 (sz=32, trace=300000, class=java.util.Hashtable$Entry@500000d4)
	key		5000150b
	value		5000150a
OBJ 50001506 (sz=24, trace=300000, class=java.lang.String@5000016b)
	value		50001509
OBJ 50001507 (sz=24, trace=300000, class=java.lang.String@5000016b)
	value		50001508
ARR 50001508 (sz=24, trace=300000, nelems=12, elem type=char[])
ARR 50001509 (sz=66, trace=300000, nelems=33, elem type=char[])
OBJ 5000150a (sz=24, trace=300000, class=java.lang.String@5000016b)
	value		5000150d
OBJ 5000150b (sz=24, trace=300000, class=java.lang.String@5000016b)
	value		5000150c
ARR 5000150c (sz=34, trace=300000, nelems=17, elem type=char[])
ARR 5000150d (sz=12, trace=300000, nelems=6, elem type=char[])
OBJ 5000150e (sz=32, trace=300000, class=java.util.Hashtable$Entry@500000d4)
	key		50001515
	value		50001514
	next		50001513
OBJ 5000150f (sz=24, trace=300000, class=java.lang.String@5000016b)
	value		50001512
OBJ 50001510 (sz=24, trace=300000, class=java.lang.String@5000016b)
	value		50001511
ARR 50001511 (sz=22, trace=300000, nelems=11, elem type=char[])
ARR 50001512 (sz=0, trace=300000, nelems=0, elem type=char[])
OBJ 50001513 (sz=32, trace=300000, class=java.util.Hashtable$Entry@500000d4)
	key		5000151a
	value		50001519
	next		50001518
OBJ 50001514 (sz=24, trace=300000, class=java.lang.String@5000016b)
	value		50001517
OBJ 50001515 (sz=24, trace=300000, class=java.lang.String@5000016b)
	value		50001516
ARR 50001516 (sz=24, trace=300000, nelems=12, elem type=char[])
ARR 50001517 (sz=4, trace=300000, nelems=2, elem type=char[])
OBJ 50001518 (sz=32, trace=300000, class=java.util.Hashtable$Entry@500000d4)
	key		5000151e
	value		5000151d
OBJ 50001519 (sz=24, trace=300000, class=java.lang.String@5000016b)
	value		5000151c
OBJ 5000151a (sz=24, trace=300000, class=java.lang.String@5000016b)
	value		5000151b
ARR 5000151b (sz=34, trace=300000, nelems=17, elem type=char[])
ARR 5000151c (sz=24, trace=300000, nelems=12, elem type=char[])
OBJ 5000151d (sz=24, trace=300000, class=java.lang.String@5000016b)
	value		50001520
OBJ 5000151e (sz=24, trace=300000, class=java.lang.String@5000016b)
	value		5000151f
ARR 5000151f (sz=36, trace=300000, nelems=18, elem type=char[])
ARR 50001520 (sz=0, trace=300000, nelems=0, elem type=char[])
OBJ 50001521 (sz=32, trace=300000, class=java.util.Hashtable$Entry@500000d4)
	key		50001527
	value		50001526
OBJ 50001522 (sz=24, trace=300000, class=java.lang.String@5000016b)
	value		50001525
OBJ 50001523 (sz=24, trace=300000, class=java.lang.String@5000016b)
	value		50001524
ARR 50001524 (sz=52, trace=300000, nelems=26, elem type=char[])
ARR 50001525 (sz=68, trace=300000, nelems=34, elem type=char[])
OBJ 50001526 (sz=24, trace=300000, class=java.lang.String@5000016b)
	value		50001529
OBJ 50001527 (sz=24, trace=300000, class=java.lang.String@5000016b)
	value		50001528
ARR 50001528 (sz=16, trace=300000, nelems=8, elem type=char[])
ARR 50001529 (sz=74, trace=300000, nelems=37, elem type=char[])
OBJ 5000152a (sz=24, trace=300000, class=java.lang.String@5000016b)
	value		5000152d
OBJ 5000152b (sz=24, trace=300000, class=java.lang.String@5000016b)
	value		5000152c
ARR 5000152c (sz=40, trace=300000, nelems=20, elem type=char[])
ARR 5000152d (sz=64, trace=300000, nelems=32, elem type=char[])
OBJ 5000152e (sz=32, trace=300000, class=java.util.Hashtable$Entry@500000d4)
	key		50001534
	value		50001533
OBJ 5000152f (sz=24, trace=300000, class=java.lang.String@5000016b)
	value		50001532
OBJ 50001530 (sz=24, trace=300000, class=java.lang.String@5000016b)
	value		50001531
ARR 50001531 (sz=36, trace=300000, nelems=18, elem type=char[])
ARR 50001532 (sz=92, trace=300000, nelems=46, elem type=char[])
OBJ 50001533 (sz=24, trace=300000, class=java.lang.String@5000016b)
	value		50001536
OBJ 50001534 (sz=24, trace=300000, class=java.lang.String@5000016b)
	value		50001535
ARR 50001535 (sz=14, trace=300000, nelems=7, elem type=char[])
ARR 50001536 (sz=10, trace=300000, nelems=5, elem type=char[])
OBJ 50001537 (sz=32, trace=300000, class=java.util.Hashtable$Entry@500000d4)
	key		5000153c
	value		50001412
OBJ 50001538 (sz=24, trace=300000, class=java.lang.String@5000016b)
	value		5000153b
OBJ 50001539 (sz=24, trace=300000, class=java.lang.String@5000016b)
	value		5000153a
ARR 5000153a (sz=28, trace=300000, nelems=14, elem type=char[])
ARR 5000153b (sz=66, trace=300000, nelems=33, elem type=char[])
OBJ 5000153c (sz=24, trace=300000, class=java.lang.String@5000016b)
	value		5000153d
ARR 5000153d (sz=28, trace=300000, nelems=14, elem type=char[])
ARR 5000153e (sz=4, trace=300000, nelems=2, elem type=char[])
OBJ 5000153f (sz=24, trace=300000, class=java.lang.String@5000016b)
	value		50001542
OBJ 50001540 (sz=24, trace=300000, class=java.lang.String@5000016b)
	value		50001541
ARR 50001541 (sz=56, trace=300000, nelems=28, elem type=char[])
ARR 50001542 (sz=36, trace=300000, nelems=18, elem type=char[])
OBJ 50001543 (sz=24, trace=300000, class=java.lang.String@5000016b)
	value		50001546
OBJ 50001544 (sz=24, trace=300000, class=java.lang.String@5000016b)
	value		50001545
ARR 50001545 (sz=24, trace=300000, nelems=12, elem type=char[])
ARR 50001546 (sz=0, trace=300000, nelems=0, elem type=char[])
OBJ 50001547 (sz=24, trace=300000, class=java.lang.String@5000016b)
	value		5000154a
OBJ 50001548 (sz=24, trace=300000, class=java.lang.String@5000016b)
	value		50001549
ARR 50001549 (sz=14, trace=300000, nelems=7, elem type=char[])
ARR 5000154a (sz=20, trace=300000, nelems=10, elem type=char[])
OBJ 5000154b (sz=24, trace=300000, class=java.lang.String@5000016b)
	value		5000154e
OBJ 5000154c (sz=24, trace=300000, class=java.lang.String@5000016b)
	value		5000154d
ARR 5000154d (sz=32, trace=300000, nelems=16, elem type=char[])
ARR 5000154e (sz=12, trace=300000, nelems=6, elem type=char[])
OBJ 5000154f (sz=24, trace=300000, class=java.lang.String@5000016b)
	value		50001552
OBJ 50001550 (sz=24, trace=300000, class=java.lang.String@5000016b)
	value		50001551
ARR 50001551 (sz=34, trace=300000, nelems=17, elem type=char[])
ARR 50001552 (sz=2560, trace=300000, nelems=1280, elem type=char[])
OBJ 50001553 (sz=32, trace=300000, class=java.util.Hashtable$Entry@500000d4)
	key		50001559
	value		50001558
OBJ 50001554 (sz=24, trace=300000, class=java.lang.String@5000016b)
	value		50001557
OBJ 50001555 (sz=24, trace=300000, class=java.lang.String@5000016b)
	value		50001556
ARR 50001556 (sz=46, trace=300000, nelems=23, elem type=char[])
ARR 50001557 (sz=62, trace=300000, nelems=31, elem type=char[])
OBJ 50001558 (sz=24, trace=300000, class=java.lang.String@5000016b)
	value		5000155b
OBJ 50001559 (sz=24, trace=300000, class=java.lang.String@5000016b)
	value		5000155a
ARR 5000155a (sz=36, trace=300000, nelems=18, elem type=char[])
ARR 5000155b (sz=8, trace=300000, nelems=4, elem type=char[])
OBJ 5000155c (sz=24, trace=300000, class=java.lang.String@5000016b)
	value		5000155f
OBJ 5000155d (sz=24, trace=300000, class=java.lang.String@5000016b)
	value		5000155e
ARR 5000155e (sz=46, trace=300000, nelems=23, elem type=char[])
ARR 5000155f (sz=62, trace=300000, nelems=31, elem type=char[])
OBJ 50001560 (sz=24, trace=300000, class=java.lang.String@5000016b)
	value		50001563
OBJ 50001561 (sz=24, trace=300000, class=java.lang.String@5000016b)
	value		50001562
ARR 50001562 (sz=20, trace=300000, nelems=10, elem type=char[])
ARR 50001563 (sz=8, trace=300000, nelems=4, elem type=char[])
OBJ 50001564 (sz=24, trace=300000, class=java.lang.String@5000016b)
	value		50001567
OBJ 50001565 (sz=24, trace=300000, class=java.lang.String@5000016b)
	value		50001566
ARR 50001566 (sz=18, trace=300000, nelems=9, elem type=char[])
ARR 50001567 (sz=26, trace=300000, nelems=13, elem type=char[])
OBJ 50001568 (sz=24, trace=300000, class=java.lang.String@5000016b)
	value		5000156b
OBJ 50001569 (sz=24, trace=300000, class=java.lang.String@5000016b)
	value		5000156a
ARR 5000156a (sz=26, trace=300000, nelems=13, elem type=char[])
ARR 5000156b (sz=0, trace=300000, nelems=0, elem type=char[])
OBJ 5000156c (sz=24, trace=300000, class=java.lang.String@5000016b)
	value		5000156f
OBJ 5000156d (sz=24, trace=300000, class=java.lang.String@5000016b)
	value		5000156e
ARR 5000156e (sz=38, trace=300000, nelems=19, elem type=char[])
ARR 5000156f (sz=54, trace=300000, nelems=27, elem type=char[])
OBJ 50001570 (sz=32, trace=300000, class=java.util.Hashtable$Entry@500000d4)
	key		50001576
	value		50001575
OBJ 50001571 (sz=24, trace=300000, class=java.lang.String@5000016b)
	value		50001574
OBJ 50001572 (sz=24, trace=300000, class=java.lang.String@5000016b)
	value		50001573
ARR 50001573 (sz=26, trace=300000, nelems=13, elem type=char[])
ARR 50001574 (sz=12, trace=300000, nelems=6, elem type=char[])
OBJ 50001575 (sz=24, trace=300000, class=java.lang.String@5000016b)
	value		50001578
OBJ 50001576 (sz=24, trace=300000, class=java.lang.String@5000016b)
	value		50001577
ARR 50001577 (sz=52, trace=300000, nelems=26, elem type=char[])
ARR 50001578 (sz=6, trace=300000, nelems=3, elem type=char[])
OBJ 50001579 (sz=32, trace=300000, class=java.util.Hashtable$Entry@500000d4)
	key		5000157f
	value		5000157e
OBJ 5000157a (sz=24, trace=300000, class=java.lang.String@5000016b)
	value		5000157d
OBJ 5000157b (sz=24, trace=300000, class=java.lang.String@5000016b)
	value		5000157c
ARR 5000157c (sz=18, trace=300000, nelems=9, elem type=char[])
ARR 5000157d (sz=8, trace=300000, nelems=4, elem type=char[])
OBJ 5000157e (sz=24, trace=300000, class=java.lang.String@5000016b)
	value		50001581
OBJ 5000157f (sz=24, trace=300000, class=java.lang.String@5000016b)
	value		50001580
ARR 50001580 (sz=30, trace=300000, nelems=15, elem type=char[])
ARR 50001581 (sz=2, trace=300000, nelems=1, elem type=char[])
OBJ 50001582 (sz=24, trace=300000, class=java.lang.String@5000016b)
	value		50001585
OBJ 50001583 (sz=24, trace=300000, class=java.lang.String@5000016b)
	value		50001584
ARR 50001584 (sz=58, trace=300000, nelems=29, elem type=char[])
ARR 50001585 (sz=6, trace=300000, nelems=3, elem type=char[])
OBJ 50001586 (sz=32, trace=300000, class=java.util.Hashtable$Entry@500000d4)
	key		5000158b
	value		5000145f
OBJ 50001587 (sz=24, trace=300000, class=java.lang.String@5000016b)
	value		5000158a
OBJ 50001588 (sz=24, trace=300000, class=java.lang.String@5000016b)
	value		50001589
ARR 50001589 (sz=38, trace=300000, nelems=19, elem type=char[])
ARR 5000158a (sz=4, trace=300000, nelems=2, elem type=char[])
OBJ 5000158b (sz=24, trace=300000, class=java.lang.String@5000016b)
	value		5000158c
ARR 5000158c (sz=18, trace=300000, nelems=9, elem type=char[])
OBJ 5000158d (sz=32, trace=300000, class=java.util.Hashtable$Entry@500000d4)
	key		50001593
	value		50001592
OBJ 5000158e (sz=24, trace=300000, class=java.lang.String@5000016b)
	value		50001591
OBJ 5000158f (sz=24, trace=300000, class=java.lang.String@5000016b)
	value		50001590
ARR 50001590 (sz=50, trace=300000, nelems=25, elem type=char[])
ARR 50001591 (sz=36, trace=300000, nelems=18, elem type=char[])
OBJ 50001592 (sz=24, trace=300000, class=java.lang.String@5000016b)
	value		50001595
OBJ 50001593 (sz=24, trace=300000, class=java.lang.String@5000016b)
	value		50001594
ARR 50001594 (sz=26, trace=300000, nelems=13, elem type=char[])
ARR 50001595 (sz=4, trace=300000, nelems=2, elem type=char[])
OBJ 50001596 (sz=24, trace=300000, class=java.lang.String@5000016b)
	value		50001599
OBJ 50001597 (sz=24, trace=300000, class=java.lang.String@5000016b)
	value		50001598
ARR 50001598 (sz=22, trace=300000, nelems=11, elem type=char[])
ARR 50001599 (sz=48, trace=300000, nelems=24, elem type=char[])
OBJ 5000159a (sz=32, trace=300000, class=java.util.Hashtable$Entry@500000d4)
	key		500015a0
	value		5000159f
OBJ 5000159b (sz=24, trace=300000, class=java.lang.String@5000016b)
	value		5000159e
OBJ 5000159c (sz=24, trace=300000, class=java.lang.String@5000016b)
	value		5000159d
ARR 5000159d (sz=24, trace=300000, nelems=12, elem type=char[])
ARR 5000159e (sz=38, trace=300000, nelems=19, elem type=char[])
OBJ 5000159f (sz=24, trace=300000, class=java.lang.String@5000016b)
	value		500015a2
OBJ 500015a0 (sz=24, trace=300000, class=java.lang.String@5000016b)
	value		500015a1
ARR 500015a1 (sz=54, trace=300000, nelems=27, elem type=char[])
ARR 500015a2 (sz=4, trace=300000, nelems=2, elem type=char[])
OBJ 500015a3 (sz=24, trace=300000, class=java.lang.String@5000016b)
	value		500015a6
OBJ 500015a4 (sz=24, trace=300000, class=java.lang.String@5000016b)
	value		500015a5
ARR 500015a5 (sz=24, trace=300000, nelems=12, elem type=char[])
ARR 500015a6 (sz=16, trace=300000, nelems=8, elem type=char[])
OBJ 500015a7 (sz=24, trace=300000, class=java.lang.String@5000016b)
	value		500015aa
OBJ 500015a8 (sz=24, trace=300000, class=java.lang.String@5000016b)
	value		500015a9
ARR 500015a9 (sz=26, trace=300000, nelems=13, elem type=char[])
ARR 500015aa (sz=138, trace=300000, nelems=69, elem type=char[])
OBJ 500015ab (sz=24, trace=300000, class=java.lang.String@5000016b)
	value		500015ae
OBJ 500015ac (sz=24, trace=300000, class=java.lang.String@5000016b)
	value		500015ad
ARR 500015ad (sz=38, trace=300000, nelems=19, elem type=char[])
ARR 500015ae (sz=762, trace=300000, nelems=381, elem type=char[])
OBJ 500015af (sz=32, trace=300000, class=java.util.Hashtable$Entry@500000d4)
	key		500015b5
	value		500015b4
OBJ 500015b0 (sz=24, trace=300000, class=java.lang.String@5000016b)
	value		500015b3
OBJ 500015b1 (sz=24, trace=300000, class=java.lang.String@5000016b)
	value		500015b2
ARR 500015b2 (sz=38, trace=300000, nelems=19, elem type=char[])
ARR 500015b3 (sz=10, trace=300000, nelems=5, elem type=char[])
OBJ 500015b4 (sz=24, trace=300000, class=java.lang.String@5000016b)
	value		500015b7
OBJ 500015b5 (sz=24, trace=300000, class=java.lang.String@5000016b)
	value		500015b6
ARR 500015b6 (sz=22, trace=300000, nelems=11, elem type=char[])
ARR 500015b7 (sz=36, trace=300000, nelems=18, elem type=char[])
OBJ 500015b8 (sz=24, trace=300000, class=java.lang.String@5000016b)
	value		500015bb
OBJ 500015b9 (sz=24, trace=300000, class=java.lang.String@5000016b)
	value		500015ba
ARR 500015ba (sz=28, trace=300000, nelems=14, elem type=char[])
ARR 500015bb (sz=2, trace=300000, nelems=1, elem type=char[])
OBJ 500015bc (sz=24, trace=300000, class=java.lang.String@5000016b)
	value		500015bf
OBJ 500015bd (sz=24, trace=300000, class=java.lang.String@5000016b)
	value		500015be
ARR 500015be (sz=38, trace=300000, nelems=19, elem type=char[])
ARR 500015bf (sz=70, trace=300000, nelems=35, elem type=char[])
OBJ 500015c0 (sz=24, trace=300000, class=java.lang.String@5000016b)
	value		500015c3
OBJ 500015c1 (sz=24, trace=300000, class=java.lang.String@5000016b)
	value		500015c2
ARR 500015c2 (sz=62, trace=300000, nelems=31, elem type=char[])
ARR 500015c3 (sz=10, trace=300000, nelems=5, elem type=char[])
OBJ 500015c4 (sz=32, trace=300000, class=java.util.Hashtable$Entry@500000d4)
	key		500015ca
	value		500015c9
OBJ 500015c5 (sz=24, trace=300000, class=java.lang.String@5000016b)
	value		500015c8
OBJ 500015c6 (sz=24, trace=300000, class=java.lang.String@5000016b)
	value		500015c7
ARR 500015c7 (sz=28, trace=300000, nelems=14, elem type=char[])
ARR 500015c8 (sz=12, trace=300000, nelems=6, elem type=char[])
OBJ 500015c9 (sz=24, trace=300000, class=java.lang.String@5000016b)
	value		500015cc
OBJ 500015ca (sz=24, trace=300000, class=java.lang.String@5000016b)
	value		500015cb
ARR 500015cb (sz=46, trace=300000, nelems=23, elem type=char[])
ARR 500015cc (sz=26, trace=300000, nelems=13, elem type=char[])
OBJ 500015cd (sz=24, trace=300000, class=java.lang.String@5000016b)
	value		500015d0
OBJ 500015ce (sz=24, trace=300000, class=java.lang.String@5000016b)
	value		500015cf
ARR 500015cf (sz=38, trace=300000, nelems=19, elem type=char[])
ARR 500015d0 (sz=10, trace=300000, nelems=5, elem type=char[])
OBJ 500015d1 (sz=24, trace=300000, class=java.lang.String@5000016b)
	value		500015d4
OBJ 500015d2 (sz=24, trace=300000, class=java.lang.String@5000016b)
	value		500015d3
ARR 500015d3 (sz=22, trace=300000, nelems=11, elem type=char[])
ARR 500015d4 (sz=14, trace=300000, nelems=7, elem type=char[])
OBJ 500015d5 (sz=24, trace=300000, class=java.lang.String@5000016b)
	value		500015d8
OBJ 500015d6 (sz=24, trace=300000, class=java.lang.String@5000016b)
	value		500015d7
ARR 500015d7 (sz=30, trace=300000, nelems=15, elem type=char[])
ARR 500015d8 (sz=10, trace=300000, nelems=5, elem type=char[])
ARR 500015d9 (sz=32, trace=300000, nelems=16, elem type=char[])
OBJ 500015da (sz=24, trace=300000, class=java.util.Collections$EmptyMap@500000c9)
OBJ 500015db (sz=16, trace=300000, class=java.util.Collections$EmptyList@500000cb)
OBJ 500015dc (sz=16, trace=300000, class=java.util.Collections$EmptySet@500000cc)
OBJ 500015dd (sz=24, trace=300000, class=java.lang.String@5000016b)
	value		500015e1
OBJ 500015de (sz=16, trace=300000, class=java.lang.Boolean@5000010f)
OBJ 500015df (sz=16, trace=300000, class=java.lang.Boolean@5000010f)
ARR 500015e0 (sz=8, trace=300000, nelems=4, elem type=char[])
ARR 500015e1 (sz=14, trace=300000, nelems=7, elem type=char[])
OBJ 500015e2 (sz=24, trace=300000, class=java.lang.String@5000016b)
	value		500015e3
ARR 500015e3 (sz=12, trace=300000, nelems=6, elem type=char[])
OBJ 500015e4 (sz=24, trace=300000, class=java.lang.String@5000016b)
	value		500015e5
ARR 500015e5 (sz=70, trace=300000, nelems=35, elem type=char[])
OBJ 500015e6 (sz=16, trace=300000, class=java.lang.Runtime@500000c2)
OBJ 500015e7 (sz=24, trace=300000, class=java.lang.String@5000016b)
	value		50001d71
OBJ 500015e8 (sz=24, trace=300000, class=java.lang.String@5000016b)
	value		50001d70
ARR 500015e9 (sz=24, trace=300000, nelems=1, elem type=java.lang.String[]@500000b4)
	[0]		500014f0
ARR 500015ea (sz=160, trace=300000, nelems=36, elem type=java.lang.String[]@500000b4)
	[0]		50001d1b
	[1]		50001d1c
	[2]		50001d1d
	[3]		50001d1e
	[4]		50001d1f
	[5]		50001d20
	[6]		50001d21
	[7]		50001d22
	[8]		50001d23
	[9]		50001d24
	[10]		50001d25
	[11]		50001d26
	[12]		50001d27
	[13]		50001d28
	[14]		50001d29
	[15]		50001d2a
	[16]		50001d2b
	[17]		50001d2c
	[18]		50001d2d
	[19]		50001d2e
	[20]		50001d2f
	[21]		50001d30
	[22]		50001d31
	[23]		50001d32
	[24]		50001d33
	[25]		50001d34
	[26]		50001d35
	[27]		50001d36
	[28]		50001d37
	[29]		50001d38
	[30]		50001d39
	[31]		50001d3a
	[32]		50001d3b
	[33]		50001d3c
	[34]		50001d3d
	[35]		50001d3e
OBJ 500015eb (sz=32, trace=300000, class=java.util.Stack@500000e0)
	elementData	50001d1a
OBJ 500015ec (sz=32, trace=300000, class=java.util.Vector@500000e1)
	elementData	50001d18
OBJ 500015ed (sz=32, trace=300000, class=java.util.Vector@500000e1)
	elementData	50001d17
ARR 500015ee (sz=16, trace=300000, nelems=0, elem type=java.security.cert.Certificate[]@500000e8)
OBJ 500015ef (sz=48, trace=300000, class=sun.misc.URLClassPath@50000004)
	path		50001d0e
	urls		50001d0d
	loaders		50001d0c
	lmap		50001d0b
	jarHandler	50001d0a
OBJ 500015f0 (sz=48, trace=300000, class=java.util.WeakHashMap@5000009b)
	table		50001d15
	queue		50001d14
OBJ 500015f1 (sz=40, trace=300000, class=java.security.AccessControlContext@5000015c)
OBJ 500015f2 (sz=48, trace=300000, class=java.util.HashMap@500000b2)
OBJ 500015f3 (sz=16, trace=300000, class=java.lang.Object@5000016f)
OBJ 500015f4 (sz=32, trace=300000, class=java.util.Vector@500000e1)
	elementData	50001d09
OBJ 500015f5 (sz=48, trace=300000, class=java.util.HashMap@500000b2)
OBJ 500015f6 (sz=24, trace=300000, class=java.util.Collections$SynchronizedSet@500000c7)
	c		50001d07
	mutex		500015f6
OBJ 500015f7 (sz=40, trace=300000, class=java.security.ProtectionDomain@5000015d)
	codesource	50001d06
	classloader	500012fb
	principals	50001d05
	key		50001d04
OBJ 500015f8 (sz=32, trace=300000, class=java.util.Vector@500000e1)
	elementData	50001d03
OBJ 500015f9 (sz=64, trace=300000, class=java.util.concurrent.ConcurrentHashMap@5000002b)
OBJ 500015fa (sz=64, trace=300000, class=java.util.concurrent.ConcurrentHashMap@5000002b)
	table		500009e4
OBJ 500015fb (sz=48, trace=300000, class=java.util.WeakHashMap@5000009b)
	table		50001cf7
	queue		50001cf6
OBJ 500015fc (sz=40, trace=300000, class=java.security.AccessControlContext@5000015c)
OBJ 500015fd (sz=48, trace=300000, class=sun.misc.URLClassPath@50000004)
	path		50001ccf
	urls		50001cce
	loaders		50001ccd
	lmap		50001ccc
	jarHandler	50001ccb
OBJ 500015fe (sz=48, trace=300000, class=java.util.HashMap@500000b2)
OBJ 500015ff (sz=16, trace=300000, class=java.lang.Object@5000016f)
OBJ 50001600 (sz=32, trace=300000, class=java.util.Vector@500000e1)
	elementData	50001cca
OBJ 50001601 (sz=48, trace=300000, class=java.util.HashMap@500000b2)
OBJ 50001602 (sz=24, trace=300000, class=java.util.Collections$SynchronizedSet@500000c7)
	c		50001cc7
	mutex		50001602
OBJ 50001603 (sz=40, trace=300000, class=java.security.ProtectionDomain@5000015d)
	codesource	5000173d
	classloader	500012fd
	principals	5000173c
	key		5000173b
OBJ 50001604 (sz=32, trace=300000, class=java.util.Vector@500000e1)
	elementData	5000173a
OBJ 50001605 (sz=64, trace=300000, class=java.util.concurrent.ConcurrentHashMap@5000002b)
OBJ 50001606 (sz=64, trace=300000, class=java.util.concurrent.ConcurrentHashMap@5000002b)
	table		500009e7
OBJ 50001607 (sz=24, trace=300000, class=java.lang.String@5000016b)
	value		50001608
ARR 50001608 (sz=62, trace=300000, nelems=31, elem type=char[])
OBJ 50001609 (sz=24, trace=300000, class=java.lang.String@5000016b)
	value		5000172f
OBJ 5000160a (sz=24, trace=300000, class=java.lang.String@5000016b)
	value		50001616
OBJ 5000160b (sz=24, trace=300000, class=java.lang.String@5000016b)
	value		50001731
OBJ 5000160c (sz=24, trace=300000, class=java.lang.String@5000016b)
	value		50001739
OBJ 5000160d (sz=24, trace=300000, class=java.lang.String@5000016b)
	value		50001738
OBJ 5000160e (sz=24, trace=300000, class=java.lang.String@5000016b)
	value		50001737
OBJ 5000160f (sz=24, trace=300000, class=java.lang.String@5000016b)
	value		50001736
OBJ 50001610 (sz=24, trace=300000, class=java.lang.String@5000016b)
	value		50001735
ARR 50001611 (sz=32, trace=300000, nelems=3, elem type=java.io.ObjectStreamField[]@500000f8)
	[0]		50001612
	[1]		50001613
	[2]		50001614
OBJ 50001612 (sz=40, trace=300000, class=java.io.ObjectStreamField@500000fa)
	name		5000160b
	signature	50001730
	type		50000025
OBJ 50001613 (sz=40, trace=300000, class=java.io.ObjectStreamField@500000fa)
	name		50001609
	signature	50001615
	type		500013de
OBJ 50001614 (sz=40, trace=300000, class=java.io.ObjectStreamField@500000fa)
	name		5000160a
	signature	50001615
	type		500013de
OBJ 50001615 (sz=24, trace=300000, class=java.lang.String@5000016b)
	value		50001617
ARR 50001616 (sz=24, trace=300000, nelems=12, elem type=char[])
ARR 50001617 (sz=2, trace=300000, nelems=1, elem type=char[])
ARR 50001618 (sz=6, trace=300000, nelems=3, elem type=char[])
OBJ 50001619 (sz=24, trace=300000, class=java.lang.String@5000016b)
	value		5000172a
OBJ 5000161a (sz=24, trace=300000, class=java.lang.String@5000016b)
	value		50001729
ARR 5000161b (sz=40, trace=300000, nelems=10, elem type=int[])
ARR 5000161c (sz=200, trace=300000, nelems=100, elem type=char[])
ARR 5000161d (sz=200, trace=300000, nelems=100, elem type=char[])
ARR 5000161e (sz=72, trace=300000, nelems=36, elem type=char[])
ARR 5000161f (sz=1040, trace=300000, nelems=256, elem type=java.lang.Integer[]@50000058)
	[0]		50001620
	[1]		50001621
	[2]		50001622
	[3]		50001623
	[4]		50001624
	[5]		50001625
	[6]		50001626
	[7]		50001627
	[8]		50001628
	[9]		50001629
	[10]		5000162a
	[11]		5000162b
	[12]		5000162c
	[13]		5000162d
	[14]		5000162e
	[15]		5000162f
	[16]		50001630
	[17]		50001631
	[18]		50001632
	[19]		50001633
	[20]		50001634
	[21]		50001635
	[22]		50001636
	[23]		50001637
	[24]		50001638
	[25]		50001639
	[26]		5000163a
	[27]		5000163b
	[28]		5000163c
	[29]		5000163d
	[30]		5000163e
	[31]		5000163f
	[32]		50001640
	[33]		50001641
	[34]		50001642
	[35]		50001643
	[36]		50001644
	[37]		50001645
	[38]		50001646
	[39]		50001647
	[40]		50001648
	[41]		50001649
	[42]		5000164a
	[43]		5000164b
	[44]		5000164c
	[45]		5000164d
	[46]		5000164e
	[47]		5000164f
	[48]		50001650
	[49]		50001651
	[50]		50001652
	[51]		50001653
	[52]		50001654
	[53]		50001655
	[54]		50001656
	[55]		50001657
	[56]		50001658
	[57]		50001659
	[58]		5000165a
	[59]		5000165b
	[60]		5000165c
	[61]		5000165d
	[62]		5000165e
	[63]		5000165f
	[64]		50001660
	[65]		50001661
	[66]		50001662
	[67]		50001663
	[68]		50001664
	[69]		50001665
	[70]		50001666
	[71]		50001667
	[72]		50001668
	[73]		50001669
	[74]		5000166a
	[75]		5000166b
	[76]		5000166c
	[77]		5000166d
	[78]		5000166e
	[79]		5000166f
	[80]		50001670
	[81]		50001671
	[82]		50001672
	[83]		50001673
	[84]		50001674
	[85]		50001675
	[86]		50001676
	[87]		50001677
	[88]		50001678
	[89]		50001679
	[90]		5000167a
	[91]		5000167b
	[92]		5000167c
	[93]		5000167d
	[94]		5000167e
	[95]		5000167f
	[96]		50001680
	[97]		50001681
	[98]		50001682
	[99]		50001683
	[100]		50001684
	[101]		50001685
	[102]		50001686
	[103]		50001687
	[104]		50001688
	[105]		50001689
	[106]		5000168a
	[107]		5000168b
	[108]		5000168c
	[109]		5000168d
	[110]		5000168e
	[111]		5000168f
	[112]		50001690
	[113]		50001691
	[114]		50001692
	[115]		50001693
	[116]		50001694
	[117]		50001695
	[118]		50001696
	[119]		50001697
	[120]		50001698
	[121]		50001699
	[122]		5000169a
	[123]		5000169b
	[124]		5000169c
	[125]		5000169d
	[126]		5000169e
	[127]		5000169f
	[128]		500016a0
	[129]		500016a1
	[130]		500016a2
	[131]		500016a3
	[132]		500016a4
	[133]		500016a5
	[134]		500016a6
	[135]		500016a7
	[136]		500016a8
	[137]		500016a9
	[138]		500016aa
	[139]		500016ab
	[140]		500016ac
	[141]		500016ad
	[142]		500016ae
	[143]		500016af
	[144]		500016b0
	[145]		500016b1
	[146]		500016b2
	[147]		500016b3
	[148]		500016b4
	[149]		500016b5
	[150]		500016b6
	[151]		500016b7
	[152]		500016b8
	[153]		500016b9
	[154]		500016ba
	[155]		500016bb
	[156]		500016bc
	[157]		500016bd
	[158]		500016be
	[159]		500016bf
	[160]		500016c0
	[161]		500016c1
	[162]		500016c2
	[163]		500016c3
	[164]		500016c4
	[165]		500016c5
	[166]		500016c6
	[167]		500016c7
	[168]		500016c8
	[169]		500016c9
	[170]		500016ca
	[171]		500016cb
	[172]		500016cc
	[173]		500016cd
	[174]		500016ce
	[175]		500016cf
	[176]		500016d0
	[177]		500016d1
	[178]		500016d2
	[179]		500016d3
	[180]		500016d4
	[181]		500016d5
	[182]		500016d6
	[183]		500016d7
	[184]		500016d8
	[185]		500016d9
	[186]		500016da
	[187]		500016db
	[188]		500016dc
	[189]		500016dd
	[190]		500016de
	[191]		500016df
	[192]		500016e0
	[193]		500016e1
	[194]		500016e2
	[195]		500016e3
	[196]		500016e4
	[197]		500016e5
	[198]		500016e6
	[199]		500016e7
	[200]		500016e8
	[201]		500016e9
	[202]		500016ea
	[203]		500016eb
	[204]		500016ec
	[205]		500016ed
	[206]		500016ee
	[207]		500016ef
	[208]		500016f0
	[209]		500016f1
	[210]		500016f2
	[211]		500016f3
	[212]		500016f4
	[213]		500016f5
	[214]		500016f6
	[215]		500016f7
	[216]		500016f8
	[217]		500016f9
	[218]		500016fa
	[219]		500016fb
	[220]		500016fc
	[221]		500016fd
	[222]		500016fe
	[223]		500016ff
	[224]		50001700
	[225]		50001701
	[226]		50001702
	[227]		50001703
	[228]		50001704
	[229]		50001705
	[230]		50001706
	[231]		50001707
	[232]		50001708
	[233]		50001709
	[234]		5000170a
	[235]		5000170b
	[236]		5000170c
	[237]		5000170d
	[238]		5000170e
	[239]		5000170f
	[240]		50001710
	[241]		50001711
	[242]		50001712
	[243]		50001713
	[244]		50001714
	[245]		50001715
	[246]		50001716
	[247]		50001717
	[248]		50001718
	[249]		50001719
	[250]		5000171a
	[251]		5000171b
	[252]		5000171c
	[253]		5000171d
	[254]		5000171e
	[255]		5000171f
OBJ 50001620 (sz=16, trace=300000, class=java.lang.Integer@50000108)
OBJ 50001621 (sz=16, trace=300000, class=java.lang.Integer@50000108)
OBJ 50001622 (sz=16, trace=300000, class=java.lang.Integer@50000108)
OBJ 50001623 (sz=16, trace=300000, class=java.lang.Integer@50000108)
OBJ 50001624 (sz=16, trace=300000, class=java.lang.Integer@50000108)
OBJ 50001625 (sz=16, trace=300000, class=java.lang.Integer@50000108)
OBJ 50001626 (sz=16, trace=300000, class=java.lang.Integer@50000108)
OBJ 50001627 (sz=16, trace=300000, class=java.lang.Integer@50000108)
OBJ 50001628 (sz=16, trace=300000, class=java.lang.Integer@50000108)
OBJ 50001629 (sz=16, trace=300000, class=java.lang.Integer@50000108)
OBJ 5000162a (sz=16, trace=300000, class=java.lang.Integer@50000108)
OBJ 5000162b (sz=16, trace=300000, class=java.lang.Integer@50000108)
OBJ 5000162c (sz=16, trace=300000, class=java.lang.Integer@50000108)
OBJ 5000162d (sz=16, trace=300000, class=java.lang.Integer@50000108)
OBJ 5000162e (sz=16, trace=300000, class=java.lang.Integer@50000108)
OBJ 5000162f (sz=16, trace=300000, class=java.lang.Integer@50000108)
OBJ 50001630 (sz=16, trace=300000, class=java.lang.Integer@50000108)
OBJ 50001631 (sz=16, trace=300000, class=java.lang.Integer@50000108)
OBJ 50001632 (sz=16, trace=300000, class=java.lang.Integer@50000108)
OBJ 50001633 (sz=16, trace=300000, class=java.lang.Integer@50000108)
OBJ 50001634 (sz=16, trace=300000, class=java.lang.Integer@50000108)
OBJ 50001635 (sz=16, trace=300000, class=java.lang.Integer@50000108)
OBJ 50001636 (sz=16, trace=300000, class=java.lang.Integer@50000108)
OBJ 50001637 (sz=16, trace=300000, class=java.lang.Integer@50000108)
OBJ 50001638 (sz=16, trace=300000, class=java.lang.Integer@50000108)
OBJ 50001639 (sz=16, trace=300000, class=java.lang.Integer@50000108)
OBJ 5000163a (sz=16, trace=300000, class=java.lang.Integer@50000108)
OBJ 5000163b (sz=16, trace=300000, class=java.lang.Integer@50000108)
OBJ 5000163c (sz=16, trace=300000, class=java.lang.Integer@50000108)
OBJ 5000163d (sz=16, trace=300000, class=java.lang.Integer@50000108)
OBJ 5000163e (sz=16, trace=300000, class=java.lang.Integer@50000108)
OBJ 5000163f (sz=16, trace=300000, class=java.lang.Integer@50000108)
OBJ 50001640 (sz=16, trace=300000, class=java.lang.Integer@50000108)
OBJ 50001641 (sz=16, trace=300000, class=java.lang.Integer@50000108)
OBJ 50001642 (sz=16, trace=300000, class=java.lang.Integer@50000108)
OBJ 50001643 (sz=16, trace=300000, class=java.lang.Integer@50000108)
OBJ 50001644 (sz=16, trace=300000, class=java.lang.Integer@50000108)
OBJ 50001645 (sz=16, trace=300000, class=java.lang.Integer@50000108)
OBJ 50001646 (sz=16, trace=300000, class=java.lang.Integer@50000108)
OBJ 50001647 (sz=16, trace=300000, class=java.lang.Integer@50000108)
OBJ 50001648 (sz=16, trace=300000, class=java.lang.Integer@50000108)
OBJ 50001649 (sz=16, trace=300000, class=java.lang.Integer@50000108)
OBJ 5000164a (sz=16, trace=300000, class=java.lang.Integer@50000108)
OBJ 5000164b (sz=16, trace=300000, class=java.lang.Integer@50000108)
OBJ 5000164c (sz=16, trace=300000, class=java.lang.Integer@50000108)
OBJ 5000164d (sz=16, trace=300000, class=java.lang.Integer@50000108)
OBJ 5000164e (sz=16, trace=300000, class=java.lang.Integer@50000108)
OBJ 5000164f (sz=16, trace=300000, class=java.lang.Integer@50000108)
OBJ 50001650 (sz=16, trace=300000, class=java.lang.Integer@50000108)
OBJ 50001651 (sz=16, trace=300000, class=java.lang.Integer@50000108)
OBJ 50001652 (sz=16, trace=300000, class=java.lang.Integer@50000108)
OBJ 50001653 (sz=16, trace=300000, class=java.lang.Integer@50000108)
OBJ 50001654 (sz=16, trace=300000, class=java.lang.Integer@50000108)
OBJ 50001655 (sz=16, trace=300000, class=java.lang.Integer@50000108)
OBJ 50001656 (sz=16, trace=300000, class=java.lang.Integer@50000108)
OBJ 50001657 (sz=16, trace=300000, class=java.lang.Integer@50000108)
OBJ 50001658 (sz=16, trace=300000, class=java.lang.Integer@50000108)
OBJ 50001659 (sz=16, trace=300000, class=java.lang.Integer@50000108)
OBJ 5000165a (sz=16, trace=300000, class=java.lang.Integer@50000108)
OBJ 5000165b (sz=16, trace=300000, class=java.lang.Integer@50000108)
OBJ 5000165c (sz=16, trace=300000, class=java.lang.Integer@50000108)
OBJ 5000165d (sz=16, trace=300000, class=java.lang.Integer@50000108)
OBJ 5000165e (sz=16, trace=300000, class=java.lang.Integer@50000108)
OBJ 5000165f (sz=16, trace=300000, class=java.lang.Integer@50000108)
OBJ 50001660 (sz=16, trace=300000, class=java.lang.Integer@50000108)
OBJ 50001661 (sz=16, trace=300000, class=java.lang.Integer@50000108)
OBJ 50001662 (sz=16, trace=300000, class=java.lang.Integer@50000108)
OBJ 50001663 (sz=16, trace=300000, class=java.lang.Integer@50000108)
OBJ 50001664 (sz=16, trace=300000, class=java.lang.Integer@50000108)
OBJ 50001665 (sz=16, trace=300000, class=java.lang.Integer@50000108)
OBJ 50001666 (sz=16, trace=300000, class=java.lang.Integer@50000108)
OBJ 50001667 (sz=16, trace=300000, class=java.lang.Integer@50000108)
OBJ 50001668 (sz=16, trace=300000, class=java.lang.Integer@50000108)
OBJ 50001669 (sz=16, trace=300000, class=java.lang.Integer@50000108)
OBJ 5000166a (sz=16, trace=300000, class=java.lang.Integer@50000108)
OBJ 5000166b (sz=16, trace=300000, class=java.lang.Integer@50000108)
OBJ 5000166c (sz=16, trace=300000, class=java.lang.Integer@50000108)
OBJ 5000166d (sz=16, trace=300000, class=java.lang.Integer@50000108)
OBJ 5000166e (sz=16, trace=300000, class=java.lang.Integer@50000108)
OBJ 5000166f (sz=16, trace=300000, class=java.lang.Integer@50000108)
OBJ 50001670 (sz=16, trace=300000, class=java.lang.Integer@50000108)
OBJ 50001671 (sz=16, trace=300000, class=java.lang.Integer@50000108)
OBJ 50001672 (sz=16, trace=300000, class=java.lang.Integer@50000108)
OBJ 50001673 (sz=16, trace=300000, class=java.lang.Integer@50000108)
OBJ 50001674 (sz=16, trace=300000, class=java.lang.Integer@50000108)
OBJ 50001675 (sz=16, trace=300000, class=java.lang.Integer@50000108)
OBJ 50001676 (sz=16, trace=300000, class=java.lang.Integer@50000108)
OBJ 50001677 (sz=16, trace=300000, class=java.lang.Integer@50000108)
OBJ 50001678 (sz=16, trace=300000, class=java.lang.Integer@50000108)
OBJ 50001679 (sz=16, trace=300000, class=java.lang.Integer@50000108)
OBJ 5000167a (sz=16, trace=300000, class=java.lang.Integer@50000108)
OBJ 5000167b (sz=16, trace=300000, class=java.lang.Integer@50000108)
OBJ 5000167c (sz=16, trace=300000, class=java.lang.Integer@50000108)
OBJ 5000167d (sz=16, trace=300000, class=java.lang.Integer@50000108)
OBJ 5000167e (sz=16, trace=300000, class=java.lang.Integer@50000108)
OBJ 5000167f (sz=16, trace=300000, class=java.lang.Integer@50000108)
OBJ 50001680 (sz=16, trace=300000, class=java.lang.Integer@50000108)
OBJ 50001681 (sz=16, trace=300000, class=java.lang.Integer@50000108)
OBJ 50001682 (sz=16, trace=300000, class=java.lang.Integer@50000108)
OBJ 50001683 (sz=16, trace=300000, class=java.lang.Integer@50000108)
OBJ 50001684 (sz=16, trace=300000, class=java.lang.Integer@50000108)
OBJ 50001685 (sz=16, trace=300000, class=java.lang.Integer@50000108)
OBJ 50001686 (sz=16, trace=300000, class=java.lang.Integer@50000108)
OBJ 50001687 (sz=16, trace=300000, class=java.lang.Integer@50000108)
OBJ 50001688 (sz=16, trace=300000, class=java.lang.Integer@50000108)
OBJ 50001689 (sz=16, trace=300000, class=java.lang.Integer@50000108)
OBJ 5000168a (sz=16, trace=300000, class=java.lang.Integer@50000108)
OBJ 5000168b (sz=16, trace=300000, class=java.lang.Integer@50000108)
OBJ 5000168c (sz=16, trace=300000, class=java.lang.Integer@50000108)
OBJ 5000168d (sz=16, trace=300000, class=java.lang.Integer@50000108)
OBJ 5000168e (sz=16, trace=300000, class=java.lang.Integer@50000108)
OBJ 5000168f (sz=16, trace=300000, class=java.lang.Integer@50000108)
OBJ 50001690 (sz=16, trace=300000, class=java.lang.Integer@50000108)
OBJ 50001691 (sz=16, trace=300000, class=java.lang.Integer@50000108)
OBJ 50001692 (sz=16, trace=300000, class=java.lang.Integer@50000108)
OBJ 50001693 (sz=16, trace=300000, class=java.lang.Integer@50000108)
OBJ 50001694 (sz=16, trace=300000, class=java.lang.Integer@50000108)
OBJ 50001695 (sz=16, trace=300000, class=java.lang.Integer@50000108)
OBJ 50001696 (sz=16, trace=300000, class=java.lang.Integer@50000108)
OBJ 50001697 (sz=16, trace=300000, class=java.lang.Integer@50000108)
OBJ 50001698 (sz=16, trace=300000, class=java.lang.Integer@50000108)
OBJ 50001699 (sz=16, trace=300000, class=java.lang.Integer@50000108)
OBJ 5000169a (sz=16, trace=300000, class=java.lang.Integer@50000108)
OBJ 5000169b (sz=16, trace=300000, class=java.lang.Integer@50000108)
OBJ 5000169c (sz=16, trace=300000, class=java.lang.Integer@50000108)
OBJ 5000169d (sz=16, trace=300000, class=java.lang.Integer@50000108)
OBJ 5000169e (sz=16, trace=300000, class=java.lang.Integer@50000108)
OBJ 5000169f (sz=16, trace=300000, class=java.lang.Integer@50000108)
OBJ 500016a0 (sz=16, trace=300000, class=java.lang.Integer@50000108)
OBJ 500016a1 (sz=16, trace=300000, class=java.lang.Integer@50000108)
OBJ 500016a2 (sz=16, trace=300000, class=java.lang.Integer@50000108)
OBJ 500016a3 (sz=16, trace=300000, class=java.lang.Integer@50000108)
OBJ 500016a4 (sz=16, trace=300000, class=java.lang.Integer@50000108)
OBJ 500016a5 (sz=16, trace=300000, class=java.lang.Integer@50000108)
OBJ 500016a6 (sz=16, trace=300000, class=java.lang.Integer@50000108)
OBJ 500016a7 (sz=16, trace=300000, class=java.lang.Integer@50000108)
OBJ 500016a8 (sz=16, trace=300000, class=java.lang.Integer@50000108)
OBJ 500016a9 (sz=16, trace=300000, class=java.lang.Integer@50000108)
OBJ 500016aa (sz=16, trace=300000, class=java.lang.Integer@50000108)
OBJ 500016ab (sz=16, trace=300000, class=java.lang.Integer@50000108)
OBJ 500016ac (sz=16, trace=300000, class=java.lang.Integer@50000108)
OBJ 500016ad (sz=16, trace=300000, class=java.lang.Integer@50000108)
OBJ 500016ae (sz=16, trace=300000, class=java.lang.Integer@50000108)
OBJ 500016af (sz=16, trace=300000, class=java.lang.Integer@50000108)
OBJ 500016b0 (sz=16, trace=300000, class=java.lang.Integer@50000108)
OBJ 500016b1 (sz=16, trace=300000, class=java.lang.Integer@50000108)
OBJ 500016b2 (sz=16, trace=300000, class=java.lang.Integer@50000108)
OBJ 500016b3 (sz=16, trace=300000, class=java.lang.Integer@50000108)
OBJ 500016b4 (sz=16, trace=300000, class=java.lang.Integer@50000108)
OBJ 500016b5 (sz=16, trace=300000, class=java.lang.Integer@50000108)
OBJ 500016b6 (sz=16, trace=300000, class=java.lang.Integer@50000108)
OBJ 500016b7 (sz=16, trace=300000, class=java.lang.Integer@50000108)
OBJ 500016b8 (sz=16, trace=300000, class=java.lang.Integer@50000108)
OBJ 500016b9 (sz=16, trace=300000, class=java.lang.Integer@50000108)
OBJ 500016ba (sz=16, trace=300000, class=java.lang.Integer@50000108)
OBJ 500016bb (sz=16, trace=300000, class=java.lang.Integer@50000108)
OBJ 500016bc (sz=16, trace=300000, class=java.lang.Integer@50000108)
OBJ 500016bd (sz=16, trace=300000, class=java.lang.Integer@50000108)
OBJ 500016be (sz=16, trace=300000, class=java.lang.Integer@50000108)
OBJ 500016bf (sz=16, trace=300000, class=java.lang.Integer@50000108)
OBJ 500016c0 (sz=16, trace=300000, class=java.lang.Integer@50000108)
OBJ 500016c1 (sz=16, trace=300000, class=java.lang.Integer@50000108)
OBJ 500016c2 (sz=16, trace=300000, class=java.lang.Integer@50000108)
OBJ 500016c3 (sz=16, trace=300000, class=java.lang.Integer@50000108)
OBJ 500016c4 (sz=16, trace=300000, class=java.lang.Integer@50000108)
OBJ 500016c5 (sz=16, trace=300000, class=java.lang.Integer@50000108)
OBJ 500016c6 (sz=16, trace=300000, class=java.lang.Integer@50000108)
OBJ 500016c7 (sz=16, trace=300000, class=java.lang.Integer@50000108)
OBJ 500016c8 (sz=16, trace=300000, class=java.lang.Integer@50000108)
OBJ 500016c9 (sz=16, trace=300000, class=java.lang.Integer@50000108)
OBJ 500016ca (sz=16, trace=300000, class=java.lang.Integer@50000108)
OBJ 500016cb (sz=16, trace=300000, class=java.lang.Integer@50000108)
OBJ 500016cc (sz=16, trace=300000, class=java.lang.Integer@50000108)
OBJ 500016cd (sz=16, trace=300000, class=java.lang.Integer@50000108)
OBJ 500016ce (sz=16, trace=300000, class=java.lang.Integer@50000108)
OBJ 500016cf (sz=16, trace=300000, class=java.lang.Integer@50000108)
OBJ 500016d0 (sz=16, trace=300000, class=java.lang.Integer@50000108)
OBJ 500016d1 (sz=16, trace=300000, class=java.lang.Integer@50000108)
OBJ 500016d2 (sz=16, trace=300000, class=java.lang.Integer@50000108)
OBJ 500016d3 (sz=16, trace=300000, class=java.lang.Integer@50000108)
OBJ 500016d4 (sz=16, trace=300000, class=java.lang.Integer@50000108)
OBJ 500016d5 (sz=16, trace=300000, class=java.lang.Integer@50000108)
OBJ 500016d6 (sz=16, trace=300000, class=java.lang.Integer@50000108)
OBJ 500016d7 (sz=16, trace=300000, class=java.lang.Integer@50000108)
OBJ 500016d8 (sz=16, trace=300000, class=java.lang.Integer@50000108)
OBJ 500016d9 (sz=16, trace=300000, class=java.lang.Integer@50000108)
OBJ 500016da (sz=16, trace=300000, class=java.lang.Integer@50000108)
OBJ 500016db (sz=16, trace=300000, class=java.lang.Integer@50000108)
OBJ 500016dc (sz=16, trace=300000, class=java.lang.Integer@50000108)
OBJ 500016dd (sz=16, trace=300000, class=java.lang.Integer@50000108)
OBJ 500016de (sz=16, trace=300000, class=java.lang.Integer@50000108)
OBJ 500016df (sz=16, trace=300000, class=java.lang.Integer@50000108)
OBJ 500016e0 (sz=16, trace=300000, class=java.lang.Integer@50000108)
OBJ 500016e1 (sz=16, trace=300000, class=java.lang.Integer@50000108)
OBJ 500016e2 (sz=16, trace=300000, class=java.lang.Integer@50000108)
OBJ 500016e3 (sz=16, trace=300000, class=java.lang.Integer@50000108)
OBJ 500016e4 (sz=16, trace=300000, class=java.lang.Integer@50000108)
OBJ 500016e5 (sz=16, trace=300000, class=java.lang.Integer@50000108)
OBJ 500016e6 (sz=16, trace=300000, class=java.lang.Integer@50000108)
OBJ 500016e7 (sz=16, trace=300000, class=java.lang.Integer@50000108)
OBJ 500016e8 (sz=16, trace=300000, class=java.lang.Integer@50000108)
OBJ 500016e9 (sz=16, trace=300000, class=java.lang.Integer@50000108)
OBJ 500016ea (sz=16, trace=300000, class=java.lang.Integer@50000108)
OBJ 500016eb (sz=16, trace=300000, class=java.lang.Integer@50000108)
OBJ 500016ec (sz=16, trace=300000, class=java.lang.Integer@50000108)
OBJ 500016ed (sz=16, trace=300000, class=java.lang.Integer@50000108)
OBJ 500016ee (sz=16, trace=300000, class=java.lang.Integer@50000108)
OBJ 500016ef (sz=16, trace=300000, class=java.lang.Integer@50000108)
OBJ 500016f0 (sz=16, trace=300000, class=java.lang.Integer@50000108)
OBJ 500016f1 (sz=16, trace=300000, class=java.lang.Integer@50000108)
OBJ 500016f2 (sz=16, trace=300000, class=java.lang.Integer@50000108)
OBJ 500016f3 (sz=16, trace=300000, class=java.lang.Integer@50000108)
OBJ 500016f4 (sz=16, trace=300000, class=java.lang.Integer@50000108)
OBJ 500016f5 (sz=16, trace=300000, class=java.lang.Integer@50000108)
OBJ 500016f6 (sz=16, trace=300000, class=java.lang.Integer@50000108)
OBJ 500016f7 (sz=16, trace=300000, class=java.lang.Integer@50000108)
OBJ 500016f8 (sz=16, trace=300000, class=java.lang.Integer@50000108)
OBJ 500016f9 (sz=16, trace=300000, class=java.lang.Integer@50000108)
OBJ 500016fa (sz=16, trace=300000, class=java.lang.Integer@50000108)
OBJ 500016fb (sz=16, trace=300000, class=java.lang.Integer@50000108)
OBJ 500016fc (sz=16, trace=300000, class=java.lang.Integer@50000108)
OBJ 500016fd (sz=16, trace=300000, class=java.lang.Integer@50000108)
OBJ 500016fe (sz=16, trace=300000, class=java.lang.Integer@50000108)
OBJ 500016ff (sz=16, trace=300000, class=java.lang.Integer@50000108)
OBJ 50001700 (sz=16, trace=300000, class=java.lang.Integer@50000108)
OBJ 50001701 (sz=16, trace=300000, class=java.lang.Integer@50000108)
OBJ 50001702 (sz=16, trace=300000, class=java.lang.Integer@50000108)
OBJ 50001703 (sz=16, trace=300000, class=java.lang.Integer@50000108)
OBJ 50001704 (sz=16, trace=300000, class=java.lang.Integer@50000108)
OBJ 50001705 (sz=16, trace=300000, class=java.lang.Integer@50000108)
OBJ 50001706 (sz=16, trace=300000, class=java.lang.Integer@50000108)
OBJ 50001707 (sz=16, trace=300000, class=java.lang.Integer@50000108)
OBJ 50001708 (sz=16, trace=300000, class=java.lang.Integer@50000108)
OBJ 50001709 (sz=16, trace=300000, class=java.lang.Integer@50000108)
OBJ 5000170a (sz=16, trace=300000, class=java.lang.Integer@50000108)
OBJ 5000170b (sz=16, trace=300000, class=java.lang.Integer@50000108)
OBJ 5000170c (sz=16, trace=300000, class=java.lang.Integer@50000108)
OBJ 5000170d (sz=16, trace=300000, class=java.lang.Integer@50000108)
OBJ 5000170e (sz=16, trace=300000, class=java.lang.Integer@50000108)
OBJ 5000170f (sz=16, trace=300000, class=java.lang.Integer@50000108)
OBJ 50001710 (sz=16, trace=300000, class=java.lang.Integer@50000108)
OBJ 50001711 (sz=16, trace=300000, class=java.lang.Integer@50000108)
OBJ 50001712 (sz=16, trace=300000, class=java.lang.Integer@50000108)
OBJ 50001713 (sz=16, trace=300000, class=java.lang.Integer@50000108)
OBJ 50001714 (sz=16, trace=300000, class=java.lang.Integer@50000108)
OBJ 50001715 (sz=16, trace=300000, class=java.lang.Integer@50000108)
OBJ 50001716 (sz=16, trace=300000, class=java.lang.Integer@50000108)
OBJ 50001717 (sz=16, trace=300000, class=java.lang.Integer@50000108)
OBJ 50001718 (sz=16, trace=300000, class=java.lang.Integer@50000108)
OBJ 50001719 (sz=16, trace=300000, class=java.lang.Integer@50000108)
OBJ 5000171a (sz=16, trace=300000, class=java.lang.Integer@50000108)
OBJ 5000171b (sz=16, trace=300000, class=java.lang.Integer@50000108)
OBJ 5000171c (sz=16, trace=300000, class=java.lang.Integer@50000108)
OBJ 5000171d (sz=16, trace=300000, class=java.lang.Integer@50000108)
OBJ 5000171e (sz=16, trace=300000, class=java.lang.Integer@50000108)
OBJ 5000171f (sz=16, trace=300000, class=java.lang.Integer@50000108)
ARR 50001720 (sz=70, trace=300000, nelems=35, elem type=char[])
OBJ 50001721 (sz=24, trace=300000, class=java.lang.String@5000016b)
	value		50001728
OBJ 50001722 (sz=24, trace=300000, class=java.lang.String@5000016b)
	value		50001727
OBJ 50001723 (sz=24, trace=300000, class=java.lang.String@5000016b)
	value		50001726
ARR 50001724 (sz=512, trace=300000, nelems=256, elem type=char[])
ARR 50001725 (sz=4, trace=300000, nelems=2, elem type=char[])
ARR 50001726 (sz=1024, trace=300000, nelems=512, elem type=char[])
ARR 50001727 (sz=512, trace=300000, nelems=256, elem type=char[])
ARR 50001728 (sz=8, trace=300000, nelems=4, elem type=char[])
ARR 50001729 (sz=6, trace=300000, nelems=3, elem type=char[])
ARR 5000172a (sz=8, trace=300000, nelems=4, elem type=char[])
OBJ 5000172b (sz=24, trace=300000, class=java.lang.String@5000016b)
	value		5000172c
ARR 5000172c (sz=10, trace=300000, nelems=5, elem type=char[])
OBJ 5000172d (sz=24, trace=300000, class=java.lang.String@5000016b)
	value		5000172e
ARR 5000172e (sz=8, trace=300000, nelems=4, elem type=char[])
ARR 5000172f (sz=22, trace=300000, nelems=11, elem type=char[])
OBJ 50001730 (sz=24, trace=300000, class=java.lang.String@5000016b)
	value		50001732
ARR 50001731 (sz=16, trace=300000, nelems=8, elem type=char[])
ARR 50001732 (sz=98, trace=300000, nelems=49, elem type=char[])
OBJ 50001733 (sz=24, trace=300000, class=java.lang.String@5000016b)
	value		50001734
ARR 50001734 (sz=58, trace=300000, nelems=29, elem type=char[])
ARR 50001735 (sz=10, trace=300000, nelems=5, elem type=char[])
ARR 50001736 (sz=26, trace=300000, nelems=13, elem type=char[])
ARR 50001737 (sz=14, trace=300000, nelems=7, elem type=char[])
ARR 50001738 (sz=18, trace=300000, nelems=9, elem type=char[])
ARR 50001739 (sz=18, trace=300000, nelems=9, elem type=char[])
ARR 5000173a (sz=56, trace=300000, nelems=0, elem type=java.lang.Object[]@50000106)
OBJ 5000173b (sz=16, trace=300000, class=java.security.ProtectionDomain$Key@50000008)
	this$0		50001603
ARR 5000173c (sz=16, trace=300000, nelems=0, elem type=java.security.Principal[]@50000006)
OBJ 5000173d (sz=32, trace=300000, class=java.security.CodeSource@50000112)
OBJ 5000173e (sz=24, trace=300000, class=java.lang.String@5000016b)
	value		50001cc6
OBJ 5000173f (sz=24, trace=300000, class=java.lang.String@5000016b)
	value		50001745
OBJ 50001740 (sz=24, trace=300000, class=java.lang.String@5000016b)
	value		50001744
OBJ 50001741 (sz=24, trace=300000, class=java.lang.String@5000016b)
	value		50001743
ARR 50001742 (sz=32, trace=300000, nelems=16, elem type=char[])
ARR 50001743 (sz=38, trace=300000, nelems=19, elem type=char[])
ARR 50001744 (sz=48, trace=300000, nelems=24, elem type=char[])
ARR 50001745 (sz=32, trace=300000, nelems=16, elem type=char[])
OBJ 50001746 (sz=16, trace=300000, class=java.security.ProtectionDomain$JavaSecurityAccessImpl@5000000b)
OBJ 50001747 (sz=16, trace=300000, class=java.security.ProtectionDomain$2@50000009)
OBJ 50001748 (sz=16, trace=300000, class=java.io.FileDescriptor$1@500000bd)
OBJ 50001749 (sz=16, trace=300000, class=java.nio.Bits$1@50000072)
OBJ 5000174a (sz=16, trace=300000, class=java.net.URLClassLoader$7@50000045)
OBJ 5000174b (sz=24, trace=300000, class=java.lang.String@5000016b)
	value		50001cb9
OBJ 5000174c (sz=24, trace=300000, class=java.lang.String@5000016b)
	value		50001cc1
OBJ 5000174d (sz=24, trace=300000, class=java.lang.String@5000016b)
	value		50001cbf
OBJ 5000174e (sz=24, trace=300000, class=java.lang.String@5000016b)
	value		50001cbe
OBJ 5000174f (sz=24, trace=300000, class=java.lang.String@5000016b)
	value		50001cbd
OBJ 50001750 (sz=24, trace=300000, class=java.lang.String@5000016b)
	value		50001753
OBJ 50001751 (sz=24, trace=300000, class=java.lang.String@5000016b)
	value		50001752
ARR 50001752 (sz=30, trace=300000, nelems=15, elem type=char[])
ARR 50001753 (sz=16, trace=300000, nelems=8, elem type=char[])
OBJ 50001754 (sz=24, trace=300000, class=java.lang.String@5000016b)
	value		50001784
OBJ 50001755 (sz=24, trace=300000, class=java.lang.String@5000016b)
	value		50001782
OBJ 50001756 (sz=24, trace=300000, class=java.lang.String@5000016b)
	value		50001781
OBJ 50001757 (sz=24, trace=300000, class=java.lang.String@5000016b)
	value		5000175d
OBJ 50001758 (sz=24, trace=300000, class=java.lang.String@5000016b)
	value		50001780
OBJ 50001759 (sz=24, trace=300000, class=java.lang.String@5000016b)
	value		5000177f
OBJ 5000175a (sz=24, trace=300000, class=java.lang.String@5000016b)
	value		5000177e
OBJ 5000175b (sz=16, trace=300000, class=java.lang.Object@5000016f)
OBJ 5000175c (sz=48, trace=300000, class=java.util.Hashtable@50000143)
	table		5000175e
ARR 5000175d (sz=52, trace=300000, nelems=26, elem type=char[])
ARR 5000175e (sz=64, trace=300000, nelems=7, elem type=java.util.Hashtable$Entry[]@500000d2)
	[6]		5000175f
OBJ 5000175f (sz=32, trace=300000, class=java.util.Hashtable$Entry@500000d4)
	key		50001761
	value		50001760
OBJ 50001760 (sz=16, trace=300000, class=sun.net.www.protocol.file.Handler@5000000e)
OBJ 50001761 (sz=24, trace=300000, class=java.lang.String@5000016b)
	value		50001762
ARR 50001762 (sz=8, trace=300000, nelems=4, elem type=char[])
OBJ 50001763 (sz=24, trace=300000, class=java.lang.String@5000016b)
	value		5000177a
OBJ 50001764 (sz=24, trace=300000, class=java.lang.String@5000016b)
	value		50001779
OBJ 50001765 (sz=24, trace=300000, class=java.lang.String@5000016b)
	value		50001778
OBJ 50001766 (sz=24, trace=300000, class=java.lang.String@5000016b)
	value		50001777
OBJ 50001767 (sz=24, trace=300000, class=java.lang.String@5000016b)
	value		50001776
OBJ 50001768 (sz=24, trace=300000, class=java.lang.String@5000016b)
	value		50001775
OBJ 50001769 (sz=24, trace=300000, class=java.lang.String@5000016b)
	value		50001772
OBJ 5000176a (sz=24, trace=300000, class=java.lang.String@5000016b)
	value		50001770
ARR 5000176b (sz=32, trace=300000, nelems=3, elem type=java.io.ObjectStreamField[]@500000f8)
	[0]		5000176c
	[1]		5000176d
	[2]		5000176e
OBJ 5000176c (sz=40, trace=300000, class=java.io.ObjectStreamField@500000fa)
	name		50001610
	signature	50001773
	type		50000176
OBJ 5000176d (sz=40, trace=300000, class=java.io.ObjectStreamField@500000fa)
	name		50001769
	signature	50001615
	type		500013de
OBJ 5000176e (sz=40, trace=300000, class=java.io.ObjectStreamField@500000fa)
	name		5000176a
	signature	5000176f
	type		500013e4
OBJ 5000176f (sz=24, trace=300000, class=java.lang.String@5000016b)
	value		50001771
ARR 50001770 (sz=12, trace=300000, nelems=6, elem type=char[])
ARR 50001771 (sz=2, trace=300000, nelems=1, elem type=char[])
ARR 50001772 (sz=10, trace=300000, nelems=5, elem type=char[])
OBJ 50001773 (sz=24, trace=300000, class=java.lang.String@5000016b)
	value		50001774
ARR 50001774 (sz=4, trace=300000, nelems=2, elem type=char[])
ARR 50001775 (sz=2, trace=300000, nelems=1, elem type=char[])
ARR 50001776 (sz=6, trace=300000, nelems=3, elem type=char[])
ARR 50001777 (sz=8, trace=300000, nelems=4, elem type=char[])
ARR 50001778 (sz=6, trace=300000, nelems=3, elem type=char[])
ARR 50001779 (sz=4, trace=300000, nelems=2, elem type=char[])
ARR 5000177a (sz=4, trace=300000, nelems=2, elem type=char[])
ARR 5000177b (sz=0, trace=300000, nelems=0, elem type=char[])
OBJ 5000177c (sz=24, trace=300000, class=java.lang.String@5000016b)
	value		5000177d
ARR 5000177d (sz=10, trace=300000, nelems=5, elem type=char[])
ARR 5000177e (sz=2, trace=300000, nelems=1, elem type=char[])
ARR 5000177f (sz=8, trace=300000, nelems=4, elem type=char[])
ARR 50001780 (sz=40, trace=300000, nelems=20, elem type=char[])
ARR 50001781 (sz=2, trace=300000, nelems=1, elem type=char[])
ARR 50001782 (sz=16, trace=300000, nelems=8, elem type=char[])
ARR 50001783 (sz=2, trace=300000, nelems=1, elem type=char[])
ARR 50001784 (sz=6, trace=300000, nelems=3, elem type=char[])
OBJ 50001785 (sz=24, trace=300000, class=java.lang.String@5000016b)
	value		50001cba
OBJ 50001786 (sz=24, trace=300000, class=java.lang.String@5000016b)
	value		50001bea
OBJ 50001787 (sz=24, trace=300000, class=java.lang.String@5000016b)
	value		50001be9
OBJ 50001788 (sz=24, trace=300000, class=java.lang.String@5000016b)
	value		50001be8
OBJ 50001789 (sz=24, trace=300000, class=java.lang.String@5000016b)
	value		50001be7
OBJ 5000178a (sz=24, trace=300000, class=java.lang.String@5000016b)
	value		50001be6
OBJ 5000178b (sz=24, trace=300000, class=java.lang.String@5000016b)
	value		50001be5
OBJ 5000178c (sz=24, trace=300000, class=java.lang.String@5000016b)
	value		50001be4
OBJ 5000178d (sz=24, trace=300000, class=java.lang.String@5000016b)
	value		50001be3
OBJ 5000178e (sz=24, trace=300000, class=java.lang.String@5000016b)
	value		50001bd3
ARR 5000178f (sz=32, trace=300000, nelems=16, elem type=char[])
OBJ 50001790 (sz=24, trace=300000, class=java.util.BitSet@50000011)
	words		50001791
ARR 50001791 (sz=32, trace=300000, nelems=4, elem type=long[])
OBJ 50001792 (sz=24, trace=300000, class=java.lang.String@5000016b)
	value		50001796
ARR 50001793 (sz=24, trace=300000, nelems=1, elem type=java.io.ObjectStreamField[]@500000f8)
	[0]		50001794
OBJ 50001794 (sz=40, trace=300000, class=java.io.ObjectStreamField@500000fa)
	name		50001792
	signature	50001795
	type		50000170
OBJ 50001795 (sz=24, trace=300000, class=java.lang.String@5000016b)
	value		50001797
ARR 50001796 (sz=8, trace=300000, nelems=4, elem type=char[])
ARR 50001797 (sz=4, trace=300000, nelems=2, elem type=char[])
OBJ 50001798 (sz=16, trace=300000, class=java.util.concurrent.atomic.AtomicInteger@50000089)
OBJ 50001799 (sz=24, trace=300000, class=java.lang.String@5000016b)
	value		5000179e
OBJ 5000179a (sz=32, trace=300000, class=java.lang.ref.ReferenceQueue$Null@500000d9)
	lock		5000179d
OBJ 5000179b (sz=32, trace=300000, class=java.lang.ref.ReferenceQueue$Null@500000d9)
	lock		5000179c
OBJ 5000179c (sz=16, trace=300000, class=java.lang.ref.ReferenceQueue$Lock@500000d8)
OBJ 5000179d (sz=16, trace=300000, class=java.lang.ref.ReferenceQueue$Lock@500000d8)
ARR 5000179e (sz=34, trace=300000, nelems=17, elem type=char[])
OBJ 5000179f (sz=24, trace=300000, class=java.lang.String@5000016b)
	value		50001bc8
OBJ 500017a0 (sz=24, trace=300000, class=java.lang.String@5000016b)
	value		500017a8
OBJ 500017a1 (sz=24, trace=300000, class=java.lang.String@5000016b)
	value		500017a7
OBJ 500017a2 (sz=24, trace=300000, class=java.lang.String@5000016b)
	value		500017a6
OBJ 500017a3 (sz=24, trace=300000, class=java.lang.String@5000016b)
	value		500017a9
OBJ 500017a4 (sz=24, trace=300000, class=java.lang.String@5000016b)
	value		50001be2
ARR 500017a5 (sz=32, trace=300000, nelems=4, elem type=java.lang.String[]@500000b4)
	[0]		500017a3
	[1]		500017a0
	[2]		500017a1
	[3]		500017a2
ARR 500017a6 (sz=14, trace=300000, nelems=7, elem type=char[])
ARR 500017a7 (sz=20, trace=300000, nelems=10, elem type=char[])
ARR 500017a8 (sz=12, trace=300000, nelems=6, elem type=char[])
ARR 500017a9 (sz=10, trace=300000, nelems=5, elem type=char[])
OBJ 500017aa (sz=24, trace=300000, class=java.lang.String@5000016b)
	value		500017b0
OBJ 500017ab (sz=24, trace=300000, class=java.lang.String@5000016b)
	value		500017b1
OBJ 500017ac (sz=24, trace=300000, class=java.lang.String@5000016b)
	value		500017b2
OBJ 500017ad (sz=16, trace=300000, class=java.nio.charset.CodingErrorAction@50000078)
	name		500017ac
OBJ 500017ae (sz=16, trace=300000, class=java.nio.charset.CodingErrorAction@50000078)
	name		500017ab
OBJ 500017af (sz=16, trace=300000, class=java.nio.charset.CodingErrorAction@50000078)
	name		500017aa
ARR 500017b0 (sz=12, trace=300000, nelems=6, elem type=char[])
ARR 500017b1 (sz=14, trace=300000, nelems=7, elem type=char[])
ARR 500017b2 (sz=12, trace=300000, nelems=6, elem type=char[])
OBJ 500017b3 (sz=24, trace=300000, class=java.lang.String@5000016b)
	value		500017bd
OBJ 500017b4 (sz=24, trace=300000, class=java.lang.String@5000016b)
	value		500017be
OBJ 500017b5 (sz=24, trace=300000, class=java.lang.String@5000016b)
	value		500017bf
OBJ 500017b6 (sz=24, trace=300000, class=java.lang.String@5000016b)
	value		500017bc
OBJ 500017b7 (sz=16, trace=300000, class=java.nio.charset.CoderResult$2@50000031)
OBJ 500017b8 (sz=16, trace=300000, class=java.nio.charset.CoderResult$1@50000032)
OBJ 500017b9 (sz=24, trace=300000, class=java.nio.charset.CoderResult@50000034)
OBJ 500017ba (sz=24, trace=300000, class=java.nio.charset.CoderResult@50000034)
ARR 500017bb (sz=32, trace=300000, nelems=4, elem type=java.lang.String[]@500000b4)
	[0]		500017b5
	[1]		500017b4
	[2]		500017b3
	[3]		500017b6
ARR 500017bc (sz=20, trace=300000, nelems=10, elem type=char[])
ARR 500017bd (sz=18, trace=300000, nelems=9, elem type=char[])
ARR 500017be (sz=16, trace=300000, nelems=8, elem type=char[])
ARR 500017bf (sz=18, trace=300000, nelems=9, elem type=char[])
OBJ 500017c0 (sz=24, trace=300000, class=java.lang.String@5000016b)
	value		50001be1
OBJ 500017c1 (sz=24, trace=300000, class=java.lang.String@5000016b)
	value		50001be0
OBJ 500017c2 (sz=24, trace=300000, class=sun.nio.cs.MS1252@5000003a)
	name		50001868
	aliases		50001b6a
OBJ 500017c3 (sz=16, trace=300000, class=java.lang.ThreadLocal@5000008a)
ARR 500017c4 (sz=24, trace=300000, nelems=2, elem type=java.lang.Object[]@50000106)
	[0]		50001868
	[1]		500017c2
OBJ 500017c5 (sz=32, trace=300000, class=sun.nio.cs.StandardCharsets@5000008f)
	classMap	500017c9
	aliasMap	500017c8
	cache		500017c7
	packagePrefix	500017c6
OBJ 500017c6 (sz=24, trace=300000, class=java.lang.String@5000016b)
	value		50001bc6
OBJ 500017c7 (sz=40, trace=300000, class=sun.nio.cs.StandardCharsets$Cache@5000008b)
	ht		50001af6
OBJ 500017c8 (sz=40, trace=300000, class=sun.nio.cs.StandardCharsets$Aliases@5000008d)
	ht		5000188e
OBJ 500017c9 (sz=40, trace=300000, class=sun.nio.cs.StandardCharsets$Classes@5000008c)
	ht		500017ca
ARR 500017ca (sz=144, trace=300000, nelems=32, elem type=java.lang.Object[]@50000106)
	[0]		500017cb
	[2]		500017cc
	[3]		500017cd
	[4]		500017ce
	[5]		500017cf
	[6]		500017d0
	[7]		500017d1
	[8]		500017d2
	[9]		500017d3
	[10]		500017d4
	[11]		500017d5
	[12]		500017d6
	[14]		500017d7
	[15]		500017d8
	[16]		500017d9
	[17]		500017da
	[18]		500017db
	[19]		500017dc
	[22]		500017dd
	[23]		500017de
	[24]		500017df
	[28]		500017e0
	[29]		500017e1
	[31]		500017e2
ARR 500017cb (sz=24, trace=300000, nelems=2, elem type=java.lang.Object[]@50000106)
	[0]		5000188a
	[1]		5000188b
ARR 500017cc (sz=32, trace=300000, nelems=3, elem type=java.lang.Object[]@50000106)
	[0]		5000187c
	[1]		5000187d
	[2]		5000187e
ARR 500017cd (sz=32, trace=300000, nelems=3, elem type=java.lang.Object[]@50000106)
	[0]		50001873
	[1]		50001874
	[2]		50001875
ARR 500017ce (sz=32, trace=300000, nelems=3, elem type=java.lang.Object[]@50000106)
	[0]		50001865
	[1]		50001866
	[2]		50001867
ARR 500017cf (sz=32, trace=300000, nelems=3, elem type=java.lang.Object[]@50000106)
	[0]		5000185c
	[1]		5000185d
	[2]		5000185e
ARR 500017d0 (sz=24, trace=300000, nelems=2, elem type=java.lang.Object[]@50000106)
	[0]		50001858
	[1]		50001859
ARR 500017d1 (sz=24, trace=300000, nelems=2, elem type=java.lang.Object[]@50000106)
	[0]		50001854
	[1]		50001855
ARR 500017d2 (sz=32, trace=300000, nelems=3, elem type=java.lang.Object[]@50000106)
	[0]		5000184b
	[1]		5000184c
	[2]		5000184d
ARR 500017d3 (sz=32, trace=300000, nelems=3, elem type=java.lang.Object[]@50000106)
	[0]		50001842
	[1]		50001843
	[2]		50001844
ARR 500017d4 (sz=24, trace=300000, nelems=2, elem type=java.lang.Object[]@50000106)
	[0]		5000183e
	[1]		5000183f
ARR 500017d5 (sz=32, trace=300000, nelems=3, elem type=java.lang.Object[]@50000106)
	[0]		50001835
	[1]		50001836
	[2]		50001837
ARR 500017d6 (sz=24, trace=300000, nelems=2, elem type=java.lang.Object[]@50000106)
	[0]		50001831
	[1]		50001832
ARR 500017d7 (sz=24, trace=300000, nelems=2, elem type=java.lang.Object[]@50000106)
	[0]		5000182d
	[1]		5000182e
ARR 500017d8 (sz=24, trace=300000, nelems=2, elem type=java.lang.Object[]@50000106)
	[0]		50001829
	[1]		5000182a
ARR 500017d9 (sz=32, trace=300000, nelems=3, elem type=java.lang.Object[]@50000106)
	[0]		50001820
	[1]		50001821
	[2]		50001822
ARR 500017da (sz=32, trace=300000, nelems=3, elem type=java.lang.Object[]@50000106)
	[0]		50001817
	[1]		50001818
	[2]		50001819
ARR 500017db (sz=32, trace=300000, nelems=3, elem type=java.lang.Object[]@50000106)
	[0]		50001809
	[1]		5000180a
	[2]		5000180b
ARR 500017dc (sz=32, trace=300000, nelems=3, elem type=java.lang.Object[]@50000106)
	[0]		500017fb
	[1]		500017fc
	[2]		500017fd
ARR 500017dd (sz=24, trace=300000, nelems=2, elem type=java.lang.Object[]@50000106)
	[0]		500017f7
	[1]		500017f8
ARR 500017de (sz=24, trace=300000, nelems=2, elem type=java.lang.Object[]@50000106)
	[0]		500017f3
	[1]		500017f4
ARR 500017df (sz=24, trace=300000, nelems=2, elem type=java.lang.Object[]@50000106)
	[0]		500017ef
	[1]		500017f0
ARR 500017e0 (sz=24, trace=300000, nelems=2, elem type=java.lang.Object[]@50000106)
	[0]		500017eb
	[1]		500017ec
ARR 500017e1 (sz=24, trace=300000, nelems=2, elem type=java.lang.Object[]@50000106)
	[0]		500017e7
	[1]		500017e8
ARR 500017e2 (sz=24, trace=300000, nelems=2, elem type=java.lang.Object[]@50000106)
	[0]		500017e3
	[1]		500017e4
OBJ 500017e3 (sz=24, trace=300000, class=java.lang.String@5000016b)
	value		500017e6
OBJ 500017e4 (sz=24, trace=300000, class=java.lang.String@5000016b)
	value		500017e5
ARR 500017e5 (sz=16, trace=300000, nelems=8, elem type=char[])
ARR 500017e6 (sz=16, trace=300000, nelems=8, elem type=char[])
OBJ 500017e7 (sz=24, trace=300000, class=java.lang.String@5000016b)
	value		500017ea
OBJ 500017e8 (sz=24, trace=300000, class=java.lang.String@5000016b)
	value		500017e9
ARR 500017e9 (sz=12, trace=300000, nelems=6, elem type=char[])
ARR 500017ea (sz=12, trace=300000, nelems=6, elem type=char[])
OBJ 500017eb (sz=24, trace=300000, class=java.lang.String@5000016b)
	value		500017ee
OBJ 500017ec (sz=24, trace=300000, class=java.lang.String@5000016b)
	value		500017ed
ARR 500017ed (sz=12, trace=300000, nelems=6, elem type=char[])
ARR 500017ee (sz=12, trace=300000, nelems=6, elem type=char[])
OBJ 500017ef (sz=24, trace=300000, class=java.lang.String@5000016b)
	value		500017f2
OBJ 500017f0 (sz=24, trace=300000, class=java.lang.String@5000016b)
	value		500017f1
ARR 500017f1 (sz=24, trace=300000, nelems=12, elem type=char[])
ARR 500017f2 (sz=28, trace=300000, nelems=14, elem type=char[])
OBJ 500017f3 (sz=24, trace=300000, class=java.lang.String@5000016b)
	value		500017f6
OBJ 500017f4 (sz=24, trace=300000, class=java.lang.String@5000016b)
	value		500017f5
ARR 500017f5 (sz=12, trace=300000, nelems=6, elem type=char[])
ARR 500017f6 (sz=12, trace=300000, nelems=6, elem type=char[])
OBJ 500017f7 (sz=24, trace=300000, class=java.lang.String@5000016b)
	value		500017fa
OBJ 500017f8 (sz=24, trace=300000, class=java.lang.String@5000016b)
	value		500017f9
ARR 500017f9 (sz=24, trace=300000, nelems=12, elem type=char[])
ARR 500017fa (sz=28, trace=300000, nelems=14, elem type=char[])
OBJ 500017fb (sz=24, trace=300000, class=java.lang.String@5000016b)
	value		50001808
OBJ 500017fc (sz=24, trace=300000, class=java.lang.String@5000016b)
	value		50001807
ARR 500017fd (sz=32, trace=300000, nelems=3, elem type=java.lang.Object[]@50000106)
	[0]		500017fe
	[1]		500017ff
	[2]		50001800
OBJ 500017fe (sz=24, trace=300000, class=java.lang.String@5000016b)
	value		50001806
OBJ 500017ff (sz=24, trace=300000, class=java.lang.String@5000016b)
	value		50001805
ARR 50001800 (sz=24, trace=300000, nelems=2, elem type=java.lang.Object[]@50000106)
	[0]		50001801
	[1]		50001802
OBJ 50001801 (sz=24, trace=300000, class=java.lang.String@5000016b)
	value		50001804
OBJ 50001802 (sz=24, trace=300000, class=java.lang.String@5000016b)
	value		50001803
ARR 50001803 (sz=24, trace=300000, nelems=12, elem type=char[])
ARR 50001804 (sz=28, trace=300000, nelems=14, elem type=char[])
ARR 50001805 (sz=12, trace=300000, nelems=6, elem type=char[])
ARR 50001806 (sz=12, trace=300000, nelems=6, elem type=char[])
ARR 50001807 (sz=12, trace=300000, nelems=6, elem type=char[])
ARR 50001808 (sz=16, trace=300000, nelems=8, elem type=char[])
OBJ 50001809 (sz=24, trace=300000, class=java.lang.String@5000016b)
	value		50001816
OBJ 5000180a (sz=24, trace=300000, class=java.lang.String@5000016b)
	value		50001815
ARR 5000180b (sz=32, trace=300000, nelems=3, elem type=java.lang.Object[]@50000106)
	[0]		5000180c
	[1]		5000180d
	[2]		5000180e
OBJ 5000180c (sz=24, trace=300000, class=java.lang.String@5000016b)
	value		50001814
OBJ 5000180d (sz=24, trace=300000, class=java.lang.String@5000016b)
	value		50001813
ARR 5000180e (sz=24, trace=300000, nelems=2, elem type=java.lang.Object[]@50000106)
	[0]		5000180f
	[1]		50001810
OBJ 5000180f (sz=24, trace=300000, class=java.lang.String@5000016b)
	value		50001812
OBJ 50001810 (sz=24, trace=300000, class=java.lang.String@5000016b)
	value		50001811
ARR 50001811 (sz=22, trace=300000, nelems=11, elem type=char[])
ARR 50001812 (sz=22, trace=300000, nelems=11, elem type=char[])
ARR 50001813 (sz=12, trace=300000, nelems=6, elem type=char[])
ARR 50001814 (sz=12, trace=300000, nelems=6, elem type=char[])
ARR 50001815 (sz=12, trace=300000, nelems=6, elem type=char[])
ARR 50001816 (sz=12, trace=300000, nelems=6, elem type=char[])
OBJ 50001817 (sz=24, trace=300000, class=java.lang.String@5000016b)
	value		5000181f
OBJ 50001818 (sz=24, trace=300000, class=java.lang.String@5000016b)
	value		5000181e
ARR 50001819 (sz=24, trace=300000, nelems=2, elem type=java.lang.Object[]@50000106)
	[0]		5000181a
	[1]		5000181b
OBJ 5000181a (sz=24, trace=300000, class=java.lang.String@5000016b)
	value		5000181d
OBJ 5000181b (sz=24, trace=300000, class=java.lang.String@5000016b)
	value		5000181c
ARR 5000181c (sz=16, trace=300000, nelems=8, elem type=char[])
ARR 5000181d (sz=16, trace=300000, nelems=8, elem type=char[])
ARR 5000181e (sz=22, trace=300000, nelems=11, elem type=char[])
ARR 5000181f (sz=22, trace=300000, nelems=11, elem type=char[])
OBJ 50001820 (sz=24, trace=300000, class=java.lang.String@5000016b)
	value		50001828
OBJ 50001821 (sz=24, trace=300000, class=java.lang.String@5000016b)
	value		50001827
ARR 50001822 (sz=24, trace=300000, nelems=2, elem type=java.lang.Object[]@50000106)
	[0]		50001823
	[1]		50001824
OBJ 50001823 (sz=24, trace=300000, class=java.lang.String@5000016b)
	value		50001826
OBJ 50001824 (sz=24, trace=300000, class=java.lang.String@5000016b)
	value		50001825
ARR 50001825 (sz=12, trace=300000, nelems=6, elem type=char[])
ARR 50001826 (sz=12, trace=300000, nelems=6, elem type=char[])
ARR 50001827 (sz=12, trace=300000, nelems=6, elem type=char[])
ARR 50001828 (sz=12, trace=300000, nelems=6, elem type=char[])
OBJ 50001829 (sz=24, trace=300000, class=java.lang.String@5000016b)
	value		5000182c
OBJ 5000182a (sz=24, trace=300000, class=java.lang.String@5000016b)
	value		5000182b
ARR 5000182b (sz=12, trace=300000, nelems=6, elem type=char[])
ARR 5000182c (sz=12, trace=300000, nelems=6, elem type=char[])
OBJ 5000182d (sz=24, trace=300000, class=java.lang.String@5000016b)
	value		50001830
OBJ 5000182e (sz=24, trace=300000, class=java.lang.String@5000016b)
	value		5000182f
ARR 5000182f (sz=12, trace=300000, nelems=6, elem type=char[])
ARR 50001830 (sz=16, trace=300000, nelems=8, elem type=char[])
OBJ 50001831 (sz=24, trace=300000, class=java.lang.String@5000016b)
	value		50001834
OBJ 50001832 (sz=24, trace=300000, class=java.lang.String@5000016b)
	value		50001833
ARR 50001833 (sz=20, trace=300000, nelems=10, elem type=char[])
ARR 50001834 (sz=20, trace=300000, nelems=10, elem type=char[])
OBJ 50001835 (sz=24, trace=300000, class=java.lang.String@5000016b)
	value		5000183d
OBJ 50001836 (sz=24, trace=300000, class=java.lang.String@5000016b)
	value		5000183c
ARR 50001837 (sz=24, trace=300000, nelems=2, elem type=java.lang.Object[]@50000106)
	[0]		50001838
	[1]		50001839
OBJ 50001838 (sz=24, trace=300000, class=java.lang.String@5000016b)
	value		5000183b
OBJ 50001839 (sz=24, trace=300000, class=java.lang.String@5000016b)
	value		5000183a
ARR 5000183a (sz=20, trace=300000, nelems=10, elem type=char[])
ARR 5000183b (sz=20, trace=300000, nelems=10, elem type=char[])
ARR 5000183c (sz=12, trace=300000, nelems=6, elem type=char[])
ARR 5000183d (sz=16, trace=300000, nelems=8, elem type=char[])
OBJ 5000183e (sz=24, trace=300000, class=java.lang.String@5000016b)
	value		50001841
OBJ 5000183f (sz=24, trace=300000, class=java.lang.String@5000016b)
	value		50001840
ARR 50001840 (sz=20, trace=300000, nelems=10, elem type=char[])
ARR 50001841 (sz=20, trace=300000, nelems=10, elem type=char[])
OBJ 50001842 (sz=24, trace=300000, class=java.lang.String@5000016b)
	value		5000184a
OBJ 50001843 (sz=24, trace=300000, class=java.lang.String@5000016b)
	value		50001849
ARR 50001844 (sz=24, trace=300000, nelems=2, elem type=java.lang.Object[]@50000106)
	[0]		50001845
	[1]		50001846
OBJ 50001845 (sz=24, trace=300000, class=java.lang.String@5000016b)
	value		50001848
OBJ 50001846 (sz=24, trace=300000, class=java.lang.String@5000016b)
	value		50001847
ARR 50001847 (sz=10, trace=300000, nelems=5, elem type=char[])
ARR 50001848 (sz=10, trace=300000, nelems=5, elem type=char[])
ARR 50001849 (sz=20, trace=300000, nelems=10, elem type=char[])
ARR 5000184a (sz=20, trace=300000, nelems=10, elem type=char[])
OBJ 5000184b (sz=24, trace=300000, class=java.lang.String@5000016b)
	value		50001853
OBJ 5000184c (sz=24, trace=300000, class=java.lang.String@5000016b)
	value		50001852
ARR 5000184d (sz=24, trace=300000, nelems=2, elem type=java.lang.Object[]@50000106)
	[0]		5000184e
	[1]		5000184f
OBJ 5000184e (sz=24, trace=300000, class=java.lang.String@5000016b)
	value		50001851
OBJ 5000184f (sz=24, trace=300000, class=java.lang.String@5000016b)
	value		50001850
ARR 50001850 (sz=20, trace=300000, nelems=10, elem type=char[])
ARR 50001851 (sz=20, trace=300000, nelems=10, elem type=char[])
ARR 50001852 (sz=20, trace=300000, nelems=10, elem type=char[])
ARR 50001853 (sz=20, trace=300000, nelems=10, elem type=char[])
OBJ 50001854 (sz=24, trace=300000, class=java.lang.String@5000016b)
	value		50001857
OBJ 50001855 (sz=24, trace=300000, class=java.lang.String@5000016b)
	value		50001856
ARR 50001856 (sz=16, trace=300000, nelems=8, elem type=char[])
ARR 50001857 (sz=16, trace=300000, nelems=8, elem type=char[])
OBJ 50001858 (sz=24, trace=300000, class=java.lang.String@5000016b)
	value		5000185b
OBJ 50001859 (sz=24, trace=300000, class=java.lang.String@5000016b)
	value		5000185a
ARR 5000185a (sz=12, trace=300000, nelems=6, elem type=char[])
ARR 5000185b (sz=24, trace=300000, nelems=12, elem type=char[])
OBJ 5000185c (sz=24, trace=300000, class=java.lang.String@5000016b)
	value		50001864
OBJ 5000185d (sz=24, trace=300000, class=java.lang.String@5000016b)
	value		50001863
ARR 5000185e (sz=24, trace=300000, nelems=2, elem type=java.lang.Object[]@50000106)
	[0]		5000185f
	[1]		50001860
OBJ 5000185f (sz=24, trace=300000, class=java.lang.String@5000016b)
	value		50001862
OBJ 50001860 (sz=24, trace=300000, class=java.lang.String@5000016b)
	value		50001861
ARR 50001861 (sz=12, trace=300000, nelems=6, elem type=char[])
ARR 50001862 (sz=12, trace=300000, nelems=6, elem type=char[])
ARR 50001863 (sz=12, trace=300000, nelems=6, elem type=char[])
ARR 50001864 (sz=24, trace=300000, nelems=12, elem type=char[])
OBJ 50001865 (sz=24, trace=300000, class=java.lang.String@5000016b)
	value		50001872
OBJ 50001866 (sz=24, trace=300000, class=java.lang.String@5000016b)
	value		50001871
ARR 50001867 (sz=32, trace=300000, nelems=3, elem type=java.lang.Object[]@50000106)
	[0]		50001868
	[1]		50001869
	[2]		5000186a
OBJ 50001868 (sz=24, trace=300000, class=java.lang.String@5000016b)
	value		50001870
OBJ 50001869 (sz=24, trace=300000, class=java.lang.String@5000016b)
	value		5000186f
ARR 5000186a (sz=24, trace=300000, nelems=2, elem type=java.lang.Object[]@50000106)
	[0]		5000186b
	[1]		5000186c
OBJ 5000186b (sz=24, trace=300000, class=java.lang.String@5000016b)
	value		5000186e
OBJ 5000186c (sz=24, trace=300000, class=java.lang.String@5000016b)
	value		5000186d
ARR 5000186d (sz=16, trace=300000, nelems=8, elem type=char[])
ARR 5000186e (sz=16, trace=300000, nelems=8, elem type=char[])
ARR 5000186f (sz=12, trace=300000, nelems=6, elem type=char[])
ARR 50001870 (sz=24, trace=300000, nelems=12, elem type=char[])
ARR 50001871 (sz=12, trace=300000, nelems=6, elem type=char[])
ARR 50001872 (sz=24, trace=300000, nelems=12, elem type=char[])
OBJ 50001873 (sz=24, trace=300000, class=java.lang.String@5000016b)
	value		5000187b
OBJ 50001874 (sz=24, trace=300000, class=java.lang.String@5000016b)
	value		5000187a
ARR 50001875 (sz=24, trace=300000, nelems=2, elem type=java.lang.Object[]@50000106)
	[0]		50001876
	[1]		50001877
OBJ 50001876 (sz=24, trace=300000, class=java.lang.String@5000016b)
	value		50001879
OBJ 50001877 (sz=24, trace=300000, class=java.lang.String@5000016b)
	value		50001878
ARR 50001878 (sz=12, trace=300000, nelems=6, elem type=char[])
ARR 50001879 (sz=24, trace=300000, nelems=12, elem type=char[])
ARR 5000187a (sz=12, trace=300000, nelems=6, elem type=char[])
ARR 5000187b (sz=24, trace=300000, nelems=12, elem type=char[])
OBJ 5000187c (sz=24, trace=300000, class=java.lang.String@5000016b)
	value		50001889
OBJ 5000187d (sz=24, trace=300000, class=java.lang.String@5000016b)
	value		50001888
ARR 5000187e (sz=32, trace=300000, nelems=3, elem type=java.lang.Object[]@50000106)
	[0]		5000187f
	[1]		50001880
	[2]		50001881
OBJ 5000187f (sz=24, trace=300000, class=java.lang.String@5000016b)
	value		50001887
OBJ 50001880 (sz=24, trace=300000, class=java.lang.String@5000016b)
	value		50001886
ARR 50001881 (sz=24, trace=300000, nelems=2, elem type=java.lang.Object[]@50000106)
	[0]		50001882
	[1]		50001883
OBJ 50001882 (sz=24, trace=300000, class=java.lang.String@5000016b)
	value		50001885
OBJ 50001883 (sz=24, trace=300000, class=java.lang.String@5000016b)
	value		50001884
ARR 50001884 (sz=16, trace=300000, nelems=8, elem type=char[])
ARR 50001885 (sz=16, trace=300000, nelems=8, elem type=char[])
ARR 50001886 (sz=12, trace=300000, nelems=6, elem type=char[])
ARR 50001887 (sz=12, trace=300000, nelems=6, elem type=char[])
ARR 50001888 (sz=12, trace=300000, nelems=6, elem type=char[])
ARR 50001889 (sz=12, trace=300000, nelems=6, elem type=char[])
OBJ 5000188a (sz=24, trace=300000, class=java.lang.String@5000016b)
	value		5000188d
OBJ 5000188b (sz=24, trace=300000, class=java.lang.String@5000016b)
	value		5000188c
ARR 5000188c (sz=12, trace=300000, nelems=6, elem type=char[])
ARR 5000188d (sz=12, trace=300000, nelems=6, elem type=char[])
ARR 5000188e (sz=4112, trace=300000, nelems=1016, elem type=java.lang.Object[]@50000106)
	[1]		5000188f
	[2]		50001890
	[3]		50001891
	[5]		50001892
	[6]		50001893
	[10]		50001894
	[19]		50001895
	[24]		50001896
	[25]		50001897
	[26]		50001898
	[28]		50001899
	[29]		5000189a
	[55]		5000189b
	[58]		5000189c
	[86]		5000189d
	[87]		5000189e
	[89]		5000189f
	[90]		500018a0
	[92]		500018a1
	[94]		500018a2
	[95]		500018a3
	[96]		500018a4
	[106]		500018a5
	[121]		500018a6
	[125]		500018a7
	[134]		500018a8
	[137]		500018a9
	[141]		500018aa
	[143]		500018ab
	[144]		500018ac
	[170]		500018ad
	[173]		500018ae
	[177]		500018af
	[192]		500018b0
	[199]		500018b1
	[205]		500018b2
	[211]		500018b3
	[213]		500018b4
	[216]		500018b5
	[218]		500018b6
	[219]		500018b7
	[225]		500018b8
	[244]		500018b9
	[248]		500018ba
	[253]		500018bb
	[254]		500018bc
	[259]		500018bd
	[269]		500018be
	[277]		500018bf
	[280]		500018c0
	[283]		500018c1
	[284]		500018c2
	[286]		500018c3
	[287]		500018c4
	[289]		500018c5
	[291]		500018c6
	[294]		500018c7
	[296]		500018c8
	[297]		500018c9
	[305]		500018ca
	[307]		500018cb
	[312]		500018cc
	[321]		500018cd
	[323]		500018ce
	[324]		500018cf
	[325]		500018d0
	[326]		500018d1
	[327]		500018d2
	[328]		500018d3
	[329]		500018d4
	[331]		500018d5
	[333]		500018d6
	[334]		500018d7
	[336]		500018d8
	[339]		500018d9
	[341]		500018da
	[345]		500018db
	[350]		500018dc
	[353]		500018dd
	[358]		500018de
	[359]		500018df
	[363]		500018e0
	[364]		500018e1
	[378]		500018e2
	[385]		500018e3
	[391]		500018e4
	[392]		500018e5
	[405]		500018e6
	[406]		500018e7
	[408]		500018e8
	[421]		500018e9
	[428]		500018ea
	[429]		500018eb
	[430]		500018ec
	[432]		500018ed
	[433]		500018ee
	[436]		500018ef
	[437]		500018f0
	[438]		500018f1
	[443]		500018f2
	[456]		500018f3
	[473]		500018f4
	[479]		500018f5
	[481]		500018f6
	[484]		500018f7
	[486]		500018f8
	[487]		500018f9
	[502]		500018fa
	[506]		500018fb
	[508]		500018fc
	[511]		500018fd
	[512]		500018fe
	[513]		500018ff
	[514]		50001900
	[516]		50001901
	[520]		50001902
	[523]		50001903
	[524]		50001904
	[533]		50001905
	[537]		50001906
	[539]		50001907
	[543]		50001908
	[545]		50001909
	[563]		5000190a
	[572]		5000190b
	[573]		5000190c
	[577]		5000190d
	[582]		5000190e
	[583]		5000190f
	[588]		50001910
	[593]		50001911
	[598]		50001912
	[609]		50001913
	[617]		50001914
	[618]		50001915
	[619]		50001916
	[620]		50001917
	[621]		50001918
	[624]		50001919
	[628]		5000191a
	[632]		5000191b
	[634]		5000191c
	[635]		5000191d
	[636]		5000191e
	[654]		5000191f
	[669]		50001920
	[670]		50001921
	[671]		50001922
	[676]		50001923
	[679]		50001924
	[686]		50001925
	[703]		50001926
	[710]		50001927
	[712]		50001928
	[732]		50001929
	[733]		5000192a
	[768]		5000192b
	[774]		5000192c
	[781]		5000192d
	[782]		5000192e
	[783]		5000192f
	[784]		50001930
	[785]		50001931
	[787]		50001932
	[789]		50001933
	[813]		50001934
	[818]		50001935
	[832]		50001936
	[834]		50001937
	[835]		50001938
	[836]		50001939
	[837]		5000193a
	[838]		5000193b
	[840]		5000193c
	[842]		5000193d
	[843]		5000193e
	[846]		5000193f
	[849]		50001940
	[863]		50001941
	[881]		50001942
	[896]		50001943
	[909]		50001944
	[910]		50001945
	[911]		50001946
	[912]		50001947
	[925]		50001948
	[934]		50001949
	[937]		5000194a
	[944]		5000194b
	[957]		5000194c
	[993]		5000194d
	[1009]		5000194e
	[1015]		5000194f
ARR 5000188f (sz=24, trace=300000, nelems=2, elem type=java.lang.Object[]@50000106)
	[0]		50001af4
	[1]		5000180f
ARR 50001890 (sz=24, trace=300000, nelems=2, elem type=java.lang.Object[]@50000106)
	[0]		50001af2
	[1]		5000184e
ARR 50001891 (sz=24, trace=300000, nelems=2, elem type=java.lang.Object[]@50000106)
	[0]		50001af0
	[1]		5000184b
ARR 50001892 (sz=24, trace=300000, nelems=2, elem type=java.lang.Object[]@50000106)
	[0]		50001aee
	[1]		50001842
ARR 50001893 (sz=24, trace=300000, nelems=2, elem type=java.lang.Object[]@50000106)
	[0]		50001aec
	[1]		50001831
ARR 50001894 (sz=24, trace=300000, nelems=2, elem type=java.lang.Object[]@50000106)
	[0]		50001aea
	[1]		5000180f
ARR 50001895 (sz=24, trace=300000, nelems=2, elem type=java.lang.Object[]@50000106)
	[0]		50001ae8
	[1]		500017f7
ARR 50001896 (sz=24, trace=300000, nelems=2, elem type=java.lang.Object[]@50000106)
	[0]		50001ae6
	[1]		5000181a
ARR 50001897 (sz=24, trace=300000, nelems=2, elem type=java.lang.Object[]@50000106)
	[0]		50001ae4
	[1]		50001838
ARR 50001898 (sz=24, trace=300000, nelems=2, elem type=java.lang.Object[]@50000106)
	[0]		50001ae2
	[1]		5000184b
ARR 50001899 (sz=24, trace=300000, nelems=2, elem type=java.lang.Object[]@50000106)
	[0]		50001ae0
	[1]		50001842
ARR 5000189a (sz=24, trace=300000, nelems=2, elem type=java.lang.Object[]@50000106)
	[0]		50001ade
	[1]		5000183e
ARR 5000189b (sz=24, trace=300000, nelems=2, elem type=java.lang.Object[]@50000106)
	[0]		50001adc
	[1]		50001831
ARR 5000189c (sz=24, trace=300000, nelems=2, elem type=java.lang.Object[]@50000106)
	[0]		50001ada
	[1]		5000180f
ARR 5000189d (sz=32, trace=300000, nelems=3, elem type=java.lang.Object[]@50000106)
	[0]		50001ad5
	[1]		5000183e
	[2]		50001ad6
ARR 5000189e (sz=24, trace=300000, nelems=2, elem type=java.lang.Object[]@50000106)
	[0]		50001ad3
	[1]		5000184b
ARR 5000189f (sz=24, trace=300000, nelems=2, elem type=java.lang.Object[]@50000106)
	[0]		50001ad1
	[1]		50001842
ARR 500018a0 (sz=32, trace=300000, nelems=3, elem type=java.lang.Object[]@50000106)
	[0]		50001acc
	[1]		50001838
	[2]		50001acd
ARR 500018a1 (sz=24, trace=300000, nelems=2, elem type=java.lang.Object[]@50000106)
	[0]		50001aca
	[1]		50001838
ARR 500018a2 (sz=24, trace=300000, nelems=2, elem type=java.lang.Object[]@50000106)
	[0]		50001ac8
	[1]		50001831
ARR 500018a3 (sz=24, trace=300000, nelems=2, elem type=java.lang.Object[]@50000106)
	[0]		50001ac6
	[1]		5000184e
ARR 500018a4 (sz=24, trace=300000, nelems=2, elem type=java.lang.Object[]@50000106)
	[0]		50001ac4
	[1]		5000184e
ARR 500018a5 (sz=24, trace=300000, nelems=2, elem type=java.lang.Object[]@50000106)
	[0]		50001ac2
	[1]		50001845
ARR 500018a6 (sz=24, trace=300000, nelems=2, elem type=java.lang.Object[]@50000106)
	[0]		50001ac0
	[1]		50001882
ARR 500018a7 (sz=24, trace=300000, nelems=2, elem type=java.lang.Object[]@50000106)
	[0]		50001abe
	[1]		50001838
ARR 500018a8 (sz=24, trace=300000, nelems=2, elem type=java.lang.Object[]@50000106)
	[0]		50001abc
	[1]		500017eb
ARR 500018a9 (sz=24, trace=300000, nelems=2, elem type=java.lang.Object[]@50000106)
	[0]		50001aba
	[1]		500017e7
ARR 500018aa (sz=24, trace=300000, nelems=2, elem type=java.lang.Object[]@50000106)
	[0]		50001ab8
	[1]		5000184b
ARR 500018ab (sz=24, trace=300000, nelems=2, elem type=java.lang.Object[]@50000106)
	[0]		50001ab6
	[1]		50001842
ARR 500018ac (sz=24, trace=300000, nelems=2, elem type=java.lang.Object[]@50000106)
	[0]		50001ab4
	[1]		5000183e
ARR 500018ad (sz=24, trace=300000, nelems=2, elem type=java.lang.Object[]@50000106)
	[0]		50001ab2
	[1]		50001831
ARR 500018ae (sz=24, trace=300000, nelems=2, elem type=java.lang.Object[]@50000106)
	[0]		50001ab0
	[1]		5000180f
ARR 500018af (sz=24, trace=300000, nelems=2, elem type=java.lang.Object[]@50000106)
	[0]		50001aae
	[1]		50001801
ARR 500018b0 (sz=24, trace=300000, nelems=2, elem type=java.lang.Object[]@50000106)
	[0]		50001aac
	[1]		50001854
ARR 500018b1 (sz=32, trace=300000, nelems=3, elem type=java.lang.Object[]@50000106)
	[0]		50001aa7
	[1]		5000180c
	[2]		50001aa8
ARR 500018b2 (sz=24, trace=300000, nelems=2, elem type=java.lang.Object[]@50000106)
	[0]		50001aa5
	[1]		50001838
ARR 500018b3 (sz=32, trace=300000, nelems=3, elem type=java.lang.Object[]@50000106)
	[0]		50001aa0
	[1]		50001829
	[2]		50001aa1
ARR 500018b4 (sz=24, trace=300000, nelems=2, elem type=java.lang.Object[]@50000106)
	[0]		50001a9e
	[1]		50001820
ARR 500018b5 (sz=24, trace=300000, nelems=2, elem type=java.lang.Object[]@50000106)
	[0]		50001a9c
	[1]		50001809
ARR 500018b6 (sz=32, trace=300000, nelems=3, elem type=java.lang.Object[]@50000106)
	[0]		50001a97
	[1]		500017fe
	[2]		50001a98
ARR 500018b7 (sz=32, trace=300000, nelems=3, elem type=java.lang.Object[]@50000106)
	[0]		50001a92
	[1]		500017fb
	[2]		50001a93
ARR 500018b8 (sz=24, trace=300000, nelems=2, elem type=java.lang.Object[]@50000106)
	[0]		50001a90
	[1]		5000181a
ARR 500018b9 (sz=24, trace=300000, nelems=2, elem type=java.lang.Object[]@50000106)
	[0]		50001a8e
	[1]		5000188a
ARR 500018ba (sz=24, trace=300000, nelems=2, elem type=java.lang.Object[]@50000106)
	[0]		50001a8c
	[1]		5000187c
ARR 500018bb (sz=24, trace=300000, nelems=2, elem type=java.lang.Object[]@50000106)
	[0]		50001a8a
	[1]		5000186b
ARR 500018bc (sz=24, trace=300000, nelems=2, elem type=java.lang.Object[]@50000106)
	[0]		50001a88
	[1]		5000184b
ARR 500018bd (sz=24, trace=300000, nelems=2, elem type=java.lang.Object[]@50000106)
	[0]		50001a86
	[1]		5000185f
ARR 500018be (sz=24, trace=300000, nelems=2, elem type=java.lang.Object[]@50000106)
	[0]		50001a84
	[1]		5000180f
ARR 500018bf (sz=24, trace=300000, nelems=2, elem type=java.lang.Object[]@50000106)
	[0]		50001a82
	[1]		50001835
ARR 500018c0 (sz=24, trace=300000, nelems=2, elem type=java.lang.Object[]@50000106)
	[0]		50001a80
	[1]		50001882
ARR 500018c1 (sz=24, trace=300000, nelems=2, elem type=java.lang.Object[]@50000106)
	[0]		50001a7e
	[1]		5000184e
ARR 500018c2 (sz=24, trace=300000, nelems=2, elem type=java.lang.Object[]@50000106)
	[0]		50001a7c
	[1]		5000184b
ARR 500018c3 (sz=24, trace=300000, nelems=2, elem type=java.lang.Object[]@50000106)
	[0]		50001a7a
	[1]		50001842
ARR 500018c4 (sz=24, trace=300000, nelems=2, elem type=java.lang.Object[]@50000106)
	[0]		50001a78
	[1]		5000183e
ARR 500018c5 (sz=24, trace=300000, nelems=2, elem type=java.lang.Object[]@50000106)
	[0]		50001a76
	[1]		50001838
ARR 500018c6 (sz=24, trace=300000, nelems=2, elem type=java.lang.Object[]@50000106)
	[0]		50001a74
	[1]		50001831
ARR 500018c7 (sz=24, trace=300000, nelems=2, elem type=java.lang.Object[]@50000106)
	[0]		50001a72
	[1]		5000184b
ARR 500018c8 (sz=24, trace=300000, nelems=2, elem type=java.lang.Object[]@50000106)
	[0]		50001a70
	[1]		50001842
ARR 500018c9 (sz=24, trace=300000, nelems=2, elem type=java.lang.Object[]@50000106)
	[0]		50001a6e
	[1]		5000183e
ARR 500018ca (sz=24, trace=300000, nelems=2, elem type=java.lang.Object[]@50000106)
	[0]		50001a6c
	[1]		50001817
ARR 500018cb (sz=24, trace=300000, nelems=2, elem type=java.lang.Object[]@50000106)
	[0]		50001a6a
	[1]		5000180f
ARR 500018cc (sz=32, trace=300000, nelems=3, elem type=java.lang.Object[]@50000106)
	[0]		50001a65
	[1]		50001838
	[2]		50001a66
ARR 500018cd (sz=24, trace=300000, nelems=2, elem type=java.lang.Object[]@50000106)
	[0]		50001a63
	[1]		5000184b
ARR 500018ce (sz=32, trace=300000, nelems=3, elem type=java.lang.Object[]@50000106)
	[0]		50001a5e
	[1]		50001831
	[2]		50001a5f
ARR 500018cf (sz=24, trace=300000, nelems=2, elem type=java.lang.Object[]@50000106)
	[0]		50001a5c
	[1]		5000183e
ARR 500018d0 (sz=24, trace=300000, nelems=2, elem type=java.lang.Object[]@50000106)
	[0]		50001a5a
	[1]		5000184e
ARR 500018d1 (sz=32, trace=300000, nelems=3, elem type=java.lang.Object[]@50000106)
	[0]		50001a52
	[1]		50001829
	[2]		50001a53
ARR 500018d2 (sz=24, trace=300000, nelems=2, elem type=java.lang.Object[]@50000106)
	[0]		50001a50
	[1]		5000183e
ARR 500018d3 (sz=32, trace=300000, nelems=3, elem type=java.lang.Object[]@50000106)
	[0]		50001a4b
	[1]		50001820
	[2]		50001a4c
ARR 500018d4 (sz=24, trace=300000, nelems=2, elem type=java.lang.Object[]@50000106)
	[0]		50001a49
	[1]		50001831
ARR 500018d5 (sz=24, trace=300000, nelems=2, elem type=java.lang.Object[]@50000106)
	[0]		50001a47
	[1]		50001809
ARR 500018d6 (sz=32, trace=300000, nelems=3, elem type=java.lang.Object[]@50000106)
	[0]		50001a42
	[1]		500017fe
	[2]		50001a43
ARR 500018d7 (sz=32, trace=300000, nelems=3, elem type=java.lang.Object[]@50000106)
	[0]		50001a3d
	[1]		500017fb
	[2]		50001a3e
ARR 500018d8 (sz=24, trace=300000, nelems=2, elem type=java.lang.Object[]@50000106)
	[0]		50001a3b
	[1]		5000184e
ARR 500018d9 (sz=24, trace=300000, nelems=2, elem type=java.lang.Object[]@50000106)
	[0]		50001a39
	[1]		500017eb
ARR 500018da (sz=24, trace=300000, nelems=2, elem type=java.lang.Object[]@50000106)
	[0]		50001a37
	[1]		50001823
ARR 500018db (sz=24, trace=300000, nelems=2, elem type=java.lang.Object[]@50000106)
	[0]		50001a35
	[1]		50001831
ARR 500018dc (sz=24, trace=300000, nelems=2, elem type=java.lang.Object[]@50000106)
	[0]		50001a33
	[1]		50001831
ARR 500018dd (sz=24, trace=300000, nelems=2, elem type=java.lang.Object[]@50000106)
	[0]		50001a31
	[1]		5000180f
ARR 500018de (sz=24, trace=300000, nelems=2, elem type=java.lang.Object[]@50000106)
	[0]		50001a2f
	[1]		50001838
ARR 500018df (sz=24, trace=300000, nelems=2, elem type=java.lang.Object[]@50000106)
	[0]		50001a2d
	[1]		5000188a
ARR 500018e0 (sz=24, trace=300000, nelems=2, elem type=java.lang.Object[]@50000106)
	[0]		50001a2b
	[1]		5000187c
ARR 500018e1 (sz=24, trace=300000, nelems=2, elem type=java.lang.Object[]@50000106)
	[0]		50001a29
	[1]		5000184e
ARR 500018e2 (sz=24, trace=300000, nelems=2, elem type=java.lang.Object[]@50000106)
	[0]		50001a27
	[1]		5000181a
ARR 500018e3 (sz=24, trace=300000, nelems=2, elem type=java.lang.Object[]@50000106)
	[0]		50001a25
	[1]		50001838
ARR 500018e4 (sz=24, trace=300000, nelems=2, elem type=java.lang.Object[]@50000106)
	[0]		50001a23
	[1]		5000184e
ARR 500018e5 (sz=24, trace=300000, nelems=2, elem type=java.lang.Object[]@50000106)
	[0]		50001a21
	[1]		50001835
ARR 500018e6 (sz=24, trace=300000, nelems=2, elem type=java.lang.Object[]@50000106)
	[0]		50001a1f
	[1]		5000184e
ARR 500018e7 (sz=24, trace=300000, nelems=2, elem type=java.lang.Object[]@50000106)
	[0]		50001a1d
	[1]		5000184b
ARR 500018e8 (sz=24, trace=300000, nelems=2, elem type=java.lang.Object[]@50000106)
	[0]		50001a1b
	[1]		5000180c
ARR 500018e9 (sz=24, trace=300000, nelems=2, elem type=java.lang.Object[]@50000106)
	[0]		5000180f
	[1]		5000180f
ARR 500018ea (sz=24, trace=300000, nelems=2, elem type=java.lang.Object[]@50000106)
	[0]		50001a19
	[1]		5000180f
ARR 500018eb (sz=24, trace=300000, nelems=2, elem type=java.lang.Object[]@50000106)
	[0]		50001a17
	[1]		5000184e
ARR 500018ec (sz=24, trace=300000, nelems=2, elem type=java.lang.Object[]@50000106)
	[0]		50001a15
	[1]		5000184b
ARR 500018ed (sz=24, trace=300000, nelems=2, elem type=java.lang.Object[]@50000106)
	[0]		50001a13
	[1]		50001842
ARR 500018ee (sz=24, trace=300000, nelems=2, elem type=java.lang.Object[]@50000106)
	[0]		50001a11
	[1]		50001831
ARR 500018ef (sz=24, trace=300000, nelems=2, elem type=java.lang.Object[]@50000106)
	[0]		50001a0f
	[1]		50001842
ARR 500018f0 (sz=24, trace=300000, nelems=2, elem type=java.lang.Object[]@50000106)
	[0]		50001a0d
	[1]		5000180f
ARR 500018f1 (sz=24, trace=300000, nelems=2, elem type=java.lang.Object[]@50000106)
	[0]		50001a0b
	[1]		5000181a
ARR 500018f2 (sz=24, trace=300000, nelems=2, elem type=java.lang.Object[]@50000106)
	[0]		50001a09
	[1]		500017ef
ARR 500018f3 (sz=24, trace=300000, nelems=2, elem type=java.lang.Object[]@50000106)
	[0]		50001a07
	[1]		50001823
ARR 500018f4 (sz=24, trace=300000, nelems=2, elem type=java.lang.Object[]@50000106)
	[0]		50001a05
	[1]		50001838
ARR 500018f5 (sz=24, trace=300000, nelems=2, elem type=java.lang.Object[]@50000106)
	[0]		50001829
	[1]		50001829
ARR 500018f6 (sz=24, trace=300000, nelems=2, elem type=java.lang.Object[]@50000106)
	[0]		50001820
	[1]		50001820
ARR 500018f7 (sz=24, trace=300000, nelems=2, elem type=java.lang.Object[]@50000106)
	[0]		50001809
	[1]		50001809
ARR 500018f8 (sz=24, trace=300000, nelems=2, elem type=java.lang.Object[]@50000106)
	[0]		500017fe
	[1]		500017fe
ARR 500018f9 (sz=24, trace=300000, nelems=2, elem type=java.lang.Object[]@50000106)
	[0]		50001a03
	[1]		5000182d
ARR 500018fa (sz=24, trace=300000, nelems=2, elem type=java.lang.Object[]@50000106)
	[0]		50001a01
	[1]		50001882
ARR 500018fb (sz=24, trace=300000, nelems=2, elem type=java.lang.Object[]@50000106)
	[0]		500019ff
	[1]		50001829
ARR 500018fc (sz=24, trace=300000, nelems=2, elem type=java.lang.Object[]@50000106)
	[0]		500019fd
	[1]		50001820
ARR 500018fd (sz=24, trace=300000, nelems=2, elem type=java.lang.Object[]@50000106)
	[0]		500019fb
	[1]		50001809
ARR 500018fe (sz=24, trace=300000, nelems=2, elem type=java.lang.Object[]@50000106)
	[0]		5000188a
	[1]		5000188a
ARR 500018ff (sz=24, trace=300000, nelems=2, elem type=java.lang.Object[]@50000106)
	[0]		500019f9
	[1]		500017fe
ARR 50001900 (sz=24, trace=300000, nelems=2, elem type=java.lang.Object[]@50000106)
	[0]		500019f7
	[1]		5000182d
ARR 50001901 (sz=24, trace=300000, nelems=2, elem type=java.lang.Object[]@50000106)
	[0]		5000187c
	[1]		5000187c
ARR 50001902 (sz=24, trace=300000, nelems=2, elem type=java.lang.Object[]@50000106)
	[0]		500019f5
	[1]		50001854
ARR 50001903 (sz=24, trace=300000, nelems=2, elem type=java.lang.Object[]@50000106)
	[0]		500019f3
	[1]		5000180c
ARR 50001904 (sz=24, trace=300000, nelems=2, elem type=java.lang.Object[]@50000106)
	[0]		500019f1
	[1]		5000185f
ARR 50001905 (sz=24, trace=300000, nelems=2, elem type=java.lang.Object[]@50000106)
	[0]		500019ef
	[1]		5000183e
ARR 50001906 (sz=24, trace=300000, nelems=2, elem type=java.lang.Object[]@50000106)
	[0]		500019ed
	[1]		50001831
ARR 50001907 (sz=24, trace=300000, nelems=2, elem type=java.lang.Object[]@50000106)
	[0]		500019eb
	[1]		5000188a
ARR 50001908 (sz=24, trace=300000, nelems=2, elem type=java.lang.Object[]@50000106)
	[0]		500019e9
	[1]		5000187c
ARR 50001909 (sz=24, trace=300000, nelems=2, elem type=java.lang.Object[]@50000106)
	[0]		500019e7
	[1]		50001835
ARR 5000190a (sz=24, trace=300000, nelems=2, elem type=java.lang.Object[]@50000106)
	[0]		500019e5
	[1]		500017e3
ARR 5000190b (sz=24, trace=300000, nelems=2, elem type=java.lang.Object[]@50000106)
	[0]		500019e3
	[1]		50001835
ARR 5000190c (sz=24, trace=300000, nelems=2, elem type=java.lang.Object[]@50000106)
	[0]		500019e1
	[1]		50001842
ARR 5000190d (sz=24, trace=300000, nelems=2, elem type=java.lang.Object[]@50000106)
	[0]		500019df
	[1]		5000181a
ARR 5000190e (sz=24, trace=300000, nelems=2, elem type=java.lang.Object[]@50000106)
	[0]		500019dd
	[1]		5000187f
ARR 5000190f (sz=24, trace=300000, nelems=2, elem type=java.lang.Object[]@50000106)
	[0]		500019db
	[1]		500017fb
ARR 50001910 (sz=24, trace=300000, nelems=2, elem type=java.lang.Object[]@50000106)
	[0]		500019d9
	[1]		50001838
ARR 50001911 (sz=24, trace=300000, nelems=2, elem type=java.lang.Object[]@50000106)
	[0]		500019d7
	[1]		50001838
ARR 50001912 (sz=24, trace=300000, nelems=2, elem type=java.lang.Object[]@50000106)
	[0]		500019d5
	[1]		500017fe
ARR 50001913 (sz=24, trace=300000, nelems=2, elem type=java.lang.Object[]@50000106)
	[0]		50001823
	[1]		50001823
ARR 50001914 (sz=24, trace=300000, nelems=2, elem type=java.lang.Object[]@50000106)
	[0]		500019d3
	[1]		50001876
ARR 50001915 (sz=24, trace=300000, nelems=2, elem type=java.lang.Object[]@50000106)
	[0]		500019d1
	[1]		50001873
ARR 50001916 (sz=24, trace=300000, nelems=2, elem type=java.lang.Object[]@50000106)
	[0]		500019cf
	[1]		50001868
ARR 50001917 (sz=24, trace=300000, nelems=2, elem type=java.lang.Object[]@50000106)
	[0]		500019cd
	[1]		50001865
ARR 50001918 (sz=24, trace=300000, nelems=2, elem type=java.lang.Object[]@50000106)
	[0]		500019cb
	[1]		5000185c
ARR 50001919 (sz=32, trace=300000, nelems=3, elem type=java.lang.Object[]@50000106)
	[0]		500019c6
	[1]		5000188a
	[2]		500019c7
ARR 5000191a (sz=32, trace=300000, nelems=3, elem type=java.lang.Object[]@50000106)
	[0]		500019c1
	[1]		5000187c
	[2]		500019c2
ARR 5000191b (sz=24, trace=300000, nelems=2, elem type=java.lang.Object[]@50000106)
	[0]		500019bf
	[1]		50001817
ARR 5000191c (sz=32, trace=300000, nelems=3, elem type=java.lang.Object[]@50000106)
	[0]		500019ba
	[1]		5000180f
	[2]		500019bb
ARR 5000191d (sz=24, trace=300000, nelems=2, elem type=java.lang.Object[]@50000106)
	[0]		500019b8
	[1]		500017ef
ARR 5000191e (sz=24, trace=300000, nelems=2, elem type=java.lang.Object[]@50000106)
	[0]		500019b6
	[1]		50001823
ARR 5000191f (sz=24, trace=300000, nelems=2, elem type=java.lang.Object[]@50000106)
	[0]		500019b4
	[1]		500017fb
ARR 50001920 (sz=24, trace=300000, nelems=2, elem type=java.lang.Object[]@50000106)
	[0]		500019b2
	[1]		50001817
ARR 50001921 (sz=24, trace=300000, nelems=2, elem type=java.lang.Object[]@50000106)
	[0]		500019b0
	[1]		5000181a
ARR 50001922 (sz=24, trace=300000, nelems=2, elem type=java.lang.Object[]@50000106)
	[0]		500019ae
	[1]		5000180f
ARR 50001923 (sz=24, trace=300000, nelems=2, elem type=java.lang.Object[]@50000106)
	[0]		5000180c
	[1]		5000180c
ARR 50001924 (sz=24, trace=300000, nelems=2, elem type=java.lang.Object[]@50000106)
	[0]		500019ac
	[1]		5000181a
ARR 50001925 (sz=24, trace=300000, nelems=2, elem type=java.lang.Object[]@50000106)
	[0]		500019aa
	[1]		50001854
ARR 50001926 (sz=24, trace=300000, nelems=2, elem type=java.lang.Object[]@50000106)
	[0]		500019a8
	[1]		5000180c
ARR 50001927 (sz=24, trace=300000, nelems=2, elem type=java.lang.Object[]@50000106)
	[0]		500019a6
	[1]		50001817
ARR 50001928 (sz=24, trace=300000, nelems=2, elem type=java.lang.Object[]@50000106)
	[0]		500019a4
	[1]		5000180f
ARR 50001929 (sz=24, trace=300000, nelems=2, elem type=java.lang.Object[]@50000106)
	[0]		500019a2
	[1]		5000183e
ARR 5000192a (sz=24, trace=300000, nelems=2, elem type=java.lang.Object[]@50000106)
	[0]		500019a0
	[1]		5000185f
ARR 5000192b (sz=24, trace=300000, nelems=2, elem type=java.lang.Object[]@50000106)
	[0]		5000199e
	[1]		50001838
ARR 5000192c (sz=24, trace=300000, nelems=2, elem type=java.lang.Object[]@50000106)
	[0]		5000199c
	[1]		5000181a
ARR 5000192d (sz=24, trace=300000, nelems=2, elem type=java.lang.Object[]@50000106)
	[0]		5000199a
	[1]		5000184e
ARR 5000192e (sz=24, trace=300000, nelems=2, elem type=java.lang.Object[]@50000106)
	[0]		50001998
	[1]		5000184b
ARR 5000192f (sz=24, trace=300000, nelems=2, elem type=java.lang.Object[]@50000106)
	[0]		50001996
	[1]		500017eb
ARR 50001930 (sz=24, trace=300000, nelems=2, elem type=java.lang.Object[]@50000106)
	[0]		50001994
	[1]		50001842
ARR 50001931 (sz=24, trace=300000, nelems=2, elem type=java.lang.Object[]@50000106)
	[0]		50001992
	[1]		5000183e
ARR 50001932 (sz=24, trace=300000, nelems=2, elem type=java.lang.Object[]@50000106)
	[0]		50001990
	[1]		50001838
ARR 50001933 (sz=24, trace=300000, nelems=2, elem type=java.lang.Object[]@50000106)
	[0]		5000198e
	[1]		50001831
ARR 50001934 (sz=24, trace=300000, nelems=2, elem type=java.lang.Object[]@50000106)
	[0]		5000198c
	[1]		500017fb
ARR 50001935 (sz=24, trace=300000, nelems=2, elem type=java.lang.Object[]@50000106)
	[0]		5000198a
	[1]		5000188a
ARR 50001936 (sz=24, trace=300000, nelems=2, elem type=java.lang.Object[]@50000106)
	[0]		50001988
	[1]		5000181a
ARR 50001937 (sz=24, trace=300000, nelems=2, elem type=java.lang.Object[]@50000106)
	[0]		50001986
	[1]		5000184e
ARR 50001938 (sz=32, trace=300000, nelems=3, elem type=java.lang.Object[]@50000106)
	[0]		50001981
	[1]		5000184b
	[2]		50001982
ARR 50001939 (sz=24, trace=300000, nelems=2, elem type=java.lang.Object[]@50000106)
	[0]		5000197f
	[1]		50001838
ARR 5000193a (sz=24, trace=300000, nelems=2, elem type=java.lang.Object[]@50000106)
	[0]		5000197d
	[1]		50001842
ARR 5000193b (sz=24, trace=300000, nelems=2, elem type=java.lang.Object[]@50000106)
	[0]		5000197b
	[1]		5000183e
ARR 5000193c (sz=32, trace=300000, nelems=3, elem type=java.lang.Object[]@50000106)
	[0]		50001976
	[1]		50001820
	[2]		50001977
ARR 5000193d (sz=24, trace=300000, nelems=2, elem type=java.lang.Object[]@50000106)
	[0]		50001974
	[1]		50001831
ARR 5000193e (sz=24, trace=300000, nelems=2, elem type=java.lang.Object[]@50000106)
	[0]		50001972
	[1]		50001809
ARR 5000193f (sz=24, trace=300000, nelems=2, elem type=java.lang.Object[]@50000106)
	[0]		50001970
	[1]		5000180c
ARR 50001940 (sz=24, trace=300000, nelems=2, elem type=java.lang.Object[]@50000106)
	[0]		5000196e
	[1]		5000181a
ARR 50001941 (sz=24, trace=300000, nelems=2, elem type=java.lang.Object[]@50000106)
	[0]		5000196c
	[1]		500017f3
ARR 50001942 (sz=24, trace=300000, nelems=2, elem type=java.lang.Object[]@50000106)
	[0]		5000196a
	[1]		50001845
ARR 50001943 (sz=24, trace=300000, nelems=2, elem type=java.lang.Object[]@50000106)
	[0]		50001968
	[1]		5000181a
ARR 50001944 (sz=24, trace=300000, nelems=2, elem type=java.lang.Object[]@50000106)
	[0]		50001966
	[1]		50001876
ARR 50001945 (sz=24, trace=300000, nelems=2, elem type=java.lang.Object[]@50000106)
	[0]		50001964
	[1]		50001873
ARR 50001946 (sz=24, trace=300000, nelems=2, elem type=java.lang.Object[]@50000106)
	[0]		50001962
	[1]		50001868
ARR 50001947 (sz=24, trace=300000, nelems=2, elem type=java.lang.Object[]@50000106)
	[0]		50001960
	[1]		50001865
ARR 50001948 (sz=24, trace=300000, nelems=2, elem type=java.lang.Object[]@50000106)
	[0]		5000195e
	[1]		5000181a
ARR 50001949 (sz=24, trace=300000, nelems=2, elem type=java.lang.Object[]@50000106)
	[0]		5000195c
	[1]		5000185c
ARR 5000194a (sz=24, trace=300000, nelems=2, elem type=java.lang.Object[]@50000106)
	[0]		5000195a
	[1]		50001858
ARR 5000194b (sz=24, trace=300000, nelems=2, elem type=java.lang.Object[]@50000106)
	[0]		50001958
	[1]		500017e3
ARR 5000194c (sz=24, trace=300000, nelems=2, elem type=java.lang.Object[]@50000106)
	[0]		50001956
	[1]		5000185f
ARR 5000194d (sz=24, trace=300000, nelems=2, elem type=java.lang.Object[]@50000106)
	[0]		50001954
	[1]		50001829
ARR 5000194e (sz=24, trace=300000, nelems=2, elem type=java.lang.Object[]@50000106)
	[0]		50001952
	[1]		50001801
ARR 5000194f (sz=24, trace=300000, nelems=2, elem type=java.lang.Object[]@50000106)
	[0]		50001950
	[1]		5000187f
OBJ 50001950 (sz=24, trace=300000, class=java.lang.String@5000016b)
	value		50001951
ARR 50001951 (sz=12, trace=300000, nelems=6, elem type=char[])
OBJ 50001952 (sz=24, trace=300000, class=java.lang.String@5000016b)
	value		50001953
ARR 50001953 (sz=24, trace=300000, nelems=12, elem type=char[])
OBJ 50001954 (sz=24, trace=300000, class=java.lang.String@5000016b)
	value		50001955
ARR 50001955 (sz=38, trace=300000, nelems=19, elem type=char[])
OBJ 50001956 (sz=24, trace=300000, class=java.lang.String@5000016b)
	value		50001957
ARR 50001957 (sz=12, trace=300000, nelems=6, elem type=char[])
OBJ 50001958 (sz=24, trace=300000, class=java.lang.String@5000016b)
	value		50001959
ARR 50001959 (sz=16, trace=300000, nelems=8, elem type=char[])
OBJ 5000195a (sz=24, trace=300000, class=java.lang.String@5000016b)
	value		5000195b
ARR 5000195b (sz=12, trace=300000, nelems=6, elem type=char[])
OBJ 5000195c (sz=24, trace=300000, class=java.lang.String@5000016b)
	value		5000195d
ARR 5000195d (sz=12, trace=300000, nelems=6, elem type=char[])
OBJ 5000195e (sz=24, trace=300000, class=java.lang.String@5000016b)
	value		5000195f
ARR 5000195f (sz=32, trace=300000, nelems=16, elem type=char[])
OBJ 50001960 (sz=24, trace=300000, class=java.lang.String@5000016b)
	value		50001961
ARR 50001961 (sz=12, trace=300000, nelems=6, elem type=char[])
OBJ 50001962 (sz=24, trace=300000, class=java.lang.String@5000016b)
	value		50001963
ARR 50001963 (sz=12, trace=300000, nelems=6, elem type=char[])
OBJ 50001964 (sz=24, trace=300000, class=java.lang.String@5000016b)
	value		50001965
ARR 50001965 (sz=12, trace=300000, nelems=6, elem type=char[])
OBJ 50001966 (sz=24, trace=300000, class=java.lang.String@5000016b)
	value		50001967
ARR 50001967 (sz=12, trace=300000, nelems=6, elem type=char[])
OBJ 50001968 (sz=24, trace=300000, class=java.lang.String@5000016b)
	value		50001969
ARR 50001969 (sz=32, trace=300000, nelems=16, elem type=char[])
OBJ 5000196a (sz=24, trace=300000, class=java.lang.String@5000016b)
	value		5000196b
ARR 5000196b (sz=8, trace=300000, nelems=4, elem type=char[])
OBJ 5000196c (sz=24, trace=300000, class=java.lang.String@5000016b)
	value		5000196d
ARR 5000196d (sz=16, trace=300000, nelems=8, elem type=char[])
OBJ 5000196e (sz=24, trace=300000, class=java.lang.String@5000016b)
	value		5000196f
ARR 5000196f (sz=10, trace=300000, nelems=5, elem type=char[])
OBJ 50001970 (sz=24, trace=300000, class=java.lang.String@5000016b)
	value		50001971
ARR 50001971 (sz=22, trace=300000, nelems=11, elem type=char[])
OBJ 50001972 (sz=24, trace=300000, class=java.lang.String@5000016b)
	value		50001973
ARR 50001973 (sz=16, trace=300000, nelems=8, elem type=char[])
OBJ 50001974 (sz=24, trace=300000, class=java.lang.String@5000016b)
	value		50001975
ARR 50001975 (sz=20, trace=300000, nelems=10, elem type=char[])
OBJ 50001976 (sz=24, trace=300000, class=java.lang.String@5000016b)
	value		5000197a
ARR 50001977 (sz=24, trace=300000, nelems=2, elem type=java.lang.Object[]@50000106)
	[0]		50001978
	[1]		50001838
OBJ 50001978 (sz=24, trace=300000, class=java.lang.String@5000016b)
	value		50001979
ARR 50001979 (sz=20, trace=300000, nelems=10, elem type=char[])
ARR 5000197a (sz=16, trace=300000, nelems=8, elem type=char[])
OBJ 5000197b (sz=24, trace=300000, class=java.lang.String@5000016b)
	value		5000197c
ARR 5000197c (sz=20, trace=300000, nelems=10, elem type=char[])
OBJ 5000197d (sz=24, trace=300000, class=java.lang.String@5000016b)
	value		5000197e
ARR 5000197e (sz=20, trace=300000, nelems=10, elem type=char[])
OBJ 5000197f (sz=24, trace=300000, class=java.lang.String@5000016b)
	value		50001980
ARR 50001980 (sz=24, trace=300000, nelems=12, elem type=char[])
OBJ 50001981 (sz=24, trace=300000, class=java.lang.String@5000016b)
	value		50001985
ARR 50001982 (sz=24, trace=300000, nelems=2, elem type=java.lang.Object[]@50000106)
	[0]		50001983
	[1]		50001854
OBJ 50001983 (sz=24, trace=300000, class=java.lang.String@5000016b)
	value		50001984
ARR 50001984 (sz=20, trace=300000, nelems=10, elem type=char[])
ARR 50001985 (sz=20, trace=300000, nelems=10, elem type=char[])
OBJ 50001986 (sz=24, trace=300000, class=java.lang.String@5000016b)
	value		50001987
ARR 50001987 (sz=20, trace=300000, nelems=10, elem type=char[])
OBJ 50001988 (sz=24, trace=300000, class=java.lang.String@5000016b)
	value		50001989
ARR 50001989 (sz=12, trace=300000, nelems=6, elem type=char[])
OBJ 5000198a (sz=24, trace=300000, class=java.lang.String@5000016b)
	value		5000198b
ARR 5000198b (sz=36, trace=300000, nelems=18, elem type=char[])
OBJ 5000198c (sz=24, trace=300000, class=java.lang.String@5000016b)
	value		5000198d
ARR 5000198d (sz=20, trace=300000, nelems=10, elem type=char[])
OBJ 5000198e (sz=24, trace=300000, class=java.lang.String@5000016b)
	value		5000198f
ARR 5000198f (sz=18, trace=300000, nelems=9, elem type=char[])
OBJ 50001990 (sz=24, trace=300000, class=java.lang.String@5000016b)
	value		50001991
ARR 50001991 (sz=18, trace=300000, nelems=9, elem type=char[])
OBJ 50001992 (sz=24, trace=300000, class=java.lang.String@5000016b)
	value		50001993
ARR 50001993 (sz=18, trace=300000, nelems=9, elem type=char[])
OBJ 50001994 (sz=24, trace=300000, class=java.lang.String@5000016b)
	value		50001995
ARR 50001995 (sz=18, trace=300000, nelems=9, elem type=char[])
OBJ 50001996 (sz=24, trace=300000, class=java.lang.String@5000016b)
	value		50001997
ARR 50001997 (sz=14, trace=300000, nelems=7, elem type=char[])
OBJ 50001998 (sz=24, trace=300000, class=java.lang.String@5000016b)
	value		50001999
ARR 50001999 (sz=18, trace=300000, nelems=9, elem type=char[])
OBJ 5000199a (sz=24, trace=300000, class=java.lang.String@5000016b)
	value		5000199b
ARR 5000199b (sz=18, trace=300000, nelems=9, elem type=char[])
OBJ 5000199c (sz=24, trace=300000, class=java.lang.String@5000016b)
	value		5000199d
ARR 5000199d (sz=12, trace=300000, nelems=6, elem type=char[])
OBJ 5000199e (sz=24, trace=300000, class=java.lang.String@5000016b)
	value		5000199f
ARR 5000199f (sz=10, trace=300000, nelems=5, elem type=char[])
OBJ 500019a0 (sz=24, trace=300000, class=java.lang.String@5000016b)
	value		500019a1
ARR 500019a1 (sz=14, trace=300000, nelems=7, elem type=char[])
OBJ 500019a2 (sz=24, trace=300000, class=java.lang.String@5000016b)
	value		500019a3
ARR 500019a3 (sz=30, trace=300000, nelems=15, elem type=char[])
OBJ 500019a4 (sz=24, trace=300000, class=java.lang.String@5000016b)
	value		500019a5
ARR 500019a5 (sz=20, trace=300000, nelems=10, elem type=char[])
OBJ 500019a6 (sz=24, trace=300000, class=java.lang.String@5000016b)
	value		500019a7
ARR 500019a7 (sz=20, trace=300000, nelems=10, elem type=char[])
OBJ 500019a8 (sz=24, trace=300000, class=java.lang.String@5000016b)
	value		500019a9
ARR 500019a9 (sz=14, trace=300000, nelems=7, elem type=char[])
OBJ 500019aa (sz=24, trace=300000, class=java.lang.String@5000016b)
	value		500019ab
ARR 500019ab (sz=30, trace=300000, nelems=15, elem type=char[])
OBJ 500019ac (sz=24, trace=300000, class=java.lang.String@5000016b)
	value		500019ad
ARR 500019ad (sz=10, trace=300000, nelems=5, elem type=char[])
OBJ 500019ae (sz=24, trace=300000, class=java.lang.String@5000016b)
	value		500019af
ARR 500019af (sz=14, trace=300000, nelems=7, elem type=char[])
OBJ 500019b0 (sz=24, trace=300000, class=java.lang.String@5000016b)
	value		500019b1
ARR 500019b1 (sz=4, trace=300000, nelems=2, elem type=char[])
OBJ 500019b2 (sz=24, trace=300000, class=java.lang.String@5000016b)
	value		500019b3
ARR 500019b3 (sz=14, trace=300000, nelems=7, elem type=char[])
OBJ 500019b4 (sz=24, trace=300000, class=java.lang.String@5000016b)
	value		500019b5
ARR 500019b5 (sz=14, trace=300000, nelems=7, elem type=char[])
OBJ 500019b6 (sz=24, trace=300000, class=java.lang.String@5000016b)
	value		500019b7
ARR 500019b7 (sz=14, trace=300000, nelems=7, elem type=char[])
OBJ 500019b8 (sz=24, trace=300000, class=java.lang.String@5000016b)
	value		500019b9
ARR 500019b9 (sz=24, trace=300000, nelems=12, elem type=char[])
OBJ 500019ba (sz=24, trace=300000, class=java.lang.String@5000016b)
	value		500019be
ARR 500019bb (sz=24, trace=300000, nelems=2, elem type=java.lang.Object[]@50000106)
	[0]		500019bc
	[1]		5000186b
OBJ 500019bc (sz=24, trace=300000, class=java.lang.String@5000016b)
	value		500019bd
ARR 500019bd (sz=16, trace=300000, nelems=8, elem type=char[])
ARR 500019be (sz=20, trace=300000, nelems=10, elem type=char[])
OBJ 500019bf (sz=24, trace=300000, class=java.lang.String@5000016b)
	value		500019c0
ARR 500019c0 (sz=20, trace=300000, nelems=10, elem type=char[])
OBJ 500019c1 (sz=24, trace=300000, class=java.lang.String@5000016b)
	value		500019c5
ARR 500019c2 (sz=24, trace=300000, nelems=2, elem type=java.lang.Object[]@50000106)
	[0]		500019c3
	[1]		500017f3
OBJ 500019c3 (sz=24, trace=300000, class=java.lang.String@5000016b)
	value		500019c4
ARR 500019c4 (sz=10, trace=300000, nelems=5, elem type=char[])
ARR 500019c5 (sz=16, trace=300000, nelems=8, elem type=char[])
OBJ 500019c6 (sz=24, trace=300000, class=java.lang.String@5000016b)
	value		500019ca
ARR 500019c7 (sz=24, trace=300000, nelems=2, elem type=java.lang.Object[]@50000106)
	[0]		500019c8
	[1]		50001858
OBJ 500019c8 (sz=24, trace=300000, class=java.lang.String@5000016b)
	value		500019c9
ARR 500019c9 (sz=12, trace=300000, nelems=6, elem type=char[])
ARR 500019ca (sz=16, trace=300000, nelems=8, elem type=char[])
OBJ 500019cb (sz=24, trace=300000, class=java.lang.String@5000016b)
	value		500019cc
ARR 500019cc (sz=12, trace=300000, nelems=6, elem type=char[])
OBJ 500019cd (sz=24, trace=300000, class=java.lang.String@5000016b)
	value		500019ce
ARR 500019ce (sz=12, trace=300000, nelems=6, elem type=char[])
OBJ 500019cf (sz=24, trace=300000, class=java.lang.String@5000016b)
	value		500019d0
ARR 500019d0 (sz=12, trace=300000, nelems=6, elem type=char[])
OBJ 500019d1 (sz=24, trace=300000, class=java.lang.String@5000016b)
	value		500019d2
ARR 500019d2 (sz=12, trace=300000, nelems=6, elem type=char[])
OBJ 500019d3 (sz=24, trace=300000, class=java.lang.String@5000016b)
	value		500019d4
ARR 500019d4 (sz=12, trace=300000, nelems=6, elem type=char[])
OBJ 500019d5 (sz=24, trace=300000, class=java.lang.String@5000016b)
	value		500019d6
ARR 500019d6 (sz=16, trace=300000, nelems=8, elem type=char[])
OBJ 500019d7 (sz=24, trace=300000, class=java.lang.String@5000016b)
	value		500019d8
ARR 500019d8 (sz=30, trace=300000, nelems=15, elem type=char[])
OBJ 500019d9 (sz=24, trace=300000, class=java.lang.String@5000016b)
	value		500019da
ARR 500019da (sz=16, trace=300000, nelems=8, elem type=char[])
OBJ 500019db (sz=24, trace=300000, class=java.lang.String@5000016b)
	value		500019dc
ARR 500019dc (sz=48, trace=300000, nelems=24, elem type=char[])
OBJ 500019dd (sz=24, trace=300000, class=java.lang.String@5000016b)
	value		500019de
ARR 500019de (sz=10, trace=300000, nelems=5, elem type=char[])
OBJ 500019df (sz=24, trace=300000, class=java.lang.String@5000016b)
	value		500019e0
ARR 500019e0 (sz=14, trace=300000, nelems=7, elem type=char[])
OBJ 500019e1 (sz=24, trace=300000, class=java.lang.String@5000016b)
	value		500019e2
ARR 500019e2 (sz=30, trace=300000, nelems=15, elem type=char[])
OBJ 500019e3 (sz=24, trace=300000, class=java.lang.String@5000016b)
	value		500019e4
ARR 500019e4 (sz=14, trace=300000, nelems=7, elem type=char[])
OBJ 500019e5 (sz=24, trace=300000, class=java.lang.String@5000016b)
	value		500019e6
ARR 500019e6 (sz=20, trace=300000, nelems=10, elem type=char[])
OBJ 500019e7 (sz=24, trace=300000, class=java.lang.String@5000016b)
	value		500019e8
ARR 500019e8 (sz=12, trace=300000, nelems=6, elem type=char[])
OBJ 500019e9 (sz=24, trace=300000, class=java.lang.String@5000016b)
	value		500019ea
ARR 500019ea (sz=14, trace=300000, nelems=7, elem type=char[])
OBJ 500019eb (sz=24, trace=300000, class=java.lang.String@5000016b)
	value		500019ec
ARR 500019ec (sz=14, trace=300000, nelems=7, elem type=char[])
OBJ 500019ed (sz=24, trace=300000, class=java.lang.String@5000016b)
	value		500019ee
ARR 500019ee (sz=20, trace=300000, nelems=10, elem type=char[])
OBJ 500019ef (sz=24, trace=300000, class=java.lang.String@5000016b)
	value		500019f0
ARR 500019f0 (sz=20, trace=300000, nelems=10, elem type=char[])
OBJ 500019f1 (sz=24, trace=300000, class=java.lang.String@5000016b)
	value		500019f2
ARR 500019f2 (sz=10, trace=300000, nelems=5, elem type=char[])
OBJ 500019f3 (sz=24, trace=300000, class=java.lang.String@5000016b)
	value		500019f4
ARR 500019f4 (sz=10, trace=300000, nelems=5, elem type=char[])
OBJ 500019f5 (sz=24, trace=300000, class=java.lang.String@5000016b)
	value		500019f6
ARR 500019f6 (sz=36, trace=300000, nelems=18, elem type=char[])
OBJ 500019f7 (sz=24, trace=300000, class=java.lang.String@5000016b)
	value		500019f8
ARR 500019f8 (sz=14, trace=300000, nelems=7, elem type=char[])
OBJ 500019f9 (sz=24, trace=300000, class=java.lang.String@5000016b)
	value		500019fa
ARR 500019fa (sz=14, trace=300000, nelems=7, elem type=char[])
OBJ 500019fb (sz=24, trace=300000, class=java.lang.String@5000016b)
	value		500019fc
ARR 500019fc (sz=14, trace=300000, nelems=7, elem type=char[])
OBJ 500019fd (sz=24, trace=300000, class=java.lang.String@5000016b)
	value		500019fe
ARR 500019fe (sz=14, trace=300000, nelems=7, elem type=char[])
OBJ 500019ff (sz=24, trace=300000, class=java.lang.String@5000016b)
	value		50001a00
ARR 50001a00 (sz=14, trace=300000, nelems=7, elem type=char[])
OBJ 50001a01 (sz=24, trace=300000, class=java.lang.String@5000016b)
	value		50001a02
ARR 50001a02 (sz=16, trace=300000, nelems=8, elem type=char[])
OBJ 50001a03 (sz=24, trace=300000, class=java.lang.String@5000016b)
	value		50001a04
ARR 50001a04 (sz=12, trace=300000, nelems=6, elem type=char[])
OBJ 50001a05 (sz=24, trace=300000, class=java.lang.String@5000016b)
	value		50001a06
ARR 50001a06 (sz=20, trace=300000, nelems=10, elem type=char[])
OBJ 50001a07 (sz=24, trace=300000, class=java.lang.String@5000016b)
	value		50001a08
ARR 50001a08 (sz=10, trace=300000, nelems=5, elem type=char[])
OBJ 50001a09 (sz=24, trace=300000, class=java.lang.String@5000016b)
	value		50001a0a
ARR 50001a0a (sz=24, trace=300000, nelems=12, elem type=char[])
OBJ 50001a0b (sz=24, trace=300000, class=java.lang.String@5000016b)
	value		50001a0c
ARR 50001a0c (sz=28, trace=300000, nelems=14, elem type=char[])
OBJ 50001a0d (sz=24, trace=300000, class=java.lang.String@5000016b)
	value		50001a0e
ARR 50001a0e (sz=12, trace=300000, nelems=6, elem type=char[])
OBJ 50001a0f (sz=24, trace=300000, class=java.lang.String@5000016b)
	value		50001a10
ARR 50001a10 (sz=20, trace=300000, nelems=10, elem type=char[])
OBJ 50001a11 (sz=24, trace=300000, class=java.lang.String@5000016b)
	value		50001a12
ARR 50001a12 (sz=12, trace=300000, nelems=6, elem type=char[])
OBJ 50001a13 (sz=24, trace=300000, class=java.lang.String@5000016b)
	value		50001a14
ARR 50001a14 (sz=12, trace=300000, nelems=6, elem type=char[])
OBJ 50001a15 (sz=24, trace=300000, class=java.lang.String@5000016b)
	value		50001a16
ARR 50001a16 (sz=12, trace=300000, nelems=6, elem type=char[])
OBJ 50001a17 (sz=24, trace=300000, class=java.lang.String@5000016b)
	value		50001a18
ARR 50001a18 (sz=12, trace=300000, nelems=6, elem type=char[])
OBJ 50001a19 (sz=24, trace=300000, class=java.lang.String@5000016b)
	value		50001a1a
ARR 50001a1a (sz=12, trace=300000, nelems=6, elem type=char[])
OBJ 50001a1b (sz=24, trace=300000, class=java.lang.String@5000016b)
	value		50001a1c
ARR 50001a1c (sz=6, trace=300000, nelems=3, elem type=char[])
OBJ 50001a1d (sz=24, trace=300000, class=java.lang.String@5000016b)
	value		50001a1e
ARR 50001a1e (sz=20, trace=300000, nelems=10, elem type=char[])
OBJ 50001a1f (sz=24, trace=300000, class=java.lang.String@5000016b)
	value		50001a20
ARR 50001a20 (sz=20, trace=300000, nelems=10, elem type=char[])
OBJ 50001a21 (sz=24, trace=300000, class=java.lang.String@5000016b)
	value		50001a22
ARR 50001a22 (sz=10, trace=300000, nelems=5, elem type=char[])
OBJ 50001a23 (sz=24, trace=300000, class=java.lang.String@5000016b)
	value		50001a24
ARR 50001a24 (sz=14, trace=300000, nelems=7, elem type=char[])
OBJ 50001a25 (sz=24, trace=300000, class=java.lang.String@5000016b)
	value		50001a26
ARR 50001a26 (sz=14, trace=300000, nelems=7, elem type=char[])
OBJ 50001a27 (sz=24, trace=300000, class=java.lang.String@5000016b)
	value		50001a28
ARR 50001a28 (sz=28, trace=300000, nelems=14, elem type=char[])
OBJ 50001a29 (sz=24, trace=300000, class=java.lang.String@5000016b)
	value		50001a2a
ARR 50001a2a (sz=12, trace=300000, nelems=6, elem type=char[])
OBJ 50001a2b (sz=24, trace=300000, class=java.lang.String@5000016b)
	value		50001a2c
ARR 50001a2c (sz=10, trace=300000, nelems=5, elem type=char[])
OBJ 50001a2d (sz=24, trace=300000, class=java.lang.String@5000016b)
	value		50001a2e
ARR 50001a2e (sz=10, trace=300000, nelems=5, elem type=char[])
OBJ 50001a2f (sz=24, trace=300000, class=java.lang.String@5000016b)
	value		50001a30
ARR 50001a30 (sz=12, trace=300000, nelems=6, elem type=char[])
OBJ 50001a31 (sz=24, trace=300000, class=java.lang.String@5000016b)
	value		50001a32
ARR 50001a32 (sz=14, trace=300000, nelems=7, elem type=char[])
OBJ 50001a33 (sz=24, trace=300000, class=java.lang.String@5000016b)
	value		50001a34
ARR 50001a34 (sz=14, trace=300000, nelems=7, elem type=char[])
OBJ 50001a35 (sz=24, trace=300000, class=java.lang.String@5000016b)
	value		50001a36
ARR 50001a36 (sz=30, trace=300000, nelems=15, elem type=char[])
OBJ 50001a37 (sz=24, trace=300000, class=java.lang.String@5000016b)
	value		50001a38
ARR 50001a38 (sz=6, trace=300000, nelems=3, elem type=char[])
OBJ 50001a39 (sz=24, trace=300000, class=java.lang.String@5000016b)
	value		50001a3a
ARR 50001a3a (sz=8, trace=300000, nelems=4, elem type=char[])
OBJ 50001a3b (sz=24, trace=300000, class=java.lang.String@5000016b)
	value		50001a3c
ARR 50001a3c (sz=20, trace=300000, nelems=10, elem type=char[])
OBJ 50001a3d (sz=24, trace=300000, class=java.lang.String@5000016b)
	value		50001a41
ARR 50001a3e (sz=24, trace=300000, nelems=2, elem type=java.lang.Object[]@50000106)
	[0]		50001a3f
	[1]		5000182d
OBJ 50001a3f (sz=24, trace=300000, class=java.lang.String@5000016b)
	value		50001a40
ARR 50001a40 (sz=10, trace=300000, nelems=5, elem type=char[])
ARR 50001a41 (sz=10, trace=300000, nelems=5, elem type=char[])
OBJ 50001a42 (sz=24, trace=300000, class=java.lang.String@5000016b)
	value		50001a46
ARR 50001a43 (sz=24, trace=300000, nelems=2, elem type=java.lang.Object[]@50000106)
	[0]		50001a44
	[1]		5000180f
OBJ 50001a44 (sz=24, trace=300000, class=java.lang.String@5000016b)
	value		50001a45
ARR 50001a45 (sz=4, trace=300000, nelems=2, elem type=char[])
ARR 50001a46 (sz=10, trace=300000, nelems=5, elem type=char[])
OBJ 50001a47 (sz=24, trace=300000, class=java.lang.String@5000016b)
	value		50001a48
ARR 50001a48 (sz=10, trace=300000, nelems=5, elem type=char[])
OBJ 50001a49 (sz=24, trace=300000, class=java.lang.String@5000016b)
	value		50001a4a
ARR 50001a4a (sz=4, trace=300000, nelems=2, elem type=char[])
OBJ 50001a4b (sz=24, trace=300000, class=java.lang.String@5000016b)
	value		50001a4f
ARR 50001a4c (sz=24, trace=300000, nelems=2, elem type=java.lang.Object[]@50000106)
	[0]		50001a4d
	[1]		50001842
OBJ 50001a4d (sz=24, trace=300000, class=java.lang.String@5000016b)
	value		50001a4e
ARR 50001a4e (sz=4, trace=300000, nelems=2, elem type=char[])
ARR 50001a4f (sz=10, trace=300000, nelems=5, elem type=char[])
OBJ 50001a50 (sz=24, trace=300000, class=java.lang.String@5000016b)
	value		50001a51
ARR 50001a51 (sz=16, trace=300000, nelems=8, elem type=char[])
OBJ 50001a52 (sz=24, trace=300000, class=java.lang.String@5000016b)
	value		50001a59
ARR 50001a53 (sz=32, trace=300000, nelems=3, elem type=java.lang.Object[]@50000106)
	[0]		50001a54
	[1]		5000180f
	[2]		50001a55
OBJ 50001a54 (sz=24, trace=300000, class=java.lang.String@5000016b)
	value		50001a58
ARR 50001a55 (sz=24, trace=300000, nelems=2, elem type=java.lang.Object[]@50000106)
	[0]		50001a56
	[1]		5000184b
OBJ 50001a56 (sz=24, trace=300000, class=java.lang.String@5000016b)
	value		50001a57
ARR 50001a57 (sz=4, trace=300000, nelems=2, elem type=char[])
ARR 50001a58 (sz=12, trace=300000, nelems=6, elem type=char[])
ARR 50001a59 (sz=10, trace=300000, nelems=5, elem type=char[])
OBJ 50001a5a (sz=24, trace=300000, class=java.lang.String@5000016b)
	value		50001a5b
ARR 50001a5b (sz=4, trace=300000, nelems=2, elem type=char[])
OBJ 50001a5c (sz=24, trace=300000, class=java.lang.String@5000016b)
	value		50001a5d
ARR 50001a5d (sz=14, trace=300000, nelems=7, elem type=char[])
OBJ 50001a5e (sz=24, trace=300000, class=java.lang.String@5000016b)
	value		50001a62
ARR 50001a5f (sz=24, trace=300000, nelems=2, elem type=java.lang.Object[]@50000106)
	[0]		50001a60
	[1]		50001842
OBJ 50001a60 (sz=24, trace=300000, class=java.lang.String@5000016b)
	value		50001a61
ARR 50001a61 (sz=14, trace=300000, nelems=7, elem type=char[])
ARR 50001a62 (sz=12, trace=300000, nelems=6, elem type=char[])
OBJ 50001a63 (sz=24, trace=300000, class=java.lang.String@5000016b)
	value		50001a64
ARR 50001a64 (sz=14, trace=300000, nelems=7, elem type=char[])
OBJ 50001a65 (sz=24, trace=300000, class=java.lang.String@5000016b)
	value		50001a69
ARR 50001a66 (sz=24, trace=300000, nelems=2, elem type=java.lang.Object[]@50000106)
	[0]		50001a67
	[1]		5000181a
OBJ 50001a67 (sz=24, trace=300000, class=java.lang.String@5000016b)
	value		50001a68
ARR 50001a68 (sz=6, trace=300000, nelems=3, elem type=char[])
ARR 50001a69 (sz=12, trace=300000, nelems=6, elem type=char[])
OBJ 50001a6a (sz=24, trace=300000, class=java.lang.String@5000016b)
	value		50001a6b
ARR 50001a6b (sz=22, trace=300000, nelems=11, elem type=char[])
OBJ 50001a6c (sz=24, trace=300000, class=java.lang.String@5000016b)
	value		50001a6d
ARR 50001a6d (sz=22, trace=300000, nelems=11, elem type=char[])
OBJ 50001a6e (sz=24, trace=300000, class=java.lang.String@5000016b)
	value		50001a6f
ARR 50001a6f (sz=12, trace=300000, nelems=6, elem type=char[])
OBJ 50001a70 (sz=24, trace=300000, class=java.lang.String@5000016b)
	value		50001a71
ARR 50001a71 (sz=12, trace=300000, nelems=6, elem type=char[])
OBJ 50001a72 (sz=24, trace=300000, class=java.lang.String@5000016b)
	value		50001a73
ARR 50001a73 (sz=12, trace=300000, nelems=6, elem type=char[])
OBJ 50001a74 (sz=24, trace=300000, class=java.lang.String@5000016b)
	value		50001a75
ARR 50001a75 (sz=18, trace=300000, nelems=9, elem type=char[])
OBJ 50001a76 (sz=24, trace=300000, class=java.lang.String@5000016b)
	value		50001a77
ARR 50001a77 (sz=18, trace=300000, nelems=9, elem type=char[])
OBJ 50001a78 (sz=24, trace=300000, class=java.lang.String@5000016b)
	value		50001a79
ARR 50001a79 (sz=18, trace=300000, nelems=9, elem type=char[])
OBJ 50001a7a (sz=24, trace=300000, class=java.lang.String@5000016b)
	value		50001a7b
ARR 50001a7b (sz=18, trace=300000, nelems=9, elem type=char[])
OBJ 50001a7c (sz=24, trace=300000, class=java.lang.String@5000016b)
	value		50001a7d
ARR 50001a7d (sz=18, trace=300000, nelems=9, elem type=char[])
OBJ 50001a7e (sz=24, trace=300000, class=java.lang.String@5000016b)
	value		50001a7f
ARR 50001a7f (sz=18, trace=300000, nelems=9, elem type=char[])
OBJ 50001a80 (sz=24, trace=300000, class=java.lang.String@5000016b)
	value		50001a81
ARR 50001a81 (sz=42, trace=300000, nelems=21, elem type=char[])
OBJ 50001a82 (sz=24, trace=300000, class=java.lang.String@5000016b)
	value		50001a83
ARR 50001a83 (sz=6, trace=300000, nelems=3, elem type=char[])
OBJ 50001a84 (sz=24, trace=300000, class=java.lang.String@5000016b)
	value		50001a85
ARR 50001a85 (sz=30, trace=300000, nelems=15, elem type=char[])
OBJ 50001a86 (sz=24, trace=300000, class=java.lang.String@5000016b)
	value		50001a87
ARR 50001a87 (sz=20, trace=300000, nelems=10, elem type=char[])
OBJ 50001a88 (sz=24, trace=300000, class=java.lang.String@5000016b)
	value		50001a89
ARR 50001a89 (sz=30, trace=300000, nelems=15, elem type=char[])
OBJ 50001a8a (sz=24, trace=300000, class=java.lang.String@5000016b)
	value		50001a8b
ARR 50001a8b (sz=20, trace=300000, nelems=10, elem type=char[])
OBJ 50001a8c (sz=24, trace=300000, class=java.lang.String@5000016b)
	value		50001a8d
ARR 50001a8d (sz=6, trace=300000, nelems=3, elem type=char[])
OBJ 50001a8e (sz=24, trace=300000, class=java.lang.String@5000016b)
	value		50001a8f
ARR 50001a8f (sz=6, trace=300000, nelems=3, elem type=char[])
OBJ 50001a90 (sz=24, trace=300000, class=java.lang.String@5000016b)
	value		50001a91
ARR 50001a91 (sz=14, trace=300000, nelems=7, elem type=char[])
OBJ 50001a92 (sz=24, trace=300000, class=java.lang.String@5000016b)
	value		50001a96
ARR 50001a93 (sz=24, trace=300000, nelems=2, elem type=java.lang.Object[]@50000106)
	[0]		50001a94
	[1]		5000182d
OBJ 50001a94 (sz=24, trace=300000, class=java.lang.String@5000016b)
	value		50001a95
ARR 50001a95 (sz=6, trace=300000, nelems=3, elem type=char[])
ARR 50001a96 (sz=6, trace=300000, nelems=3, elem type=char[])
OBJ 50001a97 (sz=24, trace=300000, class=java.lang.String@5000016b)
	value		50001a9b
ARR 50001a98 (sz=24, trace=300000, nelems=2, elem type=java.lang.Object[]@50000106)
	[0]		50001a99
	[1]		5000181a
OBJ 50001a99 (sz=24, trace=300000, class=java.lang.String@5000016b)
	value		50001a9a
ARR 50001a9a (sz=16, trace=300000, nelems=8, elem type=char[])
ARR 50001a9b (sz=6, trace=300000, nelems=3, elem type=char[])
OBJ 50001a9c (sz=24, trace=300000, class=java.lang.String@5000016b)
	value		50001a9d
ARR 50001a9d (sz=6, trace=300000, nelems=3, elem type=char[])
OBJ 50001a9e (sz=24, trace=300000, class=java.lang.String@5000016b)
	value		50001a9f
ARR 50001a9f (sz=6, trace=300000, nelems=3, elem type=char[])
OBJ 50001aa0 (sz=24, trace=300000, class=java.lang.String@5000016b)
	value		50001aa4
ARR 50001aa1 (sz=24, trace=300000, nelems=2, elem type=java.lang.Object[]@50000106)
	[0]		50001aa2
	[1]		5000184e
OBJ 50001aa2 (sz=24, trace=300000, class=java.lang.String@5000016b)
	value		50001aa3
ARR 50001aa3 (sz=10, trace=300000, nelems=5, elem type=char[])
ARR 50001aa4 (sz=6, trace=300000, nelems=3, elem type=char[])
OBJ 50001aa5 (sz=24, trace=300000, class=java.lang.String@5000016b)
	value		50001aa6
ARR 50001aa6 (sz=10, trace=300000, nelems=5, elem type=char[])
OBJ 50001aa7 (sz=24, trace=300000, class=java.lang.String@5000016b)
	value		50001aab
ARR 50001aa8 (sz=24, trace=300000, nelems=2, elem type=java.lang.Object[]@50000106)
	[0]		50001aa9
	[1]		50001873
OBJ 50001aa9 (sz=24, trace=300000, class=java.lang.String@5000016b)
	value		50001aaa
ARR 50001aaa (sz=18, trace=300000, nelems=9, elem type=char[])
ARR 50001aab (sz=32, trace=300000, nelems=16, elem type=char[])
OBJ 50001aac (sz=24, trace=300000, class=java.lang.String@5000016b)
	value		50001aad
ARR 50001aad (sz=16, trace=300000, nelems=8, elem type=char[])
OBJ 50001aae (sz=24, trace=300000, class=java.lang.String@5000016b)
	value		50001aaf
ARR 50001aaf (sz=24, trace=300000, nelems=12, elem type=char[])
OBJ 50001ab0 (sz=24, trace=300000, class=java.lang.String@5000016b)
	value		50001ab1
ARR 50001ab1 (sz=10, trace=300000, nelems=5, elem type=char[])
OBJ 50001ab2 (sz=24, trace=300000, class=java.lang.String@5000016b)
	value		50001ab3
ARR 50001ab3 (sz=10, trace=300000, nelems=5, elem type=char[])
OBJ 50001ab4 (sz=24, trace=300000, class=java.lang.String@5000016b)
	value		50001ab5
ARR 50001ab5 (sz=10, trace=300000, nelems=5, elem type=char[])
OBJ 50001ab6 (sz=24, trace=300000, class=java.lang.String@5000016b)
	value		50001ab7
ARR 50001ab7 (sz=10, trace=300000, nelems=5, elem type=char[])
OBJ 50001ab8 (sz=24, trace=300000, class=java.lang.String@5000016b)
	value		50001ab9
ARR 50001ab9 (sz=10, trace=300000, nelems=5, elem type=char[])
OBJ 50001aba (sz=24, trace=300000, class=java.lang.String@5000016b)
	value		50001abb
ARR 50001abb (sz=12, trace=300000, nelems=6, elem type=char[])
OBJ 50001abc (sz=24, trace=300000, class=java.lang.String@5000016b)
	value		50001abd
ARR 50001abd (sz=12, trace=300000, nelems=6, elem type=char[])
OBJ 50001abe (sz=24, trace=300000, class=java.lang.String@5000016b)
	value		50001abf
ARR 50001abf (sz=16, trace=300000, nelems=8, elem type=char[])
OBJ 50001ac0 (sz=24, trace=300000, class=java.lang.String@5000016b)
	value		50001ac1
ARR 50001ac1 (sz=20, trace=300000, nelems=10, elem type=char[])
OBJ 50001ac2 (sz=24, trace=300000, class=java.lang.String@5000016b)
	value		50001ac3
ARR 50001ac3 (sz=34, trace=300000, nelems=17, elem type=char[])
OBJ 50001ac4 (sz=24, trace=300000, class=java.lang.String@5000016b)
	value		50001ac5
ARR 50001ac5 (sz=6, trace=300000, nelems=3, elem type=char[])
OBJ 50001ac6 (sz=24, trace=300000, class=java.lang.String@5000016b)
	value		50001ac7
ARR 50001ac7 (sz=30, trace=300000, nelems=15, elem type=char[])
OBJ 50001ac8 (sz=24, trace=300000, class=java.lang.String@5000016b)
	value		50001ac9
ARR 50001ac9 (sz=12, trace=300000, nelems=6, elem type=char[])
OBJ 50001aca (sz=24, trace=300000, class=java.lang.String@5000016b)
	value		50001acb
ARR 50001acb (sz=12, trace=300000, nelems=6, elem type=char[])
OBJ 50001acc (sz=24, trace=300000, class=java.lang.String@5000016b)
	value		50001ad0
ARR 50001acd (sz=24, trace=300000, nelems=2, elem type=java.lang.Object[]@50000106)
	[0]		50001ace
	[1]		5000183e
OBJ 50001ace (sz=24, trace=300000, class=java.lang.String@5000016b)
	value		50001acf
ARR 50001acf (sz=12, trace=300000, nelems=6, elem type=char[])
ARR 50001ad0 (sz=6, trace=300000, nelems=3, elem type=char[])
OBJ 50001ad1 (sz=24, trace=300000, class=java.lang.String@5000016b)
	value		50001ad2
ARR 50001ad2 (sz=12, trace=300000, nelems=6, elem type=char[])
OBJ 50001ad3 (sz=24, trace=300000, class=java.lang.String@5000016b)
	value		50001ad4
ARR 50001ad4 (sz=12, trace=300000, nelems=6, elem type=char[])
OBJ 50001ad5 (sz=24, trace=300000, class=java.lang.String@5000016b)
	value		50001ad9
ARR 50001ad6 (sz=24, trace=300000, nelems=2, elem type=java.lang.Object[]@50000106)
	[0]		50001ad7
	[1]		5000184e
OBJ 50001ad7 (sz=24, trace=300000, class=java.lang.String@5000016b)
	value		50001ad8
ARR 50001ad8 (sz=12, trace=300000, nelems=6, elem type=char[])
ARR 50001ad9 (sz=36, trace=300000, nelems=18, elem type=char[])
OBJ 50001ada (sz=24, trace=300000, class=java.lang.String@5000016b)
	value		50001adb
ARR 50001adb (sz=6, trace=300000, nelems=3, elem type=char[])
OBJ 50001adc (sz=24, trace=300000, class=java.lang.String@5000016b)
	value		50001add
ARR 50001add (sz=6, trace=300000, nelems=3, elem type=char[])
OBJ 50001ade (sz=24, trace=300000, class=java.lang.String@5000016b)
	value		50001adf
ARR 50001adf (sz=6, trace=300000, nelems=3, elem type=char[])
OBJ 50001ae0 (sz=24, trace=300000, class=java.lang.String@5000016b)
	value		50001ae1
ARR 50001ae1 (sz=6, trace=300000, nelems=3, elem type=char[])
OBJ 50001ae2 (sz=24, trace=300000, class=java.lang.String@5000016b)
	value		50001ae3
ARR 50001ae3 (sz=6, trace=300000, nelems=3, elem type=char[])
OBJ 50001ae4 (sz=24, trace=300000, class=java.lang.String@5000016b)
	value		50001ae5
ARR 50001ae5 (sz=30, trace=300000, nelems=15, elem type=char[])
OBJ 50001ae6 (sz=24, trace=300000, class=java.lang.String@5000016b)
	value		50001ae7
ARR 50001ae7 (sz=18, trace=300000, nelems=9, elem type=char[])
OBJ 50001ae8 (sz=24, trace=300000, class=java.lang.String@5000016b)
	value		50001ae9
ARR 50001ae9 (sz=26, trace=300000, nelems=13, elem type=char[])
OBJ 50001aea (sz=24, trace=300000, class=java.lang.String@5000016b)
	value		50001aeb
ARR 50001aeb (sz=22, trace=300000, nelems=11, elem type=char[])
OBJ 50001aec (sz=24, trace=300000, class=java.lang.String@5000016b)
	value		50001aed
ARR 50001aed (sz=22, trace=300000, nelems=11, elem type=char[])
OBJ 50001aee (sz=24, trace=300000, class=java.lang.String@5000016b)
	value		50001aef
ARR 50001aef (sz=22, trace=300000, nelems=11, elem type=char[])
OBJ 50001af0 (sz=24, trace=300000, class=java.lang.String@5000016b)
	value		50001af1
ARR 50001af1 (sz=22, trace=300000, nelems=11, elem type=char[])
OBJ 50001af2 (sz=24, trace=300000, class=java.lang.String@5000016b)
	value		50001af3
ARR 50001af3 (sz=22, trace=300000, nelems=11, elem type=char[])
OBJ 50001af4 (sz=24, trace=300000, class=java.lang.String@5000016b)
	value		50001af5
ARR 50001af5 (sz=22, trace=300000, nelems=11, elem type=char[])
ARR 50001af6 (sz=144, trace=300000, nelems=32, elem type=java.lang.Object[]@50000106)
	[0]		50001af7
	[2]		50001af8
	[3]		50001af9
	[4]		50001afa
	[5]		50001afb
	[6]		50001afc
	[7]		50001afd
	[8]		50001afe
	[9]		50001aff
	[10]		50001b00
	[11]		50001b01
	[12]		50001b02
	[14]		50001b03
	[15]		50001b04
	[16]		50001b05
	[17]		50001b06
	[18]		50001b07
	[19]		50001b08
	[22]		50001b09
	[23]		50001b0a
	[24]		50001b0b
	[28]		50001b0c
	[29]		50001b0d
	[31]		50001b0e
ARR 50001af7 (sz=24, trace=300000, nelems=1, elem type=java.lang.Object[]@50000106)
	[0]		5000188a
ARR 50001af8 (sz=32, trace=300000, nelems=3, elem type=java.lang.Object[]@50000106)
	[0]		5000187c
	[2]		50001bde
ARR 50001af9 (sz=32, trace=300000, nelems=3, elem type=java.lang.Object[]@50000106)
	[0]		50001873
	[2]		50001bdd
ARR 50001afa (sz=32, trace=300000, nelems=3, elem type=java.lang.Object[]@50000106)
	[0]		50001865
	[2]		50001bd6
ARR 50001afb (sz=32, trace=300000, nelems=3, elem type=java.lang.Object[]@50000106)
	[0]		5000185c
	[2]		50001bd5
ARR 50001afc (sz=24, trace=300000, nelems=1, elem type=java.lang.Object[]@50000106)
	[0]		50001858
ARR 50001afd (sz=24, trace=300000, nelems=1, elem type=java.lang.Object[]@50000106)
	[0]		50001854
ARR 50001afe (sz=32, trace=300000, nelems=3, elem type=java.lang.Object[]@50000106)
	[0]		5000184b
	[2]		50001bd4
ARR 50001aff (sz=32, trace=300000, nelems=3, elem type=java.lang.Object[]@50000106)
	[0]		50001842
	[2]		50001bd2
ARR 50001b00 (sz=24, trace=300000, nelems=1, elem type=java.lang.Object[]@50000106)
	[0]		5000183e
ARR 50001b01 (sz=32, trace=300000, nelems=3, elem type=java.lang.Object[]@50000106)
	[0]		50001835
	[2]		50001bd1
ARR 50001b02 (sz=24, trace=300000, nelems=1, elem type=java.lang.Object[]@50000106)
	[0]		50001831
ARR 50001b03 (sz=24, trace=300000, nelems=1, elem type=java.lang.Object[]@50000106)
	[0]		5000182d
ARR 50001b04 (sz=24, trace=300000, nelems=1, elem type=java.lang.Object[]@50000106)
	[0]		50001829
ARR 50001b05 (sz=32, trace=300000, nelems=3, elem type=java.lang.Object[]@50000106)
	[0]		50001820
	[2]		50001bd0
ARR 50001b06 (sz=32, trace=300000, nelems=3, elem type=java.lang.Object[]@50000106)
	[0]		50001817
	[2]		50001bcf
ARR 50001b07 (sz=32, trace=300000, nelems=3, elem type=java.lang.Object[]@50000106)
	[0]		50001809
	[2]		50001b11
ARR 50001b08 (sz=32, trace=300000, nelems=3, elem type=java.lang.Object[]@50000106)
	[0]		500017fb
	[2]		50001b0f
ARR 50001b09 (sz=24, trace=300000, nelems=1, elem type=java.lang.Object[]@50000106)
	[0]		500017f7
ARR 50001b0a (sz=24, trace=300000, nelems=1, elem type=java.lang.Object[]@50000106)
	[0]		500017f3
ARR 50001b0b (sz=24, trace=300000, nelems=1, elem type=java.lang.Object[]@50000106)
	[0]		500017ef
ARR 50001b0c (sz=24, trace=300000, nelems=1, elem type=java.lang.Object[]@50000106)
	[0]		500017eb
ARR 50001b0d (sz=24, trace=300000, nelems=1, elem type=java.lang.Object[]@50000106)
	[0]		500017e7
ARR 50001b0e (sz=24, trace=300000, nelems=1, elem type=java.lang.Object[]@50000106)
	[0]		500017e3
ARR 50001b0f (sz=32, trace=300000, nelems=3, elem type=java.lang.Object[]@50000106)
	[0]		500017fe
	[2]		50001b10
ARR 50001b10 (sz=24, trace=300000, nelems=1, elem type=java.lang.Object[]@50000106)
	[0]		50001801
ARR 50001b11 (sz=32, trace=300000, nelems=3, elem type=java.lang.Object[]@50000106)
	[0]		5000180c
	[1]		50001b12
	[2]		50001b13
OBJ 50001b12 (sz=24, trace=300000, class=sun.nio.cs.IBM437@50000086)
	name		5000180d
	aliases		50001b14
ARR 50001b13 (sz=24, trace=300000, nelems=1, elem type=java.lang.Object[]@50000106)
	[0]		5000180f
ARR 50001b14 (sz=40, trace=300000, nelems=6, elem type=java.lang.String[]@500000b4)
	[0]		500019f3
	[1]		5000180c
	[2]		500019a8
	[3]		50001a1b
	[4]		50001aa7
	[5]		50001970
OBJ 50001b15 (sz=24, trace=300000, class=java.lang.String@5000016b)
	value		50001b19
ARR 50001b16 (sz=512, trace=300000, nelems=256, elem type=char[])
ARR 50001b17 (sz=3584, trace=300000, nelems=1792, elem type=char[])
ARR 50001b18 (sz=512, trace=300000, nelems=256, elem type=char[])
ARR 50001b19 (sz=512, trace=300000, nelems=256, elem type=char[])
OBJ 50001b1a (sz=24, trace=300000, class=java.lang.String@5000016b)
	value		50001b83
OBJ 50001b1b (sz=24, trace=300000, class=java.lang.String@5000016b)
	value		50001b89
OBJ 50001b1c (sz=24, trace=300000, class=java.lang.String@5000016b)
	value		50001b87
OBJ 50001b1d (sz=24, trace=300000, class=java.lang.String@5000016b)
	value		50001b8c
OBJ 50001b1e (sz=24, trace=300000, class=java.lang.String@5000016b)
	value		50001bac
OBJ 50001b1f (sz=24, trace=300000, class=java.lang.String@5000016b)
	value		50001bad
OBJ 50001b20 (sz=24, trace=300000, class=java.lang.String@5000016b)
	value		50001b9c
OBJ 50001b21 (sz=24, trace=300000, class=java.lang.String@5000016b)
	value		50001bbb
OBJ 50001b22 (sz=24, trace=300000, class=java.lang.String@5000016b)
	value		50001b85
OBJ 50001b23 (sz=24, trace=300000, class=java.lang.String@5000016b)
	value		50001b9e
OBJ 50001b24 (sz=24, trace=300000, class=java.lang.String@5000016b)
	value		50001bbc
OBJ 50001b25 (sz=24, trace=300000, class=java.lang.String@5000016b)
	value		50001b90
OBJ 50001b26 (sz=24, trace=300000, class=java.lang.String@5000016b)
	value		50001bbf
OBJ 50001b27 (sz=24, trace=300000, class=java.lang.String@5000016b)
	value		50001b86
OBJ 50001b28 (sz=24, trace=300000, class=java.lang.String@5000016b)
	value		50001b99
OBJ 50001b29 (sz=24, trace=300000, class=java.lang.String@5000016b)
	value		50001bb4
OBJ 50001b2a (sz=24, trace=300000, class=java.lang.String@5000016b)
	value		50001bbd
OBJ 50001b2b (sz=24, trace=300000, class=java.lang.String@5000016b)
	value		50001ba1
OBJ 50001b2c (sz=24, trace=300000, class=java.lang.String@5000016b)
	value		50001ba8
OBJ 50001b2d (sz=24, trace=300000, class=java.lang.String@5000016b)
	value		50001bb1
OBJ 50001b2e (sz=24, trace=300000, class=java.lang.String@5000016b)
	value		50001b9b
OBJ 50001b2f (sz=24, trace=300000, class=java.lang.String@5000016b)
	value		50001bbe
OBJ 50001b30 (sz=24, trace=300000, class=java.lang.String@5000016b)
	value		50001bb5
OBJ 50001b31 (sz=24, trace=300000, class=java.lang.String@5000016b)
	value		50001b88
OBJ 50001b32 (sz=24, trace=300000, class=java.lang.String@5000016b)
	value		50001b9f
OBJ 50001b33 (sz=24, trace=300000, class=java.lang.String@5000016b)
	value		50001bc0
OBJ 50001b34 (sz=24, trace=300000, class=java.lang.String@5000016b)
	value		50001b9a
OBJ 50001b35 (sz=24, trace=300000, class=java.lang.String@5000016b)
	value		50001ba3
OBJ 50001b36 (sz=24, trace=300000, class=java.lang.String@5000016b)
	value		50001ba2
OBJ 50001b37 (sz=24, trace=300000, class=java.lang.String@5000016b)
	value		50001ba6
OBJ 50001b38 (sz=24, trace=300000, class=java.lang.String@5000016b)
	value		50001ba5
OBJ 50001b39 (sz=24, trace=300000, class=java.lang.String@5000016b)
	value		50001baa
OBJ 50001b3a (sz=24, trace=300000, class=java.lang.String@5000016b)
	value		50001ba9
OBJ 50001b3b (sz=24, trace=300000, class=java.lang.String@5000016b)
	value		50001baf
OBJ 50001b3c (sz=24, trace=300000, class=java.lang.String@5000016b)
	value		50001bae
OBJ 50001b3d (sz=24, trace=300000, class=java.lang.String@5000016b)
	value		50001bb3
OBJ 50001b3e (sz=24, trace=300000, class=java.lang.String@5000016b)
	value		50001bb2
OBJ 50001b3f (sz=24, trace=300000, class=java.lang.String@5000016b)
	value		50001bb8
OBJ 50001b40 (sz=24, trace=300000, class=java.lang.String@5000016b)
	value		50001bba
OBJ 50001b41 (sz=24, trace=300000, class=java.lang.String@5000016b)
	value		50001bb9
OBJ 50001b42 (sz=24, trace=300000, class=java.lang.String@5000016b)
	value		50001bc3
OBJ 50001b43 (sz=24, trace=300000, class=java.lang.String@5000016b)
	value		50001b98
OBJ 50001b44 (sz=24, trace=300000, class=java.lang.String@5000016b)
	value		50001b97
OBJ 50001b45 (sz=24, trace=300000, class=java.lang.String@5000016b)
	value		50001b94
OBJ 50001b46 (sz=24, trace=300000, class=java.lang.String@5000016b)
	value		50001b8a
OBJ 50001b47 (sz=24, trace=300000, class=java.lang.String@5000016b)
	value		50001b8d
OBJ 50001b48 (sz=24, trace=300000, class=java.lang.String@5000016b)
	value		50001b8e
OBJ 50001b49 (sz=24, trace=300000, class=java.lang.String@5000016b)
	value		50001b93
OBJ 50001b4a (sz=24, trace=300000, class=java.lang.String@5000016b)
	value		50001b91
OBJ 50001b4b (sz=24, trace=300000, class=java.lang.String@5000016b)
	value		50001b8f
OBJ 50001b4c (sz=24, trace=300000, class=java.lang.String@5000016b)
	value		50001b92
OBJ 50001b4d (sz=24, trace=300000, class=java.lang.String@5000016b)
	value		50001b96
OBJ 50001b4e (sz=24, trace=300000, class=java.lang.String@5000016b)
	value		50001b95
OBJ 50001b4f (sz=24, trace=300000, class=java.lang.String@5000016b)
	value		50001b84
OBJ 50001b50 (sz=24, trace=300000, class=java.lang.String@5000016b)
	value		50001b8b
OBJ 50001b51 (sz=24, trace=300000, class=java.lang.String@5000016b)
	value		50001bc2
OBJ 50001b52 (sz=24, trace=300000, class=java.lang.String@5000016b)
	value		50001bc4
OBJ 50001b53 (sz=24, trace=300000, class=java.lang.String@5000016b)
	value		50001bc5
OBJ 50001b54 (sz=24, trace=300000, class=java.lang.String@5000016b)
	value		50001b9d
OBJ 50001b55 (sz=24, trace=300000, class=java.lang.String@5000016b)
	value		50001ba0
OBJ 50001b56 (sz=24, trace=300000, class=java.lang.String@5000016b)
	value		50001ba4
OBJ 50001b57 (sz=24, trace=300000, class=java.lang.String@5000016b)
	value		50001bb0
OBJ 50001b58 (sz=24, trace=300000, class=java.lang.String@5000016b)
	value		50001ba7
OBJ 50001b59 (sz=24, trace=300000, class=java.lang.String@5000016b)
	value		50001bab
OBJ 50001b5a (sz=24, trace=300000, class=java.lang.String@5000016b)
	value		50001bb7
OBJ 50001b5b (sz=24, trace=300000, class=java.lang.String@5000016b)
	value		50001bb6
OBJ 50001b5c (sz=24, trace=300000, class=java.lang.String@5000016b)
	value		50001bc1
ARR 50001b5d (sz=32, trace=300000, nelems=4, elem type=java.lang.String[]@500000b4)
	[0]		50001a21
	[1]		500019e7
	[2]		500019e3
	[3]		50001a82
ARR 50001b5e (sz=40, trace=300000, nelems=5, elem type=java.lang.String[]@500000b4)
	[0]		50001a2b
	[1]		5000187c
	[2]		500019e9
	[3]		50001a8c
	[4]		50001b53
ARR 50001b5f (sz=40, trace=300000, nelems=6, elem type=java.lang.String[]@500000b4)
	[0]		50001a2d
	[1]		5000188a
	[2]		500019eb
	[3]		50001a8e
	[4]		50001b52
	[5]		5000198a
ARR 50001b60 (sz=40, trace=300000, nelems=5, elem type=java.lang.String[]@500000b4)
	[0]		50001a3d
	[1]		5000198c
	[2]		500019b4
	[3]		50001a92
	[4]		50001b42
ARR 50001b61 (sz=40, trace=300000, nelems=5, elem type=java.lang.String[]@500000b4)
	[0]		50001a42
	[1]		500017fe
	[2]		500019f9
	[3]		50001a97
	[4]		50001b51
ARR 50001b62 (sz=40, trace=300000, nelems=5, elem type=java.lang.String[]@500000b4)
	[0]		50001a47
	[1]		500019fb
	[2]		50001809
	[3]		50001a9c
	[4]		50001972
ARR 50001b63 (sz=40, trace=300000, nelems=5, elem type=java.lang.String[]@500000b4)
	[0]		50001a4b
	[1]		50001820
	[2]		500019fd
	[3]		50001a9e
	[4]		50001b5c
ARR 50001b64 (sz=40, trace=300000, nelems=5, elem type=java.lang.String[]@500000b4)
	[0]		50001a52
	[1]		500019ff
	[2]		50001829
	[3]		50001aa0
	[4]		50001954
ARR 50001b65 (sz=32, trace=300000, nelems=4, elem type=java.lang.String[]@500000b4)
	[0]		50001a07
	[1]		50001823
	[2]		500019b6
	[3]		50001a37
ARR 50001b66 (sz=32, trace=300000, nelems=4, elem type=java.lang.String[]@500000b4)
	[0]		50001a3f
	[1]		50001a03
	[2]		500019f7
	[3]		50001a94
ARR 50001b67 (sz=24, trace=300000, nelems=2, elem type=java.lang.String[]@500000b4)
	[0]		500019c8
	[1]		5000195a
ARR 50001b68 (sz=24, trace=300000, nelems=2, elem type=java.lang.String[]@500000b4)
	[0]		500019cb
	[1]		5000195c
ARR 50001b69 (sz=24, trace=300000, nelems=2, elem type=java.lang.String[]@500000b4)
	[0]		500019cd
	[1]		50001960
ARR 50001b6a (sz=24, trace=300000, nelems=2, elem type=java.lang.String[]@500000b4)
	[0]		500019cf
	[1]		50001962
ARR 50001b6b (sz=32, trace=300000, nelems=3, elem type=java.lang.String[]@500000b4)
	[0]		500019d1
	[1]		50001964
	[2]		50001aa9
ARR 50001b6c (sz=24, trace=300000, nelems=2, elem type=java.lang.String[]@500000b4)
	[0]		500019d3
	[1]		50001966
ARR 50001b6d (sz=24, trace=300000, nelems=1, elem type=java.lang.String[]@500000b4)
	[0]		50001aba
ARR 50001b6e (sz=32, trace=300000, nelems=3, elem type=java.lang.String[]@500000b4)
	[0]		50001abc
	[1]		50001a39
	[2]		50001996
ARR 50001b6f (sz=80, trace=300000, nelems=15, elem type=java.lang.String[]@500000b4)
	[0]		50001b33
	[1]		500019ae
	[2]		50001b26
	[3]		50001b2f
	[4]		50001b2a
	[5]		50001b24
	[6]		50001b21
	[7]		50001ab0
	[8]		50001ada
	[9]		50001b40
	[10]		50001b41
	[11]		50001b3f
	[12]		50001b5a
	[13]		50001b5b
	[14]		50001b30
ARR 50001b70 (sz=32, trace=300000, nelems=4, elem type=java.lang.String[]@500000b4)
	[0]		500019bf
	[1]		500019b2
	[2]		50001a6c
	[3]		50001b29
ARR 50001b71 (sz=72, trace=300000, nelems=13, elem type=java.lang.String[]@500000b4)
	[0]		50001a74
	[1]		50001ac8
	[2]		500019ed
	[3]		50001b3d
	[4]		50001b3e
	[5]		50001b2d
	[6]		50001a11
	[7]		50001a49
	[8]		50001a5e
	[9]		50001a33
	[10]		50001adc
	[11]		50001ab2
	[12]		50001b57
ARR 50001b72 (sz=80, trace=300000, nelems=16, elem type=java.lang.String[]@500000b4)
	[0]		50001a76
	[1]		50001aca
	[2]		50001a05
	[3]		50001b3b
	[4]		50001b3c
	[5]		50001b1f
	[6]		50001b1e
	[7]		5000199e
	[8]		50001a65
	[9]		50001b59
	[10]		5000197f
	[11]		50001a2f
	[12]		50001a25
	[13]		50001acc
	[14]		50001aa5
	[15]		50001990
ARR 50001b73 (sz=64, trace=300000, nelems=12, elem type=java.lang.String[]@500000b4)
	[0]		50001a78
	[1]		50001ace
	[2]		500019ef
	[3]		50001b39
	[4]		50001b3a
	[5]		50001b2c
	[6]		50001a50
	[7]		50001a6e
	[8]		50001a5c
	[9]		50001ab4
	[10]		50001ade
	[11]		50001b58
ARR 50001b74 (sz=72, trace=300000, nelems=13, elem type=java.lang.String[]@500000b4)
	[0]		50001a7a
	[1]		50001994
	[2]		50001ad1
	[3]		50001a0f
	[4]		50001b37
	[5]		50001b38
	[6]		50001a13
	[7]		50001a4d
	[8]		50001a70
	[9]		50001a60
	[10]		50001ab6
	[11]		50001ae0
	[12]		50001b56
ARR 50001b75 (sz=72, trace=300000, nelems=13, elem type=java.lang.String[]@500000b4)
	[0]		50001a7c
	[1]		50001ad3
	[2]		50001a1d
	[3]		50001b35
	[4]		50001b36
	[5]		50001b2b
	[6]		50001a15
	[7]		50001a56
	[8]		50001a72
	[9]		50001a63
	[10]		50001ab8
	[11]		50001ae2
	[12]		50001b55
ARR 50001b76 (sz=72, trace=300000, nelems=14, elem type=java.lang.String[]@500000b4)
	[0]		50001a1f
	[1]		50001b32
	[2]		50001a17
	[3]		50001a5a
	[4]		50001b23
	[5]		50001aa2
	[6]		50001b54
	[7]		50001ac4
	[8]		50001b20
	[9]		50001b2e
	[10]		50001b34
	[11]		5000184f
	[12]		50001ad7
	[13]		50001b28
ARR 50001b77 (sz=24, trace=300000, nelems=2, elem type=java.lang.String[]@500000b4)
	[0]		500017f0
	[1]		50001b43
ARR 50001b78 (sz=24, trace=300000, nelems=2, elem type=java.lang.String[]@500000b4)
	[0]		50001802
	[1]		50001b44
ARR 50001b79 (sz=24, trace=300000, nelems=2, elem type=java.lang.String[]@500000b4)
	[0]		5000186c
	[1]		50001b4d
ARR 50001b7a (sz=24, trace=300000, nelems=2, elem type=java.lang.String[]@500000b4)
	[0]		500017e4
	[1]		50001b4e
ARR 50001b7b (sz=24, trace=300000, nelems=2, elem type=java.lang.String[]@500000b4)
	[0]		50001880
	[1]		50001b45
ARR 50001b7c (sz=24, trace=300000, nelems=1, elem type=java.lang.String[]@500000b4)
	[0]		50001b49
ARR 50001b7d (sz=32, trace=300000, nelems=3, elem type=java.lang.String[]@500000b4)
	[0]		50001883
	[1]		50001b4c
	[2]		50001b4a
ARR 50001b7e (sz=32, trace=300000, nelems=4, elem type=java.lang.String[]@500000b4)
	[0]		50001855
	[1]		50001b25
	[2]		50001b4b
	[3]		50001b48
ARR 50001b7f (sz=32, trace=300000, nelems=4, elem type=java.lang.String[]@500000b4)
	[0]		50001860
	[1]		500019f1
	[2]		500019a0
	[3]		50001b47
ARR 50001b80 (sz=24, trace=300000, nelems=2, elem type=java.lang.String[]@500000b4)
	[0]		50001b1d
	[1]		50001b50
ARR 50001b81 (sz=24, trace=300000, nelems=2, elem type=java.lang.String[]@500000b4)
	[0]		50001b46
	[1]		50001ac2
ARR 50001b82 (sz=72, trace=300000, nelems=14, elem type=java.lang.String[]@500000b4)
	[0]		50001a99
	[1]		50001b1b
	[2]		50001b31
	[3]		50001b1c
	[4]		50001b27
	[5]		500019b0
	[6]		50001b22
	[7]		500019ac
	[8]		50001b4f
	[9]		500019df
	[10]		50001a67
	[11]		50001968
	[12]		50001b1a
	[13]		5000199c
ARR 50001b83 (sz=28, trace=300000, nelems=14, elem type=char[])
ARR 50001b84 (sz=14, trace=300000, nelems=7, elem type=char[])
ARR 50001b85 (sz=12, trace=300000, nelems=6, elem type=char[])
ARR 50001b86 (sz=18, trace=300000, nelems=9, elem type=char[])
ARR 50001b87 (sz=10, trace=300000, nelems=5, elem type=char[])
ARR 50001b88 (sz=32, trace=300000, nelems=16, elem type=char[])
ARR 50001b89 (sz=28, trace=300000, nelems=14, elem type=char[])
ARR 50001b8a (sz=8, trace=300000, nelems=4, elem type=char[])
ARR 50001b8b (sz=16, trace=300000, nelems=8, elem type=char[])
ARR 50001b8c (sz=10, trace=300000, nelems=5, elem type=char[])
ARR 50001b8d (sz=20, trace=300000, nelems=10, elem type=char[])
ARR 50001b8e (sz=36, trace=300000, nelems=18, elem type=char[])
ARR 50001b8f (sz=20, trace=300000, nelems=10, elem type=char[])
ARR 50001b90 (sz=30, trace=300000, nelems=15, elem type=char[])
ARR 50001b91 (sz=42, trace=300000, nelems=21, elem type=char[])
ARR 50001b92 (sz=20, trace=300000, nelems=10, elem type=char[])
ARR 50001b93 (sz=26, trace=300000, nelems=13, elem type=char[])
ARR 50001b94 (sz=10, trace=300000, nelems=5, elem type=char[])
ARR 50001b95 (sz=20, trace=300000, nelems=10, elem type=char[])
ARR 50001b96 (sz=20, trace=300000, nelems=10, elem type=char[])
ARR 50001b97 (sz=24, trace=300000, nelems=12, elem type=char[])
ARR 50001b98 (sz=24, trace=300000, nelems=12, elem type=char[])
ARR 50001b99 (sz=18, trace=300000, nelems=9, elem type=char[])
ARR 50001b9a (sz=30, trace=300000, nelems=15, elem type=char[])
ARR 50001b9b (sz=18, trace=300000, nelems=9, elem type=char[])
ARR 50001b9c (sz=14, trace=300000, nelems=7, elem type=char[])
ARR 50001b9d (sz=22, trace=300000, nelems=11, elem type=char[])
ARR 50001b9e (sz=12, trace=300000, nelems=6, elem type=char[])
ARR 50001b9f (sz=20, trace=300000, nelems=10, elem type=char[])
ARR 50001ba0 (sz=22, trace=300000, nelems=11, elem type=char[])
ARR 50001ba1 (sz=18, trace=300000, nelems=9, elem type=char[])
ARR 50001ba2 (sz=30, trace=300000, nelems=15, elem type=char[])
ARR 50001ba3 (sz=20, trace=300000, nelems=10, elem type=char[])
ARR 50001ba4 (sz=22, trace=300000, nelems=11, elem type=char[])
ARR 50001ba5 (sz=30, trace=300000, nelems=15, elem type=char[])
ARR 50001ba6 (sz=20, trace=300000, nelems=10, elem type=char[])
ARR 50001ba7 (sz=36, trace=300000, nelems=18, elem type=char[])
ARR 50001ba8 (sz=18, trace=300000, nelems=9, elem type=char[])
ARR 50001ba9 (sz=30, trace=300000, nelems=15, elem type=char[])
ARR 50001baa (sz=20, trace=300000, nelems=10, elem type=char[])
ARR 50001bab (sz=30, trace=300000, nelems=15, elem type=char[])
ARR 50001bac (sz=16, trace=300000, nelems=8, elem type=char[])
ARR 50001bad (sz=16, trace=300000, nelems=8, elem type=char[])
ARR 50001bae (sz=30, trace=300000, nelems=15, elem type=char[])
ARR 50001baf (sz=20, trace=300000, nelems=10, elem type=char[])
ARR 50001bb0 (sz=22, trace=300000, nelems=11, elem type=char[])
ARR 50001bb1 (sz=18, trace=300000, nelems=9, elem type=char[])
ARR 50001bb2 (sz=30, trace=300000, nelems=15, elem type=char[])
ARR 50001bb3 (sz=20, trace=300000, nelems=10, elem type=char[])
ARR 50001bb4 (sz=20, trace=300000, nelems=10, elem type=char[])
ARR 50001bb5 (sz=30, trace=300000, nelems=15, elem type=char[])
ARR 50001bb6 (sz=22, trace=300000, nelems=11, elem type=char[])
ARR 50001bb7 (sz=22, trace=300000, nelems=11, elem type=char[])
ARR 50001bb8 (sz=4, trace=300000, nelems=2, elem type=char[])
ARR 50001bb9 (sz=12, trace=300000, nelems=6, elem type=char[])
ARR 50001bba (sz=12, trace=300000, nelems=6, elem type=char[])
ARR 50001bbb (sz=14, trace=300000, nelems=7, elem type=char[])
ARR 50001bbc (sz=12, trace=300000, nelems=6, elem type=char[])
ARR 50001bbd (sz=20, trace=300000, nelems=10, elem type=char[])
ARR 50001bbe (sz=20, trace=300000, nelems=10, elem type=char[])
ARR 50001bbf (sz=22, trace=300000, nelems=11, elem type=char[])
ARR 50001bc0 (sz=22, trace=300000, nelems=11, elem type=char[])
ARR 50001bc1 (sz=16, trace=300000, nelems=8, elem type=char[])
ARR 50001bc2 (sz=16, trace=300000, nelems=8, elem type=char[])
ARR 50001bc3 (sz=48, trace=300000, nelems=24, elem type=char[])
ARR 50001bc4 (sz=16, trace=300000, nelems=8, elem type=char[])
ARR 50001bc5 (sz=16, trace=300000, nelems=8, elem type=char[])
ARR 50001bc6 (sz=20, trace=300000, nelems=10, elem type=char[])
ARR 50001bc7 (sz=32, trace=300000, nelems=4, elem type=java.lang.String[]@500000b4)
	[0]		500017a3
	[1]		500017a0
	[2]		500017a1
	[3]		500017a2
ARR 50001bc8 (sz=6, trace=300000, nelems=3, elem type=char[])
OBJ 50001bc9 (sz=24, trace=300000, class=java.lang.String@5000016b)
	value		50001bcd
OBJ 50001bca (sz=24, trace=300000, class=java.lang.String@5000016b)
	value		50001bce
OBJ 50001bcb (sz=16, trace=300000, class=java.nio.ByteOrder@50000074)
	name		50001bca
OBJ 50001bcc (sz=16, trace=300000, class=java.nio.ByteOrder@50000074)
	name		50001bc9
ARR 50001bcd (sz=20, trace=300000, nelems=10, elem type=char[])
ARR 50001bce (sz=26, trace=300000, nelems=13, elem type=char[])
ARR 50001bcf (sz=24, trace=300000, nelems=1, elem type=java.lang.Object[]@50000106)
	[0]		5000181a
ARR 50001bd0 (sz=24, trace=300000, nelems=1, elem type=java.lang.Object[]@50000106)
	[0]		50001823
ARR 50001bd1 (sz=24, trace=300000, nelems=1, elem type=java.lang.Object[]@50000106)
	[0]		50001838
ARR 50001bd2 (sz=24, trace=300000, nelems=2, elem type=java.lang.Object[]@50000106)
	[0]		50001845
	[1]		50000392
ARR 50001bd3 (sz=10, trace=300000, nelems=5, elem type=char[])
ARR 50001bd4 (sz=24, trace=300000, nelems=1, elem type=java.lang.Object[]@50000106)
	[0]		5000184e
ARR 50001bd5 (sz=24, trace=300000, nelems=1, elem type=java.lang.Object[]@50000106)
	[0]		5000185f
ARR 50001bd6 (sz=32, trace=300000, nelems=3, elem type=java.lang.Object[]@50000106)
	[0]		50001868
	[1]		500017c2
	[2]		50001bd7
ARR 50001bd7 (sz=24, trace=300000, nelems=1, elem type=java.lang.Object[]@50000106)
	[0]		5000186b
OBJ 50001bd8 (sz=24, trace=300000, class=java.lang.String@5000016b)
	value		50001bdc
ARR 50001bd9 (sz=512, trace=300000, nelems=256, elem type=char[])
ARR 50001bda (sz=3072, trace=300000, nelems=1536, elem type=char[])
ARR 50001bdb (sz=512, trace=300000, nelems=256, elem type=char[])
ARR 50001bdc (sz=512, trace=300000, nelems=256, elem type=char[])
ARR 50001bdd (sz=24, trace=300000, nelems=1, elem type=java.lang.Object[]@50000106)
	[0]		50001876
ARR 50001bde (sz=32, trace=300000, nelems=3, elem type=java.lang.Object[]@50000106)
	[0]		5000187f
	[2]		50001bdf
ARR 50001bdf (sz=24, trace=300000, nelems=1, elem type=java.lang.Object[]@50000106)
	[0]		50001882
ARR 50001be0 (sz=38, trace=300000, nelems=19, elem type=char[])
ARR 50001be1 (sz=26, trace=300000, nelems=13, elem type=char[])
ARR 50001be2 (sz=2, trace=300000, nelems=1, elem type=char[])
ARR 50001be3 (sz=14, trace=300000, nelems=7, elem type=char[])
ARR 50001be4 (sz=24, trace=300000, nelems=12, elem type=char[])
ARR 50001be5 (sz=4, trace=300000, nelems=2, elem type=char[])
ARR 50001be6 (sz=14, trace=300000, nelems=7, elem type=char[])
ARR 50001be7 (sz=10, trace=300000, nelems=5, elem type=char[])
ARR 50001be8 (sz=18, trace=300000, nelems=9, elem type=char[])
ARR 50001be9 (sz=2, trace=300000, nelems=1, elem type=char[])
ARR 50001bea (sz=16, trace=300000, nelems=8, elem type=char[])
OBJ 50001beb (sz=24, trace=300000, class=java.lang.String@5000016b)
	value		50001cac
OBJ 50001bec (sz=24, trace=300000, class=java.lang.String@5000016b)
	value		50001cab
OBJ 50001bed (sz=24, trace=300000, class=java.lang.String@5000016b)
	value		50001caa
OBJ 50001bee (sz=48, trace=300000, class=java.util.HashMap@500000b2)
	table		5000041f
OBJ 50001bef (sz=32, trace=300000, class=java.util.HashMap$Node@500000b1)
	key		50001c60
	value		50001c5f
	next		50001c5e
OBJ 50001bf0 (sz=32, trace=300000, class=java.util.HashMap$Node@500000b1)
	key		50001c54
	value		50001c53
OBJ 50001bf1 (sz=32, trace=300000, class=java.util.HashMap$Node@500000b1)
	key		50001c40
	value		50001c3f
	next		50001c3e
OBJ 50001bf2 (sz=32, trace=300000, class=java.util.HashMap$Node@500000b1)
	key		50001c35
	value		50001c34
OBJ 50001bf3 (sz=32, trace=300000, class=java.util.HashMap$Node@500000b1)
	key		50001c2a
	value		50001c29
OBJ 50001bf4 (sz=32, trace=300000, class=java.util.HashMap$Node@500000b1)
	key		50001c1f
	value		50001c1e
OBJ 50001bf5 (sz=32, trace=300000, class=java.util.HashMap$Node@500000b1)
	key		50001c15
	value		50001c14
	next		5000050c
OBJ 50001bf6 (sz=32, trace=300000, class=java.util.HashMap$Node@500000b1)
	key		50001c0c
	value		50001c0b
OBJ 50001bf7 (sz=32, trace=300000, class=java.util.HashMap$Node@500000b1)
	key		50001bfa
	value		50001bf9
	next		50001bf8
OBJ 50001bf8 (sz=32, trace=300000, class=java.util.HashMap$Node@500000b1)
	key		50001c01
	value		50001c00
OBJ 50001bf9 (sz=24, trace=300000, class=sun.misc.MetaIndex@50000041)
	contents	50001bfd
OBJ 50001bfa (sz=32, trace=300000, class=java.io.File@50000119)
	path		50001bfb
OBJ 50001bfb (sz=24, trace=300000, class=java.lang.String@5000016b)
	value		50001bfc
ARR 50001bfc (sz=106, trace=300000, nelems=53, elem type=char[])
ARR 50001bfd (sz=24, trace=300000, nelems=1, elem type=java.lang.String[]@500000b4)
	[0]		50001bfe
OBJ 50001bfe (sz=24, trace=300000, class=java.lang.String@5000016b)
	value		50001bff
ARR 50001bff (sz=54, trace=300000, nelems=27, elem type=char[])
OBJ 50001c00 (sz=24, trace=300000, class=sun.misc.MetaIndex@50000041)
	contents	50001c04
OBJ 50001c01 (sz=32, trace=300000, class=java.io.File@50000119)
	path		50001c02
OBJ 50001c02 (sz=24, trace=300000, class=java.lang.String@5000016b)
	value		50001c03
ARR 50001c03 (sz=110, trace=300000, nelems=55, elem type=char[])
ARR 50001c04 (sz=32, trace=300000, nelems=3, elem type=java.lang.String[]@500000b4)
	[0]		50001c05
	[1]		50001c06
	[2]		50001c07
OBJ 50001c05 (sz=24, trace=300000, class=java.lang.String@5000016b)
	value		50001c0a
OBJ 50001c06 (sz=24, trace=300000, class=java.lang.String@5000016b)
	value		50001c09
OBJ 50001c07 (sz=24, trace=300000, class=java.lang.String@5000016b)
	value		50001c08
ARR 50001c08 (sz=40, trace=300000, nelems=20, elem type=char[])
ARR 50001c09 (sz=42, trace=300000, nelems=21, elem type=char[])
ARR 50001c0a (sz=24, trace=300000, nelems=12, elem type=char[])
OBJ 50001c0b (sz=24, trace=300000, class=sun.misc.MetaIndex@50000041)
	contents	50001c0f
OBJ 50001c0c (sz=32, trace=300000, class=java.io.File@50000119)
	path		50001c0d
OBJ 50001c0d (sz=24, trace=300000, class=java.lang.String@5000016b)
	value		50001c0e
ARR 50001c0e (sz=108, trace=300000, nelems=54, elem type=char[])
ARR 50001c0f (sz=24, trace=300000, nelems=2, elem type=java.lang.String[]@500000b4)
	[0]		50001c10
	[1]		50001c11
OBJ 50001c10 (sz=24, trace=300000, class=java.lang.String@5000016b)
	value		50001c13
OBJ 50001c11 (sz=24, trace=300000, class=java.lang.String@5000016b)
	value		50001c12
ARR 50001c12 (sz=16, trace=300000, nelems=8, elem type=char[])
ARR 50001c13 (sz=16, trace=300000, nelems=8, elem type=char[])
OBJ 50001c14 (sz=24, trace=300000, class=sun.misc.MetaIndex@50000041)
	contents	50001c18
OBJ 50001c15 (sz=32, trace=300000, class=java.io.File@50000119)
	path		50001c16
OBJ 50001c16 (sz=24, trace=300000, class=java.lang.String@5000016b)
	value		50001c17
ARR 50001c17 (sz=124, trace=300000, nelems=62, elem type=char[])
ARR 50001c18 (sz=24, trace=300000, nelems=1, elem type=java.lang.String[]@500000b4)
	[0]		50001c19
OBJ 50001c19 (sz=24, trace=300000, class=java.lang.String@5000016b)
	value		50001c1a
ARR 50001c1a (sz=54, trace=300000, nelems=27, elem type=char[])
ARR 50001c1b (sz=168, trace=300000, nelems=37, elem type=java.lang.String[]@500000b4)
	[0]		500004b5
	[1]		500004b7
	[2]		500004b9
	[3]		500004bb
	[4]		500004bd
	[5]		500004bf
	[6]		500004c1
	[7]		500004c3
	[8]		500004c5
	[9]		500004c7
	[10]		500004c9
	[11]		500004cb
	[12]		500004cd
	[13]		500004cf
	[14]		500004d1
	[15]		500004d3
	[16]		500004d5
	[17]		500004d7
	[18]		500004d9
	[19]		500004db
	[20]		500004dd
	[21]		500004df
	[22]		500004e1
	[23]		500004e3
	[24]		500004e5
	[25]		500004e7
	[26]		500004e9
	[27]		500004eb
	[28]		500004ed
	[29]		500004ef
	[30]		500004f1
	[31]		500004f3
	[32]		500004f5
	[33]		500004f7
	[34]		500004fa
	[35]		500004fc
	[36]		500004fe
ARR 50001c1c (sz=24, trace=300000, nelems=2, elem type=java.lang.String[]@500000b4)
	[0]		5000044c
	[1]		5000044e
ARR 50001c1d (sz=32, trace=300000, nelems=4, elem type=java.lang.String[]@500000b4)
	[0]		50000422
	[1]		50000424
	[2]		50000426
	[3]		50000428
OBJ 50001c1e (sz=24, trace=300000, class=sun.misc.MetaIndex@50000041)
	contents	50001c22
OBJ 50001c1f (sz=32, trace=300000, class=java.io.File@50000119)
	path		50001c20
OBJ 50001c20 (sz=24, trace=300000, class=java.lang.String@5000016b)
	value		50001c21
ARR 50001c21 (sz=102, trace=300000, nelems=51, elem type=char[])
ARR 50001c22 (sz=32, trace=300000, nelems=3, elem type=java.lang.String[]@500000b4)
	[0]		50001c23
	[1]		50001c24
	[2]		50001c25
OBJ 50001c23 (sz=24, trace=300000, class=java.lang.String@5000016b)
	value		50001c28
OBJ 50001c24 (sz=24, trace=300000, class=java.lang.String@5000016b)
	value		50001c27
OBJ 50001c25 (sz=24, trace=300000, class=java.lang.String@5000016b)
	value		50001c26
ARR 50001c26 (sz=40, trace=300000, nelems=20, elem type=char[])
ARR 50001c27 (sz=42, trace=300000, nelems=21, elem type=char[])
ARR 50001c28 (sz=24, trace=300000, nelems=12, elem type=char[])
OBJ 50001c29 (sz=24, trace=300000, class=sun.misc.MetaIndex@50000041)
	contents	50001c2d
OBJ 50001c2a (sz=32, trace=300000, class=java.io.File@50000119)
	path		50001c2b
OBJ 50001c2b (sz=24, trace=300000, class=java.lang.String@5000016b)
	value		50001c2c
ARR 50001c2c (sz=122, trace=300000, nelems=61, elem type=char[])
ARR 50001c2d (sz=32, trace=300000, nelems=3, elem type=java.lang.String[]@500000b4)
	[0]		50001c2e
	[1]		50001c2f
	[2]		50001c30
OBJ 50001c2e (sz=24, trace=300000, class=java.lang.String@5000016b)
	value		50001c33
OBJ 50001c2f (sz=24, trace=300000, class=java.lang.String@5000016b)
	value		50001c32
OBJ 50001c30 (sz=24, trace=300000, class=java.lang.String@5000016b)
	value		50001c31
ARR 50001c31 (sz=40, trace=300000, nelems=20, elem type=char[])
ARR 50001c32 (sz=42, trace=300000, nelems=21, elem type=char[])
ARR 50001c33 (sz=30, trace=300000, nelems=15, elem type=char[])
OBJ 50001c34 (sz=24, trace=300000, class=sun.misc.MetaIndex@50000041)
	contents	50001c38
OBJ 50001c35 (sz=32, trace=300000, class=java.io.File@50000119)
	path		50001c36
OBJ 50001c36 (sz=24, trace=300000, class=java.lang.String@5000016b)
	value		50001c37
ARR 50001c37 (sz=102, trace=300000, nelems=51, elem type=char[])
ARR 50001c38 (sz=24, trace=300000, nelems=2, elem type=java.lang.String[]@500000b4)
	[0]		50001c39
	[1]		50001c3a
OBJ 50001c39 (sz=24, trace=300000, class=java.lang.String@5000016b)
	value		50001c3c
OBJ 50001c3a (sz=24, trace=300000, class=java.lang.String@5000016b)
	value		50001c3b
ARR 50001c3b (sz=14, trace=300000, nelems=7, elem type=char[])
ARR 50001c3c (sz=126, trace=300000, nelems=63, elem type=char[])
ARR 50001c3d (sz=32, trace=300000, nelems=3, elem type=java.lang.String[]@500000b4)
	[0]		50000438
	[1]		5000043a
	[2]		5000043c
OBJ 50001c3e (sz=32, trace=300000, class=java.util.HashMap$Node@500000b1)
	key		50001c49
	value		50001c48
OBJ 50001c3f (sz=24, trace=300000, class=sun.misc.MetaIndex@50000041)
	contents	50001c43
OBJ 50001c40 (sz=32, trace=300000, class=java.io.File@50000119)
	path		50001c41
OBJ 50001c41 (sz=24, trace=300000, class=java.lang.String@5000016b)
	value		50001c42
ARR 50001c42 (sz=112, trace=300000, nelems=56, elem type=char[])
ARR 50001c43 (sz=24, trace=300000, nelems=2, elem type=java.lang.String[]@500000b4)
	[0]		50001c44
	[1]		50001c45
OBJ 50001c44 (sz=24, trace=300000, class=java.lang.String@5000016b)
	value		50001c47
OBJ 50001c45 (sz=24, trace=300000, class=java.lang.String@5000016b)
	value		50001c46
ARR 50001c46 (sz=16, trace=300000, nelems=8, elem type=char[])
ARR 50001c47 (sz=16, trace=300000, nelems=8, elem type=char[])
OBJ 50001c48 (sz=24, trace=300000, class=sun.misc.MetaIndex@50000041)
	contents	50001c4c
OBJ 50001c49 (sz=32, trace=300000, class=java.io.File@50000119)
	path		50001c4a
OBJ 50001c4a (sz=24, trace=300000, class=java.lang.String@5000016b)
	value		50001c4b
ARR 50001c4b (sz=106, trace=300000, nelems=53, elem type=char[])
ARR 50001c4c (sz=32, trace=300000, nelems=3, elem type=java.lang.String[]@500000b4)
	[0]		50001c4d
	[1]		50001c4e
	[2]		50001c4f
OBJ 50001c4d (sz=24, trace=300000, class=java.lang.String@5000016b)
	value		50001c52
OBJ 50001c4e (sz=24, trace=300000, class=java.lang.String@5000016b)
	value		50001c51
OBJ 50001c4f (sz=24, trace=300000, class=java.lang.String@5000016b)
	value		50001c50
ARR 50001c50 (sz=24, trace=300000, nelems=12, elem type=char[])
ARR 50001c51 (sz=100, trace=300000, nelems=50, elem type=char[])
ARR 50001c52 (sz=22, trace=300000, nelems=11, elem type=char[])
OBJ 50001c53 (sz=24, trace=300000, class=sun.misc.MetaIndex@50000041)
	contents	50001c57
OBJ 50001c54 (sz=32, trace=300000, class=java.io.File@50000119)
	path		50001c55
OBJ 50001c55 (sz=24, trace=300000, class=java.lang.String@5000016b)
	value		50001c56
ARR 50001c56 (sz=110, trace=300000, nelems=55, elem type=char[])
ARR 50001c57 (sz=32, trace=300000, nelems=3, elem type=java.lang.String[]@500000b4)
	[0]		50001c58
	[1]		50001c59
	[2]		50001c5a
OBJ 50001c58 (sz=24, trace=300000, class=java.lang.String@5000016b)
	value		50001c5d
OBJ 50001c59 (sz=24, trace=300000, class=java.lang.String@5000016b)
	value		50001c5c
OBJ 50001c5a (sz=24, trace=300000, class=java.lang.String@5000016b)
	value		50001c5b
ARR 50001c5b (sz=40, trace=300000, nelems=20, elem type=char[])
ARR 50001c5c (sz=42, trace=300000, nelems=21, elem type=char[])
ARR 50001c5d (sz=24, trace=300000, nelems=12, elem type=char[])
OBJ 50001c5e (sz=32, trace=300000, class=java.util.HashMap$Node@500000b1)
	key		50001c69
	value		50001c68
	next		5000041e
OBJ 50001c5f (sz=24, trace=300000, class=sun.misc.MetaIndex@50000041)
	contents	50001c63
OBJ 50001c60 (sz=32, trace=300000, class=java.io.File@50000119)
	path		50001c61
OBJ 50001c61 (sz=24, trace=300000, class=java.lang.String@5000016b)
	value		50001c62
ARR 50001c62 (sz=102, trace=300000, nelems=51, elem type=char[])
ARR 50001c63 (sz=24, trace=300000, nelems=2, elem type=java.lang.String[]@500000b4)
	[0]		50001c64
	[1]		50001c65
OBJ 50001c64 (sz=24, trace=300000, class=java.lang.String@5000016b)
	value		50001c67
OBJ 50001c65 (sz=24, trace=300000, class=java.lang.String@5000016b)
	value		50001c66
ARR 50001c66 (sz=24, trace=300000, nelems=12, elem type=char[])
ARR 50001c67 (sz=108, trace=300000, nelems=54, elem type=char[])
OBJ 50001c68 (sz=24, trace=300000, class=sun.misc.MetaIndex@50000041)
	contents	50001c6c
OBJ 50001c69 (sz=32, trace=300000, class=java.io.File@50000119)
	path		50001c6a
OBJ 50001c6a (sz=24, trace=300000, class=java.lang.String@5000016b)
	value		50001c6b
ARR 50001c6b (sz=102, trace=300000, nelems=51, elem type=char[])
ARR 50001c6c (sz=128, trace=300000, nelems=28, elem type=java.lang.String[]@500000b4)
	[0]		50001c6d
	[1]		50001c6e
	[2]		50001c6f
	[3]		50001c70
	[4]		50001c71
	[5]		50001c72
	[6]		50001c73
	[7]		50001c74
	[8]		50001c75
	[9]		50001c76
	[10]		50001c77
	[11]		50001c78
	[12]		50001c79
	[13]		50001c7a
	[14]		50001c7b
	[15]		50001c7c
	[16]		50001c7d
	[17]		50001c7e
	[18]		50001c7f
	[19]		50001c80
	[20]		50001c81
	[21]		50001c82
	[22]		50001c83
	[23]		50001c84
	[24]		50001c85
	[25]		50001c86
	[26]		50001c87
	[27]		50001c88
OBJ 50001c6d (sz=24, trace=300000, class=java.lang.String@5000016b)
	value		50001ca4
OBJ 50001c6e (sz=24, trace=300000, class=java.lang.String@5000016b)
	value		50001ca3
OBJ 50001c6f (sz=24, trace=300000, class=java.lang.String@5000016b)
	value		50001ca2
OBJ 50001c70 (sz=24, trace=300000, class=java.lang.String@5000016b)
	value		50001ca1
OBJ 50001c71 (sz=24, trace=300000, class=java.lang.String@5000016b)
	value		50001ca0
OBJ 50001c72 (sz=24, trace=300000, class=java.lang.String@5000016b)
	value		50001c9f
OBJ 50001c73 (sz=24, trace=300000, class=java.lang.String@5000016b)
	value		50001c9e
OBJ 50001c74 (sz=24, trace=300000, class=java.lang.String@5000016b)
	value		50001c9d
OBJ 50001c75 (sz=24, trace=300000, class=java.lang.String@5000016b)
	value		50001c9c
OBJ 50001c76 (sz=24, trace=300000, class=java.lang.String@5000016b)
	value		50001c9b
OBJ 50001c77 (sz=24, trace=300000, class=java.lang.String@5000016b)
	value		50001c9a
OBJ 50001c78 (sz=24, trace=300000, class=java.lang.String@5000016b)
	value		50001c99
OBJ 50001c79 (sz=24, trace=300000, class=java.lang.String@5000016b)
	value		50001c98
OBJ 50001c7a (sz=24, trace=300000, class=java.lang.String@5000016b)
	value		50001c97
OBJ 50001c7b (sz=24, trace=300000, class=java.lang.String@5000016b)
	value		50001c96
OBJ 50001c7c (sz=24, trace=300000, class=java.lang.String@5000016b)
	value		50001c95
OBJ 50001c7d (sz=24, trace=300000, class=java.lang.String@5000016b)
	value		50001c94
OBJ 50001c7e (sz=24, trace=300000, class=java.lang.String@5000016b)
	value		50001c93
OBJ 50001c7f (sz=24, trace=300000, class=java.lang.String@5000016b)
	value		50001c92
OBJ 50001c80 (sz=24, trace=300000, class=java.lang.String@5000016b)
	value		50001c91
OBJ 50001c81 (sz=24, trace=300000, class=java.lang.String@5000016b)
	value		50001c90
OBJ 50001c82 (sz=24, trace=300000, class=java.lang.String@5000016b)
	value		50001c8f
OBJ 50001c83 (sz=24, trace=300000, class=java.lang.String@5000016b)
	value		50001c8e
OBJ 50001c84 (sz=24, trace=300000, class=java.lang.String@5000016b)
	value		50001c8d
OBJ 50001c85 (sz=24, trace=300000, class=java.lang.String@5000016b)
	value		50001c8c
OBJ 50001c86 (sz=24, trace=300000, class=java.lang.String@5000016b)
	value		50001c8b
OBJ 50001c87 (sz=24, trace=300000, class=java.lang.String@5000016b)
	value		50001c8a
OBJ 50001c88 (sz=24, trace=300000, class=java.lang.String@5000016b)
	value		50001c89
ARR 50001c89 (sz=40, trace=300000, nelems=20, elem type=char[])
ARR 50001c8a (sz=24, trace=300000, nelems=12, elem type=char[])
ARR 50001c8b (sz=26, trace=300000, nelems=13, elem type=char[])
ARR 50001c8c (sz=26, trace=300000, nelems=13, elem type=char[])
ARR 50001c8d (sz=26, trace=300000, nelems=13, elem type=char[])
ARR 50001c8e (sz=32, trace=300000, nelems=16, elem type=char[])
ARR 50001c8f (sz=24, trace=300000, nelems=12, elem type=char[])
ARR 50001c90 (sz=26, trace=300000, nelems=13, elem type=char[])
ARR 50001c91 (sz=38, trace=300000, nelems=19, elem type=char[])
ARR 50001c92 (sz=22, trace=300000, nelems=11, elem type=char[])
ARR 50001c93 (sz=36, trace=300000, nelems=18, elem type=char[])
ARR 50001c94 (sz=38, trace=300000, nelems=19, elem type=char[])
ARR 50001c95 (sz=26, trace=300000, nelems=13, elem type=char[])
ARR 50001c96 (sz=38, trace=300000, nelems=19, elem type=char[])
ARR 50001c97 (sz=34, trace=300000, nelems=17, elem type=char[])
ARR 50001c98 (sz=30, trace=300000, nelems=15, elem type=char[])
ARR 50001c99 (sz=34, trace=300000, nelems=17, elem type=char[])
ARR 50001c9a (sz=28, trace=300000, nelems=14, elem type=char[])
ARR 50001c9b (sz=30, trace=300000, nelems=15, elem type=char[])
ARR 50001c9c (sz=38, trace=300000, nelems=19, elem type=char[])
ARR 50001c9d (sz=54, trace=300000, nelems=27, elem type=char[])
ARR 50001c9e (sz=46, trace=300000, nelems=23, elem type=char[])
ARR 50001c9f (sz=30, trace=300000, nelems=15, elem type=char[])
ARR 50001ca0 (sz=40, trace=300000, nelems=20, elem type=char[])
ARR 50001ca1 (sz=34, trace=300000, nelems=17, elem type=char[])
ARR 50001ca2 (sz=42, trace=300000, nelems=21, elem type=char[])
ARR 50001ca3 (sz=66, trace=300000, nelems=33, elem type=char[])
ARR 50001ca4 (sz=38, trace=300000, nelems=19, elem type=char[])
ARR 50001ca5 (sz=24, trace=300000, nelems=2, elem type=java.lang.String[]@500000b4)
	[0]		5000040e
	[1]		50000411
ARR 50001ca6 (sz=152, trace=300000, nelems=33, elem type=java.lang.String[]@500000b4)
	[0]		50000462
	[1]		50000464
	[2]		50000466
	[3]		50000468
	[4]		5000046a
	[5]		5000046c
	[6]		5000046e
	[7]		50000470
	[8]		50000472
	[9]		50000474
	[10]		50000476
	[11]		50000479
	[12]		5000047b
	[13]		5000047d
	[14]		5000047f
	[15]		50000481
	[16]		50000484
	[17]		50000486
	[18]		50000488
	[19]		5000048a
	[20]		5000048c
	[21]		5000048e
	[22]		50000490
	[23]		50000493
	[24]		50000495
	[25]		50000497
	[26]		50000499
	[27]		5000049b
	[28]		5000049d
	[29]		5000049f
	[30]		500004a1
	[31]		500004a3
	[32]		500004a5
ARR 50001ca7 (sz=16, trace=300000, nelems=0, elem type=java.lang.Object[]@50000106)
ARR 50001ca8 (sz=16, trace=300000, nelems=0, elem type=java.lang.Object[]@50000106)
ARR 50001ca9 (sz=26, trace=300000, nelems=13, elem type=char[])
ARR 50001caa (sz=20, trace=300000, nelems=10, elem type=char[])
ARR 50001cab (sz=12, trace=300000, nelems=6, elem type=char[])
ARR 50001cac (sz=22, trace=300000, nelems=11, elem type=char[])
ARR 50001cad (sz=16, trace=300000, nelems=0, elem type=java.lang.Throwable[]@500000fe)
OBJ 50001cae (sz=24, trace=300000, class=java.lang.String@5000016b)
	value		50001cb8
OBJ 50001caf (sz=24, trace=300000, class=java.lang.String@5000016b)
	value		50001cb7
OBJ 50001cb0 (sz=24, trace=300000, class=java.lang.String@5000016b)
	value		50001cb6
OBJ 50001cb1 (sz=24, trace=300000, class=java.lang.String@5000016b)
	value		50001cb5
OBJ 50001cb2 (sz=24, trace=300000, class=java.util.Collections$UnmodifiableRandomAccessList@500000b6)
	c		50001cb4
	list		50001cb4
ARR 50001cb3 (sz=16, trace=300000, nelems=0, elem type=java.lang.StackTraceElement[]@500000f2)
OBJ 50001cb4 (sz=24, trace=300000, class=java.util.ArrayList@500000b9)
	elementData	50001ca8
ARR 50001cb5 (sz=66, trace=300000, nelems=33, elem type=char[])
ARR 50001cb6 (sz=60, trace=300000, nelems=30, elem type=char[])
ARR 50001cb7 (sz=22, trace=300000, nelems=11, elem type=char[])
ARR 50001cb8 (sz=24, trace=300000, nelems=12, elem type=char[])
ARR 50001cb9 (sz=6, trace=300000, nelems=3, elem type=char[])
ARR 50001cba (sz=4, trace=300000, nelems=2, elem type=char[])
OBJ 50001cbb (sz=24, trace=300000, class=java.lang.String@5000016b)
	value		50001cbc
ARR 50001cbc (sz=4, trace=300000, nelems=2, elem type=char[])
ARR 50001cbd (sz=80, trace=300000, nelems=40, elem type=char[])
ARR 50001cbe (sz=76, trace=300000, nelems=38, elem type=char[])
ARR 50001cbf (sz=54, trace=300000, nelems=27, elem type=char[])
ARR 50001cc0 (sz=62, trace=300000, nelems=31, elem type=char[])
ARR 50001cc1 (sz=24, trace=300000, nelems=12, elem type=char[])
OBJ 50001cc2 (sz=16, trace=300000, class=java.lang.Object@5000016f)
OBJ 50001cc3 (sz=24, trace=300000, class=java.lang.String@5000016b)
	value		50001cc4
ARR 50001cc4 (sz=6, trace=300000, nelems=3, elem type=char[])
ARR 50001cc5 (sz=56, trace=300000, nelems=28, elem type=char[])
ARR 50001cc6 (sz=12, trace=300000, nelems=6, elem type=char[])
OBJ 50001cc7 (sz=16, trace=300000, class=java.util.HashSet@50000005)
	map		50001cc8
OBJ 50001cc8 (sz=48, trace=300000, class=java.util.HashMap@500000b2)
OBJ 50001cc9 (sz=16, trace=300000, class=java.lang.Object@5000016f)
ARR 50001cca (sz=56, trace=300000, nelems=0, elem type=java.lang.Object[]@50000106)
OBJ 50001ccb (sz=16, trace=300000, class=sun.net.www.protocol.jar.Handler@50000003)
OBJ 50001ccc (sz=48, trace=300000, class=java.util.HashMap@500000b2)
	table		500007e6
OBJ 50001ccd (sz=24, trace=300000, class=java.util.ArrayList@500000b9)
	elementData	50000977
OBJ 50001cce (sz=32, trace=300000, class=java.util.Stack@500000e0)
	elementData	50001cf5
OBJ 50001ccf (sz=24, trace=300000, class=java.util.ArrayList@500000b9)
	elementData	50001cd0
ARR 50001cd0 (sz=80, trace=300000, nelems=12, elem type=java.lang.Object[]@50000106)
	[0]		50001cd1
	[1]		50001cd2
	[2]		50001cd3
	[3]		50001cd4
	[4]		50001cd5
	[5]		50001cd6
	[6]		50001cd7
	[7]		50001cd8
	[8]		50001cd9
	[9]		50001cda
	[10]		50001cdb
	[11]		50001cdc
OBJ 50001cd1 (sz=64, trace=300000, class=java.net.URL@50000117)
	protocol	50001761
	host		500013fe
	file		50001cf3
	authority	500013fe
	path		50001cf3
	handler		50001760
OBJ 50001cd2 (sz=64, trace=300000, class=java.net.URL@50000117)
	protocol	50001761
	host		500013fe
	file		50001cf1
	authority	500013fe
	path		50001cf1
	handler		50001760
OBJ 50001cd3 (sz=64, trace=300000, class=java.net.URL@50000117)
	protocol	50001761
	host		500013fe
	file		50001cef
	authority	500013fe
	path		50001cef
	handler		50001760
OBJ 50001cd4 (sz=64, trace=300000, class=java.net.URL@50000117)
	protocol	50001761
	host		500013fe
	file		50001ced
	authority	500013fe
	path		50001ced
	handler		50001760
OBJ 50001cd5 (sz=64, trace=300000, class=java.net.URL@50000117)
	protocol	50001761
	host		500013fe
	file		50001ceb
	authority	500013fe
	path		50001ceb
	handler		50001760
OBJ 50001cd6 (sz=64, trace=300000, class=java.net.URL@50000117)
	protocol	50001761
	host		500013fe
	file		50001ce9
	authority	500013fe
	path		50001ce9
	handler		50001760
OBJ 50001cd7 (sz=64, trace=300000, class=java.net.URL@50000117)
	protocol	50001761
	host		500013fe
	file		50001ce7
	authority	500013fe
	path		50001ce7
	handler		50001760
OBJ 50001cd8 (sz=64, trace=300000, class=java.net.URL@50000117)
	protocol	50001761
	host		500013fe
	file		50001ce5
	authority	500013fe
	path		50001ce5
	handler		50001760
OBJ 50001cd9 (sz=64, trace=300000, class=java.net.URL@50000117)
	protocol	50001761
	host		500013fe
	file		50001ce3
	authority	500013fe
	path		50001ce3
	handler		50001760
OBJ 50001cda (sz=64, trace=300000, class=java.net.URL@50000117)
	protocol	50001761
	host		500013fe
	file		50001ce1
	authority	500013fe
	path		50001ce1
	handler		50001760
OBJ 50001cdb (sz=64, trace=300000, class=java.net.URL@50000117)
	protocol	50001761
	host		500013fe
	file		50001cdf
	authority	500013fe
	path		50001cdf
	handler		50001760
OBJ 50001cdc (sz=64, trace=300000, class=java.net.URL@50000117)
	protocol	50001761
	host		500013fe
	file		50001cdd
	authority	500013fe
	path		50001cdd
	handler		50001760
OBJ 50001cdd (sz=24, trace=300000, class=java.lang.String@5000016b)
	value		50001cde
ARR 50001cde (sz=108, trace=300000, nelems=54, elem type=char[])
OBJ 50001cdf (sz=24, trace=300000, class=java.lang.String@5000016b)
	value		50001ce0
ARR 50001ce0 (sz=116, trace=300000, nelems=58, elem type=char[])
OBJ 50001ce1 (sz=24, trace=300000, class=java.lang.String@5000016b)
	value		50001ce2
ARR 50001ce2 (sz=116, trace=300000, nelems=58, elem type=char[])
OBJ 50001ce3 (sz=24, trace=300000, class=java.lang.String@5000016b)
	value		50001ce4
ARR 50001ce4 (sz=128, trace=300000, nelems=64, elem type=char[])
OBJ 50001ce5 (sz=24, trace=300000, class=java.lang.String@5000016b)
	value		50001ce6
ARR 50001ce6 (sz=108, trace=300000, nelems=54, elem type=char[])
OBJ 50001ce7 (sz=24, trace=300000, class=java.lang.String@5000016b)
	value		50001ce8
ARR 50001ce8 (sz=112, trace=300000, nelems=56, elem type=char[])
OBJ 50001ce9 (sz=24, trace=300000, class=java.lang.String@5000016b)
	value		50001cea
ARR 50001cea (sz=118, trace=300000, nelems=59, elem type=char[])
OBJ 50001ceb (sz=24, trace=300000, class=java.lang.String@5000016b)
	value		50001cec
ARR 50001cec (sz=108, trace=300000, nelems=54, elem type=char[])
OBJ 50001ced (sz=24, trace=300000, class=java.lang.String@5000016b)
	value		50001cee
ARR 50001cee (sz=112, trace=300000, nelems=56, elem type=char[])
OBJ 50001cef (sz=24, trace=300000, class=java.lang.String@5000016b)
	value		50001cf0
ARR 50001cf0 (sz=108, trace=300000, nelems=54, elem type=char[])
OBJ 50001cf1 (sz=24, trace=300000, class=java.lang.String@5000016b)
	value		50001cf2
ARR 50001cf2 (sz=114, trace=300000, nelems=57, elem type=char[])
OBJ 50001cf3 (sz=24, trace=300000, class=java.lang.String@5000016b)
	value		50001cf4
ARR 50001cf4 (sz=130, trace=300000, nelems=65, elem type=char[])
ARR 50001cf5 (sz=96, trace=300000, nelems=0, elem type=java.lang.Object[]@50000106)
OBJ 50001cf6 (sz=32, trace=300000, class=java.lang.ref.ReferenceQueue@500000da)
	lock		50001cf8
ARR 50001cf7 (sz=80, trace=300000, nelems=0, elem type=java.util.WeakHashMap$Entry[]@50000049)
OBJ 50001cf8 (sz=16, trace=300000, class=java.lang.ref.ReferenceQueue$Lock@500000d8)
OBJ 50001cf9 (sz=24, trace=300000, class=java.lang.String@5000016b)
	value		50001d02
OBJ 50001cfa (sz=24, trace=300000, class=java.lang.String@5000016b)
	value		50001d01
OBJ 50001cfb (sz=24, trace=300000, class=java.lang.String@5000016b)
	value		50001d00
OBJ 50001cfc (sz=16, trace=300000, class=sun.misc.Launcher@50000115)
	loader		500012fb
OBJ 50001cfd (sz=16, trace=300000, class=sun.misc.Launcher$Factory@5000004f)
OBJ 50001cfe (sz=24, trace=300000, class=java.lang.String@5000016b)
	value		50001cff
ARR 50001cff (sz=30, trace=300000, nelems=15, elem type=char[])
ARR 50001d00 (sz=38, trace=300000, nelems=19, elem type=char[])
ARR 50001d01 (sz=42, trace=300000, nelems=21, elem type=char[])
ARR 50001d02 (sz=26, trace=300000, nelems=13, elem type=char[])
ARR 50001d03 (sz=56, trace=300000, nelems=0, elem type=java.lang.Object[]@50000106)
OBJ 50001d04 (sz=16, trace=300000, class=java.security.ProtectionDomain$Key@50000008)
	this$0		500015f7
ARR 50001d05 (sz=16, trace=300000, nelems=0, elem type=java.security.Principal[]@50000006)
OBJ 50001d06 (sz=32, trace=300000, class=java.security.CodeSource@50000112)
OBJ 50001d07 (sz=16, trace=300000, class=java.util.HashSet@50000005)
	map		50001d08
OBJ 50001d08 (sz=48, trace=300000, class=java.util.HashMap@500000b2)
ARR 50001d09 (sz=56, trace=300000, nelems=0, elem type=java.lang.Object[]@50000106)
OBJ 50001d0a (sz=16, trace=300000, class=sun.net.www.protocol.jar.Handler@50000003)
OBJ 50001d0b (sz=48, trace=300000, class=java.util.HashMap@500000b2)
	table		50000a25
OBJ 50001d0c (sz=24, trace=300000, class=java.util.ArrayList@500000b9)
	elementData	50000a24
OBJ 50001d0d (sz=32, trace=300000, class=java.util.Stack@500000e0)
	elementData	50001d13
OBJ 50001d0e (sz=24, trace=300000, class=java.util.ArrayList@500000b9)
	elementData	50001d0f
ARR 50001d0f (sz=56, trace=300000, nelems=1, elem type=java.lang.Object[]@50000106)
	[0]		50001d10
OBJ 50001d10 (sz=64, trace=300000, class=java.net.URL@50000117)
	protocol	50001761
	host		500013fe
	file		50001d11
	authority	500013fe
	path		50001d11
	handler		50001760
OBJ 50001d11 (sz=24, trace=300000, class=java.lang.String@5000016b)
	value		50001d12
ARR 50001d12 (sz=78, trace=300000, nelems=39, elem type=char[])
ARR 50001d13 (sz=56, trace=300000, nelems=0, elem type=java.lang.Object[]@50000106)
OBJ 50001d14 (sz=32, trace=300000, class=java.lang.ref.ReferenceQueue@500000da)
	lock		50001d16
ARR 50001d15 (sz=80, trace=300000, nelems=0, elem type=java.util.WeakHashMap$Entry[]@50000049)
OBJ 50001d16 (sz=16, trace=300000, class=java.lang.ref.ReferenceQueue$Lock@500000d8)
ARR 50001d17 (sz=56, trace=300000, nelems=1, elem type=java.lang.Object[]@50000106)
	[0]		50001498
ARR 50001d18 (sz=56, trace=300000, nelems=1, elem type=java.lang.Object[]@50000106)
	[0]		50001d19
OBJ 50001d19 (sz=40, trace=300000, class=java.lang.ClassLoader$NativeLibrary@50000060)
	fromClass	50000164
	name		50001498
ARR 50001d1a (sz=56, trace=300000, nelems=0, elem type=java.lang.Object[]@50000106)
OBJ 50001d1b (sz=24, trace=300000, class=java.lang.String@5000016b)
	value		50001d62
OBJ 50001d1c (sz=24, trace=300000, class=java.lang.String@5000016b)
	value		50001d61
OBJ 50001d1d (sz=24, trace=300000, class=java.lang.String@5000016b)
	value		50001d60
OBJ 50001d1e (sz=24, trace=300000, class=java.lang.String@5000016b)
	value		50001d5f
OBJ 50001d1f (sz=24, trace=300000, class=java.lang.String@5000016b)
	value		50001d5e
OBJ 50001d20 (sz=24, trace=300000, class=java.lang.String@5000016b)
	value		50001d5d
OBJ 50001d21 (sz=24, trace=300000, class=java.lang.String@5000016b)
	value		50001d5c
OBJ 50001d22 (sz=24, trace=300000, class=java.lang.String@5000016b)
	value		50001d5b
OBJ 50001d23 (sz=24, trace=300000, class=java.lang.String@5000016b)
	value		50001d5a
OBJ 50001d24 (sz=24, trace=300000, class=java.lang.String@5000016b)
	value		50001d59
OBJ 50001d25 (sz=24, trace=300000, class=java.lang.String@5000016b)
	value		50001d58
OBJ 50001d26 (sz=24, trace=300000, class=java.lang.String@5000016b)
	value		50001d57
OBJ 50001d27 (sz=24, trace=300000, class=java.lang.String@5000016b)
	value		50001d56
OBJ 50001d28 (sz=24, trace=300000, class=java.lang.String@5000016b)
	value		50001d55
OBJ 50001d29 (sz=24, trace=300000, class=java.lang.String@5000016b)
	value		50001d54
OBJ 50001d2a (sz=24, trace=300000, class=java.lang.String@5000016b)
	value		50001d53
OBJ 50001d2b (sz=24, trace=300000, class=java.lang.String@5000016b)
	value		50001d52
OBJ 50001d2c (sz=24, trace=300000, class=java.lang.String@5000016b)
	value		50001d51
OBJ 50001d2d (sz=24, trace=300000, class=java.lang.String@5000016b)
	value		50001d50
OBJ 50001d2e (sz=24, trace=300000, class=java.lang.String@5000016b)
	value		50001d4f
OBJ 50001d2f (sz=24, trace=300000, class=java.lang.String@5000016b)
	value		50001d4e
OBJ 50001d30 (sz=24, trace=300000, class=java.lang.String@5000016b)
	value		50001d4d
OBJ 50001d31 (sz=24, trace=300000, class=java.lang.String@5000016b)
	value		50001d4c
OBJ 50001d32 (sz=24, trace=300000, class=java.lang.String@5000016b)
	value		50001d4b
OBJ 50001d33 (sz=24, trace=300000, class=java.lang.String@5000016b)
	value		50001d4a
OBJ 50001d34 (sz=24, trace=300000, class=java.lang.String@5000016b)
	value		50001d49
OBJ 50001d35 (sz=24, trace=300000, class=java.lang.String@5000016b)
	value		50001d48
OBJ 50001d36 (sz=24, trace=300000, class=java.lang.String@5000016b)
	value		50001d47
OBJ 50001d37 (sz=24, trace=300000, class=java.lang.String@5000016b)
	value		50001d46
OBJ 50001d38 (sz=24, trace=300000, class=java.lang.String@5000016b)
	value		50001d45
OBJ 50001d39 (sz=24, trace=300000, class=java.lang.String@5000016b)
	value		50001d44
OBJ 50001d3a (sz=24, trace=300000, class=java.lang.String@5000016b)
	value		50001d43
OBJ 50001d3b (sz=24, trace=300000, class=java.lang.String@5000016b)
	value		50001d42
OBJ 50001d3c (sz=24, trace=300000, class=java.lang.String@5000016b)
	value		50001d41
OBJ 50001d3d (sz=24, trace=300000, class=java.lang.String@5000016b)
	value		50001d40
OBJ 50001d3e (sz=24, trace=300000, class=java.lang.String@5000016b)
	value		50001d3f
ARR 50001d3f (sz=2, trace=300000, nelems=1, elem type=char[])
ARR 50001d40 (sz=76, trace=300000, nelems=38, elem type=char[])
ARR 50001d41 (sz=56, trace=300000, nelems=28, elem type=char[])
ARR 50001d42 (sz=106, trace=300000, nelems=53, elem type=char[])
ARR 50001d43 (sz=72, trace=300000, nelems=36, elem type=char[])
ARR 50001d44 (sz=98, trace=300000, nelems=49, elem type=char[])
ARR 50001d45 (sz=136, trace=300000, nelems=68, elem type=char[])
ARR 50001d46 (sz=86, trace=300000, nelems=43, elem type=char[])
ARR 50001d47 (sz=48, trace=300000, nelems=24, elem type=char[])
ARR 50001d48 (sz=20, trace=300000, nelems=10, elem type=char[])
ARR 50001d49 (sz=38, trace=300000, nelems=19, elem type=char[])
ARR 50001d4a (sz=64, trace=300000, nelems=32, elem type=char[])
ARR 50001d4b (sz=78, trace=300000, nelems=39, elem type=char[])
ARR 50001d4c (sz=48, trace=300000, nelems=24, elem type=char[])
ARR 50001d4d (sz=84, trace=300000, nelems=42, elem type=char[])
ARR 50001d4e (sz=70, trace=300000, nelems=35, elem type=char[])
ARR 50001d4f (sz=74, trace=300000, nelems=37, elem type=char[])
ARR 50001d50 (sz=74, trace=300000, nelems=37, elem type=char[])
ARR 50001d51 (sz=74, trace=300000, nelems=37, elem type=char[])
ARR 50001d52 (sz=140, trace=300000, nelems=70, elem type=char[])
ARR 50001d53 (sz=140, trace=300000, nelems=70, elem type=char[])
ARR 50001d54 (sz=128, trace=300000, nelems=64, elem type=char[])
ARR 50001d55 (sz=128, trace=300000, nelems=64, elem type=char[])
ARR 50001d56 (sz=86, trace=300000, nelems=43, elem type=char[])
ARR 50001d57 (sz=48, trace=300000, nelems=24, elem type=char[])
ARR 50001d58 (sz=20, trace=300000, nelems=10, elem type=char[])
ARR 50001d59 (sz=38, trace=300000, nelems=19, elem type=char[])
ARR 50001d5a (sz=70, trace=300000, nelems=35, elem type=char[])
ARR 50001d5b (sz=82, trace=300000, nelems=41, elem type=char[])
ARR 50001d5c (sz=70, trace=300000, nelems=35, elem type=char[])
ARR 50001d5d (sz=38, trace=300000, nelems=19, elem type=char[])
ARR 50001d5e (sz=24, trace=300000, nelems=12, elem type=char[])
ARR 50001d5f (sz=20, trace=300000, nelems=10, elem type=char[])
ARR 50001d60 (sz=38, trace=300000, nelems=19, elem type=char[])
ARR 50001d61 (sz=46, trace=300000, nelems=23, elem type=char[])
ARR 50001d62 (sz=70, trace=300000, nelems=35, elem type=char[])
OBJ 50001d63 (sz=24, trace=300000, class=java.lang.String@5000016b)
	value		50001d64
ARR 50001d64 (sz=48, trace=300000, nelems=24, elem type=char[])
OBJ 50001d65 (sz=24, trace=300000, class=java.util.Collections$SetFromMap@50000048)
	m		50001d67
	s		50001d66
OBJ 50001d66 (sz=16, trace=300000, class=java.util.WeakHashMap$KeySet@50000047)
	this$0		50001d67
OBJ 50001d67 (sz=48, trace=300000, class=java.util.WeakHashMap@5000009b)
	keySet		50001d66
	table		50001d69
	queue		50001d68
OBJ 50001d68 (sz=32, trace=300000, class=java.lang.ref.ReferenceQueue@500000da)
	lock		50001d6e
ARR 50001d69 (sz=80, trace=300000, nelems=10, elem type=java.util.WeakHashMap$Entry[]@50000049)
	[1]		50001d6a
	[4]		50001d6b
	[6]		50001d6c
	[9]		50001d6d
OBJ 50001d6a (sz=40, trace=300000, class=java.util.WeakHashMap$Entry@5000004c)
	referent	50000114
	queue		50001d68
	value		500015df
OBJ 50001d6b (sz=40, trace=300000, class=java.util.WeakHashMap$Entry@5000004c)
	referent	50000113
	queue		50001d68
	value		500015df
OBJ 50001d6c (sz=40, trace=300000, class=java.util.WeakHashMap$Entry@5000004c)
	referent	50000118
	queue		50001d68
	value		500015df
	next		50001d6f
OBJ 50001d6d (sz=40, trace=300000, class=java.util.WeakHashMap$Entry@5000004c)
	referent	50000165
	queue		50001d68
	value		500015df
OBJ 50001d6e (sz=16, trace=300000, class=java.lang.ref.ReferenceQueue$Lock@500000d8)
OBJ 50001d6f (sz=40, trace=300000, class=java.util.WeakHashMap$Entry@5000004c)
	referent	5000015b
	queue		50001d68
	value		500015df
ARR 50001d70 (sz=42, trace=300000, nelems=21, elem type=char[])
ARR 50001d71 (sz=34, trace=300000, nelems=17, elem type=char[])
ARR 50001d72 (sz=58, trace=300000, nelems=29, elem type=char[])
ARR 50001d73 (sz=54, trace=300000, nelems=27, elem type=char[])
ARR 50001d74 (sz=74, trace=300000, nelems=37, elem type=char[])
ARR 50001d75 (sz=44, trace=300000, nelems=22, elem type=char[])
ARR 50001d76 (sz=4, trace=300000, nelems=2, elem type=char[])
ARR 50001d77 (sz=18, trace=300000, nelems=9, elem type=char[])
OBJ 50001d78 (sz=24, trace=300000, class=java.lang.String@5000016b)
	value		50001d7d
OBJ 50001d79 (sz=24, trace=300000, class=java.lang.String@5000016b)
	value		50001d7c
OBJ 50001d7a (sz=24, trace=300000, class=java.lang.String@5000016b)
	value		50001d7b
ARR 50001d7b (sz=28, trace=300000, nelems=14, elem type=char[])
ARR 50001d7c (sz=28, trace=300000, nelems=14, elem type=char[])
ARR 50001d7d (sz=28, trace=300000, nelems=14, elem type=char[])
OBJ 50001d7e (sz=24, trace=300000, class=java.lang.String@5000016b)
	value		50001d7f
ARR 50001d7f (sz=40, trace=300000, nelems=20, elem type=char[])
ARR 50001d80 (sz=10, trace=300000, nelems=5, elem type=char[])
OBJ 50001d81 (sz=64, trace=300000, class=java.io.ExpiringCache$1@5000006a)
	table		50001d83
	head		50001d82
	tail		50000546
	this$0		50001425
OBJ 50001d82 (sz=40, trace=300000, class=java.util.LinkedHashMap$Entry@50000061)
	key		50001d86
	value		50001d85
	after		50001d84
ARR 50001d83 (sz=80, trace=300000, nelems=15, elem type=java.util.HashMap$Node[]@500000b0)
	[8]		50000546
	[11]		50001d84
	[14]		50001d82
OBJ 50001d84 (sz=40, trace=300000, class=java.util.LinkedHashMap$Entry@50000061)
	key		50001d8b
	value		50001d8a
	before		50001d82
	after		50000546
OBJ 50001d85 (sz=24, trace=300000, class=java.io.ExpiringCache$Entry@50000062)
	val		50001d88
OBJ 50001d86 (sz=24, trace=300000, class=java.lang.String@5000016b)
	value		50001d87
ARR 50001d87 (sz=74, trace=300000, nelems=37, elem type=char[])
OBJ 50001d88 (sz=24, trace=300000, class=java.lang.String@5000016b)
	value		50001d89
ARR 50001d89 (sz=74, trace=300000, nelems=37, elem type=char[])
OBJ 50001d8a (sz=24, trace=300000, class=java.io.ExpiringCache$Entry@50000062)
	val		50001d8d
OBJ 50001d8b (sz=24, trace=300000, class=java.lang.String@5000016b)
	value		50001d8c
ARR 50001d8c (sz=82, trace=300000, nelems=41, elem type=char[])
OBJ 50001d8d (sz=24, trace=300000, class=java.lang.String@5000016b)
	value		50001d8e
ARR 50001d8e (sz=82, trace=300000, nelems=41, elem type=char[])
OBJ 50001d8f (sz=24, trace=300000, class=java.lang.String@5000016b)
	value		50001f5a
OBJ 50001d90 (sz=24, trace=300000, class=java.lang.String@5000016b)
	value		50001f59
OBJ 50001d91 (sz=24, trace=300000, class=java.lang.String@5000016b)
	value		50001f58
ARR 50001d92 (sz=120, trace=300000, nelems=0, elem type=java.lang.String[]@500000b4)
OBJ 50001d93 (sz=24, trace=300000, class=java.lang.String@5000016b)
	value		50001e84
OBJ 50001d94 (sz=24, trace=300000, class=java.lang.String@5000016b)
	value		50001e25
OBJ 50001d95 (sz=24, trace=300000, class=java.lang.String@5000016b)
	value		50001e55
OBJ 50001d96 (sz=24, trace=300000, class=java.lang.String@5000016b)
	value		50001e6d
OBJ 50001d97 (sz=24, trace=300000, class=java.lang.String@5000016b)
	value		50001e2d
OBJ 50001d98 (sz=24, trace=300000, class=java.lang.String@5000016b)
	value		50001e4c
OBJ 50001d99 (sz=24, trace=300000, class=java.lang.String@5000016b)
	value		50001ec4
OBJ 50001d9a (sz=24, trace=300000, class=java.lang.String@5000016b)
	value		50001e24
OBJ 50001d9b (sz=24, trace=300000, class=java.lang.String@5000016b)
	value		50001ddb
OBJ 50001d9c (sz=24, trace=300000, class=java.lang.String@5000016b)
	value		50001ebf
OBJ 50001d9d (sz=24, trace=300000, class=java.lang.String@5000016b)
	value		50001df8
OBJ 50001d9e (sz=24, trace=300000, class=java.lang.String@5000016b)
	value		50001ec2
OBJ 50001d9f (sz=24, trace=300000, class=java.lang.String@5000016b)
	value		50001e36
OBJ 50001da0 (sz=24, trace=300000, class=java.lang.String@5000016b)
	value		50001e0b
OBJ 50001da1 (sz=24, trace=300000, class=java.lang.String@5000016b)
	value		50001e02
OBJ 50001da2 (sz=24, trace=300000, class=java.lang.String@5000016b)
	value		50001ec5
OBJ 50001da3 (sz=24, trace=300000, class=java.lang.String@5000016b)
	value		50001ec1
OBJ 50001da4 (sz=24, trace=300000, class=java.lang.String@5000016b)
	value		50001f53
OBJ 50001da5 (sz=24, trace=300000, class=java.lang.String@5000016b)
	value		50001f52
OBJ 50001da6 (sz=24, trace=300000, class=java.lang.String@5000016b)
	value		50001f51
OBJ 50001da7 (sz=24, trace=300000, class=java.lang.String@5000016b)
	value		50001f50
OBJ 50001da8 (sz=24, trace=300000, class=java.lang.String@5000016b)
	value		50001f4f
OBJ 50001da9 (sz=24, trace=300000, class=java.lang.String@5000016b)
	value		50001f4e
OBJ 50001daa (sz=24, trace=300000, class=java.lang.String@5000016b)
	value		50001ec3
OBJ 50001dab (sz=24, trace=300000, class=java.lang.String@5000016b)
	value		50001e13
OBJ 50001dac (sz=24, trace=300000, class=java.lang.String@5000016b)
	value		50001df9
OBJ 50001dad (sz=24, trace=300000, class=java.lang.String@5000016b)
	value		50001ddc
OBJ 50001dae (sz=24, trace=300000, class=java.lang.String@5000016b)
	value		50001e03
OBJ 50001daf (sz=24, trace=300000, class=java.lang.String@5000016b)
	value		50001e5e
ARR 50001db0 (sz=40, trace=300000, nelems=6, elem type=java.io.ObjectStreamField[]@500000f8)
	[0]		50001eb8
	[1]		50001eb9
	[2]		50001eba
	[3]		50001ebb
	[4]		50001ebc
	[5]		50001ebd
OBJ 50001db1 (sz=32, trace=300000, class=java.util.Locale@5000002f)
	baseLocale	50001e5f
	languageTag	50000d95
OBJ 50001db2 (sz=32, trace=300000, class=java.util.Locale@5000002f)
	baseLocale	50001e8c
OBJ 50001db3 (sz=32, trace=300000, class=java.util.Locale@5000002f)
	baseLocale	50001dfa
OBJ 50001db4 (sz=32, trace=300000, class=java.util.Locale@5000002f)
	baseLocale	50001e66
OBJ 50001db5 (sz=32, trace=300000, class=java.util.Locale@5000002f)
	baseLocale	50001dda
OBJ 50001db6 (sz=32, trace=300000, class=java.util.Locale@5000002f)
	baseLocale	50001e4d
OBJ 50001db7 (sz=32, trace=300000, class=java.util.Locale@5000002f)
	baseLocale	50001e85
OBJ 50001db8 (sz=32, trace=300000, class=java.util.Locale@5000002f)
	baseLocale	50001e04
OBJ 50001db9 (sz=32, trace=300000, class=java.util.Locale@5000002f)
	baseLocale	50001e2e
OBJ 50001dba (sz=32, trace=300000, class=java.util.Locale@5000002f)
	baseLocale	50001e6e
OBJ 50001dbb (sz=32, trace=300000, class=java.util.Locale@5000002f)
	baseLocale	50001e26
OBJ 50001dbc (sz=32, trace=300000, class=java.util.Locale@5000002f)
	baseLocale	50001e56
OBJ 50001dbd (sz=32, trace=300000, class=java.util.Locale@5000002f)
	baseLocale	50001e14
OBJ 50001dbe (sz=32, trace=300000, class=java.util.Locale@5000002f)
	baseLocale	50001e75
OBJ 50001dbf (sz=32, trace=300000, class=java.util.Locale@5000002f)
	baseLocale	50001e0c
OBJ 50001dc0 (sz=32, trace=300000, class=java.util.Locale@5000002f)
	baseLocale	50001e37
OBJ 50001dc1 (sz=32, trace=300000, class=java.util.Locale@5000002f)
	baseLocale	50001e7c
OBJ 50001dc2 (sz=32, trace=300000, class=java.util.Locale@5000002f)
	baseLocale	50001e1c
OBJ 50001dc3 (sz=32, trace=300000, class=java.util.Locale@5000002f)
	baseLocale	50001e44
	languageTag	50000db7
OBJ 50001dc4 (sz=24, trace=300000, class=java.util.Locale$Cache@5000002d)
	map		50001dc6
	queue		50001dc5
OBJ 50001dc5 (sz=32, trace=300000, class=java.lang.ref.ReferenceQueue@500000da)
	lock		50001e90
OBJ 50001dc6 (sz=64, trace=300000, class=java.util.concurrent.ConcurrentHashMap@5000002b)
	table		50001dc7
ARR 50001dc7 (sz=144, trace=300000, nelems=31, elem type=java.util.concurrent.ConcurrentHashMap$Node[]@50000023)
	[0]		50001dc8
	[1]		50001dc9
	[2]		50001dca
	[4]		50001dcb
	[5]		50001dcc
	[8]		50001dcd
	[9]		50001dce
	[10]		50001dcf
	[14]		50001dd0
	[16]		50001dd1
	[20]		50001dd2
	[22]		50001dd3
	[23]		50001dd4
	[26]		50001dd5
	[27]		50001dd6
	[30]		50001dd7
OBJ 50001dc8 (sz=32, trace=300000, class=java.util.concurrent.ConcurrentHashMap$Node@50000024)
	key		50001eb5
	val		50001eb4
	next		50001eb3
OBJ 50001dc9 (sz=32, trace=300000, class=java.util.concurrent.ConcurrentHashMap$Node@50000024)
	key		50001eb2
	val		50001eb1
OBJ 50001dca (sz=32, trace=300000, class=java.util.concurrent.ConcurrentHashMap$Node@50000024)
	key		50001eb0
	val		50001eaf
OBJ 50001dcb (sz=32, trace=300000, class=java.util.concurrent.ConcurrentHashMap$Node@50000024)
	key		50001eae
	val		50001ead
OBJ 50001dcc (sz=32, trace=300000, class=java.util.concurrent.ConcurrentHashMap$Node@50000024)
	key		50001eac
	val		50001eab
OBJ 50001dcd (sz=32, trace=300000, class=java.util.concurrent.ConcurrentHashMap$Node@50000024)
	key		50001ea8
	val		50001ea7
	next		50001ea6
OBJ 50001dce (sz=32, trace=300000, class=java.util.concurrent.ConcurrentHashMap$Node@50000024)
	key		50001ea5
	val		50001ea4
OBJ 50001dcf (sz=32, trace=300000, class=java.util.concurrent.ConcurrentHashMap$Node@50000024)
	key		50001ea3
	val		50001ea2
OBJ 50001dd0 (sz=32, trace=300000, class=java.util.concurrent.ConcurrentHashMap$Node@50000024)
	key		50001ea1
	val		50001ea0
OBJ 50001dd1 (sz=32, trace=300000, class=java.util.concurrent.ConcurrentHashMap$Node@50000024)
	key		50001e9f
	val		50001e9e
OBJ 50001dd2 (sz=32, trace=300000, class=java.util.concurrent.ConcurrentHashMap$Node@50000024)
	key		50001e9d
	val		50001e9c
OBJ 50001dd3 (sz=32, trace=300000, class=java.util.concurrent.ConcurrentHashMap$Node@50000024)
	key		50001e9b
	val		50001e9a
OBJ 50001dd4 (sz=32, trace=300000, class=java.util.concurrent.ConcurrentHashMap$Node@50000024)
	key		50001e99
	val		50001e98
OBJ 50001dd5 (sz=32, trace=300000, class=java.util.concurrent.ConcurrentHashMap$Node@50000024)
	key		50001e97
	val		50001e96
OBJ 50001dd6 (sz=32, trace=300000, class=java.util.concurrent.ConcurrentHashMap$Node@50000024)
	key		50001e93
	val		50001e92
	next		50001e91
OBJ 50001dd7 (sz=32, trace=300000, class=java.util.concurrent.ConcurrentHashMap$Node@50000024)
	key		50001dd9
	val		50001dd8
OBJ 50001dd8 (sz=48, trace=300000, class=sun.util.locale.LocaleObjectCache$CacheEntry@50000019)
	referent	50001db5
	queue		50001dc5
	key		50001dd9
OBJ 50001dd9 (sz=24, trace=300000, class=java.util.Locale$LocaleKey@50000018)
	base		50001dda
OBJ 50001dda (sz=32, trace=300000, class=sun.util.locale.BaseLocale@5000001c)
	language	50001d9b
	script		500013fe
	region		50001dad
	variant		500013fe
ARR 50001ddb (sz=4, trace=300000, nelems=2, elem type=char[])
ARR 50001ddc (sz=4, trace=300000, nelems=2, elem type=char[])
OBJ 50001ddd (sz=24, trace=300000, class=java.lang.String@5000016b)
	value		50001e8f
OBJ 50001dde (sz=24, trace=300000, class=java.lang.String@5000016b)
	value		50001e8e
OBJ 50001ddf (sz=24, trace=300000, class=java.lang.String@5000016b)
	value		50001e8d
OBJ 50001de0 (sz=24, trace=300000, class=sun.util.locale.BaseLocale$Cache@5000001b)
	map		50001de4
	queue		50001de3
OBJ 50001de1 (sz=24, trace=300000, class=java.lang.String@5000016b)
	value		50001de2
ARR 50001de2 (sz=2, trace=300000, nelems=1, elem type=char[])
OBJ 50001de3 (sz=32, trace=300000, class=java.lang.ref.ReferenceQueue@500000da)
	lock		50001dfb
OBJ 50001de4 (sz=64, trace=300000, class=java.util.concurrent.ConcurrentHashMap@5000002b)
	table		50001de5
ARR 50001de5 (sz=144, trace=300000, nelems=27, elem type=java.util.concurrent.ConcurrentHashMap$Node[]@50000023)
	[0]		50001de6
	[1]		50001de7
	[4]		50001de8
	[7]		50001de9
	[8]		50001dea
	[9]		50001deb
	[11]		50001dec
	[12]		50001ded
	[14]		50001dee
	[23]		50001def
	[25]		50001df0
	[26]		50001df1
OBJ 50001de6 (sz=32, trace=300000, class=java.util.concurrent.ConcurrentHashMap$Node@50000024)
	key		50001e7f
	val		50001e7e
	next		50001e7d
OBJ 50001de7 (sz=32, trace=300000, class=java.util.concurrent.ConcurrentHashMap$Node@50000024)
	key		50001e77
	val		50001e76
OBJ 50001de8 (sz=32, trace=300000, class=java.util.concurrent.ConcurrentHashMap$Node@50000024)
	key		50001e70
	val		50001e6f
OBJ 50001de9 (sz=32, trace=300000, class=java.util.concurrent.ConcurrentHashMap$Node@50000024)
	key		50001e68
	val		50001e67
OBJ 50001dea (sz=32, trace=300000, class=java.util.concurrent.ConcurrentHashMap$Node@50000024)
	key		50001e47
	val		50001e46
	next		50001e45
OBJ 50001deb (sz=32, trace=300000, class=java.util.concurrent.ConcurrentHashMap$Node@50000024)
	key		50001e3f
	val		50001e3e
OBJ 50001dec (sz=32, trace=300000, class=java.util.concurrent.ConcurrentHashMap$Node@50000024)
	key		50001e31
	val		50001e30
	next		50001e2f
OBJ 50001ded (sz=32, trace=300000, class=java.util.concurrent.ConcurrentHashMap$Node@50000024)
	key		50001e17
	val		50001e16
	next		50001e15
OBJ 50001dee (sz=32, trace=300000, class=java.util.concurrent.ConcurrentHashMap$Node@50000024)
	key		50001e0e
	val		50001e0d
OBJ 50001def (sz=32, trace=300000, class=java.util.concurrent.ConcurrentHashMap$Node@50000024)
	key		50001e06
	val		50001e05
OBJ 50001df0 (sz=32, trace=300000, class=java.util.concurrent.ConcurrentHashMap$Node@50000024)
	key		50001dfd
	val		50001dfc
OBJ 50001df1 (sz=32, trace=300000, class=java.util.concurrent.ConcurrentHashMap$Node@50000024)
	key		50001df3
	val		50001df2
OBJ 50001df2 (sz=48, trace=300000, class=sun.util.locale.LocaleObjectCache$CacheEntry@50000019)
	referent	50001dfa
	queue		50001de3
	key		50001df3
OBJ 50001df3 (sz=40, trace=300000, class=sun.util.locale.BaseLocale$Key@5000001a)
	lang		50001df7
	scrt		50001df6
	regn		50001df5
	vart		50001df4
OBJ 50001df4 (sz=40, trace=300000, class=java.lang.ref.SoftReference@5000014f)
	referent	500013fe
	queue		5000179b
OBJ 50001df5 (sz=40, trace=300000, class=java.lang.ref.SoftReference@5000014f)
	referent	50001dac
	queue		5000179b
OBJ 50001df6 (sz=40, trace=300000, class=java.lang.ref.SoftReference@5000014f)
	referent	500013fe
	queue		5000179b
OBJ 50001df7 (sz=40, trace=300000, class=java.lang.ref.SoftReference@5000014f)
	referent	50001d9d
	queue		5000179b
ARR 50001df8 (sz=4, trace=300000, nelems=2, elem type=char[])
ARR 50001df9 (sz=4, trace=300000, nelems=2, elem type=char[])
OBJ 50001dfa (sz=32, trace=300000, class=sun.util.locale.BaseLocale@5000001c)
	language	50001d9d
	script		500013fe
	region		50001dac
	variant		500013fe
OBJ 50001dfb (sz=16, trace=300000, class=java.lang.ref.ReferenceQueue$Lock@500000d8)
OBJ 50001dfc (sz=48, trace=300000, class=sun.util.locale.LocaleObjectCache$CacheEntry@50000019)
	referent	50001e04
	queue		50001de3
	key		50001dfd
OBJ 50001dfd (sz=40, trace=300000, class=sun.util.locale.BaseLocale$Key@5000001a)
	lang		50001e01
	scrt		50001e00
	regn		50001dff
	vart		50001dfe
OBJ 50001dfe (sz=40, trace=300000, class=java.lang.ref.SoftReference@5000014f)
	referent	500013fe
	queue		5000179b
OBJ 50001dff (sz=40, trace=300000, class=java.lang.ref.SoftReference@5000014f)
	referent	50001dae
	queue		5000179b
OBJ 50001e00 (sz=40, trace=300000, class=java.lang.ref.SoftReference@5000014f)
	referent	500013fe
	queue		5000179b
OBJ 50001e01 (sz=40, trace=300000, class=java.lang.ref.SoftReference@5000014f)
	referent	50001da1
	queue		5000179b
ARR 50001e02 (sz=4, trace=300000, nelems=2, elem type=char[])
ARR 50001e03 (sz=4, trace=300000, nelems=2, elem type=char[])
OBJ 50001e04 (sz=32, trace=300000, class=sun.util.locale.BaseLocale@5000001c)
	language	50001da1
	script		500013fe
	region		50001dae
	variant		500013fe
OBJ 50001e05 (sz=48, trace=300000, class=sun.util.locale.LocaleObjectCache$CacheEntry@50000019)
	referent	50001e0c
	queue		50001de3
	key		50001e06
OBJ 50001e06 (sz=40, trace=300000, class=sun.util.locale.BaseLocale$Key@5000001a)
	lang		50001e0a
	scrt		50001e09
	regn		50001e08
	vart		50001e07
OBJ 50001e07 (sz=40, trace=300000, class=java.lang.ref.SoftReference@5000014f)
	referent	500013fe
	queue		5000179b
OBJ 50001e08 (sz=40, trace=300000, class=java.lang.ref.SoftReference@5000014f)
	referent	500013fe
	queue		5000179b
OBJ 50001e09 (sz=40, trace=300000, class=java.lang.ref.SoftReference@5000014f)
	referent	500013fe
	queue		5000179b
OBJ 50001e0a (sz=40, trace=300000, class=java.lang.ref.SoftReference@5000014f)
	referent	50001da0
	queue		5000179b
ARR 50001e0b (sz=4, trace=300000, nelems=2, elem type=char[])
OBJ 50001e0c (sz=32, trace=300000, class=sun.util.locale.BaseLocale@5000001c)
	language	50001da0
	script		500013fe
	region		500013fe
	variant		500013fe
OBJ 50001e0d (sz=48, trace=300000, class=sun.util.locale.LocaleObjectCache$CacheEntry@50000019)
	referent	50001e14
	queue		50001de3
	key		50001e0e
OBJ 50001e0e (sz=40, trace=300000, class=sun.util.locale.BaseLocale$Key@5000001a)
	lang		50001e12
	scrt		50001e11
	regn		50001e10
	vart		50001e0f
OBJ 50001e0f (sz=40, trace=300000, class=java.lang.ref.SoftReference@5000014f)
	referent	500013fe
	queue		5000179b
OBJ 50001e10 (sz=40, trace=300000, class=java.lang.ref.SoftReference@5000014f)
	referent	500013fe
	queue		5000179b
OBJ 50001e11 (sz=40, trace=300000, class=java.lang.ref.SoftReference@5000014f)
	referent	500013fe
	queue		5000179b
OBJ 50001e12 (sz=40, trace=300000, class=java.lang.ref.SoftReference@5000014f)
	referent	50001dab
	queue		5000179b
ARR 50001e13 (sz=4, trace=300000, nelems=2, elem type=char[])
OBJ 50001e14 (sz=32, trace=300000, class=sun.util.locale.BaseLocale@5000001c)
	language	50001dab
	script		500013fe
	region		500013fe
	variant		500013fe
OBJ 50001e15 (sz=32, trace=300000, class=java.util.concurrent.ConcurrentHashMap$Node@50000024)
	key		50001e1f
	val		50001e1e
	next		50001e1d
OBJ 50001e16 (sz=48, trace=300000, class=sun.util.locale.LocaleObjectCache$CacheEntry@50000019)
	referent	50001e1c
	queue		50001de3
	key		50001e17
OBJ 50001e17 (sz=40, trace=300000, class=sun.util.locale.BaseLocale$Key@5000001a)
	lang		50001e1b
	scrt		50001e1a
	regn		50001e19
	vart		50001e18
OBJ 50001e18 (sz=40, trace=300000, class=java.lang.ref.SoftReference@5000014f)
	referent	500013fe
	queue		5000179b
OBJ 50001e19 (sz=40, trace=300000, class=java.lang.ref.SoftReference@5000014f)
	referent	500013fe
	queue		5000179b
OBJ 50001e1a (sz=40, trace=300000, class=java.lang.ref.SoftReference@5000014f)
	referent	500013fe
	queue		5000179b
OBJ 50001e1b (sz=40, trace=300000, class=java.lang.ref.SoftReference@5000014f)
	referent	50001d9d
	queue		5000179b
OBJ 50001e1c (sz=32, trace=300000, class=sun.util.locale.BaseLocale@5000001c)
	language	50001d9d
	script		500013fe
	region		500013fe
	variant		500013fe
OBJ 50001e1d (sz=32, trace=300000, class=java.util.concurrent.ConcurrentHashMap$Node@50000024)
	key		50001e28
	val		50001e27
OBJ 50001e1e (sz=48, trace=300000, class=sun.util.locale.LocaleObjectCache$CacheEntry@50000019)
	referent	50001e26
	queue		50001de3
	key		50001e1f
OBJ 50001e1f (sz=40, trace=300000, class=sun.util.locale.BaseLocale$Key@5000001a)
	lang		50001e23
	scrt		50001e22
	regn		50001e21
	vart		50001e20
OBJ 50001e20 (sz=40, trace=300000, class=java.lang.ref.SoftReference@5000014f)
	referent	500013fe
	queue		5000179b
OBJ 50001e21 (sz=40, trace=300000, class=java.lang.ref.SoftReference@5000014f)
	referent	50001d94
	queue		5000179b
OBJ 50001e22 (sz=40, trace=300000, class=java.lang.ref.SoftReference@5000014f)
	referent	500013fe
	queue		5000179b
OBJ 50001e23 (sz=40, trace=300000, class=java.lang.ref.SoftReference@5000014f)
	referent	50001d9a
	queue		5000179b
ARR 50001e24 (sz=4, trace=300000, nelems=2, elem type=char[])
ARR 50001e25 (sz=4, trace=300000, nelems=2, elem type=char[])
OBJ 50001e26 (sz=32, trace=300000, class=sun.util.locale.BaseLocale@5000001c)
	language	50001d9a
	script		500013fe
	region		50001d94
	variant		500013fe
OBJ 50001e27 (sz=48, trace=300000, class=sun.util.locale.LocaleObjectCache$CacheEntry@50000019)
	referent	50001e2e
	queue		50001de3
	key		50001e28
OBJ 50001e28 (sz=40, trace=300000, class=sun.util.locale.BaseLocale$Key@5000001a)
	lang		50001e2c
	scrt		50001e2b
	regn		50001e2a
	vart		50001e29
OBJ 50001e29 (sz=40, trace=300000, class=java.lang.ref.SoftReference@5000014f)
	referent	500013fe
	queue		5000179b
OBJ 50001e2a (sz=40, trace=300000, class=java.lang.ref.SoftReference@5000014f)
	referent	50001d97
	queue		5000179b
OBJ 50001e2b (sz=40, trace=300000, class=java.lang.ref.SoftReference@5000014f)
	referent	500013fe
	queue		5000179b
OBJ 50001e2c (sz=40, trace=300000, class=java.lang.ref.SoftReference@5000014f)
	referent	50001da0
	queue		5000179b
ARR 50001e2d (sz=4, trace=300000, nelems=2, elem type=char[])
OBJ 50001e2e (sz=32, trace=300000, class=sun.util.locale.BaseLocale@5000001c)
	language	50001da0
	script		500013fe
	region		50001d97
	variant		500013fe
OBJ 50001e2f (sz=32, trace=300000, class=java.util.concurrent.ConcurrentHashMap$Node@50000024)
	key		50001e39
	val		50001e38
OBJ 50001e30 (sz=48, trace=300000, class=sun.util.locale.LocaleObjectCache$CacheEntry@50000019)
	referent	50001e37
	queue		50001de3
	key		50001e31
OBJ 50001e31 (sz=40, trace=300000, class=sun.util.locale.BaseLocale$Key@5000001a)
	lang		50001e35
	scrt		50001e34
	regn		50001e33
	vart		50001e32
OBJ 50001e32 (sz=40, trace=300000, class=java.lang.ref.SoftReference@5000014f)
	referent	500013fe
	queue		5000179b
OBJ 50001e33 (sz=40, trace=300000, class=java.lang.ref.SoftReference@5000014f)
	referent	500013fe
	queue		5000179b
OBJ 50001e34 (sz=40, trace=300000, class=java.lang.ref.SoftReference@5000014f)
	referent	500013fe
	queue		5000179b
OBJ 50001e35 (sz=40, trace=300000, class=java.lang.ref.SoftReference@5000014f)
	referent	50001d9f
	queue		5000179b
ARR 50001e36 (sz=4, trace=300000, nelems=2, elem type=char[])
OBJ 50001e37 (sz=32, trace=300000, class=sun.util.locale.BaseLocale@5000001c)
	language	50001d9f
	script		500013fe
	region		500013fe
	variant		500013fe
OBJ 50001e38 (sz=48, trace=300000, class=sun.util.locale.LocaleObjectCache$CacheEntry@50000019)
	referent	50001dda
	queue		50001de3
	key		50001e39
OBJ 50001e39 (sz=40, trace=300000, class=sun.util.locale.BaseLocale$Key@5000001a)
	lang		50001e3d
	scrt		50001e3c
	regn		50001e3b
	vart		50001e3a
OBJ 50001e3a (sz=40, trace=300000, class=java.lang.ref.SoftReference@5000014f)
	referent	500013fe
	queue		5000179b
OBJ 50001e3b (sz=40, trace=300000, class=java.lang.ref.SoftReference@5000014f)
	referent	50001dad
	queue		5000179b
OBJ 50001e3c (sz=40, trace=300000, class=java.lang.ref.SoftReference@5000014f)
	referent	500013fe
	queue		5000179b
OBJ 50001e3d (sz=40, trace=300000, class=java.lang.ref.SoftReference@5000014f)
	referent	50001d9b
	queue		5000179b
OBJ 50001e3e (sz=48, trace=300000, class=sun.util.locale.LocaleObjectCache$CacheEntry@50000019)
	referent	50001e44
	queue		50001de3
	key		50001e3f
OBJ 50001e3f (sz=40, trace=300000, class=sun.util.locale.BaseLocale$Key@5000001a)
	lang		50001e43
	scrt		50001e42
	regn		50001e41
	vart		50001e40
OBJ 50001e40 (sz=40, trace=300000, class=java.lang.ref.SoftReference@5000014f)
	referent	500013fe
	queue		5000179b
OBJ 50001e41 (sz=40, trace=300000, class=java.lang.ref.SoftReference@5000014f)
	referent	500013fe
	queue		5000179b
OBJ 50001e42 (sz=40, trace=300000, class=java.lang.ref.SoftReference@5000014f)
	referent	500013fe
	queue		5000179b
OBJ 50001e43 (sz=40, trace=300000, class=java.lang.ref.SoftReference@5000014f)
	referent	50001d9b
	queue		5000179b
OBJ 50001e44 (sz=32, trace=300000, class=sun.util.locale.BaseLocale@5000001c)
	language	50001d9b
	script		500013fe
	region		500013fe
	variant		500013fe
OBJ 50001e45 (sz=32, trace=300000, class=java.util.concurrent.ConcurrentHashMap$Node@50000024)
	key		50001e50
	val		50001e4f
	next		50001e4e
OBJ 50001e46 (sz=48, trace=300000, class=sun.util.locale.LocaleObjectCache$CacheEntry@50000019)
	referent	50001e4d
	queue		50001de3
	key		50001e47
OBJ 50001e47 (sz=40, trace=300000, class=sun.util.locale.BaseLocale$Key@5000001a)
	lang		50001e4b
	scrt		50001e4a
	regn		50001e49
	vart		50001e48
OBJ 50001e48 (sz=40, trace=300000, class=java.lang.ref.SoftReference@5000014f)
	referent	500013fe
	queue		5000179b
OBJ 50001e49 (sz=40, trace=300000, class=java.lang.ref.SoftReference@5000014f)
	referent	50001d98
	queue		5000179b
OBJ 50001e4a (sz=40, trace=300000, class=java.lang.ref.SoftReference@5000014f)
	referent	500013fe
	queue		5000179b
OBJ 50001e4b (sz=40, trace=300000, class=java.lang.ref.SoftReference@5000014f)
	referent	50001dab
	queue		5000179b
ARR 50001e4c (sz=4, trace=300000, nelems=2, elem type=char[])
OBJ 50001e4d (sz=32, trace=300000, class=sun.util.locale.BaseLocale@5000001c)
	language	50001dab
	script		500013fe
	region		50001d98
	variant		500013fe
OBJ 50001e4e (sz=32, trace=300000, class=java.util.concurrent.ConcurrentHashMap$Node@50000024)
	key		50001e59
	val		50001e58
	next		50001e57
OBJ 50001e4f (sz=48, trace=300000, class=sun.util.locale.LocaleObjectCache$CacheEntry@50000019)
	referent	50001e56
	queue		50001de3
	key		50001e50
OBJ 50001e50 (sz=40, trace=300000, class=sun.util.locale.BaseLocale$Key@5000001a)
	lang		50001e54
	scrt		50001e53
	regn		50001e52
	vart		50001e51
OBJ 50001e51 (sz=40, trace=300000, class=java.lang.ref.SoftReference@5000014f)
	referent	500013fe
	queue		5000179b
OBJ 50001e52 (sz=40, trace=300000, class=java.lang.ref.SoftReference@5000014f)
	referent	50001d95
	queue		5000179b
OBJ 50001e53 (sz=40, trace=300000, class=java.lang.ref.SoftReference@5000014f)
	referent	500013fe
	queue		5000179b
OBJ 50001e54 (sz=40, trace=300000, class=java.lang.ref.SoftReference@5000014f)
	referent	50001d9d
	queue		5000179b
ARR 50001e55 (sz=4, trace=300000, nelems=2, elem type=char[])
OBJ 50001e56 (sz=32, trace=300000, class=sun.util.locale.BaseLocale@5000001c)
	language	50001d9d
	script		500013fe
	region		50001d95
	variant		500013fe
OBJ 50001e57 (sz=32, trace=300000, class=java.util.concurrent.ConcurrentHashMap$Node@50000024)
	key		50001e61
	val		50001e60
OBJ 50001e58 (sz=48, trace=300000, class=sun.util.locale.LocaleObjectCache$CacheEntry@50000019)
	referent	50001e5f
	queue		50001de3
	key		50001e59
OBJ 50001e59 (sz=40, trace=300000, class=sun.util.locale.BaseLocale$Key@5000001a)
	lang		50001e5d
	scrt		50001e5c
	regn		50001e5b
	vart		50001e5a
OBJ 50001e5a (sz=40, trace=300000, class=java.lang.ref.SoftReference@5000014f)
	referent	500013fe
	queue		5000179b
OBJ 50001e5b (sz=40, trace=300000, class=java.lang.ref.SoftReference@5000014f)
	referent	50001daf
	queue		5000179b
OBJ 50001e5c (sz=40, trace=300000, class=java.lang.ref.SoftReference@5000014f)
	referent	500013fe
	queue		5000179b
OBJ 50001e5d (sz=40, trace=300000, class=java.lang.ref.SoftReference@5000014f)
	referent	50001d9b
	queue		5000179b
ARR 50001e5e (sz=4, trace=300000, nelems=2, elem type=char[])
OBJ 50001e5f (sz=32, trace=300000, class=sun.util.locale.BaseLocale@5000001c)
	language	50001d9b
	script		500013fe
	region		50001daf
	variant		500013fe
OBJ 50001e60 (sz=48, trace=300000, class=sun.util.locale.LocaleObjectCache$CacheEntry@50000019)
	referent	50001e66
	queue		50001de3
	key		50001e61
OBJ 50001e61 (sz=40, trace=300000, class=sun.util.locale.BaseLocale$Key@5000001a)
	lang		50001e65
	scrt		50001e64
	regn		50001e63
	vart		50001e62
OBJ 50001e62 (sz=40, trace=300000, class=java.lang.ref.SoftReference@5000014f)
	referent	500013fe
	queue		5000179b
OBJ 50001e63 (sz=40, trace=300000, class=java.lang.ref.SoftReference@5000014f)
	referent	50001dac
	queue		5000179b
OBJ 50001e64 (sz=40, trace=300000, class=java.lang.ref.SoftReference@5000014f)
	referent	500013fe
	queue		5000179b
OBJ 50001e65 (sz=40, trace=300000, class=java.lang.ref.SoftReference@5000014f)
	referent	50001d9b
	queue		5000179b
OBJ 50001e66 (sz=32, trace=300000, class=sun.util.locale.BaseLocale@5000001c)
	language	50001d9b
	script		500013fe
	region		50001dac
	variant		500013fe
OBJ 50001e67 (sz=48, trace=300000, class=sun.util.locale.LocaleObjectCache$CacheEntry@50000019)
	referent	50001e6e
	queue		50001de3
	key		50001e68
OBJ 50001e68 (sz=40, trace=300000, class=sun.util.locale.BaseLocale$Key@5000001a)
	lang		50001e6c
	scrt		50001e6b
	regn		50001e6a
	vart		50001e69
OBJ 50001e69 (sz=40, trace=300000, class=java.lang.ref.SoftReference@5000014f)
	referent	500013fe
	queue		5000179b
OBJ 50001e6a (sz=40, trace=300000, class=java.lang.ref.SoftReference@5000014f)
	referent	50001d96
	queue		5000179b
OBJ 50001e6b (sz=40, trace=300000, class=java.lang.ref.SoftReference@5000014f)
	referent	500013fe
	queue		5000179b
OBJ 50001e6c (sz=40, trace=300000, class=java.lang.ref.SoftReference@5000014f)
	referent	50001d9f
	queue		5000179b
ARR 50001e6d (sz=4, trace=300000, nelems=2, elem type=char[])
OBJ 50001e6e (sz=32, trace=300000, class=sun.util.locale.BaseLocale@5000001c)
	language	50001d9f
	script		500013fe
	region		50001d96
	variant		500013fe
OBJ 50001e6f (sz=48, trace=300000, class=sun.util.locale.LocaleObjectCache$CacheEntry@50000019)
	referent	50001e75
	queue		50001de3
	key		50001e70
OBJ 50001e70 (sz=40, trace=300000, class=sun.util.locale.BaseLocale$Key@5000001a)
	lang		50001e74
	scrt		50001e73
	regn		50001e72
	vart		50001e71
OBJ 50001e71 (sz=40, trace=300000, class=java.lang.ref.SoftReference@5000014f)
	referent	500013fe
	queue		5000179b
OBJ 50001e72 (sz=40, trace=300000, class=java.lang.ref.SoftReference@5000014f)
	referent	500013fe
	queue		5000179b
OBJ 50001e73 (sz=40, trace=300000, class=java.lang.ref.SoftReference@5000014f)
	referent	500013fe
	queue		5000179b
OBJ 50001e74 (sz=40, trace=300000, class=java.lang.ref.SoftReference@5000014f)
	referent	50001da1
	queue		5000179b
OBJ 50001e75 (sz=32, trace=300000, class=sun.util.locale.BaseLocale@5000001c)
	language	50001da1
	script		500013fe
	region		500013fe
	variant		500013fe
OBJ 50001e76 (sz=48, trace=300000, class=sun.util.locale.LocaleObjectCache$CacheEntry@50000019)
	referent	50001e7c
	queue		50001de3
	key		50001e77
OBJ 50001e77 (sz=40, trace=300000, class=sun.util.locale.BaseLocale$Key@5000001a)
	lang		50001e7b
	scrt		50001e7a
	regn		50001e79
	vart		50001e78
OBJ 50001e78 (sz=40, trace=300000, class=java.lang.ref.SoftReference@5000014f)
	referent	500013fe
	queue		5000179b
OBJ 50001e79 (sz=40, trace=300000, class=java.lang.ref.SoftReference@5000014f)
	referent	500013fe
	queue		5000179b
OBJ 50001e7a (sz=40, trace=300000, class=java.lang.ref.SoftReference@5000014f)
	referent	500013fe
	queue		5000179b
OBJ 50001e7b (sz=40, trace=300000, class=java.lang.ref.SoftReference@5000014f)
	referent	50001d9a
	queue		5000179b
OBJ 50001e7c (sz=32, trace=300000, class=sun.util.locale.BaseLocale@5000001c)
	language	50001d9a
	script		500013fe
	region		500013fe
	variant		500013fe
OBJ 50001e7d (sz=32, trace=300000, class=java.util.concurrent.ConcurrentHashMap$Node@50000024)
	key		50001e87
	val		50001e86
OBJ 50001e7e (sz=48, trace=300000, class=sun.util.locale.LocaleObjectCache$CacheEntry@50000019)
	referent	50001e85
	queue		50001de3
	key		50001e7f
OBJ 50001e7f (sz=40, trace=300000, class=sun.util.locale.BaseLocale$Key@5000001a)
	lang		50001e83
	scrt		50001e82
	regn		50001e81
	vart		50001e80
OBJ 50001e80 (sz=40, trace=300000, class=java.lang.ref.SoftReference@5000014f)
	referent	500013fe
	queue		5000179b
OBJ 50001e81 (sz=40, trace=300000, class=java.lang.ref.SoftReference@5000014f)
	referent	50001d93
	queue		5000179b
OBJ 50001e82 (sz=40, trace=300000, class=java.lang.ref.SoftReference@5000014f)
	referent	500013fe
	queue		5000179b
OBJ 50001e83 (sz=40, trace=300000, class=java.lang.ref.SoftReference@5000014f)
	referent	50001dab
	queue		5000179b
ARR 50001e84 (sz=4, trace=300000, nelems=2, elem type=char[])
OBJ 50001e85 (sz=32, trace=300000, class=sun.util.locale.BaseLocale@5000001c)
	language	50001dab
	script		500013fe
	region		50001d93
	variant		500013fe
OBJ 50001e86 (sz=48, trace=300000, class=sun.util.locale.LocaleObjectCache$CacheEntry@50000019)
	referent	50001e8c
	queue		50001de3
	key		50001e87
OBJ 50001e87 (sz=40, trace=300000, class=sun.util.locale.BaseLocale$Key@5000001a)
	lang		50001e8b
	scrt		50001e8a
	regn		50001e89
	vart		50001e88
OBJ 50001e88 (sz=40, trace=300000, class=java.lang.ref.SoftReference@5000014f)
	referent	500013fe
	queue		5000179b
OBJ 50001e89 (sz=40, trace=300000, class=java.lang.ref.SoftReference@5000014f)
	referent	500013fe
	queue		5000179b
OBJ 50001e8a (sz=40, trace=300000, class=java.lang.ref.SoftReference@5000014f)
	referent	500013fe
	queue		5000179b
OBJ 50001e8b (sz=40, trace=300000, class=java.lang.ref.SoftReference@5000014f)
	referent	500013fe
	queue		5000179b
OBJ 50001e8c (sz=32, trace=300000, class=sun.util.locale.BaseLocale@5000001c)
	language	500013fe
	script		500013fe
	region		500013fe
	variant		500013fe
ARR 50001e8d (sz=4, trace=300000, nelems=2, elem type=char[])
ARR 50001e8e (sz=4, trace=300000, nelems=2, elem type=char[])
ARR 50001e8f (sz=4, trace=300000, nelems=2, elem type=char[])
OBJ 50001e90 (sz=16, trace=300000, class=java.lang.ref.ReferenceQueue$Lock@500000d8)
OBJ 50001e91 (sz=32, trace=300000, class=java.util.concurrent.ConcurrentHashMap$Node@50000024)
	key		50001e95
	val		50001e94
OBJ 50001e92 (sz=48, trace=300000, class=sun.util.locale.LocaleObjectCache$CacheEntry@50000019)
	referent	50001db1
	queue		50001dc5
	key		50001e93
OBJ 50001e93 (sz=24, trace=300000, class=java.util.Locale$LocaleKey@50000018)
	base		50001e5f
OBJ 50001e94 (sz=48, trace=300000, class=sun.util.locale.LocaleObjectCache$CacheEntry@50000019)
	referent	50001db4
	queue		50001dc5
	key		50001e95
OBJ 50001e95 (sz=24, trace=300000, class=java.util.Locale$LocaleKey@50000018)
	base		50001e66
OBJ 50001e96 (sz=48, trace=300000, class=sun.util.locale.LocaleObjectCache$CacheEntry@50000019)
	referent	50001dbc
	queue		50001dc5
	key		50001e97
OBJ 50001e97 (sz=24, trace=300000, class=java.util.Locale$LocaleKey@50000018)
	base		50001e56
OBJ 50001e98 (sz=48, trace=300000, class=sun.util.locale.LocaleObjectCache$CacheEntry@50000019)
	referent	50001dba
	queue		50001dc5
	key		50001e99
OBJ 50001e99 (sz=24, trace=300000, class=java.util.Locale$LocaleKey@50000018)
	base		50001e6e
OBJ 50001e9a (sz=48, trace=300000, class=sun.util.locale.LocaleObjectCache$CacheEntry@50000019)
	referent	50001dc3
	queue		50001dc5
	key		50001e9b
OBJ 50001e9b (sz=24, trace=300000, class=java.util.Locale$LocaleKey@50000018)
	base		50001e44
OBJ 50001e9c (sz=48, trace=300000, class=sun.util.locale.LocaleObjectCache$CacheEntry@50000019)
	referent	50001dbd
	queue		50001dc5
	key		50001e9d
OBJ 50001e9d (sz=24, trace=300000, class=java.util.Locale$LocaleKey@50000018)
	base		50001e14
OBJ 50001e9e (sz=48, trace=300000, class=sun.util.locale.LocaleObjectCache$CacheEntry@50000019)
	referent	50001dc1
	queue		50001dc5
	key		50001e9f
OBJ 50001e9f (sz=24, trace=300000, class=java.util.Locale$LocaleKey@50000018)
	base		50001e7c
OBJ 50001ea0 (sz=48, trace=300000, class=sun.util.locale.LocaleObjectCache$CacheEntry@50000019)
	referent	50001dbb
	queue		50001dc5
	key		50001ea1
OBJ 50001ea1 (sz=24, trace=300000, class=java.util.Locale$LocaleKey@50000018)
	base		50001e26
OBJ 50001ea2 (sz=48, trace=300000, class=sun.util.locale.LocaleObjectCache$CacheEntry@50000019)
	referent	50001dbe
	queue		50001dc5
	key		50001ea3
OBJ 50001ea3 (sz=24, trace=300000, class=java.util.Locale$LocaleKey@50000018)
	base		50001e75
OBJ 50001ea4 (sz=48, trace=300000, class=sun.util.locale.LocaleObjectCache$CacheEntry@50000019)
	referent	50001dc0
	queue		50001dc5
	key		50001ea5
OBJ 50001ea5 (sz=24, trace=300000, class=java.util.Locale$LocaleKey@50000018)
	base		50001e37
OBJ 50001ea6 (sz=32, trace=300000, class=java.util.concurrent.ConcurrentHashMap$Node@50000024)
	key		50001eaa
	val		50001ea9
OBJ 50001ea7 (sz=48, trace=300000, class=sun.util.locale.LocaleObjectCache$CacheEntry@50000019)
	referent	50001dbf
	queue		50001dc5
	key		50001ea8
OBJ 50001ea8 (sz=24, trace=300000, class=java.util.Locale$LocaleKey@50000018)
	base		50001e0c
OBJ 50001ea9 (sz=48, trace=300000, class=sun.util.locale.LocaleObjectCache$CacheEntry@50000019)
	referent	50001db6
	queue		50001dc5
	key		50001eaa
OBJ 50001eaa (sz=24, trace=300000, class=java.util.Locale$LocaleKey@50000018)
	base		50001e4d
OBJ 50001eab (sz=48, trace=300000, class=sun.util.locale.LocaleObjectCache$CacheEntry@50000019)
	referent	50001dc2
	queue		50001dc5
	key		50001eac
OBJ 50001eac (sz=24, trace=300000, class=java.util.Locale$LocaleKey@50000018)
	base		50001e1c
OBJ 50001ead (sz=48, trace=300000, class=sun.util.locale.LocaleObjectCache$CacheEntry@50000019)
	referent	50001db3
	queue		50001dc5
	key		50001eae
OBJ 50001eae (sz=24, trace=300000, class=java.util.Locale$LocaleKey@50000018)
	base		50001dfa
OBJ 50001eaf (sz=48, trace=300000, class=sun.util.locale.LocaleObjectCache$CacheEntry@50000019)
	referent	50001db8
	queue		50001dc5
	key		50001eb0
OBJ 50001eb0 (sz=24, trace=300000, class=java.util.Locale$LocaleKey@50000018)
	base		50001e04
OBJ 50001eb1 (sz=48, trace=300000, class=sun.util.locale.LocaleObjectCache$CacheEntry@50000019)
	referent	50001db9
	queue		50001dc5
	key		50001eb2
OBJ 50001eb2 (sz=24, trace=300000, class=java.util.Locale$LocaleKey@50000018)
	base		50001e2e
OBJ 50001eb3 (sz=32, trace=300000, class=java.util.concurrent.ConcurrentHashMap$Node@50000024)
	key		50001eb7
	val		50001eb6
OBJ 50001eb4 (sz=48, trace=300000, class=sun.util.locale.LocaleObjectCache$CacheEntry@50000019)
	referent	50001db7
	queue		50001dc5
	key		50001eb5
OBJ 50001eb5 (sz=24, trace=300000, class=java.util.Locale$LocaleKey@50000018)
	base		50001e85
OBJ 50001eb6 (sz=48, trace=300000, class=sun.util.locale.LocaleObjectCache$CacheEntry@50000019)
	referent	50001db2
	queue		50001dc5
	key		50001eb7
OBJ 50001eb7 (sz=24, trace=300000, class=java.util.Locale$LocaleKey@50000018)
	base		50001e8c
OBJ 50001eb8 (sz=40, trace=300000, class=java.io.ObjectStreamField@500000fa)
	name		50001da2
	signature	50001ebe
	type		5000016b
OBJ 50001eb9 (sz=40, trace=300000, class=java.io.ObjectStreamField@500000fa)
	name		50001d99
	signature	50001ebe
	type		5000016b
OBJ 50001eba (sz=40, trace=300000, class=java.io.ObjectStreamField@500000fa)
	name		50001daa
	signature	50001ebe
	type		5000016b
OBJ 50001ebb (sz=40, trace=300000, class=java.io.ObjectStreamField@500000fa)
	name		50001d9e
	signature	50001615
	type		500013de
OBJ 50001ebc (sz=40, trace=300000, class=java.io.ObjectStreamField@500000fa)
	name		50001da3
	signature	50001ebe
	type		5000016b
OBJ 50001ebd (sz=40, trace=300000, class=java.io.ObjectStreamField@500000fa)
	name		50001d9c
	signature	50001ebe
	type		5000016b
OBJ 50001ebe (sz=24, trace=300000, class=java.lang.String@5000016b)
	value		50001ec0
ARR 50001ebf (sz=20, trace=300000, nelems=10, elem type=char[])
ARR 50001ec0 (sz=36, trace=300000, nelems=18, elem type=char[])
ARR 50001ec1 (sz=12, trace=300000, nelems=6, elem type=char[])
ARR 50001ec2 (sz=16, trace=300000, nelems=8, elem type=char[])
ARR 50001ec3 (sz=14, trace=300000, nelems=7, elem type=char[])
ARR 50001ec4 (sz=14, trace=300000, nelems=7, elem type=char[])
ARR 50001ec5 (sz=16, trace=300000, nelems=8, elem type=char[])
OBJ 50001ec6 (sz=24, trace=300000, class=java.lang.String@5000016b)
	value		50001f30
OBJ 50001ec7 (sz=24, trace=300000, class=java.lang.String@5000016b)
	value		50001f15
OBJ 50001ec8 (sz=24, trace=300000, class=java.lang.String@5000016b)
	value		50001f1e
OBJ 50001ec9 (sz=24, trace=300000, class=java.lang.String@5000016b)
	value		50001f31
OBJ 50001eca (sz=24, trace=300000, class=java.lang.String@5000016b)
	value		50001f08
OBJ 50001ecb (sz=24, trace=300000, class=java.lang.String@5000016b)
	value		50001f0e
OBJ 50001ecc (sz=24, trace=300000, class=java.lang.String@5000016b)
	value		50001f0d
OBJ 50001ecd (sz=24, trace=300000, class=java.lang.String@5000016b)
	value		50001f1c
OBJ 50001ece (sz=24, trace=300000, class=java.lang.String@5000016b)
	value		50001f18
OBJ 50001ecf (sz=24, trace=300000, class=java.lang.String@5000016b)
	value		50001f2e
OBJ 50001ed0 (sz=24, trace=300000, class=java.lang.String@5000016b)
	value		50001f2f
OBJ 50001ed1 (sz=24, trace=300000, class=java.lang.String@5000016b)
	value		50001f1d
OBJ 50001ed2 (sz=24, trace=300000, class=java.lang.String@5000016b)
	value		50001f1b
OBJ 50001ed3 (sz=24, trace=300000, class=java.lang.String@5000016b)
	value		50001f0f
OBJ 50001ed4 (sz=24, trace=300000, class=java.lang.String@5000016b)
	value		50001f17
OBJ 50001ed5 (sz=24, trace=300000, class=java.lang.String@5000016b)
	value		50001f09
OBJ 50001ed6 (sz=24, trace=300000, class=java.lang.String@5000016b)
	value		50001f13
OBJ 50001ed7 (sz=24, trace=300000, class=java.lang.String@5000016b)
	value		50001f03
OBJ 50001ed8 (sz=24, trace=300000, class=java.lang.String@5000016b)
	value		50001f25
OBJ 50001ed9 (sz=24, trace=300000, class=java.lang.String@5000016b)
	value		50001f05
OBJ 50001eda (sz=24, trace=300000, class=java.lang.String@5000016b)
	value		50001f1f
OBJ 50001edb (sz=24, trace=300000, class=java.lang.String@5000016b)
	value		50001f21
OBJ 50001edc (sz=24, trace=300000, class=java.lang.String@5000016b)
	value		50001f19
OBJ 50001edd (sz=24, trace=300000, class=java.lang.String@5000016b)
	value		50001f39
OBJ 50001ede (sz=24, trace=300000, class=java.lang.String@5000016b)
	value		50001f38
OBJ 50001edf (sz=24, trace=300000, class=java.lang.String@5000016b)
	value		50001f16
OBJ 50001ee0 (sz=24, trace=300000, class=java.lang.String@5000016b)
	value		50001f37
OBJ 50001ee1 (sz=24, trace=300000, class=java.lang.String@5000016b)
	value		50001f14
OBJ 50001ee2 (sz=24, trace=300000, class=java.lang.String@5000016b)
	value		50001f0c
OBJ 50001ee3 (sz=24, trace=300000, class=java.lang.String@5000016b)
	value		50001f2a
OBJ 50001ee4 (sz=24, trace=300000, class=java.lang.String@5000016b)
	value		50001f24
OBJ 50001ee5 (sz=24, trace=300000, class=java.lang.String@5000016b)
	value		50001f28
OBJ 50001ee6 (sz=24, trace=300000, class=java.lang.String@5000016b)
	value		50001f36
OBJ 50001ee7 (sz=24, trace=300000, class=java.lang.String@5000016b)
	value		50001f23
OBJ 50001ee8 (sz=24, trace=300000, class=java.lang.String@5000016b)
	value		50001f27
OBJ 50001ee9 (sz=24, trace=300000, class=java.lang.String@5000016b)
	value		50001f26
OBJ 50001eea (sz=24, trace=300000, class=java.lang.String@5000016b)
	value		50001f06
OBJ 50001eeb (sz=24, trace=300000, class=java.lang.String@5000016b)
	value		50001f04
OBJ 50001eec (sz=24, trace=300000, class=java.lang.String@5000016b)
	value		50001f33
OBJ 50001eed (sz=24, trace=300000, class=java.lang.String@5000016b)
	value		50001f2b
OBJ 50001eee (sz=24, trace=300000, class=java.lang.String@5000016b)
	value		50001f34
OBJ 50001eef (sz=24, trace=300000, class=java.lang.String@5000016b)
	value		50001f12
OBJ 50001ef0 (sz=24, trace=300000, class=java.lang.String@5000016b)
	value		50001f2c
OBJ 50001ef1 (sz=24, trace=300000, class=java.lang.String@5000016b)
	value		50001f20
OBJ 50001ef2 (sz=24, trace=300000, class=java.lang.String@5000016b)
	value		50001f22
OBJ 50001ef3 (sz=24, trace=300000, class=java.lang.String@5000016b)
	value		50001f0a
OBJ 50001ef4 (sz=24, trace=300000, class=java.lang.String@5000016b)
	value		50001f1a
OBJ 50001ef5 (sz=24, trace=300000, class=java.lang.String@5000016b)
	value		50001f10
OBJ 50001ef6 (sz=24, trace=300000, class=java.lang.String@5000016b)
	value		50001f11
OBJ 50001ef7 (sz=24, trace=300000, class=java.lang.String@5000016b)
	value		50001f32
OBJ 50001ef8 (sz=24, trace=300000, class=java.lang.String@5000016b)
	value		50001f07
OBJ 50001ef9 (sz=24, trace=300000, class=java.lang.String@5000016b)
	value		50001f35
OBJ 50001efa (sz=24, trace=300000, class=java.lang.String@5000016b)
	value		50001f29
OBJ 50001efb (sz=24, trace=300000, class=java.lang.String@5000016b)
	value		50001f0b
OBJ 50001efc (sz=24, trace=300000, class=java.lang.String@5000016b)
	value		50001f2d
OBJ 50001efd (sz=24, trace=300000, class=java.lang.String@5000016b)
	value		50001f02
OBJ 50001efe (sz=24, trace=300000, class=java.lang.String@5000016b)
	value		50001f01
OBJ 50001eff (sz=24, trace=300000, class=java.lang.String@5000016b)
	value		50001f00
ARR 50001f00 (sz=2, trace=300000, nelems=1, elem type=char[])
ARR 50001f01 (sz=6, trace=300000, nelems=3, elem type=char[])
ARR 50001f02 (sz=16, trace=300000, nelems=8, elem type=char[])
ARR 50001f03 (sz=14, trace=300000, nelems=7, elem type=char[])
ARR 50001f04 (sz=26, trace=300000, nelems=13, elem type=char[])
ARR 50001f05 (sz=10, trace=300000, nelems=5, elem type=char[])
ARR 50001f06 (sz=6, trace=300000, nelems=3, elem type=char[])
ARR 50001f07 (sz=16, trace=300000, nelems=8, elem type=char[])
ARR 50001f08 (sz=6, trace=300000, nelems=3, elem type=char[])
ARR 50001f09 (sz=18, trace=300000, nelems=9, elem type=char[])
ARR 50001f0a (sz=6, trace=300000, nelems=3, elem type=char[])
ARR 50001f0b (sz=20, trace=300000, nelems=10, elem type=char[])
ARR 50001f0c (sz=6, trace=300000, nelems=3, elem type=char[])
ARR 50001f0d (sz=22, trace=300000, nelems=11, elem type=char[])
ARR 50001f0e (sz=18, trace=300000, nelems=9, elem type=char[])
ARR 50001f0f (sz=20, trace=300000, nelems=10, elem type=char[])
ARR 50001f10 (sz=32, trace=300000, nelems=16, elem type=char[])
ARR 50001f11 (sz=6, trace=300000, nelems=3, elem type=char[])
ARR 50001f12 (sz=18, trace=300000, nelems=9, elem type=char[])
ARR 50001f13 (sz=10, trace=300000, nelems=5, elem type=char[])
ARR 50001f14 (sz=4, trace=300000, nelems=2, elem type=char[])
ARR 50001f15 (sz=20, trace=300000, nelems=10, elem type=char[])
ARR 50001f16 (sz=6, trace=300000, nelems=3, elem type=char[])
ARR 50001f17 (sz=10, trace=300000, nelems=5, elem type=char[])
ARR 50001f18 (sz=6, trace=300000, nelems=3, elem type=char[])
ARR 50001f19 (sz=10, trace=300000, nelems=5, elem type=char[])
ARR 50001f1a (sz=6, trace=300000, nelems=3, elem type=char[])
ARR 50001f1b (sz=18, trace=300000, nelems=9, elem type=char[])
ARR 50001f1c (sz=28, trace=300000, nelems=14, elem type=char[])
ARR 50001f1d (sz=10, trace=300000, nelems=5, elem type=char[])
ARR 50001f1e (sz=6, trace=300000, nelems=3, elem type=char[])
ARR 50001f1f (sz=10, trace=300000, nelems=5, elem type=char[])
ARR 50001f20 (sz=6, trace=300000, nelems=3, elem type=char[])
ARR 50001f21 (sz=10, trace=300000, nelems=5, elem type=char[])
ARR 50001f22 (sz=6, trace=300000, nelems=3, elem type=char[])
ARR 50001f23 (sz=12, trace=300000, nelems=6, elem type=char[])
ARR 50001f24 (sz=4, trace=300000, nelems=2, elem type=char[])
ARR 50001f25 (sz=16, trace=300000, nelems=8, elem type=char[])
ARR 50001f26 (sz=4, trace=300000, nelems=2, elem type=char[])
ARR 50001f27 (sz=12, trace=300000, nelems=6, elem type=char[])
ARR 50001f28 (sz=4, trace=300000, nelems=2, elem type=char[])
ARR 50001f29 (sz=12, trace=300000, nelems=6, elem type=char[])
ARR 50001f2a (sz=24, trace=300000, nelems=12, elem type=char[])
ARR 50001f2b (sz=6, trace=300000, nelems=3, elem type=char[])
ARR 50001f2c (sz=18, trace=300000, nelems=9, elem type=char[])
ARR 50001f2d (sz=16, trace=300000, nelems=8, elem type=char[])
ARR 50001f2e (sz=6, trace=300000, nelems=3, elem type=char[])
ARR 50001f2f (sz=10, trace=300000, nelems=5, elem type=char[])
ARR 50001f30 (sz=6, trace=300000, nelems=3, elem type=char[])
ARR 50001f31 (sz=22, trace=300000, nelems=11, elem type=char[])
ARR 50001f32 (sz=34, trace=300000, nelems=17, elem type=char[])
ARR 50001f33 (sz=6, trace=300000, nelems=3, elem type=char[])
ARR 50001f34 (sz=18, trace=300000, nelems=9, elem type=char[])
ARR 50001f35 (sz=16, trace=300000, nelems=8, elem type=char[])
ARR 50001f36 (sz=4, trace=300000, nelems=2, elem type=char[])
ARR 50001f37 (sz=4, trace=300000, nelems=2, elem type=char[])
ARR 50001f38 (sz=4, trace=300000, nelems=2, elem type=char[])
ARR 50001f39 (sz=4, trace=300000, nelems=2, elem type=char[])
OBJ 50001f3a (sz=24, trace=300000, class=java.lang.String@5000016b)
	value		50001f44
OBJ 50001f3b (sz=24, trace=300000, class=java.lang.String@5000016b)
	value		50001f49
OBJ 50001f3c (sz=24, trace=300000, class=java.lang.String@5000016b)
	value		50001f47
OBJ 50001f3d (sz=24, trace=300000, class=java.lang.String@5000016b)
	value		50001f4c
OBJ 50001f3e (sz=24, trace=300000, class=java.lang.String@5000016b)
	value		50001f45
OBJ 50001f3f (sz=24, trace=300000, class=java.lang.String@5000016b)
	value		50001f4a
OBJ 50001f40 (sz=24, trace=300000, class=java.lang.String@5000016b)
	value		50001f46
OBJ 50001f41 (sz=24, trace=300000, class=java.lang.String@5000016b)
	value		50001f4b
OBJ 50001f42 (sz=24, trace=300000, class=java.lang.String@5000016b)
	value		50001f48
OBJ 50001f43 (sz=24, trace=300000, class=java.lang.String@5000016b)
	value		50001f4d
ARR 50001f44 (sz=14, trace=300000, nelems=7, elem type=char[])
ARR 50001f45 (sz=42, trace=300000, nelems=21, elem type=char[])
ARR 50001f46 (sz=38, trace=300000, nelems=19, elem type=char[])
ARR 50001f47 (sz=40, trace=300000, nelems=20, elem type=char[])
ARR 50001f48 (sz=40, trace=300000, nelems=20, elem type=char[])
ARR 50001f49 (sz=12, trace=300000, nelems=6, elem type=char[])
ARR 50001f4a (sz=40, trace=300000, nelems=20, elem type=char[])
ARR 50001f4b (sz=36, trace=300000, nelems=18, elem type=char[])
ARR 50001f4c (sz=38, trace=300000, nelems=19, elem type=char[])
ARR 50001f4d (sz=38, trace=300000, nelems=19, elem type=char[])
ARR 50001f4e (sz=24, trace=300000, nelems=12, elem type=char[])
ARR 50001f4f (sz=22, trace=300000, nelems=11, elem type=char[])
ARR 50001f50 (sz=22, trace=300000, nelems=11, elem type=char[])
ARR 50001f51 (sz=26, trace=300000, nelems=13, elem type=char[])
ARR 50001f52 (sz=24, trace=300000, nelems=12, elem type=char[])
ARR 50001f53 (sz=4, trace=300000, nelems=2, elem type=char[])
OBJ 50001f54 (sz=24, trace=300000, class=java.lang.String@5000016b)
	value		50001f57
OBJ 50001f55 (sz=24, trace=300000, class=java.lang.String@5000016b)
	value		50001f56
ARR 50001f56 (sz=52, trace=300000, nelems=26, elem type=char[])
ARR 50001f57 (sz=42, trace=300000, nelems=21, elem type=char[])
ARR 50001f58 (sz=16, trace=300000, nelems=8, elem type=char[])
ARR 50001f59 (sz=28, trace=300000, nelems=14, elem type=char[])
ARR 50001f5a (sz=28, trace=300000, nelems=14, elem type=char[])
ARR 50001f5b (sz=2, trace=300000, nelems=1, elem type=char[])
ARR 50001f5c (sz=2, trace=300000, nelems=1, elem type=char[])
OBJ 50001f5d (sz=24, trace=300000, class=java.lang.String@5000016b)
	value		50001f63
OBJ 50001f5e (sz=24, trace=300000, class=java.lang.String@5000016b)
	value		50001f62
ARR 50001f5f (sz=24, trace=300000, nelems=2, elem type=java.io.File$PathStatus[]@50000063)
	[0]		50001f61
	[1]		50001f60
OBJ 50001f60 (sz=24, trace=300000, class=java.io.File$PathStatus@50000068)
	name		50001f5d
OBJ 50001f61 (sz=24, trace=300000, class=java.io.File$PathStatus@50000068)
	name		50001f5e
ARR 50001f62 (sz=14, trace=300000, nelems=7, elem type=char[])
ARR 50001f63 (sz=14, trace=300000, nelems=7, elem type=char[])
ARR 50001f64 (sz=24, trace=300000, nelems=12, elem type=char[])
ARR 50001f65 (sz=8, trace=300000, nelems=4, elem type=char[])
OBJ 50001f66 (sz=32, trace=300000, class=java.io.FileOutputStream@500000ad)
	fd		5000141b
	closeLock	50001f67
OBJ 50001f67 (sz=16, trace=300000, class=java.lang.Object@5000016f)
OBJ 50001f68 (sz=24, trace=300000, class=java.lang.String@5000016b)
	value		50001f6c
OBJ 50001f69 (sz=32, trace=300000, class=java.util.concurrent.atomic.AtomicReferenceFieldUpdater$AtomicReferenceFieldUpdaterImpl@500000a9)
	tclass		500000ab
	vclass		50000173
OBJ 50001f6a (sz=24, trace=300000, class=java.lang.String@5000016b)
	value		50001f6b
ARR 50001f6b (sz=26, trace=300000, nelems=13, elem type=char[])
ARR 50001f6c (sz=6, trace=300000, nelems=3, elem type=char[])
OBJ 50001f6d (sz=24, trace=300000, class=java.io.OutputStreamWriter@5000007d)
	lock		50001415
	se		50001f72
OBJ 50001f6e (sz=40, trace=300000, class=java.io.BufferedWriter@50000071)
	lock		50001f6d
	out		50001f6d
	cb		50001f71
	lineSeparator	50001412
OBJ 50001f6f (sz=24, trace=300000, class=java.io.BufferedOutputStream@50000093)
	out		5000141d
	buf		50001f70
ARR 50001f70 (sz=128, trace=300000, nelems=128, elem type=byte[])
ARR 50001f71 (sz=16384, trace=300000, nelems=8192, elem type=char[])
OBJ 50001f72 (sz=48, trace=300000, class=sun.nio.cs.StreamEncoder@5000007c)
	lock		50001f6d
	cs		50001b12
	encoder		50001f74
	bb		50001f73
	out		50001415
OBJ 50001f73 (sz=48, trace=300000, class=java.nio.HeapByteBuffer@50000076)
	hb		50001f76
OBJ 50001f74 (sz=64, trace=300000, class=sun.nio.cs.SingleByte$Encoder@50000079)
	charset		50001b12
	replacement	50001f75
	malformedInputAction	500017ae
	unmappableCharacterAction	500017ae
	c2b		50001b17
	c2bIndex	50001b16
ARR 50001f75 (sz=1, trace=300000, nelems=1, elem type=byte[])
ARR 50001f76 (sz=8192, trace=300000, nelems=8192, elem type=byte[])
ARR 50001f77 (sz=28, trace=300000, nelems=14, elem type=char[])
OBJ 50001f78 (sz=24, trace=300000, class=java.lang.String@5000016b)
	value		50001f7a
ARR 50001f79 (sz=22, trace=300000, nelems=11, elem type=char[])
ARR 50001f7a (sz=36, trace=300000, nelems=18, elem type=char[])
OBJ 50001f7b (sz=24, trace=300000, class=java.io.OutputStreamWriter@5000007d)
	lock		50001414
	se		50001f80
OBJ 50001f7c (sz=40, trace=300000, class=java.io.BufferedWriter@50000071)
	lock		50001f7b
	out		50001f7b
	cb		50001f7f
	lineSeparator	50001412
OBJ 50001f7d (sz=24, trace=300000, class=java.io.BufferedOutputStream@50000093)
	out		50001f66
	buf		50001f7e
ARR 50001f7e (sz=128, trace=300000, nelems=128, elem type=byte[])
ARR 50001f7f (sz=16384, trace=300000, nelems=8192, elem type=char[])
OBJ 50001f80 (sz=48, trace=300000, class=sun.nio.cs.StreamEncoder@5000007c)
	lock		50001f7b
	cs		50001b12
	encoder		50001f82
	bb		50001f81
	out		50001414
OBJ 50001f81 (sz=48, trace=300000, class=java.nio.HeapByteBuffer@50000076)
	hb		50001f84
OBJ 50001f82 (sz=64, trace=300000, class=sun.nio.cs.SingleByte$Encoder@50000079)
	charset		50001b12
	replacement	50001f83
	malformedInputAction	500017ae
	unmappableCharacterAction	500017ae
	c2b		50001b17
	c2bIndex	50001b16
ARR 50001f83 (sz=1, trace=300000, nelems=1, elem type=byte[])
ARR 50001f84 (sz=8192, trace=300000, nelems=8192, elem type=byte[])
OBJ 50001f85 (sz=24, trace=300000, class=java.util.Collections$SynchronizedSet@500000c7)
	c		50001fc8
	mutex		50001413
ARR 50001f86 (sz=400, trace=300000, nelems=92, elem type=java.util.Hashtable$Entry[]@500000d2)
	[0]		50001f87
	[2]		50001f88
	[5]		50001f89
	[9]		50001f8a
	[11]		50001f8b
	[13]		50001f8c
	[16]		50001f8d
	[17]		50001f8e
	[18]		50001f8f
	[19]		50001f90
	[21]		50001f91
	[22]		50001f92
	[24]		50001f93
	[26]		50001f94
	[27]		50001f95
	[33]		50001f96
	[38]		50001f97
	[39]		50001f98
	[40]		50001f99
	[41]		50001f9a
	[44]		50001f9b
	[47]		50001f9c
	[49]		50001f9d
	[54]		50001f9e
	[57]		50001f9f
	[63]		50001fa0
	[64]		50001fa1
	[65]		50001fa2
	[67]		50001fa3
	[70]		50001fa4
	[72]		50001fa5
	[74]		50001fa6
	[76]		50001fa7
	[79]		50001fa8
	[80]		50001fa9
	[81]		50001faa
	[82]		50001fab
	[88]		50001fac
	[91]		50001fad
OBJ 50001f87 (sz=32, trace=300000, class=java.util.Hashtable$Entry@500000d4)
	key		500015d6
	value		500015d5
OBJ 50001f88 (sz=32, trace=300000, class=java.util.Hashtable$Entry@500000d4)
	key		500015d2
	value		500015d1
OBJ 50001f89 (sz=32, trace=300000, class=java.util.Hashtable$Entry@500000d4)
	key		500015ce
	value		500015cd
OBJ 50001f8a (sz=32, trace=300000, class=java.util.Hashtable$Entry@500000d4)
	key		500015ca
	value		500015c9
	next		50001fc7
OBJ 50001f8b (sz=32, trace=300000, class=java.util.Hashtable$Entry@500000d4)
	key		500015bd
	value		500015bc
OBJ 50001f8c (sz=32, trace=300000, class=java.util.Hashtable$Entry@500000d4)
	key		500015b9
	value		500015b8
OBJ 50001f8d (sz=32, trace=300000, class=java.util.Hashtable$Entry@500000d4)
	key		500015b5
	value		500015b4
	next		50001fc6
OBJ 50001f8e (sz=32, trace=300000, class=java.util.Hashtable$Entry@500000d4)
	key		500015ac
	value		500015ab
OBJ 50001f8f (sz=32, trace=300000, class=java.util.Hashtable$Entry@500000d4)
	key		500015a8
	value		500015a7
OBJ 50001f90 (sz=32, trace=300000, class=java.util.Hashtable$Entry@500000d4)
	key		500015a4
	value		50001750
OBJ 50001f91 (sz=32, trace=300000, class=java.util.Hashtable$Entry@500000d4)
	key		5000159c
	value		50001fc4
OBJ 50001f92 (sz=32, trace=300000, class=java.util.Hashtable$Entry@500000d4)
	key		50001597
	value		50001596
OBJ 50001f93 (sz=32, trace=300000, class=java.util.Hashtable$Entry@500000d4)
	key		50001593
	value		50001592
	next		50001fc3
OBJ 50001f94 (sz=32, trace=300000, class=java.util.Hashtable$Entry@500000d4)
	key		5000158b
	value		5000145f
	next		50001fc2
OBJ 50001f95 (sz=32, trace=300000, class=java.util.Hashtable$Entry@500000d4)
	key		50001583
	value		50001582
OBJ 50001f96 (sz=32, trace=300000, class=java.util.Hashtable$Entry@500000d4)
	key		5000157f
	value		5000157e
	next		50001fc1
OBJ 50001f97 (sz=32, trace=300000, class=java.util.Hashtable$Entry@500000d4)
	key		50001572
	value		50001571
	next		50001fc0
OBJ 50001f98 (sz=32, trace=300000, class=java.util.Hashtable$Entry@500000d4)
	key		5000156d
	value		5000156c
OBJ 50001f99 (sz=32, trace=300000, class=java.util.Hashtable$Entry@500000d4)
	key		50001569
	value		50001568
OBJ 50001f9a (sz=32, trace=300000, class=java.util.Hashtable$Entry@500000d4)
	key		50001565
	value		50001564
OBJ 50001f9b (sz=32, trace=300000, class=java.util.Hashtable$Entry@500000d4)
	key		50001561
	value		50001560
OBJ 50001f9c (sz=32, trace=300000, class=java.util.Hashtable$Entry@500000d4)
	key		5000155d
	value		5000155c
OBJ 50001f9d (sz=32, trace=300000, class=java.util.Hashtable$Entry@500000d4)
	key		50001555
	value		50001554
	next		50001fbf
OBJ 50001f9e (sz=32, trace=300000, class=java.util.Hashtable$Entry@500000d4)
	key		50001550
	value		5000154f
OBJ 50001f9f (sz=32, trace=300000, class=java.util.Hashtable$Entry@500000d4)
	key		5000154c
	value		5000154b
OBJ 50001fa0 (sz=32, trace=300000, class=java.util.Hashtable$Entry@500000d4)
	key		50001548
	value		50001547
OBJ 50001fa1 (sz=32, trace=300000, class=java.util.Hashtable$Entry@500000d4)
	key		50001544
	value		50001543
OBJ 50001fa2 (sz=32, trace=300000, class=java.util.Hashtable$Entry@500000d4)
	key		50001540
	value		5000153f
OBJ 50001fa3 (sz=32, trace=300000, class=java.util.Hashtable$Entry@500000d4)
	key		50001539
	value		50001538
	next		50001fbe
OBJ 50001fa4 (sz=32, trace=300000, class=java.util.Hashtable$Entry@500000d4)
	key		50001530
	value		5000152f
	next		50001fbd
OBJ 50001fa5 (sz=32, trace=300000, class=java.util.Hashtable$Entry@500000d4)
	key		5000152b
	value		5000152a
OBJ 50001fa6 (sz=32, trace=300000, class=java.util.Hashtable$Entry@500000d4)
	key		50001fba
	value		50001fb9
OBJ 50001fa7 (sz=32, trace=300000, class=java.util.Hashtable$Entry@500000d4)
	key		50001523
	value		50001522
	next		50001fb8
OBJ 50001fa8 (sz=32, trace=300000, class=java.util.Hashtable$Entry@500000d4)
	key		50001515
	value		50001514
	next		50001fb5
OBJ 50001fa9 (sz=32, trace=300000, class=java.util.Hashtable$Entry@500000d4)
	key		50001507
	value		50001506
	next		50001fb4
OBJ 50001faa (sz=32, trace=300000, class=java.util.Hashtable$Entry@500000d4)
	key		50001502
	value		50001501
OBJ 50001fab (sz=32, trace=300000, class=java.util.Hashtable$Entry@500000d4)
	key		500014fa
	value		500014f9
	next		50001fb3
OBJ 50001fac (sz=32, trace=300000, class=java.util.Hashtable$Entry@500000d4)
	key		500014f1
	value		500014f0
	next		50001fb2
OBJ 50001fad (sz=32, trace=300000, class=java.util.Hashtable$Entry@500000d4)
	key		50001faf
	value		50001fae
OBJ 50001fae (sz=24, trace=300000, class=java.lang.String@5000016b)
	value		50001fb1
OBJ 50001faf (sz=24, trace=300000, class=java.lang.String@5000016b)
	value		50001fb0
ARR 50001fb0 (sz=34, trace=300000, nelems=17, elem type=char[])
ARR 50001fb1 (sz=62, trace=300000, nelems=31, elem type=char[])
OBJ 50001fb2 (sz=32, trace=300000, class=java.util.Hashtable$Entry@500000d4)
	key		500014f5
	value		500014f4
OBJ 50001fb3 (sz=32, trace=300000, class=java.util.Hashtable$Entry@500000d4)
	key		500014fe
	value		500014fd
OBJ 50001fb4 (sz=32, trace=300000, class=java.util.Hashtable$Entry@500000d4)
	key		5000150b
	value		5000150a
OBJ 50001fb5 (sz=32, trace=300000, class=java.util.Hashtable$Entry@500000d4)
	key		50001510
	value		5000150f
	next		50001fb6
OBJ 50001fb6 (sz=32, trace=300000, class=java.util.Hashtable$Entry@500000d4)
	key		5000151a
	value		50001519
	next		50001fb7
OBJ 50001fb7 (sz=32, trace=300000, class=java.util.Hashtable$Entry@500000d4)
	key		5000151e
	value		5000151d
OBJ 50001fb8 (sz=32, trace=300000, class=java.util.Hashtable$Entry@500000d4)
	key		50001527
	value		50001526
OBJ 50001fb9 (sz=24, trace=300000, class=java.lang.String@5000016b)
	value		50001fbc
OBJ 50001fba (sz=24, trace=300000, class=java.lang.String@5000016b)
	value		50001fbb
ARR 50001fbb (sz=40, trace=300000, nelems=20, elem type=char[])
ARR 50001fbc (sz=24, trace=300000, nelems=12, elem type=char[])
OBJ 50001fbd (sz=32, trace=300000, class=java.util.Hashtable$Entry@500000d4)
	key		50001534
	value		50001533
OBJ 50001fbe (sz=32, trace=300000, class=java.util.Hashtable$Entry@500000d4)
	key		5000153c
	value		50001412
OBJ 50001fbf (sz=32, trace=300000, class=java.util.Hashtable$Entry@500000d4)
	key		50001559
	value		50001558
OBJ 50001fc0 (sz=32, trace=300000, class=java.util.Hashtable$Entry@500000d4)
	key		50001576
	value		50001575
OBJ 50001fc1 (sz=32, trace=300000, class=java.util.Hashtable$Entry@500000d4)
	key		5000157b
	value		5000157a
OBJ 50001fc2 (sz=32, trace=300000, class=java.util.Hashtable$Entry@500000d4)
	key		50001588
	value		50001587
OBJ 50001fc3 (sz=32, trace=300000, class=java.util.Hashtable$Entry@500000d4)
	key		5000158f
	value		5000158e
OBJ 50001fc4 (sz=24, trace=300000, class=java.lang.String@5000016b)
	value		50001fc5
ARR 50001fc5 (sz=20, trace=300000, nelems=10, elem type=char[])
OBJ 50001fc6 (sz=32, trace=300000, class=java.util.Hashtable$Entry@500000d4)
	key		500015b1
	value		500015b0
OBJ 50001fc7 (sz=32, trace=300000, class=java.util.Hashtable$Entry@500000d4)
	key		500015c6
	value		500015c5
OBJ 50001fc8 (sz=16, trace=300000, class=java.util.Hashtable$EntrySet@500000ce)
	this$0		50001413
OBJ 50001fc9 (sz=24, trace=300000, class=java.lang.String@5000016b)
	value		50001fca
ARR 50001fca (sz=8, trace=300000, nelems=4, elem type=char[])
OBJ 50001fcb (sz=24, trace=300000, class=java.lang.String@5000016b)
	value		50001fd8
OBJ 50001fcc (sz=24, trace=300000, class=java.lang.String@5000016b)
	value		50001fd6
OBJ 50001fcd (sz=16, trace=300000, class=java.lang.Terminator$1@5000005d)
OBJ 50001fce (sz=24, trace=300000, class=sun.misc.NativeSignalHandler@5000005b)
OBJ 50001fcf (sz=24, trace=300000, class=sun.misc.NativeSignalHandler@5000005b)
OBJ 50001fd0 (sz=48, trace=300000, class=java.util.Hashtable@50000143)
	table		50001fd9
OBJ 50001fd1 (sz=48, trace=300000, class=java.util.Hashtable@50000143)
	table		50001fd2
ARR 50001fd2 (sz=32, trace=300000, nelems=4, elem type=java.util.Hashtable$Entry[]@500000d2)
	[2]		50001fd3
	[3]		50001fd4
OBJ 50001fd3 (sz=32, trace=300000, class=java.util.Hashtable$Entry@500000d4)
	key		50001fd7
	value		50001fcd
OBJ 50001fd4 (sz=32, trace=300000, class=java.util.Hashtable$Entry@500000d4)
	key		50001fd5
	value		50001fcd
OBJ 50001fd5 (sz=24, trace=300000, class=sun.misc.Signal@5000005c)
	name		50001fcc
ARR 50001fd6 (sz=8, trace=300000, nelems=4, elem type=char[])
OBJ 50001fd7 (sz=24, trace=300000, class=sun.misc.Signal@5000005c)
	name		50001fcb
ARR 50001fd8 (sz=6, trace=300000, nelems=3, elem type=char[])
ARR 50001fd9 (sz=32, trace=300000, nelems=4, elem type=java.util.Hashtable$Entry[]@500000d2)
	[2]		50001fda
	[3]		50001fdb
OBJ 50001fda (sz=32, trace=300000, class=java.util.Hashtable$Entry@500000d4)
	key		500016a2
	value		50001fd7
OBJ 50001fdb (sz=32, trace=300000, class=java.util.Hashtable$Entry@500000d4)
	key		500016af
	value		50001fd5
ARR 50001fdc (sz=6, trace=300000, nelems=3, elem type=char[])
ARR 50001fdd (sz=38, trace=300000, nelems=19, elem type=char[])
ARR 50001fde (sz=38, trace=300000, nelems=19, elem type=char[])
ARR 50001fdf (sz=12, trace=300000, nelems=6, elem type=char[])
ARR 50001fe0 (sz=4, trace=300000, nelems=2, elem type=char[])
ARR 50001fe1 (sz=8, trace=300000, nelems=4, elem type=char[])
ARR 50001fe2 (sz=4, trace=300000, nelems=2, elem type=char[])
ARR 50001fe3 (sz=10, trace=300000, nelems=5, elem type=char[])
ARR 50001fe4 (sz=14, trace=300000, nelems=7, elem type=char[])
ARR 50001fe5 (sz=4, trace=300000, nelems=2, elem type=char[])
ARR 50001fe6 (sz=24, trace=300000, nelems=12, elem type=char[])
ARR 50001fe7 (sz=32, trace=300000, nelems=1, elem type=java.lang.ThreadGroup[]@500000f3)
	[0]		500013f3
ARR 50001fe8 (sz=32, trace=300000, nelems=4, elem type=java.lang.Thread[]@500000db)
	[0]		500012f9
	[1]		500012f5
	[2]		500012f4
	[3]		500012f3
OBJ 50001fe9 (sz=16, trace=300000, class=java.lang.Object@5000016f)
OBJ 50001fea (sz=40, trace=300000, class=java.security.AccessControlContext@5000015c)
ARR 50001feb (sz=30, trace=300000, nelems=15, elem type=char[])
OBJ 50001fec (sz=16, trace=300000, class=java.lang.Object@5000016f)
OBJ 50001fed (sz=40, trace=300000, class=java.security.AccessControlContext@5000015c)
ARR 50001fee (sz=34, trace=300000, nelems=17, elem type=char[])
OBJ 50001fef (sz=16, trace=300000, class=java.lang.Object@5000016f)
OBJ 50001ff0 (sz=40, trace=300000, class=java.security.AccessControlContext@5000015c)
ARR 50001ff1 (sz=18, trace=300000, nelems=9, elem type=char[])
OBJ 50001ff2 (sz=24, trace=300000, class=java.lang.String@5000016b)
	value		50001ffe
OBJ 50001ff3 (sz=16, trace=300000, class=java.lang.Object@5000016f)
OBJ 50001ff4 (sz=40, trace=300000, class=java.lang.ref.Finalizer@5000014a)
	referent	50001ff6
	queue		500012f6
	next		50001ff5
	prev		50000370
OBJ 50001ff5 (sz=40, trace=300000, class=java.lang.ref.Finalizer@5000014a)
	referent	50001d19
	queue		500012f6
	next		50001ffb
	prev		50001ff4
OBJ 50001ff6 (sz=32, trace=300000, class=java.io.FileInputStream@500000c0)
	fd		50001ff9
	path		50001ff8
	closeLock	50001ff7
OBJ 50001ff7 (sz=16, trace=300000, class=java.lang.Object@5000016f)
OBJ 50001ff8 (sz=24, trace=300000, class=java.lang.String@5000016b)
	value		50001ffa
OBJ 50001ff9 (sz=40, trace=300000, class=java.io.FileDescriptor@500000bf)
	parent		50001ff6
ARR 50001ffa (sz=104, trace=300000, nelems=52, elem type=char[])
OBJ 50001ffb (sz=40, trace=300000, class=java.lang.ref.Finalizer@5000014a)
	referent	50001f66
	queue		500012f6
	next		50001ffc
	prev		50001ff5
OBJ 50001ffc (sz=40, trace=300000, class=java.lang.ref.Finalizer@5000014a)
	referent	5000141d
	queue		500012f6
	next		50001ffd
	prev		50001ffb
OBJ 50001ffd (sz=40, trace=300000, class=java.lang.ref.Finalizer@5000014a)
	referent	50001418
	queue		500012f6
	prev		50001ffc
ARR 50001ffe (sz=18, trace=300000, nelems=9, elem type=char[])
OBJ 50001fff (sz=16, trace=300000, class=java.lang.Object@5000016f)
OBJ 50002000 (sz=40, trace=300000, class=java.security.AccessControlContext@5000015c)
ARR 50002001 (sz=34, trace=300000, nelems=17, elem type=char[])
ARR 50002002 (sz=32, trace=300000, nelems=1, elem type=java.lang.Thread[]@500000db)
	[0]		500012e4
OBJ 50002003 (sz=24, trace=300000, class=java.lang.String@5000016b)
	value		50002004
ARR 50002004 (sz=8, trace=300000, nelems=4, elem type=char[])
OBJ 50002005 (sz=40, trace=300000, class=java.security.AccessControlContext@5000015c)
OBJ 50002006 (sz=24, trace=300000, class=java.lang.String@5000016b)
	value		50002007
ARR 50002007 (sz=18, trace=300000, nelems=9, elem type=char[])
OBJ 50002008 (sz=32, trace=300000, class=java.lang.OutOfMemoryError@50000153)
OBJ 50002009 (sz=32, trace=300000, class=java.lang.OutOfMemoryError@50000153)
OBJ 5000200a (sz=32, trace=300000, class=java.lang.OutOfMemoryError@50000153)
OBJ 5000200b (sz=32, trace=300000, class=java.lang.OutOfMemoryError@50000153)
OBJ 5000200c (sz=24, trace=300000, class=java.lang.String@5000016b)
	value		5000200d
ARR 5000200d (sz=126, trace=300000, nelems=63, elem type=char[])
OBJ 5000200e (sz=24, trace=300000, class=java.lang.String@5000016b)
	value		5000200f
ARR 5000200f (sz=52, trace=300000, nelems=26, elem type=char[])
OBJ 50002010 (sz=24, trace=300000, class=java.lang.String@5000016b)
	value		50002011
ARR 50002011 (sz=74, trace=300000, nelems=37, elem type=char[])
OBJ 50002012 (sz=24, trace=300000, class=java.lang.String@5000016b)
	value		50002013
ARR 50002013 (sz=44, trace=300000, nelems=22, elem type=char[])
OBJ 50002014 (sz=24, trace=300000, class=java.lang.String@5000016b)
	value		50002015
ARR 50002015 (sz=18, trace=300000, nelems=9, elem type=char[])
OBJ 50002016 (sz=24, trace=300000, class=java.lang.String@5000016b)
	value		50002017
ARR 50002017 (sz=30, trace=300000, nelems=15, elem type=char[])
ARR 50002018 (sz=22, trace=300000, nelems=11, elem type=char[])
OBJ 50002019 (sz=24, trace=300000, class=java.lang.String@5000016b)
	value		50002030
OBJ 5000201a (sz=24, trace=300000, class=java.lang.String@5000016b)
	value		5000202b
OBJ 5000201b (sz=24, trace=300000, class=java.lang.String@5000016b)
	value		5000202a
OBJ 5000201c (sz=24, trace=300000, class=java.lang.String@5000016b)
	value		50002029
OBJ 5000201d (sz=24, trace=300000, class=java.lang.String@5000016b)
	value		50002028
OBJ 5000201e (sz=24, trace=300000, class=java.lang.String@5000016b)
	value		50002027
OBJ 5000201f (sz=24, trace=300000, class=java.lang.String@5000016b)
	value		50002026
OBJ 50002020 (sz=24, trace=300000, class=java.lang.String@5000016b)
	value		50002025
OBJ 50002021 (sz=24, trace=300000, class=java.lang.String@5000016b)
	value		50002024
OBJ 50002022 (sz=24, trace=300000, class=java.lang.String@5000016b)
	value		50002023
ARR 50002023 (sz=100, trace=300000, nelems=50, elem type=char[])
ARR 50002024 (sz=94, trace=300000, nelems=47, elem type=char[])
ARR 50002025 (sz=86, trace=300000, nelems=43, elem type=char[])
ARR 50002026 (sz=82, trace=300000, nelems=41, elem type=char[])
ARR 50002027 (sz=92, trace=300000, nelems=46, elem type=char[])
ARR 50002028 (sz=102, trace=300000, nelems=51, elem type=char[])
ARR 50002029 (sz=82, trace=300000, nelems=41, elem type=char[])
ARR 5000202a (sz=98, trace=300000, nelems=49, elem type=char[])
ARR 5000202b (sz=94, trace=300000, nelems=47, elem type=char[])
OBJ 5000202c (sz=24, trace=300000, class=java.lang.String@5000016b)
	value		5000202d
ARR 5000202d (sz=20, trace=300000, nelems=10, elem type=char[])
OBJ 5000202e (sz=24, trace=300000, class=java.lang.String@5000016b)
	value		5000202f
ARR 5000202f (sz=12, trace=300000, nelems=6, elem type=char[])
ARR 50002030 (sz=8, trace=300000, nelems=4, elem type=char[])
OBJ 50002031 (sz=24, trace=300000, class=java.lang.String@5000016b)
	value		50002036
OBJ 50002032 (sz=24, trace=300000, class=java.lang.String@5000016b)
	value		50002035
OBJ 50002033 (sz=24, trace=300000, class=java.lang.String@5000016b)
	value		50002034
ARR 50002034 (sz=24, trace=300000, nelems=12, elem type=char[])
ARR 50002035 (sz=26, trace=300000, nelems=13, elem type=char[])
ARR 50002036 (sz=14, trace=300000, nelems=7, elem type=char[])
OBJ 50002037 (sz=24, trace=300000, class=java.lang.String@5000016b)
	value		5000207c
OBJ 50002038 (sz=24, trace=300000, class=java.lang.String@5000016b)
	value		5000207b
OBJ 50002039 (sz=24, trace=300000, class=java.lang.String@5000016b)
	value		5000207a
OBJ 5000203a (sz=24, trace=300000, class=java.lang.String@5000016b)
	value		5000205a
OBJ 5000203b (sz=24, trace=300000, class=java.lang.String@5000016b)
	value		50002079
OBJ 5000203c (sz=24, trace=300000, class=java.lang.String@5000016b)
	value		50002078
OBJ 5000203d (sz=24, trace=300000, class=java.lang.String@5000016b)
	value		50002077
OBJ 5000203e (sz=24, trace=300000, class=java.lang.String@5000016b)
	value		50002076
OBJ 5000203f (sz=24, trace=300000, class=java.lang.String@5000016b)
	value		5000205d
OBJ 50002040 (sz=24, trace=300000, class=java.lang.String@5000016b)
	value		50002075
OBJ 50002041 (sz=24, trace=300000, class=java.lang.String@5000016b)
	value		50002074
OBJ 50002042 (sz=24, trace=300000, class=java.lang.String@5000016b)
	value		50002073
OBJ 50002043 (sz=24, trace=300000, class=java.lang.String@5000016b)
	value		50002072
OBJ 50002044 (sz=24, trace=300000, class=java.lang.String@5000016b)
	value		50002071
OBJ 50002045 (sz=24, trace=300000, class=java.lang.String@5000016b)
	value		50002070
OBJ 50002046 (sz=24, trace=300000, class=java.lang.String@5000016b)
	value		50002059
OBJ 50002047 (sz=24, trace=300000, class=java.lang.String@5000016b)
	value		5000206f
OBJ 50002048 (sz=24, trace=300000, class=java.lang.String@5000016b)
	value		5000206e
OBJ 50002049 (sz=24, trace=300000, class=java.lang.String@5000016b)
	value		5000206b
OBJ 5000204a (sz=24, trace=300000, class=java.lang.String@5000016b)
	value		5000206a
OBJ 5000204b (sz=24, trace=300000, class=java.lang.String@5000016b)
	value		50002069
OBJ 5000204c (sz=24, trace=300000, class=java.lang.String@5000016b)
	value		50002068
OBJ 5000204d (sz=24, trace=300000, class=java.lang.String@5000016b)
	value		50002067
OBJ 5000204e (sz=24, trace=300000, class=java.lang.String@5000016b)
	value		50002066
OBJ 5000204f (sz=24, trace=300000, class=java.lang.String@5000016b)
	value		50002065
OBJ 50002050 (sz=24, trace=300000, class=java.lang.String@5000016b)
	value		50002064
OBJ 50002051 (sz=24, trace=300000, class=java.lang.String@5000016b)
	value		50002063
OBJ 50002052 (sz=24, trace=300000, class=java.lang.String@5000016b)
	value		50002062
OBJ 50002053 (sz=24, trace=300000, class=java.lang.String@5000016b)
	value		50002061
OBJ 50002054 (sz=24, trace=300000, class=java.lang.String@5000016b)
	value		50002060
OBJ 50002055 (sz=24, trace=300000, class=java.lang.String@5000016b)
	value		5000205f
OBJ 50002056 (sz=24, trace=300000, class=java.lang.String@5000016b)
	value		5000205e
OBJ 50002057 (sz=24, trace=300000, class=java.lang.String@5000016b)
	value		5000205c
OBJ 50002058 (sz=24, trace=300000, class=java.lang.String@5000016b)
	value		5000205b
ARR 50002059 (sz=46, trace=300000, nelems=23, elem type=char[])
ARR 5000205a (sz=34, trace=300000, nelems=17, elem type=char[])
ARR 5000205b (sz=48, trace=300000, nelems=24, elem type=char[])
ARR 5000205c (sz=78, trace=300000, nelems=39, elem type=char[])
ARR 5000205d (sz=70, trace=300000, nelems=35, elem type=char[])
ARR 5000205e (sz=66, trace=300000, nelems=33, elem type=char[])
ARR 5000205f (sz=76, trace=300000, nelems=38, elem type=char[])
ARR 50002060 (sz=64, trace=300000, nelems=32, elem type=char[])
ARR 50002061 (sz=80, trace=300000, nelems=40, elem type=char[])
ARR 50002062 (sz=62, trace=300000, nelems=31, elem type=char[])
ARR 50002063 (sz=58, trace=300000, nelems=29, elem type=char[])
ARR 50002064 (sz=88, trace=300000, nelems=44, elem type=char[])
ARR 50002065 (sz=66, trace=300000, nelems=33, elem type=char[])
ARR 50002066 (sz=58, trace=300000, nelems=29, elem type=char[])
ARR 50002067 (sz=68, trace=300000, nelems=34, elem type=char[])
ARR 50002068 (sz=2, trace=300000, nelems=1, elem type=char[])
ARR 50002069 (sz=2, trace=300000, nelems=1, elem type=char[])
ARR 5000206a (sz=2, trace=300000, nelems=1, elem type=char[])
ARR 5000206b (sz=24, trace=300000, nelems=12, elem type=char[])
OBJ 5000206c (sz=24, trace=300000, class=java.lang.String@5000016b)
	value		5000206d
ARR 5000206d (sz=68, trace=300000, nelems=34, elem type=char[])
ARR 5000206e (sz=6, trace=300000, nelems=3, elem type=char[])
ARR 5000206f (sz=18, trace=300000, nelems=9, elem type=char[])
ARR 50002070 (sz=10, trace=300000, nelems=5, elem type=char[])
ARR 50002071 (sz=14, trace=300000, nelems=7, elem type=char[])
ARR 50002072 (sz=20, trace=300000, nelems=10, elem type=char[])
ARR 50002073 (sz=6, trace=300000, nelems=3, elem type=char[])
ARR 50002074 (sz=6, trace=300000, nelems=3, elem type=char[])
ARR 50002075 (sz=18, trace=300000, nelems=9, elem type=char[])
ARR 50002076 (sz=22, trace=300000, nelems=11, elem type=char[])
ARR 50002077 (sz=36, trace=300000, nelems=18, elem type=char[])
ARR 50002078 (sz=24, trace=300000, nelems=12, elem type=char[])
ARR 50002079 (sz=20, trace=300000, nelems=10, elem type=char[])
ARR 5000207a (sz=30, trace=300000, nelems=15, elem type=char[])
ARR 5000207b (sz=32, trace=300000, nelems=16, elem type=char[])
ARR 5000207c (sz=16, trace=300000, nelems=8, elem type=char[])
OBJ 5000207d (sz=24, trace=300000, class=java.lang.String@5000016b)
	value		50002346
OBJ 5000207e (sz=24, trace=300000, class=java.lang.String@5000016b)
	value		5000208a
OBJ 5000207f (sz=24, trace=300000, class=java.lang.String@5000016b)
	value		50002281
OBJ 50002080 (sz=24, trace=300000, class=java.lang.String@5000016b)
	value		5000226c
OBJ 50002081 (sz=24, trace=300000, class=java.lang.String@5000016b)
	value		50002290
OBJ 50002082 (sz=24, trace=300000, class=java.lang.String@5000016b)
	value		5000226f
OBJ 50002083 (sz=24, trace=300000, class=java.lang.String@5000016b)
	value		50002276
OBJ 50002084 (sz=24, trace=300000, class=java.lang.String@5000016b)
	value		50002090
OBJ 50002085 (sz=24, trace=300000, class=java.lang.String@5000016b)
	value		5000208f
OBJ 50002086 (sz=24, trace=300000, class=java.lang.String@5000016b)
	value		5000208e
OBJ 50002087 (sz=24, trace=300000, class=java.lang.String@5000016b)
	value		5000208d
OBJ 50002088 (sz=24, trace=300000, class=java.lang.String@5000016b)
	value		5000208c
OBJ 50002089 (sz=24, trace=300000, class=java.lang.String@5000016b)
	value		5000208b
ARR 5000208a (sz=16, trace=300000, nelems=8, elem type=char[])
ARR 5000208b (sz=20, trace=300000, nelems=10, elem type=char[])
ARR 5000208c (sz=8, trace=300000, nelems=4, elem type=char[])
ARR 5000208d (sz=24, trace=300000, nelems=12, elem type=char[])
ARR 5000208e (sz=36, trace=300000, nelems=18, elem type=char[])
ARR 5000208f (sz=32, trace=300000, nelems=16, elem type=char[])
ARR 50002090 (sz=32, trace=300000, nelems=16, elem type=char[])
OBJ 50002091 (sz=56, trace=300000, class=java.util.ResourceBundle$CacheKey@500009c3)
	name		50001607
	locale		50001db2
	loaderRef	500009f3
	format		50002092
OBJ 50002092 (sz=24, trace=300000, class=java.lang.String@5000016b)
	value		50002093
ARR 50002093 (sz=20, trace=300000, nelems=10, elem type=char[])
OBJ 50002094 (sz=56, trace=300000, class=java.util.ResourceBundle$CacheKey@500009c3)
	name		50001607
	locale		50001db1
	loaderRef	50000ac4
	format		50002092
OBJ 50002095 (sz=56, trace=300000, class=java.util.ResourceBundle$CacheKey@500009c3)
	name		50000da6
	locale		50001dc3
	loaderRef	50000def
	format		50002092
OBJ 50002096 (sz=56, trace=300000, class=java.util.ResourceBundle$CacheKey@500009c3)
	name		50000da6
	locale		50001db2
	loaderRef	50000dcf
	format		50002092
OBJ 50002097 (sz=24, trace=300000, class=java.lang.String@5000016b)
	value		50002098
ARR 50002098 (sz=20, trace=300000, nelems=10, elem type=char[])
OBJ 50002099 (sz=24, trace=300000, class=java.lang.String@5000016b)
	value		5000209c
OBJ 5000209a (sz=24, trace=300000, class=java.lang.String@5000016b)
	value		5000209b
ARR 5000209b (sz=4, trace=300000, nelems=2, elem type=char[])
ARR 5000209c (sz=4, trace=300000, nelems=2, elem type=char[])
OBJ 5000209d (sz=24, trace=300000, class=java.lang.String@5000016b)
	value		5000209e
ARR 5000209e (sz=38, trace=300000, nelems=19, elem type=char[])
OBJ 5000209f (sz=24, trace=300000, class=java.lang.String@5000016b)
	value		500020ae
OBJ 500020a0 (sz=24, trace=300000, class=java.lang.String@5000016b)
	value		500020ad
OBJ 500020a1 (sz=24, trace=300000, class=java.lang.String@5000016b)
	value		500020ac
OBJ 500020a2 (sz=24, trace=300000, class=java.lang.String@5000016b)
	value		500020ab
OBJ 500020a3 (sz=24, trace=300000, class=java.lang.String@5000016b)
	value		500020aa
OBJ 500020a4 (sz=24, trace=300000, class=java.lang.String@5000016b)
	value		500020a9
OBJ 500020a5 (sz=24, trace=300000, class=java.lang.String@5000016b)
	value		500020a8
OBJ 500020a6 (sz=24, trace=300000, class=java.lang.String@5000016b)
	value		500020a7
ARR 500020a7 (sz=6, trace=300000, nelems=3, elem type=char[])
ARR 500020a8 (sz=2, trace=300000, nelems=1, elem type=char[])
ARR 500020a9 (sz=2, trace=300000, nelems=1, elem type=char[])
ARR 500020aa (sz=2, trace=300000, nelems=1, elem type=char[])
ARR 500020ab (sz=2, trace=300000, nelems=1, elem type=char[])
ARR 500020ac (sz=2, trace=300000, nelems=1, elem type=char[])
ARR 500020ad (sz=2, trace=300000, nelems=1, elem type=char[])
ARR 500020ae (sz=2, trace=300000, nelems=1, elem type=char[])
OBJ 500020af (sz=24, trace=300000, class=java.lang.String@5000016b)
	value		500020b0
ARR 500020b0 (sz=26, trace=300000, nelems=13, elem type=char[])
OBJ 500020b1 (sz=24, trace=300000, class=java.lang.String@5000016b)
	value		500020b8
OBJ 500020b2 (sz=24, trace=300000, class=java.lang.String@5000016b)
	value		500020b7
OBJ 500020b3 (sz=24, trace=300000, class=java.lang.String@5000016b)
	value		500020b6
OBJ 500020b4 (sz=24, trace=300000, class=java.lang.String@5000016b)
	value		500020b5
ARR 500020b5 (sz=12, trace=300000, nelems=6, elem type=char[])
ARR 500020b6 (sz=10, trace=300000, nelems=5, elem type=char[])
ARR 500020b7 (sz=12, trace=300000, nelems=6, elem type=char[])
ARR 500020b8 (sz=10, trace=300000, nelems=5, elem type=char[])
OBJ 500020b9 (sz=24, trace=300000, class=java.lang.String@5000016b)
	value		500020ba
ARR 500020ba (sz=42, trace=300000, nelems=21, elem type=char[])
OBJ 500020bb (sz=24, trace=300000, class=java.lang.String@5000016b)
	value		500020c0
OBJ 500020bc (sz=24, trace=300000, class=java.lang.String@5000016b)
	value		500020bf
OBJ 500020bd (sz=24, trace=300000, class=java.lang.String@5000016b)
	value		500020be
ARR 500020be (sz=8, trace=300000, nelems=4, elem type=char[])
ARR 500020bf (sz=14, trace=300000, nelems=7, elem type=char[])
ARR 500020c0 (sz=18, trace=300000, nelems=9, elem type=char[])
OBJ 500020c1 (sz=24, trace=300000, class=java.lang.String@5000016b)
	value		500020c2
ARR 500020c2 (sz=28, trace=300000, nelems=14, elem type=char[])
OBJ 500020c3 (sz=24, trace=300000, class=java.lang.String@5000016b)
	value		500020c4
ARR 500020c4 (sz=2, trace=300000, nelems=1, elem type=char[])
OBJ 500020c5 (sz=24, trace=300000, class=java.lang.String@5000016b)
	value		500020c6
ARR 500020c6 (sz=38, trace=300000, nelems=19, elem type=char[])
OBJ 500020c7 (sz=24, trace=300000, class=java.lang.String@5000016b)
	value		500020c8
ARR 500020c8 (sz=2, trace=300000, nelems=1, elem type=char[])
OBJ 500020c9 (sz=24, trace=300000, class=java.lang.String@5000016b)
	value		500020ca
ARR 500020ca (sz=36, trace=300000, nelems=18, elem type=char[])
OBJ 500020cb (sz=24, trace=300000, class=java.lang.String@5000016b)
	value		500020e2
OBJ 500020cc (sz=24, trace=300000, class=java.lang.String@5000016b)
	value		500020e1
OBJ 500020cd (sz=24, trace=300000, class=java.lang.String@5000016b)
	value		500020e0
OBJ 500020ce (sz=24, trace=300000, class=java.lang.String@5000016b)
	value		500020df
OBJ 500020cf (sz=24, trace=300000, class=java.lang.String@5000016b)
	value		500020de
OBJ 500020d0 (sz=24, trace=300000, class=java.lang.String@5000016b)
	value		500020dd
OBJ 500020d1 (sz=24, trace=300000, class=java.lang.String@5000016b)
	value		500020dc
OBJ 500020d2 (sz=24, trace=300000, class=java.lang.String@5000016b)
	value		500020db
OBJ 500020d3 (sz=24, trace=300000, class=java.lang.String@5000016b)
	value		500020da
OBJ 500020d4 (sz=24, trace=300000, class=java.lang.String@5000016b)
	value		500020d9
OBJ 500020d5 (sz=24, trace=300000, class=java.lang.String@5000016b)
	value		500020d8
OBJ 500020d6 (sz=24, trace=300000, class=java.lang.String@5000016b)
	value		500020d7
ARR 500020d7 (sz=6, trace=300000, nelems=3, elem type=char[])
ARR 500020d8 (sz=6, trace=300000, nelems=3, elem type=char[])
ARR 500020d9 (sz=6, trace=300000, nelems=3, elem type=char[])
ARR 500020da (sz=6, trace=300000, nelems=3, elem type=char[])
ARR 500020db (sz=6, trace=300000, nelems=3, elem type=char[])
ARR 500020dc (sz=6, trace=300000, nelems=3, elem type=char[])
ARR 500020dd (sz=6, trace=300000, nelems=3, elem type=char[])
ARR 500020de (sz=6, trace=300000, nelems=3, elem type=char[])
ARR 500020df (sz=6, trace=300000, nelems=3, elem type=char[])
ARR 500020e0 (sz=6, trace=300000, nelems=3, elem type=char[])
ARR 500020e1 (sz=6, trace=300000, nelems=3, elem type=char[])
ARR 500020e2 (sz=6, trace=300000, nelems=3, elem type=char[])
OBJ 500020e3 (sz=24, trace=300000, class=java.lang.String@5000016b)
	value		500020e4
ARR 500020e4 (sz=50, trace=300000, nelems=25, elem type=char[])
OBJ 500020e5 (sz=24, trace=300000, class=java.lang.String@5000016b)
	value		500020e6
ARR 500020e6 (sz=14, trace=300000, nelems=7, elem type=char[])
OBJ 500020e7 (sz=24, trace=300000, class=java.lang.String@5000016b)
	value		500020e8
ARR 500020e8 (sz=38, trace=300000, nelems=19, elem type=char[])
OBJ 500020e9 (sz=24, trace=300000, class=java.lang.String@5000016b)
	value		500020ea
ARR 500020ea (sz=2, trace=300000, nelems=1, elem type=char[])
OBJ 500020eb (sz=24, trace=300000, class=java.lang.String@5000016b)
	value		500020ec
ARR 500020ec (sz=24, trace=300000, nelems=12, elem type=char[])
OBJ 500020ed (sz=24, trace=300000, class=java.lang.String@5000016b)
	value		500020f4
OBJ 500020ee (sz=24, trace=300000, class=java.lang.String@5000016b)
	value		500020f3
OBJ 500020ef (sz=24, trace=300000, class=java.lang.String@5000016b)
	value		500020f2
OBJ 500020f0 (sz=24, trace=300000, class=java.lang.String@5000016b)
	value		500020f1
ARR 500020f1 (sz=12, trace=300000, nelems=6, elem type=char[])
ARR 500020f2 (sz=22, trace=300000, nelems=11, elem type=char[])
ARR 500020f3 (sz=24, trace=300000, nelems=12, elem type=char[])
ARR 500020f4 (sz=36, trace=300000, nelems=18, elem type=char[])
OBJ 500020f5 (sz=24, trace=300000, class=java.lang.String@5000016b)
	value		500020f6
ARR 500020f6 (sz=38, trace=300000, nelems=19, elem type=char[])
OBJ 500020f7 (sz=24, trace=300000, class=java.lang.String@5000016b)
	value		500020f8
ARR 500020f8 (sz=2, trace=300000, nelems=1, elem type=char[])
OBJ 500020f9 (sz=24, trace=300000, class=java.lang.String@5000016b)
	value		500020fa
ARR 500020fa (sz=38, trace=300000, nelems=19, elem type=char[])
OBJ 500020fb (sz=24, trace=300000, class=java.lang.String@5000016b)
	value		500020fc
ARR 500020fc (sz=2, trace=300000, nelems=1, elem type=char[])
OBJ 500020fd (sz=24, trace=300000, class=java.lang.String@5000016b)
	value		500020fe
ARR 500020fe (sz=38, trace=300000, nelems=19, elem type=char[])
OBJ 500020ff (sz=24, trace=300000, class=java.lang.String@5000016b)
	value		50002100
ARR 50002100 (sz=2, trace=300000, nelems=1, elem type=char[])
OBJ 50002101 (sz=24, trace=300000, class=java.lang.String@5000016b)
	value		50002102
ARR 50002102 (sz=38, trace=300000, nelems=19, elem type=char[])
OBJ 50002103 (sz=24, trace=300000, class=java.lang.String@5000016b)
	value		50002104
ARR 50002104 (sz=2, trace=300000, nelems=1, elem type=char[])
OBJ 50002105 (sz=24, trace=300000, class=java.lang.String@5000016b)
	value		50002106
ARR 50002106 (sz=28, trace=300000, nelems=14, elem type=char[])
OBJ 50002107 (sz=24, trace=300000, class=java.lang.String@5000016b)
	value		5000210c
OBJ 50002108 (sz=24, trace=300000, class=java.lang.String@5000016b)
	value		5000210b
OBJ 50002109 (sz=24, trace=300000, class=java.lang.String@5000016b)
	value		5000210a
ARR 5000210a (sz=12, trace=300000, nelems=6, elem type=char[])
ARR 5000210b (sz=44, trace=300000, nelems=22, elem type=char[])
ARR 5000210c (sz=40, trace=300000, nelems=20, elem type=char[])
OBJ 5000210d (sz=24, trace=300000, class=java.lang.String@5000016b)
	value		5000210e
ARR 5000210e (sz=20, trace=300000, nelems=10, elem type=char[])
OBJ 5000210f (sz=24, trace=300000, class=java.lang.String@5000016b)
	value		50002114
OBJ 50002110 (sz=24, trace=300000, class=java.lang.String@5000016b)
	value		50002118
OBJ 50002111 (sz=24, trace=300000, class=java.lang.String@5000016b)
	value		50002116
OBJ 50002112 (sz=24, trace=300000, class=java.lang.String@5000016b)
	value		50002117
OBJ 50002113 (sz=24, trace=300000, class=java.lang.String@5000016b)
	value		50002115
ARR 50002114 (sz=2, trace=300000, nelems=1, elem type=char[])
ARR 50002115 (sz=2, trace=300000, nelems=1, elem type=char[])
ARR 50002116 (sz=2, trace=300000, nelems=1, elem type=char[])
ARR 50002117 (sz=2, trace=300000, nelems=1, elem type=char[])
ARR 50002118 (sz=2, trace=300000, nelems=1, elem type=char[])
OBJ 50002119 (sz=24, trace=300000, class=java.lang.String@5000016b)
	value		5000211a
ARR 5000211a (sz=32, trace=300000, nelems=16, elem type=char[])
OBJ 5000211b (sz=24, trace=300000, class=java.lang.String@5000016b)
	value		50002128
OBJ 5000211c (sz=24, trace=300000, class=java.lang.String@5000016b)
	value		50002127
OBJ 5000211d (sz=24, trace=300000, class=java.lang.String@5000016b)
	value		50002126
OBJ 5000211e (sz=24, trace=300000, class=java.lang.String@5000016b)
	value		50002125
OBJ 5000211f (sz=24, trace=300000, class=java.lang.String@5000016b)
	value		50002124
OBJ 50002120 (sz=24, trace=300000, class=java.lang.String@5000016b)
	value		50002123
OBJ 50002121 (sz=24, trace=300000, class=java.lang.String@5000016b)
	value		50002122
ARR 50002122 (sz=6, trace=300000, nelems=3, elem type=char[])
ARR 50002123 (sz=6, trace=300000, nelems=3, elem type=char[])
ARR 50002124 (sz=6, trace=300000, nelems=3, elem type=char[])
ARR 50002125 (sz=6, trace=300000, nelems=3, elem type=char[])
ARR 50002126 (sz=6, trace=300000, nelems=3, elem type=char[])
ARR 50002127 (sz=6, trace=300000, nelems=3, elem type=char[])
ARR 50002128 (sz=6, trace=300000, nelems=3, elem type=char[])
OBJ 50002129 (sz=24, trace=300000, class=java.lang.String@5000016b)
	value		5000212a
ARR 5000212a (sz=50, trace=300000, nelems=25, elem type=char[])
OBJ 5000212b (sz=24, trace=300000, class=java.lang.String@5000016b)
	value		5000212c
ARR 5000212c (sz=16, trace=300000, nelems=8, elem type=char[])
OBJ 5000212d (sz=24, trace=300000, class=java.lang.String@5000016b)
	value		5000212e
ARR 5000212e (sz=26, trace=300000, nelems=13, elem type=char[])
OBJ 5000212f (sz=24, trace=300000, class=java.lang.String@5000016b)
	value		50002130
ARR 50002130 (sz=8, trace=300000, nelems=4, elem type=char[])
OBJ 50002131 (sz=24, trace=300000, class=java.lang.String@5000016b)
	value		50002132
ARR 50002132 (sz=42, trace=300000, nelems=21, elem type=char[])
OBJ 50002133 (sz=24, trace=300000, class=java.lang.String@5000016b)
	value		5000213a
OBJ 50002134 (sz=24, trace=300000, class=java.lang.String@5000016b)
	value		50002139
OBJ 50002135 (sz=24, trace=300000, class=java.lang.String@5000016b)
	value		50002138
OBJ 50002136 (sz=24, trace=300000, class=java.lang.String@5000016b)
	value		50002137
ARR 50002137 (sz=16, trace=300000, nelems=8, elem type=char[])
ARR 50002138 (sz=20, trace=300000, nelems=10, elem type=char[])
ARR 50002139 (sz=22, trace=300000, nelems=11, elem type=char[])
ARR 5000213a (sz=36, trace=300000, nelems=18, elem type=char[])
OBJ 5000213b (sz=24, trace=300000, class=java.lang.String@5000016b)
	value		5000213c
ARR 5000213c (sz=16, trace=300000, nelems=8, elem type=char[])
OBJ 5000213d (sz=24, trace=300000, class=java.lang.String@5000016b)
	value		5000214a
OBJ 5000213e (sz=24, trace=300000, class=java.lang.String@5000016b)
	value		50002149
OBJ 5000213f (sz=24, trace=300000, class=java.lang.String@5000016b)
	value		50002148
OBJ 50002140 (sz=24, trace=300000, class=java.lang.String@5000016b)
	value		50002147
OBJ 50002141 (sz=24, trace=300000, class=java.lang.String@5000016b)
	value		50002146
OBJ 50002142 (sz=24, trace=300000, class=java.lang.String@5000016b)
	value		50002145
OBJ 50002143 (sz=24, trace=300000, class=java.lang.String@5000016b)
	value		50002144
ARR 50002144 (sz=16, trace=300000, nelems=8, elem type=char[])
ARR 50002145 (sz=12, trace=300000, nelems=6, elem type=char[])
ARR 50002146 (sz=16, trace=300000, nelems=8, elem type=char[])
ARR 50002147 (sz=18, trace=300000, nelems=9, elem type=char[])
ARR 50002148 (sz=14, trace=300000, nelems=7, elem type=char[])
ARR 50002149 (sz=12, trace=300000, nelems=6, elem type=char[])
ARR 5000214a (sz=12, trace=300000, nelems=6, elem type=char[])
OBJ 5000214b (sz=24, trace=300000, class=java.lang.String@5000016b)
	value		5000214c
ARR 5000214c (sz=46, trace=300000, nelems=23, elem type=char[])
OBJ 5000214d (sz=24, trace=300000, class=java.lang.String@5000016b)
	value		5000214e
ARR 5000214e (sz=2, trace=300000, nelems=1, elem type=char[])
OBJ 5000214f (sz=24, trace=300000, class=java.lang.String@5000016b)
	value		50002150
ARR 50002150 (sz=38, trace=300000, nelems=19, elem type=char[])
OBJ 50002151 (sz=24, trace=300000, class=java.lang.String@5000016b)
	value		50002152
ARR 50002152 (sz=2, trace=300000, nelems=1, elem type=char[])
OBJ 50002153 (sz=24, trace=300000, class=java.lang.String@5000016b)
	value		50002154
ARR 50002154 (sz=38, trace=300000, nelems=19, elem type=char[])
OBJ 50002155 (sz=24, trace=300000, class=java.lang.String@5000016b)
	value		50002156
ARR 50002156 (sz=2, trace=300000, nelems=1, elem type=char[])
OBJ 50002157 (sz=24, trace=300000, class=java.lang.String@5000016b)
	value		50002158
ARR 50002158 (sz=38, trace=300000, nelems=19, elem type=char[])
OBJ 50002159 (sz=24, trace=300000, class=java.lang.String@5000016b)
	value		5000215a
ARR 5000215a (sz=2, trace=300000, nelems=1, elem type=char[])
OBJ 5000215b (sz=24, trace=300000, class=java.lang.String@5000016b)
	value		5000215c
ARR 5000215c (sz=38, trace=300000, nelems=19, elem type=char[])
OBJ 5000215d (sz=24, trace=300000, class=java.lang.String@5000016b)
	value		5000216a
OBJ 5000215e (sz=24, trace=300000, class=java.lang.String@5000016b)
	value		50002169
OBJ 5000215f (sz=24, trace=300000, class=java.lang.String@5000016b)
	value		50002168
OBJ 50002160 (sz=24, trace=300000, class=java.lang.String@5000016b)
	value		50002167
OBJ 50002161 (sz=24, trace=300000, class=java.lang.String@5000016b)
	value		50002166
OBJ 50002162 (sz=24, trace=300000, class=java.lang.String@5000016b)
	value		50002165
OBJ 50002163 (sz=24, trace=300000, class=java.lang.String@5000016b)
	value		50002164
ARR 50002164 (sz=2, trace=300000, nelems=1, elem type=char[])
ARR 50002165 (sz=4, trace=300000, nelems=2, elem type=char[])
ARR 50002166 (sz=2, trace=300000, nelems=1, elem type=char[])
ARR 50002167 (sz=2, trace=300000, nelems=1, elem type=char[])
ARR 50002168 (sz=2, trace=300000, nelems=1, elem type=char[])
ARR 50002169 (sz=2, trace=300000, nelems=1, elem type=char[])
ARR 5000216a (sz=2, trace=300000, nelems=1, elem type=char[])
OBJ 5000216b (sz=24, trace=300000, class=java.lang.String@5000016b)
	value		5000216c
ARR 5000216c (sz=38, trace=300000, nelems=19, elem type=char[])
OBJ 5000216d (sz=24, trace=300000, class=java.lang.String@5000016b)
	value		5000216e
ARR 5000216e (sz=2, trace=300000, nelems=1, elem type=char[])
OBJ 5000216f (sz=24, trace=300000, class=java.lang.String@5000016b)
	value		50002170
ARR 50002170 (sz=38, trace=300000, nelems=19, elem type=char[])
OBJ 50002171 (sz=24, trace=300000, class=java.lang.String@5000016b)
	value		50002172
ARR 50002172 (sz=2, trace=300000, nelems=1, elem type=char[])
OBJ 50002173 (sz=24, trace=300000, class=java.lang.String@5000016b)
	value		50002174
ARR 50002174 (sz=38, trace=300000, nelems=19, elem type=char[])
OBJ 50002175 (sz=24, trace=300000, class=java.lang.String@5000016b)
	value		50002176
ARR 50002176 (sz=2, trace=300000, nelems=1, elem type=char[])
OBJ 50002177 (sz=24, trace=300000, class=java.lang.String@5000016b)
	value		50002178
ARR 50002178 (sz=24, trace=300000, nelems=12, elem type=char[])
OBJ 50002179 (sz=24, trace=300000, class=java.lang.String@5000016b)
	value		50002190
OBJ 5000217a (sz=24, trace=300000, class=java.lang.String@5000016b)
	value		5000218f
OBJ 5000217b (sz=24, trace=300000, class=java.lang.String@5000016b)
	value		5000218e
OBJ 5000217c (sz=24, trace=300000, class=java.lang.String@5000016b)
	value		5000218d
OBJ 5000217d (sz=24, trace=300000, class=java.lang.String@5000016b)
	value		5000218c
OBJ 5000217e (sz=24, trace=300000, class=java.lang.String@5000016b)
	value		5000218b
OBJ 5000217f (sz=24, trace=300000, class=java.lang.String@5000016b)
	value		5000218a
OBJ 50002180 (sz=24, trace=300000, class=java.lang.String@5000016b)
	value		50002189
OBJ 50002181 (sz=24, trace=300000, class=java.lang.String@5000016b)
	value		50002188
OBJ 50002182 (sz=24, trace=300000, class=java.lang.String@5000016b)
	value		50002187
OBJ 50002183 (sz=24, trace=300000, class=java.lang.String@5000016b)
	value		50002186
OBJ 50002184 (sz=24, trace=300000, class=java.lang.String@5000016b)
	value		50002185
ARR 50002185 (sz=4, trace=300000, nelems=2, elem type=char[])
ARR 50002186 (sz=4, trace=300000, nelems=2, elem type=char[])
ARR 50002187 (sz=4, trace=300000, nelems=2, elem type=char[])
ARR 50002188 (sz=2, trace=300000, nelems=1, elem type=char[])
ARR 50002189 (sz=2, trace=300000, nelems=1, elem type=char[])
ARR 5000218a (sz=2, trace=300000, nelems=1, elem type=char[])
ARR 5000218b (sz=2, trace=300000, nelems=1, elem type=char[])
ARR 5000218c (sz=2, trace=300000, nelems=1, elem type=char[])
ARR 5000218d (sz=2, trace=300000, nelems=1, elem type=char[])
ARR 5000218e (sz=2, trace=300000, nelems=1, elem type=char[])
ARR 5000218f (sz=2, trace=300000, nelems=1, elem type=char[])
ARR 50002190 (sz=2, trace=300000, nelems=1, elem type=char[])
OBJ 50002191 (sz=24, trace=300000, class=java.lang.String@5000016b)
	value		50002192
ARR 50002192 (sz=42, trace=300000, nelems=21, elem type=char[])
OBJ 50002193 (sz=24, trace=300000, class=java.lang.String@5000016b)
	value		5000219a
OBJ 50002194 (sz=24, trace=300000, class=java.lang.String@5000016b)
	value		50002199
OBJ 50002195 (sz=24, trace=300000, class=java.lang.String@5000016b)
	value		50002198
OBJ 50002196 (sz=24, trace=300000, class=java.lang.String@5000016b)
	value		50002197
ARR 50002197 (sz=16, trace=300000, nelems=8, elem type=char[])
ARR 50002198 (sz=30, trace=300000, nelems=15, elem type=char[])
ARR 50002199 (sz=32, trace=300000, nelems=16, elem type=char[])
ARR 5000219a (sz=46, trace=300000, nelems=23, elem type=char[])
OBJ 5000219b (sz=24, trace=300000, class=java.lang.String@5000016b)
	value		5000219c
ARR 5000219c (sz=36, trace=300000, nelems=18, elem type=char[])
OBJ 5000219d (sz=24, trace=300000, class=java.lang.String@5000016b)
	value		500021a0
OBJ 5000219e (sz=24, trace=300000, class=java.lang.String@5000016b)
	value		5000219f
ARR 5000219f (sz=2, trace=300000, nelems=1, elem type=char[])
ARR 500021a0 (sz=2, trace=300000, nelems=1, elem type=char[])
OBJ 500021a1 (sz=24, trace=300000, class=java.lang.String@5000016b)
	value		500021a2
ARR 500021a2 (sz=38, trace=300000, nelems=19, elem type=char[])
OBJ 500021a3 (sz=24, trace=300000, class=java.lang.String@5000016b)
	value		500021a4
ARR 500021a4 (sz=32, trace=300000, nelems=16, elem type=char[])
OBJ 500021a5 (sz=24, trace=300000, class=java.lang.String@5000016b)
	value		500021a6
ARR 500021a6 (sz=38, trace=300000, nelems=19, elem type=char[])
OBJ 500021a7 (sz=24, trace=300000, class=java.lang.String@5000016b)
	value		500021a8
ARR 500021a8 (sz=2, trace=300000, nelems=1, elem type=char[])
OBJ 500021a9 (sz=24, trace=300000, class=java.lang.String@5000016b)
	value		500021aa
ARR 500021aa (sz=38, trace=300000, nelems=19, elem type=char[])
OBJ 500021ab (sz=24, trace=300000, class=java.lang.String@5000016b)
	value		500021ac
ARR 500021ac (sz=2, trace=300000, nelems=1, elem type=char[])
OBJ 500021ad (sz=24, trace=300000, class=java.lang.String@5000016b)
	value		500021ae
ARR 500021ae (sz=38, trace=300000, nelems=19, elem type=char[])
OBJ 500021af (sz=24, trace=300000, class=java.lang.String@5000016b)
	value		500021b0
ARR 500021b0 (sz=2, trace=300000, nelems=1, elem type=char[])
OBJ 500021b1 (sz=24, trace=300000, class=java.lang.String@5000016b)
	value		500021b2
ARR 500021b2 (sz=36, trace=300000, nelems=18, elem type=char[])
OBJ 500021b3 (sz=24, trace=300000, class=java.lang.String@5000016b)
	value		500021b4
ARR 500021b4 (sz=38, trace=300000, nelems=19, elem type=char[])
OBJ 500021b5 (sz=24, trace=300000, class=java.lang.String@5000016b)
	value		500021b6
ARR 500021b6 (sz=2, trace=300000, nelems=1, elem type=char[])
OBJ 500021b7 (sz=24, trace=300000, class=java.lang.String@5000016b)
	value		500021b8
ARR 500021b8 (sz=8, trace=300000, nelems=4, elem type=char[])
OBJ 500021b9 (sz=24, trace=300000, class=java.lang.String@5000016b)
	value		500021ba
ARR 500021ba (sz=38, trace=300000, nelems=19, elem type=char[])
OBJ 500021bb (sz=24, trace=300000, class=java.lang.String@5000016b)
	value		500021bc
ARR 500021bc (sz=2, trace=300000, nelems=1, elem type=char[])
OBJ 500021bd (sz=24, trace=300000, class=java.lang.String@5000016b)
	value		500021be
ARR 500021be (sz=38, trace=300000, nelems=19, elem type=char[])
OBJ 500021bf (sz=24, trace=300000, class=java.lang.String@5000016b)
	value		500021c0
ARR 500021c0 (sz=2, trace=300000, nelems=1, elem type=char[])
OBJ 500021c1 (sz=24, trace=300000, class=java.lang.String@5000016b)
	value		500021c2
ARR 500021c2 (sz=44, trace=300000, nelems=22, elem type=char[])
OBJ 500021c3 (sz=24, trace=300000, class=java.lang.String@5000016b)
	value		500021c4
ARR 500021c4 (sz=44, trace=300000, nelems=22, elem type=char[])
OBJ 500021c5 (sz=24, trace=300000, class=java.lang.String@5000016b)
	value		500021c6
ARR 500021c6 (sz=2, trace=300000, nelems=1, elem type=char[])
OBJ 500021c7 (sz=24, trace=300000, class=java.lang.String@5000016b)
	value		500021c8
ARR 500021c8 (sz=38, trace=300000, nelems=19, elem type=char[])
OBJ 500021c9 (sz=24, trace=300000, class=java.lang.String@5000016b)
	value		500021ca
ARR 500021ca (sz=2, trace=300000, nelems=1, elem type=char[])
OBJ 500021cb (sz=24, trace=300000, class=java.lang.String@5000016b)
	value		500021cc
ARR 500021cc (sz=22, trace=300000, nelems=11, elem type=char[])
OBJ 500021cd (sz=24, trace=300000, class=java.lang.String@5000016b)
	value		500021d0
OBJ 500021ce (sz=24, trace=300000, class=java.lang.String@5000016b)
	value		500021cf
ARR 500021cf (sz=2, trace=300000, nelems=1, elem type=char[])
ARR 500021d0 (sz=2, trace=300000, nelems=1, elem type=char[])
OBJ 500021d1 (sz=24, trace=300000, class=java.lang.String@5000016b)
	value		500021d2
ARR 500021d2 (sz=38, trace=300000, nelems=19, elem type=char[])
OBJ 500021d3 (sz=24, trace=300000, class=java.lang.String@5000016b)
	value		500021d4
ARR 500021d4 (sz=2, trace=300000, nelems=1, elem type=char[])
OBJ 500021d5 (sz=24, trace=300000, class=java.lang.String@5000016b)
	value		500021d6
ARR 500021d6 (sz=38, trace=300000, nelems=19, elem type=char[])
OBJ 500021d7 (sz=24, trace=300000, class=java.lang.String@5000016b)
	value		500021d8
ARR 500021d8 (sz=2, trace=300000, nelems=1, elem type=char[])
OBJ 500021d9 (sz=24, trace=300000, class=java.lang.String@5000016b)
	value		500021da
ARR 500021da (sz=42, trace=300000, nelems=21, elem type=char[])
OBJ 500021db (sz=24, trace=300000, class=java.lang.String@5000016b)
	value		500021e0
OBJ 500021dc (sz=24, trace=300000, class=java.lang.String@5000016b)
	value		500021df
OBJ 500021dd (sz=24, trace=300000, class=java.lang.String@5000016b)
	value		500021de
ARR 500021de (sz=12, trace=300000, nelems=6, elem type=char[])
ARR 500021df (sz=18, trace=300000, nelems=9, elem type=char[])
ARR 500021e0 (sz=22, trace=300000, nelems=11, elem type=char[])
OBJ 500021e1 (sz=24, trace=300000, class=java.lang.String@5000016b)
	value		500021e2
ARR 500021e2 (sz=38, trace=300000, nelems=19, elem type=char[])
OBJ 500021e3 (sz=24, trace=300000, class=java.lang.String@5000016b)
	value		500021e4
ARR 500021e4 (sz=2, trace=300000, nelems=1, elem type=char[])
OBJ 500021e5 (sz=24, trace=300000, class=java.lang.String@5000016b)
	value		500021e6
ARR 500021e6 (sz=38, trace=300000, nelems=19, elem type=char[])
OBJ 500021e7 (sz=24, trace=300000, class=java.lang.String@5000016b)
	value		500021e8
ARR 500021e8 (sz=40, trace=300000, nelems=20, elem type=char[])
OBJ 500021e9 (sz=24, trace=300000, class=java.lang.String@5000016b)
	value		500021ea
ARR 500021ea (sz=2, trace=300000, nelems=1, elem type=char[])
OBJ 500021eb (sz=24, trace=300000, class=java.lang.String@5000016b)
	value		500021ec
ARR 500021ec (sz=38, trace=300000, nelems=19, elem type=char[])
OBJ 500021ed (sz=24, trace=300000, class=java.lang.String@5000016b)
	value		500021ee
ARR 500021ee (sz=2, trace=300000, nelems=1, elem type=char[])
OBJ 500021ef (sz=24, trace=300000, class=java.lang.String@5000016b)
	value		500021f0
ARR 500021f0 (sz=46, trace=300000, nelems=23, elem type=char[])
OBJ 500021f1 (sz=24, trace=300000, class=java.lang.String@5000016b)
	value		500021f2
ARR 500021f2 (sz=2, trace=300000, nelems=1, elem type=char[])
OBJ 500021f3 (sz=24, trace=300000, class=java.lang.String@5000016b)
	value		500021f4
ARR 500021f4 (sz=38, trace=300000, nelems=19, elem type=char[])
OBJ 500021f5 (sz=24, trace=300000, class=java.lang.String@5000016b)
	value		500021f6
ARR 500021f6 (sz=2, trace=300000, nelems=1, elem type=char[])
OBJ 500021f7 (sz=24, trace=300000, class=java.lang.String@5000016b)
	value		500021f8
ARR 500021f8 (sz=38, trace=300000, nelems=19, elem type=char[])
OBJ 500021f9 (sz=24, trace=300000, class=java.lang.String@5000016b)
	value		500021fa
ARR 500021fa (sz=2, trace=300000, nelems=1, elem type=char[])
OBJ 500021fb (sz=24, trace=300000, class=java.lang.String@5000016b)
	value		500021fc
ARR 500021fc (sz=24, trace=300000, nelems=12, elem type=char[])
OBJ 500021fd (sz=24, trace=300000, class=java.lang.String@5000016b)
	value		500021fe
ARR 500021fe (sz=38, trace=300000, nelems=19, elem type=char[])
OBJ 500021ff (sz=24, trace=300000, class=java.lang.String@5000016b)
	value		50002200
ARR 50002200 (sz=2, trace=300000, nelems=1, elem type=char[])
OBJ 50002201 (sz=24, trace=300000, class=java.lang.String@5000016b)
	value		50002202
ARR 50002202 (sz=38, trace=300000, nelems=19, elem type=char[])
OBJ 50002203 (sz=24, trace=300000, class=java.lang.String@5000016b)
	value		50002204
ARR 50002204 (sz=2, trace=300000, nelems=1, elem type=char[])
OBJ 50002205 (sz=24, trace=300000, class=java.lang.String@5000016b)
	value		50002206
ARR 50002206 (sz=22, trace=300000, nelems=11, elem type=char[])
OBJ 50002207 (sz=24, trace=300000, class=java.lang.String@5000016b)
	value		5000220a
OBJ 50002208 (sz=24, trace=300000, class=java.lang.String@5000016b)
	value		50002209
ARR 50002209 (sz=4, trace=300000, nelems=2, elem type=char[])
ARR 5000220a (sz=4, trace=300000, nelems=2, elem type=char[])
OBJ 5000220b (sz=24, trace=300000, class=java.lang.String@5000016b)
	value		5000220e
OBJ 5000220c (sz=24, trace=300000, class=java.lang.String@5000016b)
	value		5000220d
ARR 5000220d (sz=40, trace=300000, nelems=20, elem type=char[])
ARR 5000220e (sz=38, trace=300000, nelems=19, elem type=char[])
OBJ 5000220f (sz=24, trace=300000, class=java.lang.String@5000016b)
	value		50002210
ARR 50002210 (sz=40, trace=300000, nelems=20, elem type=char[])
OBJ 50002211 (sz=24, trace=300000, class=java.lang.String@5000016b)
	value		50002212
ARR 50002212 (sz=38, trace=300000, nelems=19, elem type=char[])
OBJ 50002213 (sz=24, trace=300000, class=java.lang.String@5000016b)
	value		50002214
ARR 50002214 (sz=46, trace=300000, nelems=23, elem type=char[])
OBJ 50002215 (sz=24, trace=300000, class=java.lang.String@5000016b)
	value		50002216
ARR 50002216 (sz=2, trace=300000, nelems=1, elem type=char[])
OBJ 50002217 (sz=24, trace=300000, class=java.lang.String@5000016b)
	value		50002218
ARR 50002218 (sz=44, trace=300000, nelems=22, elem type=char[])
OBJ 50002219 (sz=24, trace=300000, class=java.lang.String@5000016b)
	value		5000221c
OBJ 5000221a (sz=24, trace=300000, class=java.lang.String@5000016b)
	value		5000221b
ARR 5000221b (sz=8, trace=300000, nelems=4, elem type=char[])
ARR 5000221c (sz=2, trace=300000, nelems=1, elem type=char[])
OBJ 5000221d (sz=24, trace=300000, class=java.lang.String@5000016b)
	value		50002220
OBJ 5000221e (sz=24, trace=300000, class=java.lang.String@5000016b)
	value		5000221f
ARR 5000221f (sz=58, trace=300000, nelems=29, elem type=char[])
ARR 50002220 (sz=56, trace=300000, nelems=28, elem type=char[])
OBJ 50002221 (sz=24, trace=300000, class=java.lang.String@5000016b)
	value		50002222
ARR 50002222 (sz=20, trace=300000, nelems=10, elem type=char[])
OBJ 50002223 (sz=24, trace=300000, class=java.lang.String@5000016b)
	value		50002238
OBJ 50002224 (sz=24, trace=300000, class=java.lang.String@5000016b)
	value		50002237
OBJ 50002225 (sz=24, trace=300000, class=java.lang.String@5000016b)
	value		50002236
OBJ 50002226 (sz=24, trace=300000, class=java.lang.String@5000016b)
	value		50002235
OBJ 50002227 (sz=24, trace=300000, class=java.lang.String@5000016b)
	value		50002234
OBJ 50002228 (sz=24, trace=300000, class=java.lang.String@5000016b)
	value		50002233
OBJ 50002229 (sz=24, trace=300000, class=java.lang.String@5000016b)
	value		50002232
OBJ 5000222a (sz=24, trace=300000, class=java.lang.String@5000016b)
	value		50002231
OBJ 5000222b (sz=24, trace=300000, class=java.lang.String@5000016b)
	value		50002230
OBJ 5000222c (sz=24, trace=300000, class=java.lang.String@5000016b)
	value		5000222f
OBJ 5000222d (sz=24, trace=300000, class=java.lang.String@5000016b)
	value		5000222e
ARR 5000222e (sz=16, trace=300000, nelems=8, elem type=char[])
ARR 5000222f (sz=16, trace=300000, nelems=8, elem type=char[])
ARR 50002230 (sz=14, trace=300000, nelems=7, elem type=char[])
ARR 50002231 (sz=18, trace=300000, nelems=9, elem type=char[])
ARR 50002232 (sz=12, trace=300000, nelems=6, elem type=char[])
ARR 50002233 (sz=8, trace=300000, nelems=4, elem type=char[])
ARR 50002234 (sz=8, trace=300000, nelems=4, elem type=char[])
ARR 50002235 (sz=10, trace=300000, nelems=5, elem type=char[])
ARR 50002236 (sz=10, trace=300000, nelems=5, elem type=char[])
ARR 50002237 (sz=16, trace=300000, nelems=8, elem type=char[])
ARR 50002238 (sz=14, trace=300000, nelems=7, elem type=char[])
OBJ 50002239 (sz=24, trace=300000, class=java.lang.String@5000016b)
	value		5000223a
ARR 5000223a (sz=8, trace=300000, nelems=4, elem type=char[])
OBJ 5000223b (sz=24, trace=300000, class=java.lang.String@5000016b)
	value		5000223c
ARR 5000223c (sz=40, trace=300000, nelems=20, elem type=char[])
OBJ 5000223d (sz=24, trace=300000, class=java.lang.String@5000016b)
	value		50002244
OBJ 5000223e (sz=24, trace=300000, class=java.lang.String@5000016b)
	value		50002243
OBJ 5000223f (sz=24, trace=300000, class=java.lang.String@5000016b)
	value		50002242
OBJ 50002240 (sz=24, trace=300000, class=java.lang.String@5000016b)
	value		50002241
ARR 50002241 (sz=2, trace=300000, nelems=1, elem type=char[])
ARR 50002242 (sz=2, trace=300000, nelems=1, elem type=char[])
ARR 50002243 (sz=2, trace=300000, nelems=1, elem type=char[])
ARR 50002244 (sz=2, trace=300000, nelems=1, elem type=char[])
OBJ 50002245 (sz=56, trace=300000, class=java.util.ResourceBundle$CacheKey@500009c3)
	name		50000da6
	locale		50001db1
	loaderRef	50000e0f
	format		50002092
OBJ 50002246 (sz=24, trace=300000, class=java.lang.String@5000016b)
	value		50002247
ARR 50002247 (sz=42, trace=300000, nelems=21, elem type=char[])
OBJ 50002248 (sz=56, trace=300000, class=java.util.ResourceBundle$CacheKey@500009c3)
	name		50001139
	locale		50001db2
	loaderRef	50001157
	format		50002092
OBJ 50002249 (sz=56, trace=300000, class=java.util.ResourceBundle$CacheKey@500009c3)
	name		50001139
	locale		50001db1
	loaderRef	50001176
	format		50002092
OBJ 5000224a (sz=24, trace=300000, class=java.lang.String@5000016b)
	value		5000224d
OBJ 5000224b (sz=24, trace=300000, class=java.lang.String@5000016b)
	value		5000224c
ARR 5000224c (sz=6, trace=300000, nelems=3, elem type=char[])
ARR 5000224d (sz=2, trace=300000, nelems=1, elem type=char[])
OBJ 5000224e (sz=56, trace=300000, class=java.util.ResourceBundle$CacheKey@500009c3)
	name		50001607
	locale		50001dc3
	loaderRef	50000a6b
	format		50002092
OBJ 5000224f (sz=24, trace=300000, class=java.lang.String@5000016b)
	value		50002252
OBJ 50002250 (sz=24, trace=300000, class=java.lang.String@5000016b)
	value		50002251
ARR 50002251 (sz=36, trace=300000, nelems=18, elem type=char[])
ARR 50002252 (sz=64, trace=300000, nelems=32, elem type=char[])
OBJ 50002253 (sz=24, trace=300000, class=java.lang.String@5000016b)
	value		50002255
OBJ 50002254 (sz=24, trace=300000, class=java.lang.String@5000016b)
	value		50002256
ARR 50002255 (sz=30, trace=300000, nelems=15, elem type=char[])
ARR 50002256 (sz=20, trace=300000, nelems=10, elem type=char[])
OBJ 50002257 (sz=24, trace=300000, class=java.lang.String@5000016b)
	value		5000225a
OBJ 50002258 (sz=24, trace=300000, class=java.lang.String@5000016b)
	value		50002259
ARR 50002259 (sz=48, trace=300000, nelems=24, elem type=char[])
ARR 5000225a (sz=238, trace=300000, nelems=119, elem type=char[])
OBJ 5000225b (sz=24, trace=300000, class=java.lang.String@5000016b)
	value		5000225e
OBJ 5000225c (sz=24, trace=300000, class=java.lang.String@5000016b)
	value		5000225d
ARR 5000225d (sz=48, trace=300000, nelems=24, elem type=char[])
ARR 5000225e (sz=68, trace=300000, nelems=34, elem type=char[])
OBJ 5000225f (sz=24, trace=300000, class=java.lang.String@5000016b)
	value		50002262
OBJ 50002260 (sz=24, trace=300000, class=java.lang.String@5000016b)
	value		50002261
ARR 50002261 (sz=48, trace=300000, nelems=24, elem type=char[])
ARR 50002262 (sz=284, trace=300000, nelems=142, elem type=char[])
OBJ 50002263 (sz=24, trace=300000, class=java.lang.String@5000016b)
	value		50002266
OBJ 50002264 (sz=24, trace=300000, class=java.lang.String@5000016b)
	value		50002265
ARR 50002265 (sz=48, trace=300000, nelems=24, elem type=char[])
ARR 50002266 (sz=328, trace=300000, nelems=164, elem type=char[])
OBJ 50002267 (sz=24, trace=300000, class=java.lang.String@5000016b)
	value		5000226a
OBJ 50002268 (sz=24, trace=300000, class=java.lang.String@5000016b)
	value		50002269
ARR 50002269 (sz=48, trace=300000, nelems=24, elem type=char[])
ARR 5000226a (sz=172, trace=300000, nelems=86, elem type=char[])
OBJ 5000226b (sz=24, trace=300000, class=java.lang.String@5000016b)
	value		5000226d
ARR 5000226c (sz=54, trace=300000, nelems=27, elem type=char[])
ARR 5000226d (sz=100, trace=300000, nelems=50, elem type=char[])
OBJ 5000226e (sz=24, trace=300000, class=java.lang.String@5000016b)
	value		50002270
ARR 5000226f (sz=48, trace=300000, nelems=24, elem type=char[])
ARR 50002270 (sz=346, trace=300000, nelems=173, elem type=char[])
OBJ 50002271 (sz=24, trace=300000, class=java.lang.String@5000016b)
	value		50002274
OBJ 50002272 (sz=24, trace=300000, class=java.lang.String@5000016b)
	value		50002273
ARR 50002273 (sz=54, trace=300000, nelems=27, elem type=char[])
ARR 50002274 (sz=252, trace=300000, nelems=126, elem type=char[])
OBJ 50002275 (sz=24, trace=300000, class=java.lang.String@5000016b)
	value		50002277
ARR 50002276 (sz=52, trace=300000, nelems=26, elem type=char[])
ARR 50002277 (sz=66, trace=300000, nelems=33, elem type=char[])
OBJ 50002278 (sz=24, trace=300000, class=java.lang.String@5000016b)
	value		5000227b
OBJ 50002279 (sz=24, trace=300000, class=java.lang.String@5000016b)
	value		5000227a
ARR 5000227a (sz=54, trace=300000, nelems=27, elem type=char[])
ARR 5000227b (sz=138, trace=300000, nelems=69, elem type=char[])
OBJ 5000227c (sz=24, trace=300000, class=java.lang.String@5000016b)
	value		5000227f
OBJ 5000227d (sz=24, trace=300000, class=java.lang.String@5000016b)
	value		5000227e
ARR 5000227e (sz=56, trace=300000, nelems=28, elem type=char[])
ARR 5000227f (sz=706, trace=300000, nelems=353, elem type=char[])
OBJ 50002280 (sz=24, trace=300000, class=java.lang.String@5000016b)
	value		50002282
ARR 50002281 (sz=54, trace=300000, nelems=27, elem type=char[])
ARR 50002282 (sz=78, trace=300000, nelems=39, elem type=char[])
OBJ 50002283 (sz=24, trace=300000, class=java.lang.String@5000016b)
	value		50002286
OBJ 50002284 (sz=24, trace=300000, class=java.lang.String@5000016b)
	value		50002285
ARR 50002285 (sz=42, trace=300000, nelems=21, elem type=char[])
ARR 50002286 (sz=3734, trace=300000, nelems=1867, elem type=char[])
OBJ 50002287 (sz=24, trace=300000, class=java.lang.String@5000016b)
	value		5000228a
OBJ 50002288 (sz=24, trace=300000, class=java.lang.String@5000016b)
	value		50002289
ARR 50002289 (sz=48, trace=300000, nelems=24, elem type=char[])
ARR 5000228a (sz=40, trace=300000, nelems=20, elem type=char[])
OBJ 5000228b (sz=24, trace=300000, class=java.lang.String@5000016b)
	value		5000228e
OBJ 5000228c (sz=24, trace=300000, class=java.lang.String@5000016b)
	value		5000228d
ARR 5000228d (sz=50, trace=300000, nelems=25, elem type=char[])
ARR 5000228e (sz=108, trace=300000, nelems=54, elem type=char[])
OBJ 5000228f (sz=24, trace=300000, class=java.lang.String@5000016b)
	value		50002291
ARR 50002290 (sz=48, trace=300000, nelems=24, elem type=char[])
ARR 50002291 (sz=4126, trace=300000, nelems=2063, elem type=char[])
OBJ 50002292 (sz=24, trace=300000, class=java.lang.String@5000016b)
	value		50002295
OBJ 50002293 (sz=24, trace=300000, class=java.lang.String@5000016b)
	value		50002294
ARR 50002294 (sz=48, trace=300000, nelems=24, elem type=char[])
ARR 50002295 (sz=130, trace=300000, nelems=65, elem type=char[])
OBJ 50002296 (sz=24, trace=300000, class=java.lang.String@5000016b)
	value		50002299
OBJ 50002297 (sz=24, trace=300000, class=java.lang.String@5000016b)
	value		50002298
ARR 50002298 (sz=48, trace=300000, nelems=24, elem type=char[])
ARR 50002299 (sz=88, trace=300000, nelems=44, elem type=char[])
OBJ 5000229a (sz=24, trace=300000, class=java.lang.String@5000016b)
	value		5000229d
OBJ 5000229b (sz=24, trace=300000, class=java.lang.String@5000016b)
	value		5000229c
ARR 5000229c (sz=48, trace=300000, nelems=24, elem type=char[])
ARR 5000229d (sz=50, trace=300000, nelems=25, elem type=char[])
OBJ 5000229e (sz=24, trace=300000, class=java.lang.String@5000016b)
	value		500022a7
OBJ 5000229f (sz=24, trace=300000, class=java.lang.String@5000016b)
	value		500022ad
OBJ 500022a0 (sz=24, trace=300000, class=java.lang.String@5000016b)
	value		500022a9
OBJ 500022a1 (sz=24, trace=300000, class=java.lang.String@5000016b)
	value		500022ae
OBJ 500022a2 (sz=24, trace=300000, class=java.lang.String@5000016b)
	value		500022ab
OBJ 500022a3 (sz=24, trace=300000, class=java.lang.String@5000016b)
	value		500022af
OBJ 500022a4 (sz=24, trace=300000, class=java.lang.String@5000016b)
	value		500022aa
OBJ 500022a5 (sz=24, trace=300000, class=java.lang.String@5000016b)
	value		500022ac
OBJ 500022a6 (sz=24, trace=300000, class=java.lang.String@5000016b)
	value		500022a8
ARR 500022a7 (sz=12, trace=300000, nelems=6, elem type=char[])
ARR 500022a8 (sz=8, trace=300000, nelems=4, elem type=char[])
ARR 500022a9 (sz=8, trace=300000, nelems=4, elem type=char[])
ARR 500022aa (sz=12, trace=300000, nelems=6, elem type=char[])
ARR 500022ab (sz=14, trace=300000, nelems=7, elem type=char[])
ARR 500022ac (sz=14, trace=300000, nelems=7, elem type=char[])
ARR 500022ad (sz=16, trace=300000, nelems=8, elem type=char[])
ARR 500022ae (sz=8, trace=300000, nelems=4, elem type=char[])
ARR 500022af (sz=12, trace=300000, nelems=6, elem type=char[])
OBJ 500022b0 (sz=24, trace=300000, class=java.lang.String@5000016b)
	value		50002343
OBJ 500022b1 (sz=24, trace=300000, class=java.lang.String@5000016b)
	value		50002342
OBJ 500022b2 (sz=24, trace=300000, class=java.lang.String@5000016b)
	value		50002341
OBJ 500022b3 (sz=24, trace=300000, class=java.lang.String@5000016b)
	value		50002340
OBJ 500022b4 (sz=24, trace=300000, class=java.lang.String@5000016b)
	value		500022b5
ARR 500022b5 (sz=6, trace=300000, nelems=3, elem type=char[])
OBJ 500022b6 (sz=24, trace=300000, class=java.lang.String@5000016b)
	value		500022c1
OBJ 500022b7 (sz=24, trace=300000, class=java.lang.String@5000016b)
	value		500022c5
OBJ 500022b8 (sz=24, trace=300000, class=java.lang.String@5000016b)
	value		500022c4
OBJ 500022b9 (sz=24, trace=300000, class=java.lang.String@5000016b)
	value		500022be
OBJ 500022ba (sz=24, trace=300000, class=java.lang.String@5000016b)
	value		500022c0
OBJ 500022bb (sz=24, trace=300000, class=java.lang.String@5000016b)
	value		500022c3
OBJ 500022bc (sz=24, trace=300000, class=java.lang.String@5000016b)
	value		500022bf
OBJ 500022bd (sz=24, trace=300000, class=java.lang.String@5000016b)
	value		500022c2
ARR 500022be (sz=6, trace=300000, nelems=3, elem type=char[])
ARR 500022bf (sz=36, trace=300000, nelems=18, elem type=char[])
ARR 500022c0 (sz=36, trace=300000, nelems=18, elem type=char[])
ARR 500022c1 (sz=8, trace=300000, nelems=4, elem type=char[])
ARR 500022c2 (sz=46, trace=300000, nelems=23, elem type=char[])
ARR 500022c3 (sz=46, trace=300000, nelems=23, elem type=char[])
ARR 500022c4 (sz=8, trace=300000, nelems=4, elem type=char[])
ARR 500022c5 (sz=16, trace=300000, nelems=8, elem type=char[])
OBJ 500022c6 (sz=24, trace=300000, class=java.lang.String@5000016b)
	value		500022c7
ARR 500022c7 (sz=20, trace=300000, nelems=10, elem type=char[])
OBJ 500022c8 (sz=24, trace=300000, class=java.lang.String@5000016b)
	value		500022c9
ARR 500022c9 (sz=26, trace=300000, nelems=13, elem type=char[])
OBJ 500022ca (sz=24, trace=300000, class=java.lang.String@5000016b)
	value		5000233f
OBJ 500022cb (sz=24, trace=300000, class=java.lang.String@5000016b)
	value		5000233e
OBJ 500022cc (sz=24, trace=300000, class=java.lang.String@5000016b)
	value		500022cd
ARR 500022cd (sz=10, trace=300000, nelems=5, elem type=char[])
OBJ 500022ce (sz=24, trace=300000, class=java.lang.String@5000016b)
	value		5000233d
OBJ 500022cf (sz=24, trace=300000, class=java.lang.String@5000016b)
	value		5000233c
OBJ 500022d0 (sz=24, trace=300000, class=java.lang.String@5000016b)
	value		5000233b
OBJ 500022d1 (sz=24, trace=300000, class=java.lang.String@5000016b)
	value		5000233a
OBJ 500022d2 (sz=24, trace=300000, class=java.lang.String@5000016b)
	value		500022d3
ARR 500022d3 (sz=28, trace=300000, nelems=14, elem type=char[])
OBJ 500022d4 (sz=24, trace=300000, class=java.lang.String@5000016b)
	value		500022ed
OBJ 500022d5 (sz=24, trace=300000, class=java.lang.String@5000016b)
	value		500022e5
OBJ 500022d6 (sz=24, trace=300000, class=java.lang.String@5000016b)
	value		500022e4
OBJ 500022d7 (sz=24, trace=300000, class=java.lang.String@5000016b)
	value		500022ea
OBJ 500022d8 (sz=24, trace=300000, class=java.lang.String@5000016b)
	value		500022ec
OBJ 500022d9 (sz=24, trace=300000, class=java.lang.String@5000016b)
	value		500022eb
OBJ 500022da (sz=24, trace=300000, class=java.lang.String@5000016b)
	value		500022e9
OBJ 500022db (sz=24, trace=300000, class=java.lang.String@5000016b)
	value		500022e8
OBJ 500022dc (sz=24, trace=300000, class=java.lang.String@5000016b)
	value		500022e7
OBJ 500022dd (sz=24, trace=300000, class=java.lang.String@5000016b)
	value		500022e6
OBJ 500022de (sz=24, trace=300000, class=java.lang.String@5000016b)
	value		500022e3
OBJ 500022df (sz=24, trace=300000, class=java.lang.String@5000016b)
	value		500022e2
OBJ 500022e0 (sz=24, trace=300000, class=java.lang.String@5000016b)
	value		500022e1
ARR 500022e1 (sz=8, trace=300000, nelems=4, elem type=char[])
ARR 500022e2 (sz=10, trace=300000, nelems=5, elem type=char[])
ARR 500022e3 (sz=8, trace=300000, nelems=4, elem type=char[])
ARR 500022e4 (sz=8, trace=300000, nelems=4, elem type=char[])
ARR 500022e5 (sz=6, trace=300000, nelems=3, elem type=char[])
ARR 500022e6 (sz=6, trace=300000, nelems=3, elem type=char[])
ARR 500022e7 (sz=8, trace=300000, nelems=4, elem type=char[])
ARR 500022e8 (sz=6, trace=300000, nelems=3, elem type=char[])
ARR 500022e9 (sz=10, trace=300000, nelems=5, elem type=char[])
ARR 500022ea (sz=4, trace=300000, nelems=2, elem type=char[])
ARR 500022eb (sz=8, trace=300000, nelems=4, elem type=char[])
ARR 500022ec (sz=4, trace=300000, nelems=2, elem type=char[])
ARR 500022ed (sz=30, trace=300000, nelems=15, elem type=char[])
OBJ 500022ee (sz=24, trace=300000, class=java.lang.String@5000016b)
	value		500022f3
OBJ 500022ef (sz=24, trace=300000, class=java.lang.String@5000016b)
	value		500022f2
OBJ 500022f0 (sz=24, trace=300000, class=java.lang.String@5000016b)
	value		500022f1
ARR 500022f1 (sz=46, trace=300000, nelems=23, elem type=char[])
ARR 500022f2 (sz=38, trace=300000, nelems=19, elem type=char[])
ARR 500022f3 (sz=26, trace=300000, nelems=13, elem type=char[])
OBJ 500022f4 (sz=24, trace=300000, class=java.lang.String@5000016b)
	value		5000231b
OBJ 500022f5 (sz=24, trace=300000, class=java.lang.String@5000016b)
	value		50002304
OBJ 500022f6 (sz=24, trace=300000, class=java.lang.String@5000016b)
	value		500022fe
OBJ 500022f7 (sz=24, trace=300000, class=java.lang.String@5000016b)
	value		50002301
OBJ 500022f8 (sz=24, trace=300000, class=java.lang.String@5000016b)
	value		50002302
OBJ 500022f9 (sz=24, trace=300000, class=java.lang.String@5000016b)
	value		500022fd
OBJ 500022fa (sz=24, trace=300000, class=java.lang.String@5000016b)
	value		50002300
OBJ 500022fb (sz=24, trace=300000, class=java.lang.String@5000016b)
	value		500022ff
OBJ 500022fc (sz=24, trace=300000, class=java.lang.String@5000016b)
	value		50002303
ARR 500022fd (sz=16, trace=300000, nelems=8, elem type=char[])
ARR 500022fe (sz=16, trace=300000, nelems=8, elem type=char[])
ARR 500022ff (sz=18, trace=300000, nelems=9, elem type=char[])
ARR 50002300 (sz=36, trace=300000, nelems=18, elem type=char[])
ARR 50002301 (sz=26, trace=300000, nelems=13, elem type=char[])
ARR 50002302 (sz=30, trace=300000, nelems=15, elem type=char[])
ARR 50002303 (sz=8, trace=300000, nelems=4, elem type=char[])
ARR 50002304 (sz=34, trace=300000, nelems=17, elem type=char[])
OBJ 50002305 (sz=24, trace=300000, class=java.lang.String@5000016b)
	value		50002307
OBJ 50002306 (sz=24, trace=300000, class=java.lang.String@5000016b)
	value		50002308
ARR 50002307 (sz=40, trace=300000, nelems=20, elem type=char[])
ARR 50002308 (sz=14, trace=300000, nelems=7, elem type=char[])
OBJ 50002309 (sz=24, trace=300000, class=java.lang.String@5000016b)
	value		5000231a
OBJ 5000230a (sz=24, trace=300000, class=java.lang.String@5000016b)
	value		50002314
OBJ 5000230b (sz=24, trace=300000, class=java.lang.String@5000016b)
	value		50002313
OBJ 5000230c (sz=24, trace=300000, class=java.lang.String@5000016b)
	value		50002315
OBJ 5000230d (sz=24, trace=300000, class=java.lang.String@5000016b)
	value		50002317
OBJ 5000230e (sz=24, trace=300000, class=java.lang.String@5000016b)
	value		50002318
OBJ 5000230f (sz=24, trace=300000, class=java.lang.String@5000016b)
	value		50002316
OBJ 50002310 (sz=24, trace=300000, class=java.lang.String@5000016b)
	value		50002319
OBJ 50002311 (sz=24, trace=300000, class=java.lang.String@5000016b)
	value		50002312
ARR 50002312 (sz=4, trace=300000, nelems=2, elem type=char[])
ARR 50002313 (sz=8, trace=300000, nelems=4, elem type=char[])
ARR 50002314 (sz=14, trace=300000, nelems=7, elem type=char[])
ARR 50002315 (sz=10, trace=300000, nelems=5, elem type=char[])
ARR 50002316 (sz=14, trace=300000, nelems=7, elem type=char[])
ARR 50002317 (sz=18, trace=300000, nelems=9, elem type=char[])
ARR 50002318 (sz=18, trace=300000, nelems=9, elem type=char[])
ARR 50002319 (sz=22, trace=300000, nelems=11, elem type=char[])
ARR 5000231a (sz=38, trace=300000, nelems=19, elem type=char[])
ARR 5000231b (sz=4, trace=300000, nelems=2, elem type=char[])
OBJ 5000231c (sz=24, trace=300000, class=java.lang.String@5000016b)
	value		50002331
OBJ 5000231d (sz=24, trace=300000, class=java.lang.String@5000016b)
	value		5000232e
OBJ 5000231e (sz=24, trace=300000, class=java.lang.String@5000016b)
	value		50002335
OBJ 5000231f (sz=24, trace=300000, class=java.lang.String@5000016b)
	value		50002330
OBJ 50002320 (sz=24, trace=300000, class=java.lang.String@5000016b)
	value		50002338
OBJ 50002321 (sz=24, trace=300000, class=java.lang.String@5000016b)
	value		50002333
OBJ 50002322 (sz=24, trace=300000, class=java.lang.String@5000016b)
	value		5000232c
OBJ 50002323 (sz=24, trace=300000, class=java.lang.String@5000016b)
	value		50002337
OBJ 50002324 (sz=24, trace=300000, class=java.lang.String@5000016b)
	value		50002336
OBJ 50002325 (sz=24, trace=300000, class=java.lang.String@5000016b)
	value		5000232b
OBJ 50002326 (sz=24, trace=300000, class=java.lang.String@5000016b)
	value		50002339
OBJ 50002327 (sz=24, trace=300000, class=java.lang.String@5000016b)
	value		50002334
OBJ 50002328 (sz=24, trace=300000, class=java.lang.String@5000016b)
	value		50002332
OBJ 50002329 (sz=24, trace=300000, class=java.lang.String@5000016b)
	value		5000232f
OBJ 5000232a (sz=24, trace=300000, class=java.lang.String@5000016b)
	value		5000232d
ARR 5000232b (sz=34, trace=300000, nelems=17, elem type=char[])
ARR 5000232c (sz=16, trace=300000, nelems=8, elem type=char[])
ARR 5000232d (sz=26, trace=300000, nelems=13, elem type=char[])
ARR 5000232e (sz=148, trace=300000, nelems=74, elem type=char[])
ARR 5000232f (sz=22, trace=300000, nelems=11, elem type=char[])
ARR 50002330 (sz=416, trace=300000, nelems=208, elem type=char[])
ARR 50002331 (sz=1416, trace=300000, nelems=708, elem type=char[])
ARR 50002332 (sz=26, trace=300000, nelems=13, elem type=char[])
ARR 50002333 (sz=260, trace=300000, nelems=130, elem type=char[])
ARR 50002334 (sz=24, trace=300000, nelems=12, elem type=char[])
ARR 50002335 (sz=466, trace=300000, nelems=233, elem type=char[])
ARR 50002336 (sz=32, trace=300000, nelems=16, elem type=char[])
ARR 50002337 (sz=1702, trace=300000, nelems=851, elem type=char[])
ARR 50002338 (sz=1420, trace=300000, nelems=710, elem type=char[])
ARR 50002339 (sz=36, trace=300000, nelems=18, elem type=char[])
ARR 5000233a (sz=6, trace=300000, nelems=3, elem type=char[])
ARR 5000233b (sz=40, trace=300000, nelems=20, elem type=char[])
ARR 5000233c (sz=56, trace=300000, nelems=28, elem type=char[])
ARR 5000233d (sz=40, trace=300000, nelems=20, elem type=char[])
ARR 5000233e (sz=22, trace=300000, nelems=11, elem type=char[])
ARR 5000233f (sz=28, trace=300000, nelems=14, elem type=char[])
ARR 50002340 (sz=16, trace=300000, nelems=8, elem type=char[])
ARR 50002341 (sz=16, trace=300000, nelems=8, elem type=char[])
ARR 50002342 (sz=42, trace=300000, nelems=21, elem type=char[])
ARR 50002343 (sz=16, trace=300000, nelems=8, elem type=char[])
OBJ 50002344 (sz=24, trace=300000, class=java.lang.String@5000016b)
	value		50002345
ARR 50002345 (sz=44, trace=300000, nelems=22, elem type=char[])
ARR 50002346 (sz=6, trace=300000, nelems=3, elem type=char[])
OBJ 50002347 (sz=16, trace=300000, class=java.lang.Object@5000016f)
ARR 50002348 (sz=46, trace=300000, nelems=23, elem type=char[])
CLS 5000016f (name=java.lang.Object, trace=300000)
	constant pool entry 76	500000f5
	constant pool entry 49	5000016f
CLS 50000001 (name=java.lang.SystemClassLoaderAction, trace=300000)
	super		5000016f
	constant pool entry 36	50000001
	constant pool entry 35	50000164
	constant pool entry 33	5000016f
	constant pool entry 1	50001d63
CLS 50000002 (name=sun.misc.Launcher$AppClassLoader$1, trace=300000)
	super		5000016f
	constant pool entry 30	50000002
	constant pool entry 29	50000114
	constant pool entry 28	50000115
	constant pool entry 25	5000016f
CLS 5000000f (name=java.net.URLStreamHandler, trace=300000)
	super		5000016f
	constant pool entry 112	5000000f
	constant pool entry 111	50000117
	constant pool entry 108	5000011f
	constant pool entry 107	50000120
	constant pool entry 106	5000016b
	constant pool entry 104	5000016f
	constant pool entry 10	50001768
	constant pool entry 8	50001767
	constant pool entry 7	50001766
	constant pool entry 6	50001765
	constant pool entry 5	50001764
	constant pool entry 3	50001763
	constant pool entry 1	500013fe
CLS 50000003 (name=sun.net.www.protocol.jar.Handler, trace=300000)
	super		5000000f
	static separator	50001785
	constant pool entry 81	5000000f
CLS 50000004 (name=sun.misc.URLClassPath, trace=300000)
	super		5000016f
	static USER_AGENT_JAVA_VERSION	50001751
	static JAVA_VERSION	50001750
	constant pool entry 235	50000070
	constant pool entry 233	50000632
	constant pool entry 232	500000d6
	constant pool entry 231	5000063a
	constant pool entry 228	50000638
	constant pool entry 227	50000628
	constant pool entry 226	5000062c
	constant pool entry 225	50000004
	constant pool entry 223	500000e0
	constant pool entry 219	500000b2
	constant pool entry 217	500000b9
	constant pool entry 216	500006da
	constant pool entry 214	500000ed
	constant pool entry 213	50000050
	constant pool entry 211	50000117
	constant pool entry 207	50000164
	constant pool entry 205	5000016b
	constant pool entry 202	5000016f
	constant pool entry 199	500006d7
	constant pool entry 20	50001404
	constant pool entry 19	5000174f
	constant pool entry 18	5000174e
	constant pool entry 17	5000174d
	constant pool entry 16	500014c0
	constant pool entry 14	5000174c
	constant pool entry 13	5000174b
CLS 500000e3 (name=java.util.AbstractCollection, trace=300000)
	super		5000016f
	constant pool entry 72	500000e3
	constant pool entry 66	5000016f
CLS 500000cf (name=java.util.AbstractSet, trace=300000)
	super		500000e3
	constant pool entry 34	500000e3
CLS 50000005 (name=java.util.HashSet, trace=300000)
	super		500000cf
	static PRESENT	50001cc9
	constant pool entry 114	50000005
	constant pool entry 112	500000b2
	constant pool entry 110	500000cf
	constant pool entry 108	5000016f
CLS 50000006 (name=java.security.Principal[], trace=300000)
	super		5000016f
CLS 50000007 (name=java.security.Principal, trace=300000)
CLS 50000008 (name=java.security.ProtectionDomain$Key, trace=300000)
	super		5000016f
	constant pool entry 12	50000008
	constant pool entry 10	5000016f
CLS 50000009 (name=java.security.ProtectionDomain$2, trace=300000)
	super		5000016f
	constant pool entry 13	5000016f
CLS 5000000a (name=sun.misc.JavaSecurityProtectionDomainAccess, trace=300000)
CLS 5000000b (name=java.security.ProtectionDomain$JavaSecurityAccessImpl, trace=300000)
	super		5000016f
	constant pool entry 27	5000000b
	constant pool entry 22	5000016f
CLS 5000000c (name=sun.misc.JavaSecurityAccess, trace=300000)
CLS 5000000d (name=java.net.URL[], trace=300000)
	super		5000016f
CLS 5000000e (name=sun.net.www.protocol.file.Handler, trace=300000)
	super		5000000f
	constant pool entry 61	5000000f
	constant pool entry 56	5000016b
	constant pool entry 54	50000119
CLS 50000010 (name=java.net.Parts, trace=300000)
	super		5000016f
	constant pool entry 25	50000010
	constant pool entry 24	5000016b
	constant pool entry 23	5000016f
CLS 50000011 (name=java.util.BitSet, trace=300000)
	super		5000016f
	static serialPersistentFields	50001793
	constant pool entry 391	500000f5
	constant pool entry 196	5000016f
	constant pool entry 187	50000167
	constant pool entry 184	500000fa
	constant pool entry 11	50000011
	constant pool entry 10	50000170
	constant pool entry 4	50001792
CLS 50000012 (name=sun.net.www.ParseUtil, trace=300000)
	super		5000016f
	static encodedInPath	50001790
	static hexDigits	5000178f
	constant pool entry 505	500000f5
	constant pool entry 242	50000654
	constant pool entry 241	50000011
	constant pool entry 240	50000078
	constant pool entry 239	50000034
	constant pool entry 237	50000038
	constant pool entry 235	50000036
	constant pool entry 234	50000077
	constant pool entry 233	50000117
	constant pool entry 228	5000011f
	constant pool entry 226	5000016b
	constant pool entry 225	5000016f
	constant pool entry 223	500000d1
	constant pool entry 222	50000108
	constant pool entry 220	50000167
	constant pool entry 219	5000010e
	constant pool entry 217	50000119
	constant pool entry 26	50000012
	constant pool entry 25	50001761
	constant pool entry 22	5000178e
	constant pool entry 19	5000178d
	constant pool entry 18	5000178c
	constant pool entry 17	5000178b
	constant pool entry 16	5000178a
	constant pool entry 7	50001756
	constant pool entry 6	50001789
	constant pool entry 5	50001788
	constant pool entry 4	50001787
	constant pool entry 3	50001786
	constant pool entry 2	500013fe
CLS 50000013 (name=java.io.FileInputStream$1, trace=300000)
	super		5000016f
	constant pool entry 19	5000016f
	constant pool entry 17	50000013
	constant pool entry 16	500000c0
CLS 500000b1 (name=java.util.HashMap$Node, trace=300000)
	super		5000016f
	constant pool entry 44	500000b1
	constant pool entry 41	5000016f
CLS 50000061 (name=java.util.LinkedHashMap$Entry, trace=300000)
	super		500000b1
	constant pool entry 14	500000b1
CLS 50000014 (name=java.util.HashMap$TreeNode, trace=300000)
	super		50000061
CLS 50000016 (name=java.lang.CharacterData, trace=300000)
	super		5000016f
	constant pool entry 50	5000016f
	constant pool entry 47	50000015
CLS 50000015 (name=java.lang.CharacterDataLatin1, trace=300000)
	super		50000016
	static sharpsMap	50001725
	static instance	500013fc
	static A	500013fb
	static A_DATA	50001723
	static B	50001724
	constant pool entry 94	500000f5
	constant pool entry 67	5000016b
	constant pool entry 66	50000167
	constant pool entry 65	50000016
	constant pool entry 8	50000015
	constant pool entry 7	50001723
	constant pool entry 6	50001722
CLS 50000017 (name=sun.util.locale.LocaleUtils, trace=300000)
	super		5000016f
	constant pool entry 87	500000f5
	constant pool entry 47	50000017
	constant pool entry 43	5000016b
CLS 50000018 (name=java.util.Locale$LocaleKey, trace=300000)
	super		5000016f
	constant pool entry 26	5000001c
	constant pool entry 25	50000018
	constant pool entry 22	5000016f
CLS 50000150 (name=java.lang.ref.Reference, trace=300000)
	super		5000016f
	static lock	500012fa
	constant pool entry 56	500000da
	constant pool entry 55	500000dd
	constant pool entry 54	500000de
	constant pool entry 52	50000150
	constant pool entry 51	50000146
	constant pool entry 50	50000148
	constant pool entry 49	5000016f
	constant pool entry 1	50001799
CLS 5000014f (name=java.lang.ref.SoftReference, trace=300000)
	super		50000150
	constant pool entry 17	5000014f
	constant pool entry 16	50000150
CLS 50000019 (name=sun.util.locale.LocaleObjectCache$CacheEntry, trace=300000)
	super		5000014f
	constant pool entry 16	50000019
	constant pool entry 14	5000014f
CLS 5000001a (name=sun.util.locale.BaseLocale$Key, trace=300000)
	super		5000016f
	constant pool entry 63	50000017
	constant pool entry 62	5000001a
	constant pool entry 60	5000014f
	constant pool entry 59	5000016b
	constant pool entry 58	5000016f
	constant pool entry 57	50000167
	constant pool entry 2	5000001c
	constant pool entry 1	500013fe
CLS 5000002e (name=sun.util.locale.LocaleObjectCache, trace=300000)
	super		5000016f
	constant pool entry 36	50000019
	constant pool entry 35	5000002e
	constant pool entry 34	5000002c
	constant pool entry 33	5000002b
	constant pool entry 32	500000da
	constant pool entry 31	5000016f
CLS 5000001b (name=sun.util.locale.BaseLocale$Cache, trace=300000)
	super		5000002e
	constant pool entry 40	5000002e
	constant pool entry 38	5000001b
	constant pool entry 34	50000167
	constant pool entry 1	5000001c
CLS 5000001c (name=sun.util.locale.BaseLocale, trace=300000)
	super		5000016f
	static SEP	50001de1
	static CACHE	50001de0
	constant pool entry 83	50000017
	constant pool entry 82	5000001a
	constant pool entry 81	5000001b
	constant pool entry 79	5000001c
	constant pool entry 77	5000016b
	constant pool entry 76	5000016f
	constant pool entry 12	50001ddf
	constant pool entry 4	50001dde
	constant pool entry 3	50001ddd
	constant pool entry 1	500013fe
CLS 50000020 (name=java.util.concurrent.ConcurrentHashMap$CollectionView, trace=300000)
	super		5000016f
	static oomeMsg	50001733
	constant pool entry 75	50000020
	constant pool entry 67	5000016f
CLS 5000001d (name=java.util.concurrent.ConcurrentHashMap$EntrySetView, trace=300000)
	super		50000020
CLS 5000001e (name=java.util.concurrent.ConcurrentHashMap$ValuesView, trace=300000)
	super		50000020
CLS 5000001f (name=java.util.concurrent.ConcurrentHashMap$KeySetView, trace=300000)
	super		50000020
	constant pool entry 73	5000001f
	constant pool entry 71	50000020
	constant pool entry 70	5000002b
CLS 50000021 (name=java.util.concurrent.ConcurrentHashMap$CounterCell[], trace=300000)
	super		5000016f
CLS 50000022 (name=java.util.concurrent.ConcurrentHashMap$CounterCell, trace=300000)
	super		5000016f
CLS 50000023 (name=java.util.concurrent.ConcurrentHashMap$Node[], trace=300000)
	super		5000016f
CLS 50000024 (name=java.util.concurrent.ConcurrentHashMap$Node, trace=300000)
	super		5000016f
	constant pool entry 48	50000024
	constant pool entry 42	5000016f
CLS 50000025 (name=java.util.concurrent.ConcurrentHashMap$Segment[], trace=300000)
	super		5000016f
CLS 50000026 (name=java.util.concurrent.locks.ReentrantLock[], trace=300000)
	super		5000016f
CLS 50000027 (name=java.util.concurrent.locks.Lock[], trace=300000)
	super		5000016f
CLS 50000029 (name=java.util.concurrent.locks.ReentrantLock, trace=300000)
	super		5000016f
CLS 50000028 (name=java.util.concurrent.ConcurrentHashMap$Segment, trace=300000)
	super		50000029
CLS 5000002a (name=java.util.concurrent.locks.Lock, trace=300000)
CLS 500000ca (name=java.util.AbstractMap, trace=300000)
	super		5000016f
	constant pool entry 73	500000d0
	constant pool entry 72	500000d5
	constant pool entry 71	50000145
	constant pool entry 70	500000c4
	constant pool entry 65	500000ca
	constant pool entry 62	5000016f
CLS 5000002b (name=java.util.concurrent.ConcurrentHashMap, trace=300000)
	super		500000ca
	static serialPersistentFields	50001611
	static U	50001421
	constant pool entry 1010	500000f5
	constant pool entry 435	5000011e
	constant pool entry 411	50000024
	constant pool entry 392	5000001f
	constant pool entry 390	50000ed1
	constant pool entry 370	500000ca
	constant pool entry 364	500000c2
	constant pool entry 363	5000016f
	constant pool entry 360	50000108
	constant pool entry 354	50000167
	constant pool entry 351	500000fa
	constant pool entry 344	50001610
	constant pool entry 343	5000160f
	constant pool entry 342	5000160e
	constant pool entry 340	5000160d
	constant pool entry 339	5000160c
	constant pool entry 14	50000022
	constant pool entry 13	5000002b
	constant pool entry 10	50000025
	constant pool entry 9	50000023
	constant pool entry 8	5000160b
	constant pool entry 7	5000160a
	constant pool entry 6	50001609
CLS 5000002c (name=java.util.concurrent.ConcurrentMap, trace=300000)
CLS 5000002d (name=java.util.Locale$Cache, trace=300000)
	super		5000002e
	constant pool entry 19	5000002e
	constant pool entry 18	50000018
	constant pool entry 17	5000002d
	constant pool entry 15	5000002f
CLS 5000002f (name=java.util.Locale, trace=300000)
	super		5000016f
	static LOCALECACHE	50001dc4
	static ENGLISH	50001dc3
	static FRENCH	50001dc2
	static GERMAN	50001dc1
	static ITALIAN	50001dc0
	static JAPANESE	50001dbf
	static KOREAN	50001dbe
	static CHINESE	50001dbd
	static SIMPLIFIED_CHINESE	50001db7
	static TRADITIONAL_CHINESE	50001db6
	static FRANCE	50001dbc
	static GERMANY	50001dbb
	static ITALY	50001dba
	static JAPAN	50001db9
	static KOREA	50001db8
	static CHINA	50001db7
	static PRC	50001db7
	static TAIWAN	50001db6
	static UK	50001db5
	static US	50001db1
	static CANADA	50001db4
	static CANADA_FRENCH	50001db3
	static ROOT	50001db2
	static defaultLocale	50001db1
	static defaultFormatLocale	50001db1
	static serialPersistentFields	50001db0
	constant pool entry 889	500000f5
	constant pool entry 443	50000017
	constant pool entry 439	50000d49
	constant pool entry 437	5000001c
	constant pool entry 436	50000070
	constant pool entry 431	50000018
	constant pool entry 428	50000afc
	constant pool entry 427	5000002d
	constant pool entry 425	50000b01
	constant pool entry 424	500000e5
	constant pool entry 423	500000c4
	constant pool entry 417	500000ed
	constant pool entry 414	5000011f
	constant pool entry 412	5000016f
	constant pool entry 409	50000108
	constant pool entry 404	50000167
	constant pool entry 400	500000fa
	constant pool entry 391	50001daf
	constant pool entry 390	50001dae
	constant pool entry 389	50001dad
	constant pool entry 388	50001dac
	constant pool entry 58	5000002f
	constant pool entry 57	5000016b
	constant pool entry 56	50001dab
	constant pool entry 52	50001daa
	constant pool entry 51	50001da9
	constant pool entry 50	50001da8
	constant pool entry 49	50001da7
	constant pool entry 48	50001da6
	constant pool entry 47	50001da5
	constant pool entry 46	50001da4
	constant pool entry 45	50001da3
	constant pool entry 44	50001da2
	constant pool entry 43	50001da1
	constant pool entry 40	50001da0
	constant pool entry 38	50001d9f
	constant pool entry 34	50001d9e
	constant pool entry 33	50001d9d
	constant pool entry 32	50001d9c
	constant pool entry 31	50001d9b
	constant pool entry 30	50001d9a
	constant pool entry 29	50001d99
	constant pool entry 24	50001d98
	constant pool entry 18	50001d97
	constant pool entry 15	50001d96
	constant pool entry 13	50001d95
	constant pool entry 11	50001d94
	constant pool entry 6	50001d93
	constant pool entry 4	50001787
	constant pool entry 1	500013fe
CLS 50000030 (name=java.lang.reflect.Array, trace=300000)
	super		5000016f
	constant pool entry 37	50000030
CLS 50000033 (name=java.nio.charset.CoderResult$Cache, trace=300000)
	super		5000016f
	constant pool entry 33	50000033
	constant pool entry 29	5000016f
CLS 50000031 (name=java.nio.charset.CoderResult$2, trace=300000)
	super		50000033
	constant pool entry 14	50000033
CLS 50000032 (name=java.nio.charset.CoderResult$1, trace=300000)
	super		50000033
	constant pool entry 12	50000033
CLS 50000034 (name=java.nio.charset.CoderResult, trace=300000)
	super		5000016f
	static names	500017bb
	static UNDERFLOW	500017ba
	static OVERFLOW	500017b9
	static malformedCache	500017b8
	static unmappableCache	500017b7
	constant pool entry 137	500000f5
	constant pool entry 82	50000031
	constant pool entry 81	50000032
	constant pool entry 75	5000016b
	constant pool entry 74	5000016f
	constant pool entry 73	50000167
	constant pool entry 7	50000034
	constant pool entry 4	500017b6
	constant pool entry 3	500017b5
	constant pool entry 2	500017b4
	constant pool entry 1	500017b3
CLS 50000110 (name=java.nio.Buffer, trace=300000)
	super		5000016f
	constant pool entry 64	50000110
	constant pool entry 62	5000016f
CLS 50000036 (name=java.nio.CharBuffer, trace=300000)
	super		50000110
	constant pool entry 114	50000035
	constant pool entry 112	50000036
	constant pool entry 109	50000110
CLS 50000035 (name=java.nio.HeapCharBuffer, trace=300000)
	super		50000036
	constant pool entry 136	500000f5
	constant pool entry 66	50000035
	constant pool entry 65	50000036
	constant pool entry 59	5000016b
CLS 50000038 (name=java.nio.charset.CharsetDecoder, trace=300000)
	super		5000016f
	static stateNames	500017a5
	constant pool entry 273	500000f5
	constant pool entry 140	50000078
	constant pool entry 139	50000034
	constant pool entry 137	50000092
	constant pool entry 134	50000077
	constant pool entry 129	5000016b
	constant pool entry 128	5000016f
	constant pool entry 125	50000167
	constant pool entry 16	50000038
	constant pool entry 15	500017a4
	constant pool entry 12	500017a3
	constant pool entry 7	500017a2
	constant pool entry 4	500017a1
	constant pool entry 3	500017a0
	constant pool entry 2	5000179f
CLS 50000037 (name=sun.nio.cs.SingleByte$Decoder, trace=300000)
	super		50000038
	constant pool entry 56	50000037
	constant pool entry 55	50000085
	constant pool entry 53	50000034
	constant pool entry 52	50000038
	constant pool entry 51	50000036
	constant pool entry 50	50000077
	constant pool entry 48	5000016b
CLS 50000039 (name=sun.nio.cs.ArrayDecoder, trace=300000)
CLS 50000092 (name=java.nio.charset.Charset, trace=300000)
	super		5000016f
	static bugLevel	500013fe
	static standardProvider	500017c5
	static cache1	50000393
	static cache2	500017c4
	static gate	500017c3
	static defaultCharset	500017c2
	constant pool entry 316	500000f5
	constant pool entry 157	50000070
	constant pool entry 155	5000008f
	constant pool entry 154	500000d6
	constant pool entry 148	500000ed
	constant pool entry 147	50000091
	constant pool entry 134	5000008a
	constant pool entry 133	5000016b
	constant pool entry 132	5000016f
	constant pool entry 9	50000092
	constant pool entry 7	500017c1
	constant pool entry 6	500017c0
	constant pool entry 2	5000179f
	constant pool entry 1	500013fe
CLS 5000003a (name=sun.nio.cs.MS1252, trace=300000)
	super		50000092
	static b2cTable	50001bd8
	static b2c	50001bdb
	static c2b	50001bda
	static c2bIndex	50001bd9
	constant pool entry 83	500000f5
	constant pool entry 51	5000008f
	constant pool entry 49	50000037
	constant pool entry 48	50000085
	constant pool entry 47	5000003a
	constant pool entry 45	50000092
	constant pool entry 44	5000016b
	constant pool entry 4	50001bd8
	constant pool entry 3	50001868
CLS 5000003f (name=java.io.Reader, trace=300000)
	super		5000016f
	constant pool entry 57	5000016f
	constant pool entry 53	5000003f
CLS 5000003b (name=sun.nio.cs.StreamDecoder, trace=300000)
	super		5000003f
	constant pool entry 136	50000078
	constant pool entry 135	50000034
	constant pool entry 134	50000038
	constant pool entry 133	50000092
	constant pool entry 130	50000036
	constant pool entry 129	50000077
	constant pool entry 122	50000167
	constant pool entry 119	5000003f
	constant pool entry 118	5000011b
	constant pool entry 5	5000003b
CLS 5000003d (name=java.io.InputStreamReader, trace=300000)
	super		5000003f
	constant pool entry 45	5000003b
	constant pool entry 38	5000003f
	constant pool entry 37	5000003d
CLS 5000003c (name=java.io.FileReader, trace=300000)
	super		5000003d
	constant pool entry 12	5000003d
	constant pool entry 9	500000c0
CLS 5000003e (name=java.io.BufferedReader, trace=300000)
	super		5000003f
	constant pool entry 176	500000f5
	constant pool entry 93	50000120
	constant pool entry 92	5000016b
	constant pool entry 87	5000003f
	constant pool entry 84	5000003e
	constant pool entry 4	500013f6
CLS 50000040 (name=java.lang.Readable, trace=300000)
CLS 50000041 (name=sun.misc.MetaIndex, trace=300000)
	super		5000016f
	static jarMap	50001bee
	constant pool entry 149	500000f5
	constant pool entry 78	50000145
	constant pool entry 77	500000e5
	constant pool entry 76	500000b2
	constant pool entry 75	500000b9
	constant pool entry 73	5000016b
	constant pool entry 72	5000016f
	constant pool entry 70	50000167
	constant pool entry 67	5000003c
	constant pool entry 66	50000119
	constant pool entry 65	5000003e
	constant pool entry 64	500000b4
	constant pool entry 4	50000041
	constant pool entry 3	50001bed
	constant pool entry 2	50001bec
	constant pool entry 1	50001beb
CLS 50000042 (name=sun.misc.Launcher$ExtClassLoader$1, trace=300000)
	super		5000016f
	constant pool entry 30	50000041
	constant pool entry 29	50000042
	constant pool entry 28	50000113
	constant pool entry 25	5000016f
CLS 50000043 (name=java.io.File[], trace=300000)
	super		5000016f
CLS 50000044 (name=java.util.StringTokenizer, trace=300000)
	super		5000016f
	constant pool entry 63	50000044
	constant pool entry 60	5000016b
	constant pool entry 59	5000016f
	constant pool entry 57	5000010e
	constant pool entry 3	5000177c
CLS 50000045 (name=java.net.URLClassLoader$7, trace=300000)
	super		5000016f
	constant pool entry 20	50000118
	constant pool entry 17	5000016f
CLS 50000046 (name=sun.misc.JavaNetAccess, trace=300000)
CLS 50000047 (name=java.util.WeakHashMap$KeySet, trace=300000)
	super		500000cf
	constant pool entry 28	50000047
	constant pool entry 24	500000cf
CLS 50000048 (name=java.util.Collections$SetFromMap, trace=300000)
	super		500000cf
	constant pool entry 72	50000145
	constant pool entry 71	50000048
	constant pool entry 69	500000cf
	constant pool entry 65	5000010f
CLS 50000049 (name=java.util.WeakHashMap$Entry[], trace=300000)
	super		5000016f
CLS 5000004a (name=java.lang.ref.WeakReference[], trace=300000)
	super		5000016f
CLS 5000004b (name=java.lang.ref.Reference[], trace=300000)
	super		5000016f
CLS 5000014e (name=java.lang.ref.WeakReference, trace=300000)
	super		50000150
	constant pool entry 7	50000150
CLS 5000004c (name=java.util.WeakHashMap$Entry, trace=300000)
	super		5000014e
	constant pool entry 48	5000004c
	constant pool entry 43	5000014e
CLS 5000004d (name=java.lang.ClassLoader$ParallelLoaders, trace=300000)
	super		5000016f
	static loaderTypes	50001d65
	constant pool entry 31	5000009b
	constant pool entry 30	500000d0
	constant pool entry 29	500000cd
	constant pool entry 26	5000004d
	constant pool entry 25	50000167
	constant pool entry 1	50000165
CLS 5000004e (name=sun.security.util.Debug, trace=300000)
	super		5000016f
	static hexDigits	50001742
	constant pool entry 202	5000004e
	constant pool entry 201	50000070
	constant pool entry 197	500000ed
	constant pool entry 192	5000016b
	constant pool entry 50	50001741
	constant pool entry 49	50001740
	constant pool entry 23	5000173f
CLS 5000004f (name=sun.misc.Launcher$Factory, trace=300000)
	super		5000016f
	static PREFIX	50001758
	constant pool entry 48	5000004f
	constant pool entry 44	5000000f
	constant pool entry 43	5000011f
	constant pool entry 40	5000016f
	constant pool entry 38	50000167
	constant pool entry 4	50001758
	constant pool entry 2	50001755
	constant pool entry 1	5000149b
CLS 50000050 (name=java.net.URLStreamHandlerFactory, trace=300000)
CLS 50000051 (name=java.lang.Compiler$1, trace=300000)
	super		5000016f
	constant pool entry 55	50000164
	constant pool entry 54	5000011f
	constant pool entry 52	5000016f
	constant pool entry 51	50000051
	constant pool entry 8	50002033
	constant pool entry 7	50002032
	constant pool entry 4	50002031
CLS 50000052 (name=java.lang.Compiler, trace=300000)
	super		5000016f
	constant pool entry 25	500000ed
	constant pool entry 23	50000051
	constant pool entry 22	50000052
CLS 50000163 (name=java.lang.Throwable, trace=300000)
	super		5000016f
	static UNASSIGNED_STACK	50001cb3
	static SUPPRESSED_SENTINEL	50001cb2
	static NULL_CAUSE_MESSAGE	50001cb1
	static SELF_SUPPRESSION_MESSAGE	50001cb0
	static CAUSE_CAPTION	50001caf
	static SUPPRESSED_CAPTION	50001cae
	static EMPTY_THROWABLE_ARRAY	50001cad
	constant pool entry 325	500000f5
	constant pool entry 171	500000cd
	constant pool entry 170	500000b9
	constant pool entry 160	50000111
	constant pool entry 159	5000016f
	constant pool entry 154	50000167
	constant pool entry 18	50000163
CLS 50000160 (name=java.lang.Exception, trace=300000)
	super		50000163
	constant pool entry 14	50000163
CLS 5000015f (name=java.lang.RuntimeException, trace=300000)
	super		50000160
CLS 50000053 (name=java.lang.IllegalArgumentException, trace=300000)
	super		5000015f
CLS 50000054 (name=java.lang.System$2, trace=300000)
	super		5000016f
	constant pool entry 44	5000016f
CLS 50000055 (name=sun.misc.JavaLangAccess, trace=300000)
CLS 50000056 (name=sun.io.Win32ErrorMode, trace=300000)
	super		5000016f
	constant pool entry 44	500000d6
	constant pool entry 43	50000056
	constant pool entry 42	50000164
	constant pool entry 1	500015e4
CLS 50000057 (name=sun.misc.OSEnvironment, trace=300000)
	super		5000016f
	constant pool entry 9	50000056
CLS 50000058 (name=java.lang.Integer[], trace=300000)
	super		5000016f
CLS 50000059 (name=java.lang.Number[], trace=300000)
	super		5000016f
CLS 5000005a (name=java.lang.Integer$IntegerCache, trace=300000)
	super		5000016f
	static cache	5000161f
	constant pool entry 70	500000f5
	constant pool entry 46	500000d6
	constant pool entry 41	5000005a
	constant pool entry 40	50000167
	constant pool entry 3	50000108
	constant pool entry 2	500014bf
CLS 5000005b (name=sun.misc.NativeSignalHandler, trace=300000)
	super		5000016f
	constant pool entry 19	5000005b
	constant pool entry 18	5000016f
CLS 5000005c (name=sun.misc.Signal, trace=300000)
	super		5000016f
	static handlers	50001fd1
	static signals	50001fd0
	constant pool entry 84	5000005e
	constant pool entry 82	5000005c
	constant pool entry 81	5000005b
	constant pool entry 80	50000143
	constant pool entry 74	5000016f
	constant pool entry 73	50000108
CLS 5000005d (name=java.lang.Terminator$1, trace=300000)
	super		5000016f
	constant pool entry 18	5000016f
CLS 5000005e (name=sun.misc.SignalHandler, trace=300000)
	static SIG_DFL	50001fcf
	static SIG_IGN	50001fce
	constant pool entry 14	5000005e
	constant pool entry 13	5000005b
CLS 5000005f (name=java.lang.Terminator, trace=300000)
	super		5000016f
	static handler	50001fcd
	constant pool entry 26	5000005c
	constant pool entry 25	5000005d
	constant pool entry 24	5000005f
	constant pool entry 2	50001fcc
	constant pool entry 1	50001fcb
CLS 50000060 (name=java.lang.ClassLoader$NativeLibrary, trace=300000)
	super		5000016f
	constant pool entry 54	500000e0
	constant pool entry 51	5000016f
	constant pool entry 50	50000060
	constant pool entry 49	50000165
CLS 50000062 (name=java.io.ExpiringCache$Entry, trace=300000)
	super		5000016f
	constant pool entry 21	5000016f
	constant pool entry 20	50000062
CLS 50000063 (name=java.io.File$PathStatus[], trace=300000)
	super		5000016f
CLS 50000064 (name=java.lang.Enum[], trace=300000)
	super		5000016f
CLS 50000065 (name=java.lang.ClassLoader$3, trace=300000)
	super		5000016f
	constant pool entry 25	5000016f
	constant pool entry 24	50000065
	constant pool entry 22	5000010f
	constant pool entry 21	50000119
CLS 50000066 (name=java.nio.file.Path, trace=300000)
CLS 50000067 (name=java.nio.file.Watchable, trace=300000)
CLS 50000069 (name=java.lang.Enum, trace=300000)
	super		5000016f
	constant pool entry 70	5000016f
	constant pool entry 5	50000069
CLS 50000068 (name=java.io.File$PathStatus, trace=300000)
	super		50000069
	static INVALID	50001f61
	static CHECKED	50001f60
	static $VALUES	50001f5f
	constant pool entry 45	500000f5
	constant pool entry 23	50000069
	constant pool entry 3	50000068
	constant pool entry 2	50001f5e
	constant pool entry 1	50001f5d
CLS 500000b2 (name=java.util.HashMap, trace=300000)
	super		500000ca
	constant pool entry 466	500000f5
	constant pool entry 227	50000145
	constant pool entry 222	50000014
	constant pool entry 221	500000b1
	constant pool entry 219	5000117f
	constant pool entry 214	500002d9
	constant pool entry 212	500000b2
	constant pool entry 209	500000ca
	constant pool entry 205	5000016f
	constant pool entry 200	5000010c
	constant pool entry 190	500000b0
CLS 5000006b (name=java.util.LinkedHashMap, trace=300000)
	super		500000b2
	constant pool entry 98	500003b6
	constant pool entry 96	50000061
	constant pool entry 95	5000006b
	constant pool entry 93	500000b1
	constant pool entry 92	500000b2
CLS 5000006a (name=java.io.ExpiringCache$1, trace=300000)
	super		5000006b
	constant pool entry 24	5000006b
	constant pool entry 22	5000006a
	constant pool entry 21	5000006c
CLS 5000006c (name=java.io.ExpiringCache, trace=300000)
	super		5000016f
	constant pool entry 62	50000145
	constant pool entry 60	50000164
	constant pool entry 58	5000016f
	constant pool entry 57	50000062
	constant pool entry 56	5000006a
	constant pool entry 55	5000006c
CLS 5000006e (name=java.io.FileSystem, trace=300000)
	super		5000016f
	constant pool entry 75	50000164
	constant pool entry 73	5000016f
	constant pool entry 71	5000006e
	constant pool entry 2	50001f55
	constant pool entry 1	50001f54
CLS 5000006d (name=java.io.WinNTFileSystem, trace=300000)
	super		5000006e
	static driveDirCache	50001d92
	constant pool entry 310	500000f5
	constant pool entry 153	50000070
	constant pool entry 152	5000002f
	constant pool entry 151	500000ed
	constant pool entry 150	50000164
	constant pool entry 149	5000011f
	constant pool entry 148	50000120
	constant pool entry 147	5000016b
	constant pool entry 143	5000006d
	constant pool entry 141	5000006e
	constant pool entry 140	50000119
	constant pool entry 139	5000006c
	constant pool entry 9	50001d91
	constant pool entry 8	50001d90
	constant pool entry 7	50001d8f
CLS 5000006f (name=java.io.DefaultFileSystem, trace=300000)
	super		5000016f
	constant pool entry 9	5000006d
CLS 50000070 (name=sun.security.action.GetPropertyAction, trace=300000)
	super		5000016f
	constant pool entry 25	50000070
	constant pool entry 23	50000164
	constant pool entry 21	5000016f
CLS 5000007e (name=java.io.Writer, trace=300000)
	super		5000016f
	constant pool entry 50	5000016b
	constant pool entry 49	5000016f
	constant pool entry 45	5000007e
CLS 50000071 (name=java.io.BufferedWriter, trace=300000)
	super		5000007e
	constant pool entry 117	500000f5
	constant pool entry 64	50000070
	constant pool entry 63	500000ed
	constant pool entry 60	5000016b
	constant pool entry 56	5000007e
	constant pool entry 54	50000071
	constant pool entry 3	5000140e
CLS 50000072 (name=java.nio.Bits$1, trace=300000)
	super		5000016f
	constant pool entry 18	5000016f
CLS 50000073 (name=sun.misc.JavaNioAccess, trace=300000)
CLS 50000074 (name=java.nio.ByteOrder, trace=300000)
	super		5000016f
	static BIG_ENDIAN	50001bcc
	static LITTLE_ENDIAN	50001bcb
	constant pool entry 21	50000074
	constant pool entry 19	5000016f
	constant pool entry 2	50001bca
	constant pool entry 1	50001bc9
CLS 50000075 (name=java.nio.Bits, trace=300000)
	super		5000016f
	static unsafe	50001421
	static byteOrder	50001bcb
	constant pool entry 256	500000d6
	constant pool entry 255	5000011e
	constant pool entry 254	500000bc
	constant pool entry 252	50000074
	constant pool entry 250	50000072
	constant pool entry 236	50000167
	constant pool entry 8	50000075
CLS 50000077 (name=java.nio.ByteBuffer, trace=300000)
	super		50000110
	constant pool entry 138	50000076
	constant pool entry 136	50000074
	constant pool entry 135	50000077
	constant pool entry 132	50000110
	constant pool entry 131	50000075
CLS 50000076 (name=java.nio.HeapByteBuffer, trace=300000)
	super		50000077
	constant pool entry 257	500000f5
	constant pool entry 120	50000076
	constant pool entry 104	50000077
	constant pool entry 100	50000164
CLS 50000078 (name=java.nio.charset.CodingErrorAction, trace=300000)
	super		5000016f
	static IGNORE	500017af
	static REPLACE	500017ae
	static REPORT	500017ad
	constant pool entry 19	50000078
	constant pool entry 18	5000016f
	constant pool entry 3	500017ac
	constant pool entry 2	500017ab
	constant pool entry 1	500017aa
CLS 5000007a (name=java.nio.charset.CharsetEncoder, trace=300000)
	super		5000016f
	static stateNames	50001bc7
	constant pool entry 355	500000f5
	constant pool entry 164	50000088
	constant pool entry 163	50000078
	constant pool entry 162	50000034
	constant pool entry 159	50000092
	constant pool entry 150	5000016b
	constant pool entry 149	5000016f
	constant pool entry 146	50000167
	constant pool entry 16	5000007a
	constant pool entry 13	500017a3
	constant pool entry 7	500017a2
	constant pool entry 4	500017a1
	constant pool entry 3	500017a0
	constant pool entry 2	5000179f
CLS 50000079 (name=sun.nio.cs.SingleByte$Encoder, trace=300000)
	super		5000007a
	constant pool entry 75	50000079
	constant pool entry 74	50000085
	constant pool entry 72	50000034
	constant pool entry 71	5000007a
	constant pool entry 70	50000036
	constant pool entry 69	50000077
CLS 5000007b (name=sun.nio.cs.ArrayEncoder, trace=300000)
CLS 5000007c (name=sun.nio.cs.StreamEncoder, trace=300000)
	super		5000007e
	constant pool entry 119	50000078
	constant pool entry 118	50000034
	constant pool entry 117	5000007a
	constant pool entry 116	50000092
	constant pool entry 114	50000036
	constant pool entry 113	50000077
	constant pool entry 108	50000167
	constant pool entry 106	5000007e
	constant pool entry 104	500000ae
	constant pool entry 2	5000007c
CLS 5000007d (name=java.io.OutputStreamWriter, trace=300000)
	super		5000007e
	constant pool entry 45	5000007c
	constant pool entry 39	5000007e
	constant pool entry 37	5000007d
CLS 5000013a (name=sun.reflect.MagicAccessorImpl, trace=300000)
	super		5000016f
	constant pool entry 6	5000016f
CLS 50000136 (name=sun.reflect.ConstructorAccessorImpl, trace=300000)
	super		5000013a
	constant pool entry 18	5000013a
CLS 5000007f (name=sun.reflect.DelegatingConstructorAccessorImpl, trace=300000)
	super		50000136
	constant pool entry 18	5000007f
	constant pool entry 17	50000136
CLS 50000080 (name=sun.reflect.NativeConstructorAccessorImpl, trace=300000)
	super		50000136
	constant pool entry 42	500000df
	constant pool entry 41	50000080
	constant pool entry 38	50000136
CLS 50000081 (name=sun.reflect.ReflectionFactory$1, trace=300000)
	super		5000016f
	constant pool entry 49	50000081
	constant pool entry 48	500000df
	constant pool entry 46	50000164
	constant pool entry 43	5000016f
	constant pool entry 3	500014a6
	constant pool entry 2	500014a5
CLS 50000082 (name=java.lang.Class$1, trace=300000)
	super		5000016f
	constant pool entry 23	5000013b
	constant pool entry 22	5000016f
	constant pool entry 21	50000082
CLS 50000083 (name=java.lang.reflect.Constructor[], trace=300000)
	super		5000016f
CLS 50000084 (name=java.lang.reflect.Executable[], trace=300000)
	super		5000016f
CLS 50000085 (name=sun.nio.cs.SingleByte, trace=300000)
	super		5000016f
	constant pool entry 23	50000085
	constant pool entry 22	50000110
CLS 50000086 (name=sun.nio.cs.IBM437, trace=300000)
	super		50000092
	static b2cTable	50001b15
	static b2c	50001b18
	static c2b	50001b17
	static c2bIndex	50001b16
	constant pool entry 73	500000f5
	constant pool entry 45	5000008f
	constant pool entry 44	50000079
	constant pool entry 42	50000085
	constant pool entry 41	50000086
	constant pool entry 39	50000092
	constant pool entry 38	5000016b
	constant pool entry 3	50001b15
	constant pool entry 2	5000180d
CLS 50000087 (name=sun.nio.cs.HistoricallyNamedCharset, trace=300000)
CLS 50000088 (name=java.util.Arrays, trace=300000)
	super		5000016f
	constant pool entry 798	500000f5
	constant pool entry 298	500009b4
	constant pool entry 292	50000030
	constant pool entry 288	50000164
	constant pool entry 285	5000016f
	constant pool entry 284	500000d1
	constant pool entry 279	50000167
	constant pool entry 19	50000088
	constant pool entry 16	50000106
	constant pool entry 2	500013fd
CLS 5000010d (name=java.lang.Number, trace=300000)
	super		5000016f
	constant pool entry 26	5000016f
CLS 50000089 (name=java.util.concurrent.atomic.AtomicInteger, trace=300000)
	super		5000010d
	static unsafe	50001421
	constant pool entry 75	5000011e
	constant pool entry 72	5000010d
	constant pool entry 68	50000167
	constant pool entry 2	50000089
	constant pool entry 1	50001610
CLS 5000008a (name=java.lang.ThreadLocal, trace=300000)
	super		5000016f
	static nextHashCode	50001798
	constant pool entry 58	50000089
	constant pool entry 56	5000037e
	constant pool entry 55	5000037c
	constant pool entry 52	5000008a
	constant pool entry 51	50000148
	constant pool entry 50	5000016f
CLS 5000008e (name=sun.util.PreHashedMap, trace=300000)
	super		500000ca
	constant pool entry 91	500000f5
	constant pool entry 47	5000008e
	constant pool entry 44	500000ca
	constant pool entry 42	5000016b
	constant pool entry 41	5000016f
	constant pool entry 40	50000106
CLS 5000008b (name=sun.nio.cs.StandardCharsets$Cache, trace=300000)
	super		5000008e
	constant pool entry 115	500000f5
	constant pool entry 105	5000008e
	constant pool entry 104	5000008b
	constant pool entry 101	5000016f
	constant pool entry 39	50001801
	constant pool entry 38	500017ef
	constant pool entry 37	500017f7
	constant pool entry 36	50001835
	constant pool entry 35	5000182d
	constant pool entry 34	50001858
	constant pool entry 33	5000185c
	constant pool entry 32	50001865
	constant pool entry 31	50001868
	constant pool entry 30	50001873
	constant pool entry 29	50001876
	constant pool entry 28	50001845
	constant pool entry 27	500017e3
	constant pool entry 26	5000186b
	constant pool entry 25	5000187f
	constant pool entry 24	50001882
	constant pool entry 23	50001854
	constant pool entry 22	5000185f
	constant pool entry 21	5000181a
	constant pool entry 20	500017e7
	constant pool entry 19	500017eb
	constant pool entry 18	50001831
	constant pool entry 17	50001838
	constant pool entry 16	5000183e
	constant pool entry 15	50001842
	constant pool entry 14	5000184b
	constant pool entry 13	5000180f
	constant pool entry 12	50001817
	constant pool entry 11	5000184e
	constant pool entry 10	5000187c
	constant pool entry 9	5000188a
	constant pool entry 8	500017fe
	constant pool entry 7	50001809
	constant pool entry 6	50001820
	constant pool entry 5	50001829
	constant pool entry 4	50001823
	constant pool entry 3	5000180c
	constant pool entry 2	500017fb
	constant pool entry 1	500017f3
CLS 5000008c (name=sun.nio.cs.StandardCharsets$Classes, trace=300000)
	super		5000008e
	constant pool entry 193	500000f5
	constant pool entry 183	5000008e
	constant pool entry 182	5000008c
	constant pool entry 179	5000016f
	constant pool entry 78	50001801
	constant pool entry 77	500017ef
	constant pool entry 76	500017f7
	constant pool entry 75	50001835
	constant pool entry 74	5000182d
	constant pool entry 73	50001858
	constant pool entry 72	5000185c
	constant pool entry 71	50001865
	constant pool entry 70	50001868
	constant pool entry 69	50001873
	constant pool entry 68	50001876
	constant pool entry 67	50001845
	constant pool entry 66	500017e3
	constant pool entry 65	5000186b
	constant pool entry 64	5000187f
	constant pool entry 63	50001882
	constant pool entry 62	50001854
	constant pool entry 61	5000185f
	constant pool entry 60	5000181a
	constant pool entry 59	500017e7
	constant pool entry 58	500017eb
	constant pool entry 57	50001831
	constant pool entry 56	50001838
	constant pool entry 55	5000183e
	constant pool entry 54	50001842
	constant pool entry 53	5000184b
	constant pool entry 52	5000180f
	constant pool entry 51	50001817
	constant pool entry 50	5000184e
	constant pool entry 49	5000187c
	constant pool entry 48	5000188a
	constant pool entry 47	500017fe
	constant pool entry 46	50001809
	constant pool entry 45	50001820
	constant pool entry 44	50001829
	constant pool entry 43	50001823
	constant pool entry 42	5000180c
	constant pool entry 41	500017fb
	constant pool entry 40	500017f3
	constant pool entry 39	50001846
	constant pool entry 38	50001802
	constant pool entry 37	500017e4
	constant pool entry 36	500017f0
	constant pool entry 35	5000186c
	constant pool entry 34	50001880
	constant pool entry 33	500017f8
	constant pool entry 32	50001883
	constant pool entry 31	50001855
	constant pool entry 30	50001860
	constant pool entry 29	5000181b
	constant pool entry 28	50001859
	constant pool entry 27	5000185d
	constant pool entry 26	50001866
	constant pool entry 25	50001869
	constant pool entry 24	50001874
	constant pool entry 23	50001877
	constant pool entry 22	500017e8
	constant pool entry 21	500017ec
	constant pool entry 20	50001832
	constant pool entry 19	50001839
	constant pool entry 18	5000183f
	constant pool entry 17	50001843
	constant pool entry 16	5000184c
	constant pool entry 15	50001810
	constant pool entry 14	50001818
	constant pool entry 13	5000184f
	constant pool entry 12	50001836
	constant pool entry 11	5000187d
	constant pool entry 10	5000188b
	constant pool entry 9	500017fc
	constant pool entry 8	500017ff
	constant pool entry 7	5000180a
	constant pool entry 6	50001821
	constant pool entry 5	5000182a
	constant pool entry 4	50001824
	constant pool entry 3	5000182e
	constant pool entry 2	5000180d
	constant pool entry 1	500017f4
CLS 5000008d (name=sun.nio.cs.StandardCharsets$Aliases, trace=300000)
	super		5000008e
	constant pool entry 519	500000f5
	constant pool entry 509	5000008e
	constant pool entry 508	5000008d
	constant pool entry 505	5000016f
	constant pool entry 241	50001801
	constant pool entry 240	500019e5
	constant pool entry 239	500017ef
	constant pool entry 238	50001a8a
	constant pool entry 237	500017f7
	constant pool entry 236	50001ac0
	constant pool entry 235	50001983
	constant pool entry 234	50001835
	constant pool entry 233	5000182d
	constant pool entry 232	50001970
	constant pool entry 231	50001858
	constant pool entry 230	5000185c
	constant pool entry 229	50001865
	constant pool entry 228	50001868
	constant pool entry 227	50001873
	constant pool entry 226	50001876
	constant pool entry 225	50001aae
	constant pool entry 224	50001958
	constant pool entry 223	500019b8
	constant pool entry 222	500019bc
	constant pool entry 221	50001950
	constant pool entry 220	50001a01
	constant pool entry 219	50001aac
	constant pool entry 218	50001956
	constant pool entry 217	5000196a
	constant pool entry 216	500019dd
	constant pool entry 215	500019f1
	constant pool entry 214	50001845
	constant pool entry 213	50001952
	constant pool entry 212	500017e3
	constant pool entry 211	50001a09
	constant pool entry 210	5000186b
	constant pool entry 209	5000187f
	constant pool entry 208	50001882
	constant pool entry 207	50001854
	constant pool entry 206	5000185f
	constant pool entry 205	5000181a
	constant pool entry 204	500019b0
	constant pool entry 203	50001a80
	constant pool entry 202	50001ae8
	constant pool entry 201	500019f5
	constant pool entry 200	50001a86
	constant pool entry 199	50001ac2
	constant pool entry 198	500019a0
	constant pool entry 197	5000197f
	constant pool entry 196	500019db
	constant pool entry 195	50001a0d
	constant pool entry 194	50001a11
	constant pool entry 193	50001a13
	constant pool entry 192	50001a15
	constant pool entry 191	50001a17
	constant pool entry 190	50001a19
	constant pool entry 189	50001a44
	constant pool entry 188	50001a49
	constant pool entry 187	50001a4d
	constant pool entry 186	50001a56
	constant pool entry 185	50001a5a
	constant pool entry 184	50001aba
	constant pool entry 183	50001abc
	constant pool entry 182	500017e7
	constant pool entry 181	500017eb
	constant pool entry 180	50001a39
	constant pool entry 179	50001a3b
	constant pool entry 178	50001a35
	constant pool entry 177	50001974
	constant pool entry 176	50001ae4
	constant pool entry 175	50001978
	constant pool entry 174	500019a2
	constant pool entry 173	5000197b
	constant pool entry 172	500019e1
	constant pool entry 171	5000197d
	constant pool entry 170	50001a88
	constant pool entry 169	50001981
	constant pool entry 168	50001ac6
	constant pool entry 167	50001a6a
	constant pool entry 166	50001a6c
	constant pool entry 165	50001986
	constant pool entry 164	5000195e
	constant pool entry 163	50001968
	constant pool entry 162	50001a74
	constant pool entry 161	50001a76
	constant pool entry 160	50001a78
	constant pool entry 159	50001a7a
	constant pool entry 158	50001a7c
	constant pool entry 157	50001a84
	constant pool entry 156	500019ba
	constant pool entry 155	500019bf
	constant pool entry 154	50001a7e
	constant pool entry 153	5000198e
	constant pool entry 152	50001990
	constant pool entry 151	50001992
	constant pool entry 150	50001994
	constant pool entry 149	50001998
	constant pool entry 148	500019a4
	constant pool entry 147	500019a6
	constant pool entry 146	5000199a
	constant pool entry 145	50001ae6
	constant pool entry 144	50001a99
	constant pool entry 143	500019ed
	constant pool entry 142	500019ef
	constant pool entry 141	50001a05
	constant pool entry 140	50001a0f
	constant pool entry 139	50001a1d
	constant pool entry 138	50001a1f
	constant pool entry 137	50001831
	constant pool entry 136	50001838
	constant pool entry 135	5000183e
	constant pool entry 134	50001842
	constant pool entry 133	5000184b
	constant pool entry 132	5000180f
	constant pool entry 131	50001817
	constant pool entry 130	5000184e
	constant pool entry 129	500019aa
	constant pool entry 128	50001a54
	constant pool entry 127	50001a5e
	constant pool entry 126	50001a6e
	constant pool entry 125	50001a70
	constant pool entry 124	50001a72
	constant pool entry 123	500019e7
	constant pool entry 122	5000187c
	constant pool entry 121	5000188a
	constant pool entry 120	500017fe
	constant pool entry 119	50001809
	constant pool entry 118	50001820
	constant pool entry 117	50001829
	constant pool entry 116	50001a29
	constant pool entry 115	50001a2f
	constant pool entry 114	50001823
	constant pool entry 113	50001a03
	constant pool entry 112	5000180c
	constant pool entry 111	50001988
	constant pool entry 110	500017fb
	constant pool entry 109	50001a31
	constant pool entry 108	50001a33
	constant pool entry 107	50001a5c
	constant pool entry 106	50001a60
	constant pool entry 105	50001a63
	constant pool entry 104	500019e3
	constant pool entry 103	500019e9
	constant pool entry 102	500019eb
	constant pool entry 101	500019f9
	constant pool entry 100	500019fb
	constant pool entry 99	500019fd
	constant pool entry 98	500019ff
	constant pool entry 97	50001a23
	constant pool entry 96	50001a25
	constant pool entry 95	500019b6
	constant pool entry 94	500019f7
	constant pool entry 93	500019a8
	constant pool entry 92	50001a65
	constant pool entry 91	5000199e
	constant pool entry 90	500019d9
	constant pool entry 89	50001abe
	constant pool entry 88	500019df
	constant pool entry 87	50001a50
	constant pool entry 86	50001972
	constant pool entry 85	50001976
	constant pool entry 84	50001aa7
	constant pool entry 83	5000198a
	constant pool entry 82	50001954
	constant pool entry 81	50001996
	constant pool entry 80	500019d7
	constant pool entry 79	50001ad5
	constant pool entry 78	50001aea
	constant pool entry 77	50001aec
	constant pool entry 76	50001aee
	constant pool entry 75	50001af0
	constant pool entry 74	50001af2
	constant pool entry 73	50001af4
	constant pool entry 72	500019c1
	constant pool entry 71	500019c6
	constant pool entry 70	500019d5
	constant pool entry 69	5000196c
	constant pool entry 68	50001a90
	constant pool entry 67	50001ab0
	constant pool entry 66	50001ab2
	constant pool entry 65	50001ab4
	constant pool entry 64	50001ab6
	constant pool entry 63	50001ab8
	constant pool entry 62	50001a21
	constant pool entry 61	50001a2b
	constant pool entry 60	50001a2d
	constant pool entry 59	50001a3d
	constant pool entry 58	50001a42
	constant pool entry 57	50001a47
	constant pool entry 56	50001a4b
	constant pool entry 55	50001a52
	constant pool entry 54	50001aa2
	constant pool entry 53	50001aa5
	constant pool entry 52	50001a07
	constant pool entry 51	50001a3f
	constant pool entry 50	5000195a
	constant pool entry 49	5000195c
	constant pool entry 48	50001960
	constant pool entry 47	50001962
	constant pool entry 46	50001964
	constant pool entry 45	50001966
	constant pool entry 44	500019f3
	constant pool entry 43	500019ac
	constant pool entry 42	500019c8
	constant pool entry 41	500019cb
	constant pool entry 40	500019cd
	constant pool entry 39	500019cf
	constant pool entry 38	500019d1
	constant pool entry 37	500019d3
	constant pool entry 36	500019b4
	constant pool entry 35	500019c3
	constant pool entry 34	500017f3
	constant pool entry 33	5000198c
	constant pool entry 32	5000199c
	constant pool entry 31	5000196e
	constant pool entry 30	50001a0b
	constant pool entry 29	50001a27
	constant pool entry 28	50001aa9
	constant pool entry 27	50001ada
	constant pool entry 26	50001adc
	constant pool entry 25	50001ade
	constant pool entry 24	50001ae0
	constant pool entry 23	50001ae2
	constant pool entry 22	50001ac8
	constant pool entry 21	50001aca
	constant pool entry 20	50001ace
	constant pool entry 19	50001ad1
	constant pool entry 18	50001ad3
	constant pool entry 17	500019ae
	constant pool entry 16	500019b2
	constant pool entry 15	50001ad7
	constant pool entry 14	50001a82
	constant pool entry 13	50001a8c
	constant pool entry 12	50001a8e
	constant pool entry 11	50001a92
	constant pool entry 10	50001a97
	constant pool entry 9	50001a9c
	constant pool entry 8	50001a9e
	constant pool entry 7	50001aa0
	constant pool entry 6	50001ac4
	constant pool entry 5	50001acc
	constant pool entry 4	50001a37
	constant pool entry 3	50001a94
	constant pool entry 2	50001a67
	constant pool entry 1	50001a1b
CLS 50000091 (name=java.nio.charset.spi.CharsetProvider, trace=300000)
	super		5000016f
	constant pool entry 21	50000164
	constant pool entry 18	5000016f
CLS 50000090 (name=sun.nio.cs.FastCharsetProvider, trace=300000)
	super		50000091
	constant pool entry 135	500000f5
	constant pool entry 71	50000090
	constant pool entry 70	50000145
	constant pool entry 69	50000091
	constant pool entry 68	50000092
	constant pool entry 66	5000011f
	constant pool entry 65	5000016b
	constant pool entry 63	5000016f
	constant pool entry 59	50000167
	constant pool entry 2	5000181b
	constant pool entry 1	5000149b
CLS 5000008f (name=sun.nio.cs.StandardCharsets, trace=300000)
	super		50000090
	static aliases_US_ASCII	50001b82
	static aliases_UTF_8	50001b81
	static aliases_CESU_8	50001b80
	static aliases_UTF_16	50001b7f
	static aliases_UTF_16BE	50001b7e
	static aliases_UTF_16LE	50001b7d
	static aliases_UTF_16LE_BOM	50001b7c
	static aliases_UTF_32	50001b7b
	static aliases_UTF_32LE	50001b7a
	static aliases_UTF_32BE	50001b79
	static aliases_UTF_32LE_BOM	50001b78
	static aliases_UTF_32BE_BOM	50001b77
	static aliases_ISO_8859_1	50001b76
	static aliases_ISO_8859_2	50001b75
	static aliases_ISO_8859_4	50001b74
	static aliases_ISO_8859_5	50001b73
	static aliases_ISO_8859_7	50001b72
	static aliases_ISO_8859_9	50001b71
	static aliases_ISO_8859_13	50001b70
	static aliases_ISO_8859_15	50001b6f
	static aliases_KOI8_R	50001b6e
	static aliases_KOI8_U	50001b6d
	static aliases_MS1250	50001b6c
	static aliases_MS1251	50001b6b
	static aliases_MS1252	50001b6a
	static aliases_MS1253	50001b69
	static aliases_MS1254	50001b68
	static aliases_MS1257	50001b67
	static aliases_IBM437	50001b14
	static aliases_IBM737	50001b66
	static aliases_IBM775	50001b65
	static aliases_IBM850	50001b64
	static aliases_IBM852	50001b63
	static aliases_IBM855	50001b62
	static aliases_IBM857	50001b61
	static aliases_IBM858	50001b60
	static aliases_IBM862	50001b5f
	static aliases_IBM866	50001b5e
	static aliases_IBM874	50001b5d
	constant pool entry 574	500000f5
	constant pool entry 483	5000008c
	constant pool entry 482	5000008b
	constant pool entry 481	5000008d
	constant pool entry 479	5000008f
	constant pool entry 478	50000090
	constant pool entry 477	5000016b
	constant pool entry 476	500019e7
	constant pool entry 475	500019e3
	constant pool entry 474	50001a82
	constant pool entry 209	50001970
	constant pool entry 208	500019f1
	constant pool entry 207	500019b0
	constant pool entry 206	50001ac2
	constant pool entry 205	500019a0
	constant pool entry 204	5000197f
	constant pool entry 203	500017c6
	constant pool entry 202	50001a11
	constant pool entry 201	50001a13
	constant pool entry 200	50001a15
	constant pool entry 199	50001a17
	constant pool entry 198	50001a49
	constant pool entry 197	50001a4d
	constant pool entry 196	50001a56
	constant pool entry 195	50001a5a
	constant pool entry 194	50001aba
	constant pool entry 193	50001abc
	constant pool entry 192	50001a39
	constant pool entry 191	50001a6c
	constant pool entry 190	50001968
	constant pool entry 189	50001a74
	constant pool entry 188	50001a76
	constant pool entry 187	50001a78
	constant pool entry 186	50001a7a
	constant pool entry 185	50001a7c
	constant pool entry 184	500019bf
	constant pool entry 183	50001990
	constant pool entry 182	50001994
	constant pool entry 181	50001a99
	constant pool entry 180	500019ed
	constant pool entry 179	500019ef
	constant pool entry 178	50001a05
	constant pool entry 177	50001a0f
	constant pool entry 176	50001a1d
	constant pool entry 175	50001a1f
	constant pool entry 174	50001a5e
	constant pool entry 173	50001a6e
	constant pool entry 172	50001a70
	constant pool entry 171	50001a72
	constant pool entry 170	5000187c
	constant pool entry 169	5000188a
	constant pool entry 168	500017fe
	constant pool entry 167	50001809
	constant pool entry 166	50001820
	constant pool entry 165	50001829
	constant pool entry 164	50001a2f
	constant pool entry 163	50001823
	constant pool entry 162	50001a03
	constant pool entry 161	5000180c
	constant pool entry 160	50001a33
	constant pool entry 159	50001a5c
	constant pool entry 158	50001a60
	constant pool entry 157	50001a63
	constant pool entry 156	500019e9
	constant pool entry 155	500019eb
	constant pool entry 154	500019f9
	constant pool entry 153	500019fb
	constant pool entry 152	500019fd
	constant pool entry 151	500019ff
	constant pool entry 150	50001a25
	constant pool entry 149	500019b6
	constant pool entry 148	500019f7
	constant pool entry 147	500019a8
	constant pool entry 146	50001a65
	constant pool entry 145	5000199e
	constant pool entry 144	500019df
	constant pool entry 143	50001a50
	constant pool entry 142	50001972
	constant pool entry 141	50001aa7
	constant pool entry 140	5000198a
	constant pool entry 139	50001954
	constant pool entry 138	50001996
	constant pool entry 137	50001b5c
	constant pool entry 136	50001b5b
	constant pool entry 135	50001b5a
	constant pool entry 134	50001b59
	constant pool entry 133	50001b58
	constant pool entry 132	50001b57
	constant pool entry 131	50001b56
	constant pool entry 130	50001b55
	constant pool entry 129	50001b54
	constant pool entry 128	50001b53
	constant pool entry 127	50001b52
	constant pool entry 126	50001b51
	constant pool entry 125	50001b50
	constant pool entry 124	50001b4f
	constant pool entry 123	50001ab0
	constant pool entry 122	50001ab2
	constant pool entry 121	50001ab4
	constant pool entry 120	50001ab6
	constant pool entry 119	50001ab8
	constant pool entry 118	50001a21
	constant pool entry 117	50001a2b
	constant pool entry 116	50001a2d
	constant pool entry 115	50001a3d
	constant pool entry 114	50001a42
	constant pool entry 113	50001a47
	constant pool entry 112	50001a4b
	constant pool entry 111	50001a52
	constant pool entry 110	50001aa2
	constant pool entry 109	50001aa5
	constant pool entry 108	50001a07
	constant pool entry 107	50001a3f
	constant pool entry 106	5000195a
	constant pool entry 105	5000195c
	constant pool entry 104	50001960
	constant pool entry 103	50001962
	constant pool entry 102	50001964
	constant pool entry 101	50001966
	constant pool entry 100	500019f3
	constant pool entry 99	500019ac
	constant pool entry 98	500019c8
	constant pool entry 97	500019cb
	constant pool entry 96	500019cd
	constant pool entry 95	500019cf
	constant pool entry 94	500019d1
	constant pool entry 93	500019d3
	constant pool entry 92	500019b4
	constant pool entry 91	5000198c
	constant pool entry 90	5000199c
	constant pool entry 89	50001aa9
	constant pool entry 88	50001b4e
	constant pool entry 87	50001b4d
	constant pool entry 86	50001b4c
	constant pool entry 85	50001b4b
	constant pool entry 84	50001b4a
	constant pool entry 83	50001b49
	constant pool entry 82	50001b48
	constant pool entry 81	50001b47
	constant pool entry 80	50001802
	constant pool entry 79	500017e4
	constant pool entry 78	500017f0
	constant pool entry 77	5000186c
	constant pool entry 76	50001880
	constant pool entry 75	50001883
	constant pool entry 74	50001855
	constant pool entry 73	50001860
	constant pool entry 72	50001b46
	constant pool entry 71	50001b45
	constant pool entry 70	50001b44
	constant pool entry 69	50001b43
	constant pool entry 68	50001b42
	constant pool entry 67	50001b41
	constant pool entry 66	50001b40
	constant pool entry 65	50001b3f
	constant pool entry 64	5000184f
	constant pool entry 63	50001b3e
	constant pool entry 62	50001b3d
	constant pool entry 61	50001b3c
	constant pool entry 60	50001b3b
	constant pool entry 59	50001b3a
	constant pool entry 58	50001b39
	constant pool entry 57	50001b38
	constant pool entry 56	50001b37
	constant pool entry 55	50001b36
	constant pool entry 54	50001b35
	constant pool entry 53	50001b34
	constant pool entry 52	50001b33
	constant pool entry 51	50001b32
	constant pool entry 50	50001b31
	constant pool entry 49	50001b30
	constant pool entry 48	50001b2f
	constant pool entry 47	50001b2e
	constant pool entry 46	50001b2d
	constant pool entry 45	50001b2c
	constant pool entry 44	50001b2b
	constant pool entry 43	50001b2a
	constant pool entry 42	50001b29
	constant pool entry 41	50001b28
	constant pool entry 40	50001b27
	constant pool entry 39	50001b26
	constant pool entry 38	50001b25
	constant pool entry 37	50001b24
	constant pool entry 36	50001b23
	constant pool entry 35	50001b22
	constant pool entry 34	50001b21
	constant pool entry 33	50001b20
	constant pool entry 32	50001b1f
	constant pool entry 31	50001b1e
	constant pool entry 30	50001b1d
	constant pool entry 29	50001b1c
	constant pool entry 28	50001b1b
	constant pool entry 27	50001b1a
	constant pool entry 26	50001ada
	constant pool entry 25	50001adc
	constant pool entry 24	50001ade
	constant pool entry 23	50001ae0
	constant pool entry 22	50001ae2
	constant pool entry 21	50001ac8
	constant pool entry 20	50001aca
	constant pool entry 19	50001ace
	constant pool entry 18	50001ad1
	constant pool entry 17	50001ad3
	constant pool entry 16	500019ae
	constant pool entry 15	500019b2
	constant pool entry 14	50001ad7
	constant pool entry 13	50001a8c
	constant pool entry 12	50001a8e
	constant pool entry 11	50001a92
	constant pool entry 10	50001a97
	constant pool entry 9	50001a9c
	constant pool entry 8	50001a9e
	constant pool entry 7	50001aa0
	constant pool entry 6	50001ac4
	constant pool entry 5	50001acc
	constant pool entry 4	50001a37
	constant pool entry 3	50001a94
	constant pool entry 2	50001a67
	constant pool entry 1	50001a1b
CLS 500000ae (name=java.io.OutputStream, trace=300000)
	super		5000016f
	constant pool entry 25	5000016f
CLS 50000095 (name=java.io.FilterOutputStream, trace=300000)
	super		500000ae
	constant pool entry 22	500000ae
	constant pool entry 20	50000095
CLS 50000093 (name=java.io.BufferedOutputStream, trace=300000)
	super		50000095
	constant pool entry 57	500000f5
	constant pool entry 31	50000164
	constant pool entry 29	500000ae
	constant pool entry 27	50000095
	constant pool entry 26	50000093
CLS 50000094 (name=java.io.PrintStream, trace=300000)
	super		50000095
	constant pool entry 113	50000092
	constant pool entry 110	5000016b
	constant pool entry 103	50000094
	constant pool entry 102	5000007d
	constant pool entry 101	500000ae
	constant pool entry 98	50000095
	constant pool entry 94	50000071
	constant pool entry 3	50001402
	constant pool entry 1	50001f78
CLS 50000096 (name=sun.reflect.misc.ReflectUtil, trace=300000)
	super		5000016f
	static PROXY_PACKAGE	50001f6a
	constant pool entry 115	500000b3
	constant pool entry 113	50000099
CLS 50000097 (name=java.lang.reflect.ReflectAccess, trace=300000)
	super		5000016f
	constant pool entry 39	5000013f
	constant pool entry 37	5000013b
	constant pool entry 36	5000016f
CLS 50000098 (name=sun.reflect.LangReflectAccess, trace=300000)
CLS 50000099 (name=java.lang.reflect.Modifier, trace=300000)
	super		5000016f
	constant pool entry 127	500000ea
	constant pool entry 126	500000df
	constant pool entry 125	500000ed
	constant pool entry 124	50000097
CLS 5000009b (name=java.util.WeakHashMap, trace=300000)
	super		500000ca
	static NULL_KEY	50001cc2
	constant pool entry 318	500000f5
	constant pool entry 145	50000047
	constant pool entry 139	5000004c
	constant pool entry 137	5000009b
	constant pool entry 128	500000ca
	constant pool entry 127	500000da
	constant pool entry 124	5000016f
	constant pool entry 121	5000010c
	constant pool entry 120	50000049
CLS 5000009a (name=java.lang.ClassValue$ClassValueMap, trace=300000)
	super		5000009b
CLS 5000009c (name=sun.reflect.annotation.AnnotationType, trace=300000)
	super		5000016f
CLS 5000009d (name=java.lang.Class$AnnotationData, trace=300000)
	super		5000016f
CLS 500000a0 (name=sun.reflect.generics.repository.AbstractRepository, trace=300000)
	super		5000016f
CLS 5000009f (name=sun.reflect.generics.repository.GenericDeclRepository, trace=300000)
	super		500000a0
CLS 5000009e (name=sun.reflect.generics.repository.ClassRepository, trace=300000)
	super		5000009f
CLS 500000a1 (name=java.lang.reflect.Field[], trace=300000)
	super		5000016f
CLS 500000a2 (name=java.lang.reflect.Member[], trace=300000)
	super		5000016f
CLS 500000a3 (name=java.lang.reflect.AccessibleObject[], trace=300000)
	super		5000016f
CLS 500000a4 (name=java.lang.Class$Atomic, trace=300000)
	super		5000016f
	static unsafe	50001421
	constant pool entry 52	5000011e
	constant pool entry 46	500000a4
	constant pool entry 6	50000167
	constant pool entry 5	50001d7a
	constant pool entry 4	50001d79
	constant pool entry 3	50001d78
CLS 500000a5 (name=java.lang.Class$ReflectionData, trace=300000)
	super		5000016f
	constant pool entry 27	5000016f
	constant pool entry 26	500000a5
CLS 500000a6 (name=java.lang.Class$3, trace=300000)
	super		5000016f
	constant pool entry 34	50000164
	constant pool entry 32	5000016f
	constant pool entry 31	500000a6
	constant pool entry 30	50000167
	constant pool entry 1	50001d7e
CLS 500000a7 (name=java.util.concurrent.atomic.AtomicReferenceFieldUpdater$AtomicReferenceFieldUpdaterImpl$1, trace=300000)
	super		5000016f
	constant pool entry 31	500000a7
	constant pool entry 27	5000016f
	constant pool entry 24	50000167
CLS 500000a8 (name=java.security.PrivilegedExceptionAction, trace=300000)
CLS 500000aa (name=java.util.concurrent.atomic.AtomicReferenceFieldUpdater, trace=300000)
	super		5000016f
	constant pool entry 38	500000b3
	constant pool entry 35	500000a9
	constant pool entry 33	5000016f
CLS 500000a9 (name=java.util.concurrent.atomic.AtomicReferenceFieldUpdater$AtomicReferenceFieldUpdaterImpl, trace=300000)
	super		500000aa
	static unsafe	50001421
	constant pool entry 109	50000096
	constant pool entry 108	5000011e
	constant pool entry 107	500000a7
	constant pool entry 106	500000a9
	constant pool entry 105	500000aa
	constant pool entry 103	500000ed
	constant pool entry 102	50000099
	constant pool entry 101	5000013f
	constant pool entry 92	50000167
	constant pool entry 6	5000016f
CLS 5000011b (name=java.io.InputStream, trace=300000)
	super		5000016f
	constant pool entry 45	5000016f
CLS 500000ac (name=java.io.FilterInputStream, trace=300000)
	super		5000011b
	constant pool entry 24	5000011b
	constant pool entry 22	500000ac
CLS 500000ab (name=java.io.BufferedInputStream, trace=300000)
	super		500000ac
	static bufUpdater	50001f69
	constant pool entry 130	500000f5
	constant pool entry 69	500000aa
	constant pool entry 68	50000164
	constant pool entry 64	5000011b
	constant pool entry 62	500000ac
	constant pool entry 9	500000ab
	constant pool entry 8	50000173
	constant pool entry 7	50001f68
	constant pool entry 6	500013f6
CLS 500000ad (name=java.io.FileOutputStream, trace=300000)
	super		500000ae
	constant pool entry 74	50000164
	constant pool entry 71	5000016f
	constant pool entry 69	500000ae
	constant pool entry 67	5000039d
	constant pool entry 66	500000ad
	constant pool entry 64	500000bf
	constant pool entry 63	50000119
CLS 500000af (name=java.io.Flushable, trace=300000)
CLS 500000b0 (name=java.util.HashMap$Node[], trace=300000)
	super		5000016f
CLS 500000b3 (name=sun.reflect.Reflection, trace=300000)
	super		5000016f
	static fieldFilterMap	500014ae
	static methodFilterMap	500014ad
	constant pool entry 231	500000f5
	constant pool entry 114	50000145
	constant pool entry 113	500000b2
	constant pool entry 112	50000099
	constant pool entry 107	5000016b
	constant pool entry 99	500000a1
	constant pool entry 14	500000b3
	constant pool entry 12	50000164
	constant pool entry 11	50000167
	constant pool entry 10	500014ac
	constant pool entry 9	500014ab
	constant pool entry 8	500014aa
	constant pool entry 7	500014a9
CLS 500000b4 (name=java.lang.String[], trace=300000)
	super		5000016f
CLS 500000b5 (name=java.lang.CharSequence[], trace=300000)
	super		5000016f
CLS 500000b8 (name=java.util.Collections$UnmodifiableCollection, trace=300000)
	super		5000016f
	constant pool entry 51	50000b80
	constant pool entry 50	500000b8
	constant pool entry 48	500000e6
	constant pool entry 46	5000016f
CLS 500000b7 (name=java.util.Collections$UnmodifiableList, trace=300000)
	super		500000b8
	constant pool entry 49	500000e5
	constant pool entry 46	500000b7
	constant pool entry 45	500000b8
CLS 500000b6 (name=java.util.Collections$UnmodifiableRandomAccessList, trace=300000)
	super		500000b7
	constant pool entry 20	500000b7
CLS 500000e2 (name=java.util.AbstractList, trace=300000)
	super		500000e3
	constant pool entry 72	500000e2
	constant pool entry 71	500000e3
CLS 500000b9 (name=java.util.ArrayList, trace=300000)
	super		500000e2
	static EMPTY_ELEMENTDATA	50001ca8
	static DEFAULTCAPACITY_EMPTY_ELEMENTDATA	50001ca7
	constant pool entry 340	500000f5
	constant pool entry 175	500000e6
	constant pool entry 173	50000088
	constant pool entry 170	50000b82
	constant pool entry 167	500000b9
	constant pool entry 166	500000e2
	constant pool entry 164	50000164
	constant pool entry 161	5000016f
	constant pool entry 160	500000d1
	constant pool entry 11	50000106
CLS 50000162 (name=java.lang.Error, trace=300000)
	super		50000163
	constant pool entry 14	50000163
CLS 50000158 (name=java.lang.LinkageError, trace=300000)
	super		50000162
	constant pool entry 12	50000162
CLS 500000bb (name=java.lang.IncompatibleClassChangeError, trace=300000)
	super		50000158
	constant pool entry 13	50000158
CLS 500000ba (name=java.lang.NoSuchMethodError, trace=300000)
	super		500000bb
	constant pool entry 12	500000bb
CLS 500000bc (name=sun.misc.SharedSecrets, trace=300000)
	super		5000016f
	static unsafe	50001421
	static javaLangAccess	500012f8
	static javaNetAccess	5000174a
	static javaNioAccess	50001749
	static javaIOFileDescriptorAccess	50001748
	static javaSecurityProtectionDomainAccess	50001747
	static javaSecurityAccess	50001746
	static javaUtilZipFileAccess	50000640
	constant pool entry 62	5000011e
	constant pool entry 61	500000bc
	constant pool entry 8	5000063d
CLS 500000bd (name=java.io.FileDescriptor$1, trace=300000)
	super		5000016f
	constant pool entry 20	5000016f
CLS 500000be (name=sun.misc.JavaIOFileDescriptorAccess, trace=300000)
CLS 500000bf (name=java.io.FileDescriptor, trace=300000)
	super		5000016f
	static in	5000141a
	static out	5000141c
	static err	5000141b
	constant pool entry 66	500000bc
	constant pool entry 61	5000016f
	constant pool entry 58	500000bd
	constant pool entry 57	500000bf
	constant pool entry 56	5000011c
CLS 500000c0 (name=java.io.FileInputStream, trace=300000)
	super		5000011b
	constant pool entry 72	50000164
	constant pool entry 69	5000016f
	constant pool entry 67	5000011b
	constant pool entry 64	50000013
	constant pool entry 63	500000c0
	constant pool entry 62	500000bf
	constant pool entry 61	50000119
CLS 500000c1 (name=sun.misc.Version, trace=300000)
	super		5000016f
	static launcher_name	50001fc9
	static java_version	50001750
	static java_runtime_name	50001fae
	static java_profile_name	500013fe
	static java_runtime_version	50001fb9
	constant pool entry 143	500000c1
	constant pool entry 142	50000164
	constant pool entry 17	5000174c
	constant pool entry 16	50001fba
	constant pool entry 15	50001faf
	constant pool entry 11	50001fae
	constant pool entry 9	50001fb9
	constant pool entry 8	50001750
CLS 500000c2 (name=java.lang.Runtime, trace=300000)
	super		5000016f
	static currentRuntime	500015e6
	constant pool entry 105	50000164
	constant pool entry 103	5000016b
	constant pool entry 98	500000c2
	constant pool entry 96	5000016f
	constant pool entry 94	50000165
	constant pool entry 91	50000119
CLS 500000c3 (name=java.util.Hashtable$Enumerator, trace=300000)
	super		5000016f
	constant pool entry 59	500000c3
	constant pool entry 58	500000d4
	constant pool entry 57	50000143
	constant pool entry 52	5000016f
CLS 500000c4 (name=java.util.Iterator, trace=300000)
CLS 500000c5 (name=java.util.Enumeration, trace=300000)
CLS 500000c6 (name=java.util.Objects, trace=300000)
	super		5000016f
CLS 500000c8 (name=java.util.Collections$SynchronizedCollection, trace=300000)
	super		5000016f
	constant pool entry 65	500000c6
	constant pool entry 64	500000c8
	constant pool entry 62	500000e6
	constant pool entry 60	5000016f
CLS 500000c7 (name=java.util.Collections$SynchronizedSet, trace=300000)
	super		500000c8
	constant pool entry 29	500000c8
CLS 500000c9 (name=java.util.Collections$EmptyMap, trace=300000)
	super		500000ca
	constant pool entry 58	500000c9
	constant pool entry 55	500000ca
CLS 500000cb (name=java.util.Collections$EmptyList, trace=300000)
	super		500000e2
	constant pool entry 67	500000cb
	constant pool entry 65	500000cd
	constant pool entry 63	500000e2
CLS 500000cc (name=java.util.Collections$EmptySet, trace=300000)
	super		500000cf
	constant pool entry 46	500000cc
	constant pool entry 42	500000cf
CLS 500000cd (name=java.util.Collections, trace=300000)
	super		5000016f
	static EMPTY_SET	500015dc
	static EMPTY_LIST	500015db
	static EMPTY_MAP	500015da
	constant pool entry 267	500000e4
	constant pool entry 257	500000b6
	constant pool entry 253	500001d8
	constant pool entry 248	500000c7
	constant pool entry 238	50000048
	constant pool entry 235	500000cc
	constant pool entry 234	500000c9
	constant pool entry 232	500000cb
	constant pool entry 231	50000d93
	constant pool entry 214	500000cd
CLS 500000ce (name=java.util.Hashtable$EntrySet, trace=300000)
	super		500000cf
	constant pool entry 47	500000ce
	constant pool entry 44	50000143
	constant pool entry 43	500000cf
CLS 500000d0 (name=java.util.Set, trace=300000)
CLS 500000d1 (name=java.lang.Math, trace=300000)
	super		5000016f
	constant pool entry 166	5000010c
	constant pool entry 165	5000010b
	constant pool entry 164	50000167
	constant pool entry 14	500000d1
CLS 500000d2 (name=java.util.Hashtable$Entry[], trace=300000)
	super		5000016f
CLS 500000d3 (name=java.util.Map$Entry[], trace=300000)
	super		5000016f
CLS 500000d4 (name=java.util.Hashtable$Entry, trace=300000)
	super		5000016f
	constant pool entry 46	500000d4
	constant pool entry 43	5000016f
CLS 500000d5 (name=java.util.Map$Entry, trace=300000)
CLS 500000d6 (name=sun.misc.VM, trace=300000)
	super		5000016f
	static lock	500014c7
	static savedProps	500014c6
	constant pool entry 146	500000d6
	constant pool entry 145	50000057
	constant pool entry 144	50000142
	constant pool entry 139	5000016b
	constant pool entry 138	500000c2
	constant pool entry 137	5000016f
	constant pool entry 11	50001404
	constant pool entry 10	500014c5
	constant pool entry 9	500014c4
	constant pool entry 8	500014c3
	constant pool entry 7	500014c2
	constant pool entry 6	500014c1
	constant pool entry 5	500014c0
	constant pool entry 4	500014bf
	constant pool entry 1	500014be
CLS 50000148 (name=java.lang.Thread, trace=300000)
	super		5000016f
	static EMPTY_STACK_TRACE	50001409
	static SUBCLASS_IMPLEMENTATION_PERMISSION	50001408
	constant pool entry 544	500000f5
	constant pool entry 263	500000ed
	constant pool entry 255	50000146
	constant pool entry 248	50000164
	constant pool entry 246	5000016b
	constant pool entry 245	50000111
	constant pool entry 243	500000ee
	constant pool entry 241	5000016f
	constant pool entry 15	50000148
	constant pool entry 9	50001407
CLS 500000d7 (name=java.lang.ref.Finalizer$FinalizerThread, trace=300000)
	super		50000148
	constant pool entry 33	500000d6
	constant pool entry 32	500000bc
	constant pool entry 30	500000da
	constant pool entry 29	500000d7
	constant pool entry 28	5000014a
	constant pool entry 27	50000148
	constant pool entry 1	50001ff2
CLS 500000d8 (name=java.lang.ref.ReferenceQueue$Lock, trace=300000)
	super		5000016f
	constant pool entry 12	500000d8
	constant pool entry 9	5000016f
CLS 500000da (name=java.lang.ref.ReferenceQueue, trace=300000)
	super		5000016f
	static NULL	5000179b
	static ENQUEUED	5000179a
	constant pool entry 64	500000d9
	constant pool entry 63	500000d8
	constant pool entry 57	5000016f
	constant pool entry 54	50000167
	constant pool entry 2	500000da
CLS 500000d9 (name=java.lang.ref.ReferenceQueue$Null, trace=300000)
	super		500000da
	constant pool entry 13	500000d9
	constant pool entry 11	500000da
CLS 500000db (name=java.lang.Thread[], trace=300000)
	super		5000016f
CLS 500000dc (name=java.lang.Runnable[], trace=300000)
	super		5000016f
CLS 500000dd (name=java.lang.ref.Reference$ReferenceHandler, trace=300000)
	super		50000148
	constant pool entry 32	50000150
	constant pool entry 30	50000148
	constant pool entry 28	5000016f
CLS 500000de (name=java.lang.ref.Reference$Lock, trace=300000)
	super		5000016f
	constant pool entry 12	500000de
	constant pool entry 9	5000016f
CLS 500000df (name=sun.reflect.ReflectionFactory, trace=300000)
	super		5000016f
	static reflectionFactoryAccessPerm	500014a0
	static soleInstance	5000149c
	static langReflectAccess	5000149f
	constant pool entry 112	50000081
	constant pool entry 111	500000df
	constant pool entry 110	500000b3
	constant pool entry 108	50000080
	constant pool entry 106	50000098
	constant pool entry 103	5000007f
	constant pool entry 101	500000ed
	constant pool entry 100	50000099
	constant pool entry 98	5000013b
	constant pool entry 97	50000164
	constant pool entry 95	500000ee
	constant pool entry 94	5000016f
	constant pool entry 4	50000136
	constant pool entry 3	50000167
	constant pool entry 2	5000149e
CLS 500000e1 (name=java.util.Vector, trace=300000)
	super		500000e2
	constant pool entry 351	500000f5
	constant pool entry 171	500000e1
	constant pool entry 162	50000088
	constant pool entry 161	500000e2
	constant pool entry 159	50000164
	constant pool entry 156	5000016f
CLS 500000e0 (name=java.util.Stack, trace=300000)
	super		500000e1
	constant pool entry 33	500000e1
	constant pool entry 32	500000e0
CLS 500000e4 (name=java.util.RandomAccess, trace=300000)
CLS 500000e5 (name=java.util.List, trace=300000)
CLS 500000e6 (name=java.util.Collection, trace=300000)
CLS 500000e7 (name=java.lang.Iterable, trace=300000)
CLS 500000e8 (name=java.security.cert.Certificate[], trace=300000)
	super		5000016f
CLS 500000e9 (name=java.security.cert.Certificate, trace=300000)
	super		5000016f
CLS 500000ea (name=sun.reflect.ReflectionFactory$GetReflectionFactoryAction, trace=300000)
	super		5000016f
	constant pool entry 16	500000ea
	constant pool entry 15	500000df
	constant pool entry 13	5000016f
CLS 500000eb (name=java.security.PrivilegedAction, trace=300000)
CLS 500000f0 (name=java.security.Permission, trace=300000)
	super		5000016f
	constant pool entry 55	500000f0
	constant pool entry 48	5000016f
CLS 500000ef (name=java.security.BasicPermission, trace=300000)
	super		500000f0
	constant pool entry 72	500000f0
	constant pool entry 70	500000ef
	constant pool entry 69	5000016b
	constant pool entry 2	5000140b
CLS 500000ec (name=java.lang.reflect.ReflectPermission, trace=300000)
	super		500000ef
	constant pool entry 13	500000ef
CLS 500000ed (name=java.security.AccessController, trace=300000)
	super		5000016f
	constant pool entry 77	500000ed
	constant pool entry 75	5000015c
CLS 500000ee (name=java.lang.RuntimePermission, trace=300000)
	super		500000ef
	constant pool entry 13	500000ef
CLS 500000f1 (name=java.security.Guard, trace=300000)
CLS 500000f2 (name=java.lang.StackTraceElement[], trace=300000)
	super		5000016f
CLS 500000f3 (name=java.lang.ThreadGroup[], trace=300000)
	super		5000016f
CLS 500000f4 (name=java.lang.Thread$UncaughtExceptionHandler[], trace=300000)
	super		5000016f
CLS 500000f5 (name=com.sun.demo.jvmti.hprof.Tracker, trace=300000)
	super		5000016f
	constant pool entry 33	50000148
	constant pool entry 30	500000f5
	constant pool entry 3	500013f7
CLS 500000f6 (name=java.lang.String$CaseInsensitiveComparator, trace=300000)
	super		5000016f
	constant pool entry 40	500000f6
	constant pool entry 38	5000016b
	constant pool entry 37	5000016f
	constant pool entry 36	500000d1
CLS 500000f7 (name=java.util.Comparator, trace=300000)
CLS 500000f8 (name=java.io.ObjectStreamField[], trace=300000)
	super		5000016f
CLS 500000f9 (name=java.lang.Comparable[], trace=300000)
	super		5000016f
CLS 500000fa (name=java.io.ObjectStreamField, trace=300000)
	super		5000016f
	constant pool entry 90	5000011f
	constant pool entry 89	5000016b
	constant pool entry 88	50000109
	constant pool entry 86	50000107
	constant pool entry 84	50000108
	constant pool entry 82	5000010c
	constant pool entry 81	5000010b
	constant pool entry 79	50000167
	constant pool entry 78	5000010e
	constant pool entry 77	5000010a
	constant pool entry 76	5000010f
	constant pool entry 75	500000fa
	constant pool entry 2	5000016f
CLS 500000fb (name=java.lang.OutOfMemoryError[], trace=300000)
	super		5000016f
CLS 500000fc (name=java.lang.VirtualMachineError[], trace=300000)
	super		5000016f
CLS 500000fd (name=java.lang.Error[], trace=300000)
	super		5000016f
CLS 500000fe (name=java.lang.Throwable[], trace=300000)
	super		5000016f
CLS 500000ff (name=java.lang.ArithmeticException, trace=300000)
	super		5000015f
CLS 50000100 (name=java.lang.NullPointerException, trace=300000)
	super		5000015f
CLS 50000101 (name=java.lang.Class[], trace=300000)
	super		5000016f
CLS 50000102 (name=java.io.Serializable[], trace=300000)
	super		5000016f
CLS 50000103 (name=java.lang.reflect.GenericDeclaration[], trace=300000)
	super		5000016f
CLS 50000104 (name=java.lang.reflect.AnnotatedElement[], trace=300000)
	super		5000016f
CLS 50000105 (name=java.lang.reflect.Type[], trace=300000)
	super		5000016f
CLS 50000106 (name=java.lang.Object[], trace=300000)
	super		5000016f
CLS 50000107 (name=java.lang.Long, trace=300000)
	super		5000010d
	static TYPE	500013dd
	constant pool entry 354	500000f5
	constant pool entry 208	5000016b
	constant pool entry 202	500000d1
	constant pool entry 200	50000107
	constant pool entry 199	50000108
	constant pool entry 196	50000167
	constant pool entry 17	50001619
CLS 50000108 (name=java.lang.Integer, trace=300000)
	super		5000010d
	static TYPE	500013de
	static digits	5000161e
	static DigitTens	5000161d
	static DigitOnes	5000161c
	static sizeTable	5000161b
	constant pool entry 307	500000f5
	constant pool entry 192	50000164
	constant pool entry 190	5000016b
	constant pool entry 186	5000010d
	constant pool entry 182	5000005a
	constant pool entry 181	50000108
	constant pool entry 178	50000167
	constant pool entry 177	5000010e
	constant pool entry 29	5000161a
CLS 50000109 (name=java.lang.Short, trace=300000)
	super		5000010d
	static TYPE	500013df
	constant pool entry 93	50000109
	constant pool entry 88	50000167
	constant pool entry 7	5000172b
CLS 5000010a (name=java.lang.Byte, trace=300000)
	super		5000010d
	static TYPE	500013e0
	constant pool entry 86	50000167
	constant pool entry 84	5000010a
	constant pool entry 5	5000172d
CLS 5000010b (name=java.lang.Double, trace=300000)
	super		5000010d
	static TYPE	500013e1
	constant pool entry 140	5000010b
	constant pool entry 138	50000167
	constant pool entry 10	500015e2
CLS 5000010c (name=java.lang.Float, trace=300000)
	super		5000010d
	static TYPE	500013e2
	constant pool entry 108	5000010c
	constant pool entry 105	50000167
	constant pool entry 8	5000149a
CLS 5000010e (name=java.lang.Character, trace=300000)
	super		5000016f
	static TYPE	500013e3
	constant pool entry 273	50000167
	constant pool entry 271	50000016
	constant pool entry 11	5000010e
	constant pool entry 10	50001721
CLS 5000010f (name=java.lang.Boolean, trace=300000)
	super		5000016f
	static TRUE	500015df
	static FALSE	500015de
	static TYPE	500013e4
	constant pool entry 70	50000164
	constant pool entry 69	5000016b
	constant pool entry 67	5000016f
	constant pool entry 63	50000167
	constant pool entry 62	5000010f
	constant pool entry 3	50001404
	constant pool entry 1	500015dd
CLS 50000111 (name=java.lang.StackTraceElement, trace=300000)
	super		5000016f
CLS 50000112 (name=java.security.CodeSource, trace=300000)
	super		5000016f
	constant pool entry 153	50000112
	constant pool entry 146	5000016f
CLS 50000165 (name=java.lang.ClassLoader, trace=300000)
	super		5000016f
	static nocerts	500015ee
	static scl	500012fb
	static loadedLibraryNames	500015ed
	static systemNativeLibraries	500015ec
	static nativeLibraryContext	500015eb
	static usr_paths	500015ea
	static sys_paths	500015e9
	constant pool entry 840	500000f5
	constant pool entry 356	500000b3
	constant pool entry 355	500000d6
	constant pool entry 354	50000004
	constant pool entry 351	50000115
	constant pool entry 350	50000630
	constant pool entry 349	5000002b
	constant pool entry 348	500000e1
	constant pool entry 347	500000e0
	constant pool entry 344	50000143
	constant pool entry 343	50000005
	constant pool entry 342	500000b2
	constant pool entry 341	500000c5
	constant pool entry 340	500000cd
	constant pool entry 338	500000e9
	constant pool entry 337	5000015d
	constant pool entry 335	50000112
	constant pool entry 334	500000ed
	constant pool entry 326	50000001
	constant pool entry 325	50000164
	constant pool entry 323	5000016b
	constant pool entry 319	5000016f
	constant pool entry 314	50000159
	constant pool entry 312	5000004d
	constant pool entry 311	50000060
	constant pool entry 310	50000065
	constant pool entry 309	5000062a
	constant pool entry 306	50000167
	constant pool entry 301	50000119
	constant pool entry 300	500003c1
	constant pool entry 19	50000165
	constant pool entry 18	500015e8
	constant pool entry 15	500015e7
	constant pool entry 1	500013fe
CLS 5000015b (name=java.security.SecureClassLoader, trace=300000)
	super		50000165
	constant pool entry 60	5000004e
	constant pool entry 59	500000b2
	constant pool entry 58	5000015b
	constant pool entry 54	50000164
	constant pool entry 49	50000165
	constant pool entry 4	50001cc3
CLS 50000118 (name=java.net.URLClassLoader, trace=300000)
	super		5000015b
	constant pool entry 243	50000004
	constant pool entry 242	500000bc
	constant pool entry 235	5000009b
	constant pool entry 231	5000015b
	constant pool entry 226	500000ed
	constant pool entry 221	50000045
	constant pool entry 217	5000062e
	constant pool entry 216	50000a4e
	constant pool entry 215	50000a01
	constant pool entry 214	50000118
	constant pool entry 209	50000164
	constant pool entry 200	50000159
	constant pool entry 199	50000165
CLS 50000113 (name=sun.misc.Launcher$ExtClassLoader, trace=300000)
	super		50000118
	constant pool entry 207	500000f5
	constant pool entry 104	50000004
	constant pool entry 103	500000bc
	constant pool entry 101	50000042
	constant pool entry 100	50000113
	constant pool entry 99	50000115
	constant pool entry 98	50000046
	constant pool entry 97	500000e1
	constant pool entry 96	50000044
	constant pool entry 92	500000ed
	constant pool entry 90	50000118
	constant pool entry 89	50000117
	constant pool entry 88	50000164
	constant pool entry 87	5000016b
	constant pool entry 86	50000165
	constant pool entry 84	50000119
	constant pool entry 2	50001bed
	constant pool entry 1	50001cf9
CLS 50000114 (name=sun.misc.Launcher$AppClassLoader, trace=300000)
	super		50000118
	constant pool entry 103	50000004
	constant pool entry 102	500000bc
	constant pool entry 100	50000002
	constant pool entry 99	50000114
	constant pool entry 98	50000046
	constant pool entry 94	500000ed
	constant pool entry 92	50000118
	constant pool entry 89	50000164
	constant pool entry 88	5000016b
	constant pool entry 84	50000165
	constant pool entry 83	50000167
	constant pool entry 3	50000115
	constant pool entry 2	50001cfe
CLS 50000115 (name=sun.misc.Launcher, trace=300000)
	super		5000016f
	static factory	50001cfd
	static launcher	50001cfc
	static bootClassPath	500015ab
	constant pool entry 216	500000f5
	constant pool entry 119	50000012
	constant pool entry 118	5000004f
	constant pool entry 117	50000113
	constant pool entry 116	500003c3
	constant pool entry 115	50000114
	constant pool entry 113	50000115
	constant pool entry 112	50000117
	constant pool entry 110	50000148
	constant pool entry 109	50000164
	constant pool entry 107	5000016b
	constant pool entry 105	5000016f
	constant pool entry 96	50000119
	constant pool entry 8	50001cfb
	constant pool entry 7	50001cfa
CLS 50000116 (name=java.util.jar.Manifest, trace=300000)
	super		5000016f
CLS 50000117 (name=java.net.URL, trace=300000)
	super		5000016f
	static protocolPathProp	50001757
	static handlers	5000175c
	static streamHandlerLock	5000175b
	constant pool entry 223	50000070
	constant pool entry 221	50000044
	constant pool entry 220	50000143
	constant pool entry 219	500000ed
	constant pool entry 217	5000000f
	constant pool entry 215	50000117
	constant pool entry 210	50000010
	constant pool entry 205	50000164
	constant pool entry 204	5000011f
	constant pool entry 203	5000016b
	constant pool entry 201	5000016f
	constant pool entry 195	50000167
	constant pool entry 17	5000175a
	constant pool entry 16	50001759
	constant pool entry 14	50001758
	constant pool entry 11	50001757
	constant pool entry 4	50001756
	constant pool entry 3	50001755
	constant pool entry 2	5000149b
	constant pool entry 1	500013fe
CLS 50000119 (name=java.io.File, trace=300000)
	super		5000016f
	static fs	50001424
	static separator	50001423
	static pathSeparator	50001422
	static UNSAFE	50001421
	constant pool entry 277	5000011e
	constant pool entry 266	50000164
	constant pool entry 265	5000011f
	constant pool entry 264	5000016b
	constant pool entry 259	5000016f
	constant pool entry 253	50000167
	constant pool entry 245	5000006e
	constant pool entry 242	50000068
	constant pool entry 240	5000006f
	constant pool entry 20	50000119
	constant pool entry 19	50001420
	constant pool entry 18	5000141f
	constant pool entry 1	500013fe
CLS 5000011a (name=java.io.ByteArrayInputStream, trace=300000)
	super		5000011b
CLS 5000011c (name=java.io.Closeable, trace=300000)
CLS 5000011d (name=java.lang.AutoCloseable, trace=300000)
CLS 5000011e (name=sun.misc.Unsafe, trace=300000)
	super		5000016f
	static theUnsafe	50001421
	constant pool entry 387	500000f5
	constant pool entry 190	500000b3
	constant pool entry 189	500000d6
	constant pool entry 186	5000016b
	constant pool entry 184	5000016f
	constant pool entry 181	50000167
	constant pool entry 12	5000011e
	constant pool entry 11	50000177
	constant pool entry 10	50000172
	constant pool entry 9	50000106
	constant pool entry 8	50000170
	constant pool entry 7	50000171
	constant pool entry 6	50000175
	constant pool entry 5	50000174
	constant pool entry 4	50000176
	constant pool entry 3	50000173
	constant pool entry 2	500014bd
CLS 50000121 (name=java.lang.AbstractStringBuilder, trace=300000)
	super		5000016f
	constant pool entry 310	500000f5
	constant pool entry 145	50000088
	constant pool entry 144	50000164
	constant pool entry 140	5000016b
	constant pool entry 138	5000016f
	constant pool entry 137	50000107
	constant pool entry 130	50000121
CLS 5000011f (name=java.lang.StringBuilder, trace=300000)
	super		50000121
	constant pool entry 79	5000011f
	constant pool entry 78	5000016b
	constant pool entry 75	50000121
CLS 50000120 (name=java.lang.StringBuffer, trace=300000)
	super		50000121
	static serialPersistentFields	5000176b
	constant pool entry 370	500000f5
	constant pool entry 110	50000088
	constant pool entry 108	50000120
	constant pool entry 107	5000016b
	constant pool entry 106	50000108
	constant pool entry 103	5000010f
	constant pool entry 102	50000121
	constant pool entry 100	500000fa
	constant pool entry 4	50000176
	constant pool entry 3	50001610
	constant pool entry 2	5000176a
	constant pool entry 1	50001769
CLS 50000122 (name=java.lang.Appendable, trace=300000)
CLS 50000126 (name=java.lang.invoke.CallSite, trace=300000)
	super		5000016f
CLS 50000123 (name=java.lang.invoke.VolatileCallSite, trace=300000)
	super		50000126
CLS 50000124 (name=java.lang.invoke.MutableCallSite, trace=300000)
	super		50000126
CLS 50000125 (name=java.lang.invoke.ConstantCallSite, trace=300000)
	super		50000126
CLS 50000127 (name=java.lang.BootstrapMethodError, trace=300000)
	super		50000158
CLS 50000128 (name=java.lang.invoke.MethodType, trace=300000)
	super		5000016f
CLS 50000129 (name=java.lang.invoke.LambdaForm, trace=300000)
	super		5000016f
CLS 5000012a (name=java.lang.invoke.MethodHandleNatives, trace=300000)
	super		5000016f
	constant pool entry 225	50000182
	constant pool entry 202	50000167
	constant pool entry 32	5000012a
CLS 5000012b (name=java.lang.invoke.MemberName, trace=300000)
	super		5000016f
	static CONSTRUCTOR_NAME	5000202e
	constant pool entry 292	50000167
	constant pool entry 46	5000012b
CLS 5000012d (name=java.lang.invoke.MethodHandle, trace=300000)
	super		5000016f
	constant pool entry 194	5000011e
	constant pool entry 189	500001a7
	constant pool entry 187	50000182
	constant pool entry 171	50000167
	constant pool entry 14	5000012d
	constant pool entry 11	50002019
CLS 5000012c (name=java.lang.invoke.DirectMethodHandle, trace=300000)
	super		5000012d
CLS 5000012e (name=sun.reflect.CallerSensitive, trace=300000)
CLS 5000012f (name=java.lang.annotation.Annotation, trace=300000)
CLS 50000132 (name=sun.reflect.FieldAccessorImpl, trace=300000)
	super		5000013a
CLS 50000131 (name=sun.reflect.UnsafeFieldAccessorImpl, trace=300000)
	super		50000132
CLS 50000130 (name=sun.reflect.UnsafeStaticFieldAccessorImpl, trace=300000)
	super		50000131
CLS 50000133 (name=sun.reflect.FieldAccessor, trace=300000)
CLS 50000134 (name=sun.reflect.ConstantPool, trace=300000)
	super		5000016f
CLS 50000135 (name=sun.reflect.DelegatingClassLoader, trace=300000)
	super		50000165
CLS 50000137 (name=sun.reflect.ConstructorAccessor, trace=300000)
CLS 50000138 (name=sun.reflect.MethodAccessorImpl, trace=300000)
	super		5000013a
CLS 50000139 (name=sun.reflect.MethodAccessor, trace=300000)
CLS 50000141 (name=java.lang.reflect.AccessibleObject, trace=300000)
	super		5000016f
	static ACCESS_PERMISSION	500014a3
	static reflectionFactory	5000149c
	constant pool entry 77	500000ea
	constant pool entry 76	500000df
	constant pool entry 74	500000ed
	constant pool entry 73	500000ec
	constant pool entry 71	5000013b
	constant pool entry 69	50000141
	constant pool entry 68	50000164
	constant pool entry 65	5000016f
	constant pool entry 4	50000167
	constant pool entry 3	500014a2
CLS 5000013d (name=java.lang.reflect.Executable, trace=300000)
	super		50000141
	constant pool entry 163	50000141
CLS 5000013b (name=java.lang.reflect.Constructor, trace=300000)
	super		5000013d
	constant pool entry 146	500000df
	constant pool entry 144	50000137
	constant pool entry 138	5000013d
	constant pool entry 137	5000013b
	constant pool entry 130	50000167
	constant pool entry 128	50000101
CLS 5000013c (name=java.lang.reflect.Method, trace=300000)
	super		5000013d
CLS 5000013e (name=java.lang.reflect.Parameter, trace=300000)
	super		5000016f
CLS 5000013f (name=java.lang.reflect.Field, trace=300000)
	super		50000141
	constant pool entry 138	5000013f
	constant pool entry 137	50000141
CLS 50000140 (name=java.lang.reflect.Member, trace=300000)
CLS 50000144 (name=java.util.Dictionary, trace=300000)
	super		5000016f
	constant pool entry 18	5000016f
CLS 50000143 (name=java.util.Hashtable, trace=300000)
	super		50000144
	constant pool entry 395	500000f5
	constant pool entry 196	500000d0
	constant pool entry 194	500000d5
	constant pool entry 193	50000145
	constant pool entry 192	500000c4
	constant pool entry 189	500000c3
	constant pool entry 188	500000ce
	constant pool entry 187	500000d4
	constant pool entry 185	50000143
	constant pool entry 184	50000144
	constant pool entry 182	500000cd
	constant pool entry 178	5000016f
	constant pool entry 176	500000d1
	constant pool entry 173	5000010c
CLS 50000142 (name=java.util.Properties, trace=300000)
	super		50000143
	static hexDigit	500015d9
	constant pool entry 261	500000f5
	constant pool entry 126	50000142
	constant pool entry 123	50000143
	constant pool entry 117	5000016b
CLS 50000145 (name=java.util.Map, trace=300000)
CLS 50000146 (name=java.lang.ThreadGroup, trace=300000)
	super		5000016f
	constant pool entry 266	500000f5
	constant pool entry 120	50000146
	constant pool entry 117	50000148
	constant pool entry 116	50000164
	constant pool entry 113	5000016f
	constant pool entry 7	5000140d
CLS 50000147 (name=java.lang.Thread$UncaughtExceptionHandler, trace=300000)
CLS 50000149 (name=java.lang.Runnable, trace=300000)
CLS 5000014d (name=java.lang.ref.FinalReference, trace=300000)
	super		50000150
	constant pool entry 7	50000150
CLS 5000014a (name=java.lang.ref.Finalizer, trace=300000)
	super		5000014d
	static queue	500012f6
	static unfinalized	50000f34
	static lock	50001ff3
	constant pool entry 69	500000da
	constant pool entry 68	500000d7
	constant pool entry 64	5000014a
	constant pool entry 63	5000014d
	constant pool entry 61	50000146
	constant pool entry 60	50000148
	constant pool entry 59	5000016f
CLS 5000014c (name=java.lang.ref.PhantomReference, trace=300000)
	super		50000150
CLS 5000014b (name=sun.misc.Cleaner, trace=300000)
	super		5000014c
CLS 50000151 (name=java.lang.IllegalMonitorStateException, trace=300000)
	super		5000015f
CLS 50000154 (name=java.lang.VirtualMachineError, trace=300000)
	super		50000162
CLS 50000152 (name=java.lang.StackOverflowError, trace=300000)
	super		50000154
CLS 50000153 (name=java.lang.OutOfMemoryError, trace=300000)
	super		50000154
CLS 50000155 (name=java.lang.ArrayStoreException, trace=300000)
	super		5000015f
CLS 50000156 (name=java.lang.ClassCastException, trace=300000)
	super		5000015f
CLS 50000157 (name=java.lang.NoClassDefFoundError, trace=300000)
	super		50000158
CLS 5000015a (name=java.lang.ReflectiveOperationException, trace=300000)
	super		50000160
	constant pool entry 13	50000160
CLS 50000159 (name=java.lang.ClassNotFoundException, trace=300000)
	super		5000015a
	constant pool entry 18	5000015a
CLS 5000015c (name=java.security.AccessControlContext, trace=300000)
	super		5000016f
	constant pool entry 135	500000ed
	constant pool entry 132	5000015c
	constant pool entry 126	5000016f
CLS 5000015d (name=java.security.ProtectionDomain, trace=300000)
	super		5000016f
	constant pool entry 268	500000f5
	constant pool entry 133	5000004e
	constant pool entry 132	500000bc
	constant pool entry 128	50000008
	constant pool entry 127	5000000b
	constant pool entry 126	50000009
	constant pool entry 124	5000015d
	constant pool entry 123	50000007
	constant pool entry 110	5000016f
	constant pool entry 10	5000173e
CLS 5000015e (name=java.lang.SecurityManager, trace=300000)
	super		5000016f
CLS 50000161 (name=java.lang.ThreadDeath, trace=300000)
	super		50000162
CLS 50000164 (name=java.lang.System, trace=300000)
	super		5000016f
	static in	50001416
	static out	50001415
	static err	50001414
	static props	50001413
	static lineSeparator	50001412
	constant pool entry 183	500000b3
	constant pool entry 182	500000c1
	constant pool entry 181	500000d6
	constant pool entry 180	500000bc
	constant pool entry 177	50000142
	constant pool entry 173	50000146
	constant pool entry 172	50000148
	constant pool entry 171	5000005f
	constant pool entry 170	50000054
	constant pool entry 167	5000016b
	constant pool entry 164	500000c2
	constant pool entry 163	500001d2
	constant pool entry 156	50000094
	constant pool entry 154	500000ad
	constant pool entry 153	500000c0
	constant pool entry 152	500000bf
	constant pool entry 151	50000093
	constant pool entry 150	500000ab
	constant pool entry 14	50000164
	constant pool entry 13	50001411
	constant pool entry 11	50001410
	constant pool entry 10	5000140f
	constant pool entry 7	5000140e
	constant pool entry 1	500013fe
CLS 50000166 (name=java.lang.Cloneable, trace=300000)
CLS 50000167 (name=java.lang.Class, trace=300000)
	super		5000016f
	static serialPersistentFields	5000149d
	static reflectionFactory	5000149c
	constant pool entry 1188	500000f5
	constant pool entry 504	500000ea
	constant pool entry 503	500000df
	constant pool entry 502	500000b3
	constant pool entry 486	500000ed
	constant pool entry 477	5000013f
	constant pool entry 476	5000013b
	constant pool entry 473	5000014f
	constant pool entry 469	50000164
	constant pool entry 467	5000016b
	constant pool entry 449	50000165
	constant pool entry 447	500000a5
	constant pool entry 444	500000a4
	constant pool entry 441	500000a6
	constant pool entry 439	50000082
	constant pool entry 437	500000fa
	constant pool entry 19	50000167
	constant pool entry 4	5000149b
CLS 50000168 (name=java.lang.reflect.Type, trace=300000)
CLS 50000169 (name=java.lang.reflect.GenericDeclaration, trace=300000)
CLS 5000016a (name=java.lang.reflect.AnnotatedElement, trace=300000)
CLS 5000016b (name=java.lang.String, trace=300000)
	super		5000016f
	static serialPersistentFields	50001406
	static CASE_INSENSITIVE_ORDER	50001405
	constant pool entry 538	500000f5
	constant pool entry 253	5000002f
	constant pool entry 249	500000f7
	constant pool entry 248	50000088
	constant pool entry 244	50000164
	constant pool entry 242	50000379
	constant pool entry 239	500000f6
	constant pool entry 237	5000016b
	constant pool entry 236	5000016f
	constant pool entry 234	500000d1
	constant pool entry 224	5000010e
	constant pool entry 223	5000016c
	constant pool entry 219	500000fa
	constant pool entry 14	50001404
	constant pool entry 13	500013f8
	constant pool entry 12	500013e7
	constant pool entry 11	500013fa
	constant pool entry 10	50001403
	constant pool entry 9	50001402
	constant pool entry 8	50001401
	constant pool entry 7	500013f9
	constant pool entry 6	50001400
	constant pool entry 5	500013fe
CLS 5000016c (name=java.lang.CharSequence, trace=300000)
CLS 5000016d (name=java.lang.Comparable, trace=300000)
CLS 5000016e (name=java.io.Serializable, trace=300000)
CLS 50000170 (name=long[], trace=300000)
	super		5000016f
CLS 50000171 (name=int[], trace=300000)
	super		5000016f
CLS 50000172 (name=short[], trace=300000)
	super		5000016f
CLS 50000173 (name=byte[], trace=300000)
	super		5000016f
CLS 50000174 (name=double[], trace=300000)
	super		5000016f
CLS 50000175 (name=float[], trace=300000)
	super		5000016f
CLS 50000176 (name=char[], trace=300000)
	super		5000016f
CLS 50000177 (name=boolean[], trace=300000)
	super		5000016f
CLS 50000182 (name=java.lang.invoke.MethodHandleImpl, trace=300004)
	super		5000016f
	static PRODUCE_BLOCK_INLINING_FORM	50000190
	static PRODUCE_REINVOKER_FORM	50000192
	static FAKE_METHOD_HANDLE_INVOKE	50000194
	static NO_ARGS_ARRAY	50000195
	static FILL_ARRAY_TO_RIGHT	50000196
	static TYPED_COLLECTORS	5000019e
	constant pool entry 966	500000f5
	constant pool entry 380	500000ed
	constant pool entry 364	50000198
	constant pool entry 363	50000191
	constant pool entry 362	5000018f
	constant pool entry 361	50000185
	constant pool entry 360	500001a5
	constant pool entry 340	50000167
	constant pool entry 27	50000182
	constant pool entry 26	5000012d
	constant pool entry 23	5000016f
	constant pool entry 22	50000108
CLS 50000185 (name=java.lang.invoke.MethodHandleImpl$1, trace=300007)
	super		5000016f
	constant pool entry 30	50000185
	constant pool entry 29	5000011f
	constant pool entry 28	5000016f
	constant pool entry 27	50000108
	constant pool entry 26	50000167
	constant pool entry 2	50000182
	constant pool entry 1	5000202c
CLS 5000018e (name=java.util.function.Function, trace=300015)
CLS 5000018f (name=java.lang.invoke.MethodHandleImpl$2, trace=300015)
	super		5000016f
	constant pool entry 24	5000016f
CLS 50000191 (name=java.lang.invoke.MethodHandleImpl$3, trace=300017)
	super		5000016f
	constant pool entry 20	5000016f
CLS 50000193 (name=java.lang.invoke.MethodHandle[], trace=300019)
	super		5000016f
CLS 50000197 (name=java.lang.ClassValue, trace=300022)
	super		5000016f
	static EMPTY_CACHE	5000019b
	static nextHashCode	5000019c
	static CRITICAL_SECTION	5000019d
	constant pool entry 171	500000f5
	constant pool entry 69	50000089
	constant pool entry 67	5000016f
	constant pool entry 66	500001a1
	constant pool entry 65	5000019f
	constant pool entry 64	50000199
	constant pool entry 62	50000197
CLS 50000198 (name=java.lang.invoke.MethodHandleImpl$4, trace=300022)
	super		50000197
	constant pool entry 12	50000197
CLS 50000199 (name=java.lang.ClassValue$Entry, trace=300023)
	super		5000014e
	static DEAD_ENTRY	500001a3
	constant pool entry 39	5000014e
	constant pool entry 37	50000199
	constant pool entry 36	50000167
	constant pool entry 1	50000197
CLS 5000019a (name=java.lang.ClassValue$Entry[], trace=300024)
	super		5000016f
CLS 5000019f (name=java.lang.ClassValue$Identity, trace=300028)
	super		5000016f
	constant pool entry 10	5000016f
CLS 500001a1 (name=java.lang.ClassValue$Version, trace=300030)
	super		5000016f
	constant pool entry 21	5000016f
	constant pool entry 20	500001a1
	constant pool entry 19	50000199
CLS 500001a5 (name=java.lang.invoke.MemberName$Factory, trace=300034)
	super		5000016f
	static INSTANCE	500001a6
	constant pool entry 95	500001a5
	constant pool entry 92	5000016f
	constant pool entry 88	50000167
	constant pool entry 10	5000012b
CLS 500001a7 (name=java.lang.invoke.MethodHandleStatics, trace=300036)
	super		5000016f
	static UNSAFE	50001421
	constant pool entry 193	500000f5
	constant pool entry 95	5000011e
	constant pool entry 94	500000ed
	constant pool entry 92	500001a9
	constant pool entry 91	500001a7
	constant pool entry 85	5000016f
	constant pool entry 83	50000108
	constant pool entry 79	5000010f
CLS 500001a9 (name=java.lang.invoke.MethodHandleStatics$1, trace=300038)
	super		5000016f
	constant pool entry 49	500001a9
	constant pool entry 47	50000164
	constant pool entry 46	5000016f
	constant pool entry 45	50000108
	constant pool entry 44	5000010f
	constant pool entry 10	50001404
	constant pool entry 9	50002022
	constant pool entry 8	50002021
	constant pool entry 7	50002020
	constant pool entry 6	5000201f
	constant pool entry 5	5000201e
	constant pool entry 4	5000201d
	constant pool entry 3	5000201c
	constant pool entry 2	5000201b
	constant pool entry 1	5000201a
CLS 500001b1 (name=sun.misc.PostVMInitHook, trace=300000)
	super		5000016f
	constant pool entry 20	500001b2
	constant pool entry 19	500001b1
	constant pool entry 18	50000164
	constant pool entry 2	50002038
	constant pool entry 1	50002037
CLS 500001b2 (name=sun.usagetracker.UsageTrackerClient, trace=300043)
	super		5000016f
	static LOCK	500001b3
	static ORCL_UT_CONFIG_FILE_NAME	50002046
	static ORCL_UT_USAGE_DIR	5000203a
	static ORCL_UT_PROPERTY_NAME	50002058
	static ORCL_UT_PROPERTY_RUN_SYNCHRONOUSLY	50002057
	static ORCL_UT_PROPERTY_CONFIG_FILE_NAME	5000203f
	static ORCL_UT_LOGTOFILE	50002056
	static ORCL_UT_LOGFILEMAXSIZE	50002055
	static ORCL_UT_LOGTOUDP	50002054
	static ORCL_UT_TRACK_LAST_USAGE	50002053
	static ORCL_UT_VERBOSE	50002052
	static ORCL_UT_DEBUG	50002051
	static ORCL_UT_ADDITIONALPROPERTIES	50002050
	static ORCL_UT_SEPARATOR	5000204f
	static ORCL_UT_QUOTE	5000204e
	static ORCL_UT_QUOTE_INNER	5000204d
	static DEFAULT_SEP	5000204c
	static DEFAULT_QUOTE	5000204b
	static DEFAULT_QUOTE_INNER	5000204a
	static isFirstRun	500001b8
	static javaHome	5000145f
	static userHomeKeyword	50002049
	constant pool entry 468	500000f5
	constant pool entry 279	500001c2
	constant pool entry 278	50000352
	constant pool entry 277	500001d0
	constant pool entry 276	500001b9
	constant pool entry 275	500001b2
	constant pool entry 274	500001b4
	constant pool entry 272	500000ed
	constant pool entry 270	50000164
	constant pool entry 269	5000011f
	constant pool entry 268	5000016b
	constant pool entry 267	5000016f
	constant pool entry 265	50000107
	constant pool entry 259	500000ad
	constant pool entry 257	50000119
	constant pool entry 42	50002048
	constant pool entry 41	50002047
	constant pool entry 40	50002046
	constant pool entry 38	50002045
	constant pool entry 37	50002044
	constant pool entry 36	50002043
	constant pool entry 35	50002042
	constant pool entry 33	50002041
	constant pool entry 32	50002040
	constant pool entry 22	5000203f
	constant pool entry 20	5000203e
	constant pool entry 13	5000203d
	constant pool entry 12	5000178e
	constant pool entry 11	5000203c
	constant pool entry 8	5000203b
	constant pool entry 7	5000203a
	constant pool entry 6	50002039
CLS 500001b4 (name=java.util.concurrent.atomic.AtomicBoolean, trace=300045)
	super		5000016f
	static unsafe	50001421
	constant pool entry 49	5000011e
	constant pool entry 48	5000016f
	constant pool entry 45	50000167
	constant pool entry 2	500001b4
	constant pool entry 1	50001610
CLS 500001b9 (name=sun.usagetracker.UsageTrackerClient$1, trace=300047)
	super		5000016f
	constant pool entry 25	500001b9
	constant pool entry 22	50000164
	constant pool entry 21	5000016f
CLS 500001c2 (name=sun.usagetracker.UsageTrackerClient$4, trace=300054)
	super		5000016f
	constant pool entry 58	500001c2
	constant pool entry 57	500001b2
	constant pool entry 53	50000164
	constant pool entry 50	5000016f
	constant pool entry 49	5000010f
	constant pool entry 4	50001404
	constant pool entry 3	50002057
	constant pool entry 2	5000206c
CLS 500001d0 (name=sun.usagetracker.UsageTrackerClient$2, trace=300066)
	super		5000016f
	constant pool entry 25	500001d0
	constant pool entry 22	50000164
	constant pool entry 21	5000016f
CLS 500001d2 (name=java.lang.ProcessEnvironment, trace=300068)
	super		500000b2
	static nameComparator	500001d4
	static entryComparator	500001d6
	static theEnvironment	500001d7
	static theUnmodifiableEnvironment	500001d9
	static theCaseInsensitiveEnvironment	500002d7
	constant pool entry 118	500002d5
	constant pool entry 116	50000145
	constant pool entry 113	500000b2
	constant pool entry 112	500000cd
	constant pool entry 109	5000016b
	constant pool entry 108	500001d3
	constant pool entry 107	500001d5
	constant pool entry 104	500002d8
	constant pool entry 101	500001d2
CLS 500001d3 (name=java.lang.ProcessEnvironment$NameComparator, trace=300069)
	super		5000016f
	constant pool entry 31	5000016b
	constant pool entry 30	500001d3
	constant pool entry 27	5000016f
	constant pool entry 26	500000d1
	constant pool entry 25	5000010e
CLS 500001d5 (name=java.lang.ProcessEnvironment$EntryComparator, trace=300071)
	super		5000016f
	constant pool entry 25	500001d5
	constant pool entry 22	5000016f
CLS 500001d8 (name=java.util.Collections$UnmodifiableMap, trace=300074)
	super		5000016f
	constant pool entry 61	500001d8
	constant pool entry 58	5000016f
CLS 500002d3 (name=java.util.SortedMap, trace=300084)
CLS 500002d4 (name=java.util.NavigableMap, trace=300084)
CLS 500002d5 (name=java.util.TreeMap, trace=300084)
	super		500000ca
	static UNBOUNDED	500002d6
	constant pool entry 218	500002e3
	constant pool entry 213	500002d5
	constant pool entry 211	500002d3
	constant pool entry 204	50000145
	constant pool entry 201	500000f7
	constant pool entry 198	500000ca
	constant pool entry 197	5000016f
CLS 500002d8 (name=java.lang.ProcessEnvironment$CheckedEntrySet, trace=300087)
	super		500000cf
	constant pool entry 33	500000cf
	constant pool entry 32	500002dc
	constant pool entry 31	500002d8
CLS 500002d9 (name=java.util.HashMap$EntrySet, trace=300088)
	super		500000cf
	constant pool entry 51	500002d9
	constant pool entry 50	500002df
	constant pool entry 47	500000cf
CLS 500002dc (name=java.lang.ProcessEnvironment$CheckedEntrySet$1, trace=300091)
	super		5000016f
	constant pool entry 34	500000d0
	constant pool entry 33	500000d5
	constant pool entry 31	500000c4
	constant pool entry 30	500002dc
	constant pool entry 29	500002d8
	constant pool entry 28	500002e1
	constant pool entry 26	5000016f
CLS 500002de (name=java.util.HashMap$HashIterator, trace=300093)
	super		5000016f
	constant pool entry 39	500000b1
	constant pool entry 38	500002de
	constant pool entry 37	500000b2
	constant pool entry 35	5000016f
CLS 500002df (name=java.util.HashMap$EntryIterator, trace=300093)
	super		500002de
	constant pool entry 20	500002de
	constant pool entry 19	500002df
CLS 500002e1 (name=java.lang.ProcessEnvironment$CheckedEntry, trace=300095)
	super		5000016f
	constant pool entry 37	500000d5
	constant pool entry 34	5000016b
	constant pool entry 33	500002e1
	constant pool entry 31	5000016f
CLS 500002e3 (name=java.util.TreeMap$Entry, trace=300097)
	super		5000016f
	constant pool entry 47	500002e3
	constant pool entry 42	5000016f
CLS 50000352 (name=sun.usagetracker.UsageTrackerClient$3, trace=300108)
	super		5000016f
	constant pool entry 25	50000352
	constant pool entry 22	5000016f
	constant pool entry 21	50000119
CLS 50000379 (name=java.lang.StringCoding, trace=300140)
	super		5000016f
	static decoder	5000037a
	static encoder	5000037b
	constant pool entry 134	50000088
	constant pool entry 127	50000092
	constant pool entry 123	5000014f
	constant pool entry 122	5000008a
	constant pool entry 120	50000394
	constant pool entry 117	50000379
CLS 5000037c (name=java.lang.ThreadLocal$ThreadLocalMap, trace=300143)
	super		5000016f
	constant pool entry 121	500000f5
	constant pool entry 54	5000037e
	constant pool entry 53	5000037c
	constant pool entry 51	5000008a
	constant pool entry 50	5000016f
CLS 5000037e (name=java.lang.ThreadLocal$ThreadLocalMap$Entry, trace=300145)
	super		5000014e
	constant pool entry 15	5000014e
	constant pool entry 14	5000037e
CLS 5000037f (name=java.lang.ThreadLocal$ThreadLocalMap$Entry[], trace=300146)
	super		5000016f
CLS 50000389 (name=sun.nio.cs.Unicode, trace=300155)
	super		50000092
	constant pool entry 109	50000092
CLS 5000038a (name=sun.nio.cs.UTF_8, trace=300155)
	super		50000389
	constant pool entry 33	50000389
	constant pool entry 32	50000396
	constant pool entry 31	5000065e
	constant pool entry 29	5000038a
	constant pool entry 28	5000008f
	constant pool entry 27	50000110
	constant pool entry 1	5000178e
CLS 50000394 (name=java.lang.StringCoding$StringEncoder, trace=300164)
	super		5000016f
	constant pool entry 143	500000f5
	constant pool entry 71	5000007b
	constant pool entry 70	50000078
	constant pool entry 68	5000007a
	constant pool entry 67	50000092
	constant pool entry 63	50000394
	constant pool entry 61	50000379
	constant pool entry 59	5000016f
	constant pool entry 57	50000167
CLS 50000396 (name=sun.nio.cs.UTF_8$Encoder, trace=300166)
	super		5000007a
	constant pool entry 77	50000396
	constant pool entry 69	5000007a
	constant pool entry 66	500000d1
CLS 5000039d (name=java.io.FileOutputStream$1, trace=300173)
	super		5000016f
	constant pool entry 19	5000016f
	constant pool entry 17	5000039d
	constant pool entry 16	500000ad
CLS 500003a0 (name=sun.launcher.LauncherHelper, trace=300000)
	super		50000069
	static INSTANCE	500003a1
	static MAIN_CLASS	50002089
	static outBuf	500003a4
	static INDENT	50002088
	static VM_SETTINGS	50002087
	static PROP_SETTINGS	50002086
	static LOCALE_SETTINGS	50002085
	static diagprop	500014c1
	static defaultBundleName	50001607
	static ostream	50001414
	static scloader	500012fb
	static encprop	50002084
	static $VALUES	500003a3
	constant pool entry 695	500000f5
	constant pool entry 400	500000d6
	constant pool entry 397	500003a7
	constant pool entry 390	500003a8
	constant pool entry 380	50000af2
	constant pool entry 370	50000164
	constant pool entry 369	5000011f
	constant pool entry 366	5000016f
	constant pool entry 362	50000108
	constant pool entry 360	50000069
	constant pool entry 358	50000165
	constant pool entry 355	50000094
	constant pool entry 353	50000119
	constant pool entry 70	500003a0
	constant pool entry 66	500014c1
	constant pool entry 55	50002083
	constant pool entry 53	50002082
	constant pool entry 52	50002081
	constant pool entry 51	50002080
	constant pool entry 46	5000207f
	constant pool entry 26	5000207e
	constant pool entry 19	5000207d
CLS 500003a2 (name=sun.launcher.LauncherHelper[], trace=300176)
	super		5000016f
CLS 500003a7 (name=sun.launcher.LauncherHelper$ResourceBundleHolder, trace=300180)
	super		5000016f
	static RB	500009f2
	constant pool entry 18	500003a7
	constant pool entry 16	500003a8
	constant pool entry 1	50001607
CLS 500003a8 (name=java.util.ResourceBundle, trace=300181)
	super		5000016f
	static NONEXISTENT_BUNDLE	500003aa
	static cacheList	500003ab
	static referenceQueue	500003ac
	constant pool entry 214	500000b3
	constant pool entry 213	5000002c
	constant pool entry 212	5000002b
	constant pool entry 211	500000d0
	constant pool entry 210	500003af
	constant pool entry 209	50000dae
	constant pool entry 208	500009a1
	constant pool entry 205	500009b2
	constant pool entry 203	500009c3
	constant pool entry 202	500009f4
	constant pool entry 201	500003a9
	constant pool entry 199	5000002f
	constant pool entry 198	500000e5
	constant pool entry 197	500000c4
	constant pool entry 193	500000da
	constant pool entry 190	50000164
	constant pool entry 188	5000016b
	constant pool entry 187	5000016f
	constant pool entry 180	50000167
	constant pool entry 178	500000b4
	constant pool entry 11	500003ae
	constant pool entry 10	500003a8
CLS 500003a9 (name=java.util.ResourceBundle$1, trace=300182)
	super		500003a8
	constant pool entry 16	500003a8
CLS 500003ae (name=java.util.spi.ResourceBundleControlProvider, trace=300187)
CLS 500003af (name=java.util.ServiceLoader, trace=300188)
	super		5000016f
	static PREFIX	50002250
	constant pool entry 133	500003b2
	constant pool entry 132	500003b4
	constant pool entry 131	500003af
	constant pool entry 129	500000c6
	constant pool entry 127	5000006b
	constant pool entry 120	50000164
	constant pool entry 117	5000016f
	constant pool entry 115	50000165
	constant pool entry 114	50000167
	constant pool entry 7	5000224f
CLS 500003b2 (name=java.util.ServiceLoader$LazyIterator, trace=300191)
	super		5000016f
	constant pool entry 99	500003b2
	constant pool entry 97	500003af
	constant pool entry 93	500000c5
	constant pool entry 88	5000011f
	constant pool entry 86	5000016f
	constant pool entry 83	50000165
	constant pool entry 82	50000167
	constant pool entry 5	50002250
CLS 500003b4 (name=java.util.ServiceLoader$1, trace=300193)
	super		5000016f
	constant pool entry 41	500000d0
	constant pool entry 40	500003b2
	constant pool entry 39	500003b4
	constant pool entry 38	500003af
	constant pool entry 35	5000006b
	constant pool entry 34	500000c4
	constant pool entry 32	5000016f
CLS 500003b6 (name=java.util.LinkedHashMap$LinkedEntrySet, trace=300195)
	super		500000cf
	constant pool entry 54	500003b6
	constant pool entry 53	500003b9
	constant pool entry 47	500000cf
CLS 500003b8 (name=java.util.LinkedHashMap$LinkedHashIterator, trace=300197)
	super		5000016f
	constant pool entry 41	500003b8
	constant pool entry 39	5000006b
	constant pool entry 35	5000016f
CLS 500003b9 (name=java.util.LinkedHashMap$LinkedEntryIterator, trace=300197)
	super		500003b8
	constant pool entry 21	500003b8
	constant pool entry 20	500003b9
CLS 500003c1 (name=java.util.Enumeration[], trace=300203)
	super		5000016f
CLS 500003c3 (name=sun.misc.Launcher$BootClassPathHolder, trace=300204)
	super		5000016f
	static bcp	5000061b
	constant pool entry 28	50000004
	constant pool entry 27	500003c4
	constant pool entry 26	500003c3
	constant pool entry 25	50000115
	constant pool entry 24	500000ed
	constant pool entry 21	5000000d
CLS 500003c4 (name=sun.misc.Launcher$BootClassPathHolder$1, trace=300205)
	super		5000016f
	constant pool entry 39	50000041
	constant pool entry 38	500003c4
	constant pool entry 36	50000115
	constant pool entry 35	500000d0
	constant pool entry 34	50000005
	constant pool entry 32	5000016f
	constant pool entry 31	50000119
CLS 50000628 (name=sun.misc.URLClassPath$2, trace=300299)
	super		5000016f
	constant pool entry 38	5000063a
	constant pool entry 37	50000628
	constant pool entry 36	50000004
	constant pool entry 33	5000016f
CLS 5000062a (name=java.lang.ClassLoader$2, trace=300301)
	super		5000016f
	constant pool entry 22	500000c5
	constant pool entry 21	5000016f
	constant pool entry 20	5000062a
CLS 5000062c (name=sun.misc.URLClassPath$1, trace=300303)
	super		5000016f
	constant pool entry 38	5000063a
	constant pool entry 37	5000062c
	constant pool entry 36	50000004
	constant pool entry 33	5000016f
CLS 5000062e (name=java.net.URLClassLoader$3, trace=300305)
	super		5000016f
	constant pool entry 35	500000ed
	constant pool entry 34	500007bc
	constant pool entry 33	5000062e
	constant pool entry 32	50000118
	constant pool entry 30	5000016f
CLS 50000630 (name=sun.misc.CompoundEnumeration, trace=300307)
	super		5000016f
	constant pool entry 23	50000630
	constant pool entry 21	500000c5
	constant pool entry 20	5000016f
CLS 50000632 (name=sun.net.util.URLUtil, trace=300309)
	super		5000016f
	constant pool entry 57	50000117
	constant pool entry 56	5000011f
	constant pool entry 55	5000016b
	constant pool entry 3	50001754
CLS 50000638 (name=sun.misc.URLClassPath$3, trace=300314)
	super		5000016f
	constant pool entry 47	5000063b
	constant pool entry 46	50000a13
	constant pool entry 45	50000638
	constant pool entry 44	50000004
	constant pool entry 42	50000117
	constant pool entry 41	5000016b
	constant pool entry 40	5000016f
	constant pool entry 2	50001761
	constant pool entry 1	50001756
CLS 5000063a (name=sun.misc.URLClassPath$Loader, trace=300316)
	super		5000016f
	constant pool entry 64	5000063a
	constant pool entry 54	5000016f
CLS 5000063b (name=sun.misc.URLClassPath$JarLoader, trace=300316)
	super		5000063a
	static zipAccess	50000640
	constant pool entry 209	50000012
	constant pool entry 207	5000063a
	constant pool entry 204	500006c0
	constant pool entry 203	5000063b
	constant pool entry 201	500000bc
	constant pool entry 199	50000041
	constant pool entry 194	500006c2
	constant pool entry 180	500006da
	constant pool entry 179	500000ed
	constant pool entry 175	50000117
	constant pool entry 171	5000011f
	constant pool entry 170	5000016b
	constant pool entry 168	500006d7
	constant pool entry 167	500006d8
	constant pool entry 166	50000119
	constant pool entry 8	5000174b
	constant pool entry 7	50001761
	constant pool entry 2	50001785
	constant pool entry 1	500013fe
CLS 5000063c (name=java.util.zip.ZipConstants, trace=300317)
CLS 5000063d (name=java.util.zip.ZipFile, trace=300317)
	super		5000016f
	constant pool entry 256	500000d6
	constant pool entry 255	500000bc
	constant pool entry 250	5000063f
	constant pool entry 249	5000063d
	constant pool entry 8	500014c5
CLS 5000063e (name=sun.misc.JavaUtilZipFileAccess, trace=300318)
CLS 5000063f (name=java.util.zip.ZipFile$1, trace=300318)
	super		5000016f
	constant pool entry 12	5000016f
CLS 50000654 (name=sun.nio.cs.ThreadLocalCoders, trace=300336)
	super		5000016f
	static decoderCache	50000657
	static encoderCache	5000065a
	constant pool entry 31	50000655
	constant pool entry 30	50000659
	constant pool entry 29	50000656
	constant pool entry 28	50000654
	constant pool entry 26	50000038
CLS 50000655 (name=sun.nio.cs.ThreadLocalCoders$Cache, trace=300337)
	super		5000016f
	constant pool entry 53	500000f5
	constant pool entry 28	50000655
	constant pool entry 26	5000008a
	constant pool entry 25	5000016f
	constant pool entry 24	50000106
CLS 50000656 (name=sun.nio.cs.ThreadLocalCoders$1, trace=300337)
	super		50000655
	constant pool entry 38	50000655
	constant pool entry 37	50000656
	constant pool entry 36	50000038
	constant pool entry 35	50000092
	constant pool entry 34	5000016b
	constant pool entry 33	50000167
	constant pool entry 1	50000654
CLS 50000659 (name=sun.nio.cs.ThreadLocalCoders$2, trace=300340)
	super		50000655
	constant pool entry 38	50000655
	constant pool entry 37	50000659
	constant pool entry 33	50000167
	constant pool entry 1	50000654
CLS 5000065e (name=sun.nio.cs.UTF_8$Decoder, trace=300344)
	super		50000038
	constant pool entry 96	5000065e
	constant pool entry 92	50000034
	constant pool entry 91	50000038
	constant pool entry 90	50000036
	constant pool entry 89	50000077
	constant pool entry 86	500000d1
	constant pool entry 85	50000167
	constant pool entry 3	5000038a
CLS 500006c0 (name=sun.misc.URLClassPath$JarLoader$1, trace=300358)
	super		5000016f
	constant pool entry 71	500006c0
	constant pool entry 70	5000063b
	constant pool entry 69	50000004
	constant pool entry 60	5000016f
CLS 500006c2 (name=sun.misc.FileURLMapper, trace=300360)
	super		5000016f
	constant pool entry 43	50000012
	constant pool entry 42	500006c2
	constant pool entry 41	50000117
	constant pool entry 39	5000016b
	constant pool entry 38	5000016f
	constant pool entry 37	50000119
	constant pool entry 1	500013fe
CLS 500006d7 (name=java.io.IOException, trace=300374)
	super		50000160
	constant pool entry 14	50000160
CLS 500006d8 (name=java.io.FileNotFoundException, trace=300374)
	super		500006d7
	constant pool entry 26	500006d7
CLS 500006da (name=java.security.PrivilegedActionException, trace=300376)
	super		50000160
	constant pool entry 34	500006da
	constant pool entry 29	50000160
CLS 500007bc (name=java.net.URLClassLoader$3$1, trace=300378)
	super		5000016f
	constant pool entry 27	500000c5
	constant pool entry 25	500007bc
	constant pool entry 24	5000062e
	constant pool entry 22	5000016f
CLS 500009a1 (name=java.util.ResourceBundle$RBClassLoader, trace=300380)
	super		50000165
	static INSTANCE	500009a4
	static loader	500012fb
	constant pool entry 36	500009a2
	constant pool entry 35	500009a1
	constant pool entry 32	500000ed
	constant pool entry 30	50000165
CLS 500009a2 (name=java.util.ResourceBundle$RBClassLoader$1, trace=300381)
	super		5000016f
	constant pool entry 20	500009a2
	constant pool entry 19	500009a1
	constant pool entry 15	5000016f
CLS 500009b2 (name=java.util.ResourceBundle$Control, trace=300395)
	super		5000016f
	static FORMAT_DEFAULT	500009b6
	static FORMAT_CLASS	500009b9
	static FORMAT_PROPERTIES	500009bc
	static INSTANCE	500009bd
	static CANDIDATES_CACHE	500009bf
	constant pool entry 315	500000f5
	constant pool entry 162	500009be
	constant pool entry 161	50000a4c
	constant pool entry 160	500009b2
	constant pool entry 157	5000002f
	constant pool entry 155	500000cd
	constant pool entry 154	500000e6
	constant pool entry 153	50000088
	constant pool entry 152	500000b9
	constant pool entry 150	500000ed
	constant pool entry 145	5000011f
	constant pool entry 144	5000016b
	constant pool entry 143	5000016f
	constant pool entry 137	50000159
	constant pool entry 136	50000165
	constant pool entry 134	50000167
	constant pool entry 8	500003a8
	constant pool entry 6	50002254
	constant pool entry 5	50002253
	constant pool entry 4	50002092
	constant pool entry 3	50001754
	constant pool entry 1	500013fe
CLS 500009b4 (name=java.util.Arrays$ArrayList, trace=300397)
	super		500000e2
	constant pool entry 58	500000c6
	constant pool entry 57	500009b4
	constant pool entry 55	500000e2
	constant pool entry 51	50000106
CLS 500009be (name=java.util.ResourceBundle$Control$CandidateListCache, trace=300403)
	super		5000002e
	constant pool entry 85	5000002e
	constant pool entry 84	5000001c
	constant pool entry 83	500009be
	constant pool entry 79	5000002f
	constant pool entry 78	500000e5
	constant pool entry 77	500009cb
	constant pool entry 75	5000016b
	constant pool entry 14	50001dab
	constant pool entry 13	50001ee6
	constant pool entry 12	50001ee5
	constant pool entry 11	50001ee4
	constant pool entry 1	500013fe
CLS 500009c3 (name=java.util.ResourceBundle$CacheKey, trace=300408)
	super		5000016f
	constant pool entry 92	500009c6
	constant pool entry 91	500009c3
	constant pool entry 90	500003a8
	constant pool entry 89	5000002f
	constant pool entry 87	5000016b
	constant pool entry 85	5000016f
	constant pool entry 79	50000165
CLS 500009c5 (name=java.util.ResourceBundle$CacheKeyReference, trace=300410)
CLS 500009c6 (name=java.util.ResourceBundle$LoaderReference, trace=300410)
	super		5000014e
	constant pool entry 16	500009c6
	constant pool entry 12	5000014e
CLS 500009c8 (name=java.util.Queue, trace=300412)
CLS 500009c9 (name=java.util.Deque, trace=300412)
CLS 500009ca (name=java.util.AbstractSequentialList, trace=300412)
	super		500000e2
	constant pool entry 36	500000e2
CLS 500009cb (name=java.util.LinkedList, trace=300412)
	super		500009ca
	constant pool entry 301	500000f5
	constant pool entry 150	500009d3
	constant pool entry 145	500009cb
	constant pool entry 142	500009ca
	constant pool entry 139	5000016f
CLS 500009d3 (name=java.util.LinkedList$Node, trace=300420)
	super		5000016f
	constant pool entry 17	500009d3
	constant pool entry 15	5000016f
CLS 500009e9 (name=java.util.ListResourceBundle, trace=300434)
	super		500003a8
	constant pool entry 38	500003a8
	constant pool entry 37	50000145
	constant pool entry 36	500009e9
	constant pool entry 35	500000b2
	constant pool entry 33	5000016b
CLS 500009ea (name=sun.launcher.resources.launcher, trace=300434)
	super		500009e9
	constant pool entry 93	500000f5
	constant pool entry 87	500009e9
	constant pool entry 86	5000016f
	constant pool entry 85	50000106
	constant pool entry 38	5000225b
	constant pool entry 37	5000229a
	constant pool entry 36	50002083
	constant pool entry 35	5000228c
	constant pool entry 34	50002082
	constant pool entry 33	50002081
	constant pool entry 32	50002080
	constant pool entry 31	50002272
	constant pool entry 30	5000225c
	constant pool entry 29	5000229b
	constant pool entry 28	50002293
	constant pool entry 27	50002288
	constant pool entry 26	50002279
	constant pool entry 25	5000207f
	constant pool entry 24	50002268
	constant pool entry 23	50002264
	constant pool entry 22	50002260
	constant pool entry 21	50002258
	constant pool entry 20	50002297
	constant pool entry 19	50002284
	constant pool entry 18	5000227d
	constant pool entry 17	50002287
	constant pool entry 16	5000226e
	constant pool entry 15	50002271
	constant pool entry 14	50002263
	constant pool entry 13	5000225f
	constant pool entry 12	50002257
	constant pool entry 11	50002267
	constant pool entry 10	50002296
	constant pool entry 9	50002292
	constant pool entry 8	50002275
	constant pool entry 7	5000228b
	constant pool entry 6	5000226b
	constant pool entry 5	5000228f
	constant pool entry 4	50002283
	constant pool entry 3	50002278
	constant pool entry 2	50002280
	constant pool entry 1	5000227c
CLS 500009f4 (name=java.util.ResourceBundle$BundleReference, trace=300438)
	super		5000014f
	constant pool entry 14	500009f4
	constant pool entry 12	5000014f
CLS 50000a01 (name=java.net.URLClassLoader$1, trace=300446)
	super		5000016f
	constant pool entry 43	50000004
	constant pool entry 40	50000a01
	constant pool entry 39	50000118
	constant pool entry 38	5000016b
	constant pool entry 37	5000016f
	constant pool entry 1	50001bec
CLS 50000a13 (name=sun.misc.URLClassPath$FileLoader, trace=300454)
	super		5000063a
	constant pool entry 63	50000012
	constant pool entry 62	5000063a
	constant pool entry 60	50000a13
	constant pool entry 59	50000004
	constant pool entry 57	50000117
	constant pool entry 56	5000016b
	constant pool entry 52	50000119
	constant pool entry 3	50001761
	constant pool entry 2	50001cbb
	constant pool entry 1	5000149b
CLS 50000a4c (name=java.util.ResourceBundle$Control$1, trace=300483)
	super		5000016f
	constant pool entry 46	50000a4c
	constant pool entry 40	5000016f
	constant pool entry 38	50000165
CLS 50000a4e (name=java.net.URLClassLoader$2, trace=300485)
	super		5000016f
	constant pool entry 23	50000004
	constant pool entry 21	50000a4e
	constant pool entry 20	50000118
	constant pool entry 19	5000016f
CLS 50000ac7 (name=java.lang.Object[][], trace=300498)
	super		5000016f
CLS 50000af1 (name=java.text.Format, trace=300520)
	super		5000016f
	constant pool entry 58	50000af1
	constant pool entry 57	50000b27
	constant pool entry 53	50000120
	constant pool entry 52	5000016f
CLS 50000af2 (name=java.text.MessageFormat, trace=300520)
	super		50000af1
	static TYPE_KEYWORDS	50000af3
	static NUMBER_MODIFIER_KEYWORDS	50000af4
	static DATE_TIME_MODIFIER_KEYWORDS	50000af5
	static DATE_TIME_MODIFIERS	50000af6
	constant pool entry 508	500000f5
	constant pool entry 280	50000afc
	constant pool entry 279	5000002f
	constant pool entry 277	50000b2b
	constant pool entry 271	50000b61
	constant pool entry 270	50000b2e
	constant pool entry 269	50000af2
	constant pool entry 267	50000af1
	constant pool entry 266	50000b27
	constant pool entry 257	5000011f
	constant pool entry 256	50000120
	constant pool entry 255	5000016b
	constant pool entry 252	5000010d
	constant pool entry 250	50000108
	constant pool entry 239	50000106
	constant pool entry 31	500022a6
	constant pool entry 30	5000172b
	constant pool entry 29	500022a5
	constant pool entry 28	500022a4
	constant pool entry 25	500022a3
	constant pool entry 24	50001619
	constant pool entry 23	500022a2
	constant pool entry 22	500022a1
	constant pool entry 20	500022a0
	constant pool entry 19	5000229f
	constant pool entry 18	5000229e
	constant pool entry 2	500013fe
CLS 50000af8 (name=java.text.Format[], trace=300526)
	super		5000016f
CLS 50000afc (name=java.util.Locale$Category, trace=300529)
	super		50000069
	static DISPLAY	50000afd
	static FORMAT	50000afe
	static $VALUES	50000b00
	constant pool entry 77	500000f5
	constant pool entry 43	50000069
	constant pool entry 42	50000aff
	constant pool entry 11	50000afc
	constant pool entry 10	50001f43
	constant pool entry 9	50001f42
	constant pool entry 8	50001f41
	constant pool entry 7	50001f40
	constant pool entry 6	50001f3f
	constant pool entry 5	50001f3e
	constant pool entry 4	50001f3d
	constant pool entry 3	50001f3c
	constant pool entry 2	50001f3b
	constant pool entry 1	50001f3a
CLS 50000aff (name=java.util.Locale$Category[], trace=300532)
	super		5000016f
CLS 50000b01 (name=java.util.Locale$1, trace=300533)
	super		5000016f
	static $SwitchMap$java$util$Locale$Category	50000b02
	constant pool entry 38	500000f5
	constant pool entry 23	50000afc
	constant pool entry 22	50000b01
CLS 50000b0d (name=java.lang.StringBuilder[], trace=300539)
	super		5000016f
CLS 50000b27 (name=java.text.FieldPosition, trace=300551)
	super		5000016f
	constant pool entry 55	500011b4
	constant pool entry 53	50000b27
	constant pool entry 51	5000016f
CLS 50000b2b (name=java.util.Date, trace=300555)
	super		5000016f
CLS 50000b2c (name=java.text.AttributedCharacterIterator$Attribute, trace=300556)
	super		5000016f
	static instanceMap	50000b2f
	static LANGUAGE	50000b30
	static READING	50000b33
	static INPUT_METHOD_SEGMENT	50000b35
	constant pool entry 70	50000145
	constant pool entry 69	500000b2
	constant pool entry 65	5000016f
	constant pool entry 8	50000b2c
	constant pool entry 5	50002306
	constant pool entry 4	50001da2
	constant pool entry 3	50002305
CLS 50000b2d (name=java.text.Format$Field, trace=300556)
	super		50000b2c
	constant pool entry 17	50000b2c
CLS 50000b2e (name=java.text.MessageFormat$Field, trace=300556)
	super		50000b2d
	static ARGUMENT	50000b37
	constant pool entry 33	50000b2d
	constant pool entry 3	50000b2e
	constant pool entry 1	50002344
CLS 50000b61 (name=java.text.NumberFormat, trace=300571)
	super		50000af1
	constant pool entry 172	50000b64
	constant pool entry 164	50000b61
	constant pool entry 163	50000af1
	constant pool entry 153	500000d1
	constant pool entry 5	50000b63
CLS 50000b62 (name=java.util.spi.LocaleServiceProvider, trace=300572)
	super		5000016f
	constant pool entry 15	5000016f
CLS 50000b63 (name=java.text.spi.NumberFormatProvider, trace=300572)
	super		50000b62
	constant pool entry 11	50000b62
CLS 50000b64 (name=sun.util.locale.provider.LocaleProviderAdapter, trace=300573)
	super		5000016f
	static adapterPreference	50000b7c
	static jreLocaleProviderAdapter	50000b67
	static spiLocaleProviderAdapter	50000b6e
	static defaultLocaleProviderAdapter	50000b74
	static adapterCache	50000b70
	constant pool entry 169	50000b6b
	constant pool entry 167	50000b73
	constant pool entry 166	50000b84
	constant pool entry 165	50000b66
	constant pool entry 160	50000070
	constant pool entry 159	50000b62
	constant pool entry 158	5000002c
	constant pool entry 157	5000002b
	constant pool entry 156	500000d0
	constant pool entry 153	5000002f
	constant pool entry 152	500000e5
	constant pool entry 151	500000c4
	constant pool entry 150	500000cd
	constant pool entry 149	500000b9
	constant pool entry 148	500000ed
	constant pool entry 146	5000016b
	constant pool entry 144	5000016f
	constant pool entry 141	50000167
	constant pool entry 8	50000b64
	constant pool entry 6	500022b3
	constant pool entry 5	500022b2
	constant pool entry 4	500022b1
	constant pool entry 3	500022b0
CLS 50000b65 (name=sun.util.locale.provider.ResourceBundleBasedAdapter, trace=300574)
CLS 50000b66 (name=sun.util.locale.provider.JRELocaleProviderAdapter, trace=300574)
	super		50000b64
	static LOCALE_DATA_JAR_NAME	500022d2
	static isNonENSupported	500015df
	constant pool entry 249	50000d9f
	constant pool entry 246	50000b89
	constant pool entry 245	50000d99
	constant pool entry 244	50000b73
	constant pool entry 243	50000b64
	constant pool entry 241	50000b8a
	constant pool entry 239	50000bc9
	constant pool entry 237	50000e24
	constant pool entry 234	50000fa1
	constant pool entry 228	50000070
	constant pool entry 222	5000002c
	constant pool entry 221	5000002b
	constant pool entry 220	50000044
	constant pool entry 219	500000d0
	constant pool entry 217	50000005
	constant pool entry 209	500000ed
	constant pool entry 207	5000011f
	constant pool entry 206	5000016b
	constant pool entry 203	50000167
	constant pool entry 202	5000010f
	constant pool entry 201	50000119
	constant pool entry 30	50000b66
	constant pool entry 29	5000175a
	constant pool entry 25	500022d2
	constant pool entry 24	50002041
	constant pool entry 23	50002040
	constant pool entry 21	500022d1
	constant pool entry 18	500022d0
	constant pool entry 14	500022c6
	constant pool entry 13	500022cf
	constant pool entry 10	500022c8
	constant pool entry 9	500022ce
CLS 50000b6a (name=sun.util.locale.provider.AuxLocaleProviderAdapter, trace=300578)
	super		50000b64
	static NULL_PROVIDER	50000b6d
	constant pool entry 86	50000b64
	constant pool entry 85	50000b6c
	constant pool entry 83	50000b6a
	constant pool entry 81	5000002c
	constant pool entry 80	5000002b
CLS 50000b6b (name=sun.util.locale.provider.SPILocaleProviderAdapter, trace=300578)
	super		50000b6a
	constant pool entry 63	50001115
	constant pool entry 59	50000b6a
	constant pool entry 52	500000ed
CLS 50000b6c (name=sun.util.locale.provider.AuxLocaleProviderAdapter$NullProvider, trace=300579)
	super		50000b62
	constant pool entry 15	50000b6c
	constant pool entry 12	50000b62
CLS 50000b73 (name=sun.util.locale.provider.LocaleProviderAdapter$Type, trace=300586)
	super		50000069
	static JRE	50000b74
	static CLDR	50000b75
	static SPI	50000b76
	static HOST	50000b77
	static FALLBACK	50000b78
	static $VALUES	50000b7a
	constant pool entry 79	500000f5
	constant pool entry 44	50000069
	constant pool entry 43	50000b79
	constant pool entry 10	50000b73
	constant pool entry 9	500022bd
	constant pool entry 8	500022bc
	constant pool entry 7	500022bb
	constant pool entry 6	500022ba
	constant pool entry 5	500022b4
	constant pool entry 4	500022b9
	constant pool entry 3	500022b8
	constant pool entry 2	500022b7
	constant pool entry 1	500022b6
CLS 50000b79 (name=sun.util.locale.provider.LocaleProviderAdapter$Type[], trace=300592)
	super		5000016f
CLS 50000b80 (name=java.util.Collections$UnmodifiableCollection$1, trace=300596)
	super		5000016f
	constant pool entry 31	500000c4
	constant pool entry 30	50000b80
	constant pool entry 29	500000b8
	constant pool entry 27	500000e6
	constant pool entry 25	5000016f
CLS 50000b82 (name=java.util.ArrayList$Itr, trace=300598)
	super		5000016f
	constant pool entry 44	50000b82
	constant pool entry 42	500000b9
	constant pool entry 41	5000016f
CLS 50000b84 (name=sun.util.locale.provider.LocaleProviderAdapter$1, trace=300600)
	super		5000016f
	static $SwitchMap$sun$util$locale$provider$LocaleProviderAdapter$Type	50000b85
	constant pool entry 47	500000f5
	constant pool entry 27	50000b73
	constant pool entry 26	50000b84
CLS 50000b88 (name=sun.util.locale.provider.AvailableLanguageTags, trace=300604)
CLS 50000b89 (name=sun.util.locale.provider.NumberFormatProviderImpl, trace=300604)
	super		50000b63
	constant pool entry 75	50000b89
	constant pool entry 74	50000d99
	constant pool entry 72	50000b64
	constant pool entry 69	50000b63
	constant pool entry 68	50000e1c
	constant pool entry 67	50001183
CLS 50000b8a (name=sun.util.locale.provider.LocaleDataMetaInfo, trace=300605)
	super		5000016f
	static resourceNameToLocales	50000b8b
	constant pool entry 54	50000b8a
	constant pool entry 53	500000b2
	constant pool entry 52	5000016b
	constant pool entry 17	5000232a
	constant pool entry 16	50002329
	constant pool entry 15	500022c6
	constant pool entry 14	500022c8
	constant pool entry 13	50002328
	constant pool entry 12	50002327
	constant pool entry 11	50002326
	constant pool entry 10	50002325
	constant pool entry 9	50002324
	constant pool entry 8	50002323
	constant pool entry 7	50002322
	constant pool entry 6	50002321
	constant pool entry 5	50002320
	constant pool entry 4	5000231f
	constant pool entry 3	5000231e
	constant pool entry 2	5000231d
	constant pool entry 1	5000231c
CLS 50000bc9 (name=sun.util.locale.provider.JRELocaleProviderAdapter$1, trace=300620)
	super		5000016f
	constant pool entry 25	50000bc9
	constant pool entry 22	5000016f
	constant pool entry 21	5000010f
	constant pool entry 20	50000119
CLS 50000d49 (name=sun.util.locale.LanguageTag, trace=300626)
	super		5000016f
	static SEP	50001787
	static PRIVATEUSE	50001eff
	static UNDETERMINED	50001efe
	static PRIVUSE_VARIANT_PREFIX	50001efd
	static GRANDFATHERED	50000d4a
	constant pool entry 474	500000f5
	constant pool entry 294	50000017
	constant pool entry 292	50000d49
	constant pool entry 290	5000001c
	constant pool entry 288	50000145
	constant pool entry 287	500000e5
	constant pool entry 285	500000b2
	constant pool entry 284	500000cd
	constant pool entry 281	5000016b
	constant pool entry 280	5000016f
	constant pool entry 277	500000b4
	constant pool entry 72	50001efc
	constant pool entry 71	50001efb
	constant pool entry 70	50001efa
	constant pool entry 69	50001ef9
	constant pool entry 68	50001ef8
	constant pool entry 66	50001ef7
	constant pool entry 64	50001ef6
	constant pool entry 63	50001ef5
	constant pool entry 61	50001ef4
	constant pool entry 60	50001ef3
	constant pool entry 59	50001ef2
	constant pool entry 58	50001ef1
	constant pool entry 57	50001ef0
	constant pool entry 56	50001eef
	constant pool entry 55	50001eee
	constant pool entry 54	50001eed
	constant pool entry 53	50001eec
	constant pool entry 52	50001eeb
	constant pool entry 51	50001eea
	constant pool entry 50	50001ee9
	constant pool entry 49	50001ee8
	constant pool entry 48	50001ee7
	constant pool entry 47	50001ee6
	constant pool entry 46	50001ee5
	constant pool entry 45	50001ee4
	constant pool entry 44	50001ee3
	constant pool entry 43	50001ee2
	constant pool entry 40	50001ee1
	constant pool entry 39	50001ee0
	constant pool entry 38	50001edf
	constant pool entry 37	50001ede
	constant pool entry 36	50001edd
	constant pool entry 34	50001edc
	constant pool entry 33	50001edb
	constant pool entry 32	50001eda
	constant pool entry 31	50001ed9
	constant pool entry 30	50001ed8
	constant pool entry 29	50001ed7
	constant pool entry 28	50001ed6
	constant pool entry 27	50001ed5
	constant pool entry 26	50001ed4
	constant pool entry 25	50001ed3
	constant pool entry 24	50001ed2
	constant pool entry 23	50001ed1
	constant pool entry 22	50001ed0
	constant pool entry 21	50001ecf
	constant pool entry 19	50001ece
	constant pool entry 18	50001ecd
	constant pool entry 17	50001ecc
	constant pool entry 16	50001ecb
	constant pool entry 15	50001eca
	constant pool entry 14	50001ec9
	constant pool entry 13	50001ec8
	constant pool entry 12	50001ec7
	constant pool entry 11	50001ec6
	constant pool entry 1	500013fe
CLS 50000d4b (name=java.lang.String[][], trace=300628)
	super		5000016f
CLS 50000d93 (name=java.util.Collections$EmptyIterator, trace=300663)
	super		5000016f
	static EMPTY_ITERATOR	50000d94
	constant pool entry 29	50000d93
	constant pool entry 26	5000016f
CLS 50000d99 (name=sun.util.locale.provider.LocaleResources, trace=300669)
	super		5000016f
	static BREAK_ITERATOR_INFO	500022e0
	static CALENDAR_DATA	500022df
	static COLLATION_DATA_CACHEKEY	500022de
	static DECIMAL_FORMAT_SYMBOLS_DATA_CACHEKEY	500022d6
	static CURRENCY_NAMES	500022d5
	static LOCALE_NAMES	500022dd
	static TIME_ZONE_NAMES	500022dc
	static ZONE_IDS_CACHEKEY	500022db
	static CALENDAR_NAMES	500022da
	static NUMBER_PATTERNS_CACHEKEY	500022d7
	static DATE_TIME_PATTERN	500022d9
	static NULLOBJECT	50000d9a
	constant pool entry 393	500000f5
	constant pool entry 218	5000114c
	constant pool entry 217	50000d9f
	constant pool entry 216	50000b65
	constant pool entry 215	50000e18
	constant pool entry 213	50000b64
	constant pool entry 210	5000002c
	constant pool entry 209	5000002b
	constant pool entry 207	500003a8
	constant pool entry 204	5000002f
	constant pool entry 199	500000da
	constant pool entry 198	5000011f
	constant pool entry 197	5000016b
	constant pool entry 196	5000016f
	constant pool entry 193	50000167
	constant pool entry 190	500000b4
	constant pool entry 189	50000106
	constant pool entry 28	50000d99
	constant pool entry 25	500022d8
	constant pool entry 18	50002105
	constant pool entry 17	500020c1
	constant pool entry 15	500022d7
	constant pool entry 13	500021c1
	constant pool entry 9	500022d6
	constant pool entry 7	500022d5
	constant pool entry 3	500022d4
CLS 50000d9f (name=sun.util.resources.LocaleData, trace=300675)
	super		5000016f
	constant pool entry 74	5000114c
	constant pool entry 70	50000da8
	constant pool entry 69	50000d9f
	constant pool entry 68	50000b73
	constant pool entry 66	500003a8
	constant pool entry 65	500000ed
	constant pool entry 64	5000011f
	constant pool entry 62	5000016f
	constant pool entry 5	500022cb
	constant pool entry 4	500022ca
CLS 50000da8 (name=sun.util.resources.LocaleData$1, trace=300683)
	super		5000016f
	constant pool entry 29	50000daa
	constant pool entry 28	50000da8
	constant pool entry 25	500003a8
	constant pool entry 23	5000016f
CLS 50000daa (name=sun.util.resources.LocaleData$LocaleDataResourceBundleControl, trace=300685)
	super		500009b2
	static INSTANCE	50000dab
	static DOTCLDR	500022cc
	constant pool entry 95	50000daa
	constant pool entry 93	50000b73
	constant pool entry 92	50000b64
	constant pool entry 91	50000b66
	constant pool entry 90	500000d0
	constant pool entry 89	500009b2
	constant pool entry 87	5000002f
	constant pool entry 86	500000e5
	constant pool entry 85	500000c4
	constant pool entry 84	5000011f
	constant pool entry 83	5000016b
	constant pool entry 81	50000167
	constant pool entry 4	50000d9f
	constant pool entry 3	50001d9b
	constant pool entry 1	500022cc
CLS 50000dae (name=java.util.ResourceBundle$SingleFormatControl, trace=300688)
	super		500009b2
CLS 50000dbe (name=sun.util.resources.ParallelListResourceBundle, trace=300434)
	super		500003a8
	constant pool entry 68	50000e32
	constant pool entry 66	50000dbe
	constant pool entry 64	50000dc8
	constant pool entry 63	5000002c
	constant pool entry 62	5000002b
	constant pool entry 61	500000d0
	constant pool entry 60	500003a8
	constant pool entry 57	5000016b
CLS 50000dbf (name=sun.text.resources.FormatData, trace=300434)
	super		50000dbe
	constant pool entry 447	500000f5
	constant pool entry 442	50000dbe
	constant pool entry 440	5000016b
	constant pool entry 439	5000016f
	constant pool entry 438	50000106
	constant pool entry 214	500017a4
	constant pool entry 213	500021f1
	constant pool entry 212	500021bb
	constant pool entry 211	50002171
	constant pool entry 210	500021ff
	constant pool entry 209	500021b5
	constant pool entry 208	500021a7
	constant pool entry 207	500020c7
	constant pool entry 206	500020a5
	constant pool entry 205	500020a4
	constant pool entry 204	500020a1
	constant pool entry 203	500021f9
	constant pool entry 202	500021c9
	constant pool entry 201	500020e9
	constant pool entry 200	5000214d
	constant pool entry 199	500021f5
	constant pool entry 198	500021d7
	constant pool entry 197	500020ff
	constant pool entry 196	500021ab
	constant pool entry 195	500021ed
	constant pool entry 194	50002215
	constant pool entry 193	500021e3
	constant pool entry 192	50002151
	constant pool entry 191	500021d3
	constant pool entry 190	500021bf
	constant pool entry 189	50002203
	constant pool entry 188	500020f7
	constant pool entry 187	5000216d
	constant pool entry 186	500021c5
	constant pool entry 185	500020fb
	constant pool entry 184	50002103
	constant pool entry 183	50002175
	constant pool entry 182	500021af
	constant pool entry 181	50002155
	constant pool entry 180	50002159
	constant pool entry 179	50002219
	constant pool entry 178	5000215e
	constant pool entry 177	5000215d
	constant pool entry 176	50002160
	constant pool entry 175	50002161
	constant pool entry 174	50002162
	constant pool entry 173	5000215f
	constant pool entry 172	50002163
	constant pool entry 171	5000221a
	constant pool entry 170	50002108
	constant pool entry 169	5000212b
	constant pool entry 168	500020e5
	constant pool entry 167	500020c5
	constant pool entry 166	5000214f
	constant pool entry 165	500021bd
	constant pool entry 164	5000216b
	constant pool entry 163	500021c3
	constant pool entry 162	500021d5
	constant pool entry 161	500021c7
	constant pool entry 160	50002097
	constant pool entry 159	500021a5
	constant pool entry 158	5000219e
	constant pool entry 157	500020f9
	constant pool entry 156	5000209d
	constant pool entry 155	50002157
	constant pool entry 154	500021cb
	constant pool entry 153	5000219b
	constant pool entry 152	50002213
	constant pool entry 151	500021e1
	constant pool entry 150	500021b9
	constant pool entry 149	500021a9
	constant pool entry 148	50002201
	constant pool entry 147	500020fd
	constant pool entry 146	500021f7
	constant pool entry 145	500021a1
	constant pool entry 144	500021d1
	constant pool entry 143	5000214b
	constant pool entry 142	500021f3
	constant pool entry 141	500020f5
	constant pool entry 140	500021eb
	constant pool entry 139	500021b3
	constant pool entry 138	500021fd
	constant pool entry 137	50002211
	constant pool entry 136	500021e7
	constant pool entry 135	500021d9
	constant pool entry 134	500021b1
	constant pool entry 133	500020af
	constant pool entry 132	500020e3
	constant pool entry 131	50002191
	constant pool entry 130	500021db
	constant pool entry 129	500021dc
	constant pool entry 128	500021dd
	constant pool entry 127	50002173
	constant pool entry 126	50002101
	constant pool entry 125	500021ef
	constant pool entry 124	50002153
	constant pool entry 123	50002136
	constant pool entry 122	50002134
	constant pool entry 121	50002135
	constant pool entry 120	5000216f
	constant pool entry 119	5000221e
	constant pool entry 118	500021e5
	constant pool entry 117	5000220f
	constant pool entry 116	500020b9
	constant pool entry 115	5000212d
	constant pool entry 114	50002129
	constant pool entry 113	50002131
	constant pool entry 112	500021ad
	constant pool entry 111	500020e7
	constant pool entry 110	50002217
	constant pool entry 109	5000215b
	constant pool entry 108	5000219d
	constant pool entry 107	50002140
	constant pool entry 106	5000211e
	constant pool entry 105	50002112
	constant pool entry 104	5000213f
	constant pool entry 103	5000211d
	constant pool entry 102	500021fb
	constant pool entry 101	50002141
	constant pool entry 100	5000211f
	constant pool entry 99	500020b2
	constant pool entry 98	50002111
	constant pool entry 97	5000213d
	constant pool entry 96	5000211b
	constant pool entry 95	500020b3
	constant pool entry 94	5000222a
	constant pool entry 93	500020d3
	constant pool entry 92	50002143
	constant pool entry 91	50002121
	constant pool entry 90	5000210f
	constant pool entry 89	50002208
	constant pool entry 88	5000222b
	constant pool entry 87	500020d4
	constant pool entry 86	50002105
	constant pool entry 85	500020c1
	constant pool entry 84	5000222c
	constant pool entry 83	500020d5
	constant pool entry 82	500020a6
	constant pool entry 81	50002177
	constant pool entry 80	50002221
	constant pool entry 79	500020c9
	constant pool entry 78	5000213e
	constant pool entry 77	5000211c
	constant pool entry 76	500020b1
	constant pool entry 75	500020cf
	constant pool entry 74	50002225
	constant pool entry 73	500020cd
	constant pool entry 72	500020ee
	constant pool entry 71	500020ef
	constant pool entry 70	500020f0
	constant pool entry 69	50002110
	constant pool entry 68	50002227
	constant pool entry 67	500020d0
	constant pool entry 66	50002228
	constant pool entry 65	500020d1
	constant pool entry 64	50002223
	constant pool entry 63	500020cb
	constant pool entry 62	5000221d
	constant pool entry 61	500020b4
	constant pool entry 60	500020bb
	constant pool entry 59	500020bc
	constant pool entry 58	500020bd
	constant pool entry 57	500021e9
	constant pool entry 56	5000220b
	constant pool entry 55	50002196
	constant pool entry 54	50002193
	constant pool entry 53	50002194
	constant pool entry 52	50002195
	constant pool entry 51	50002142
	constant pool entry 50	50002120
	constant pool entry 49	50002224
	constant pool entry 48	500020cc
	constant pool entry 47	50002113
	constant pool entry 46	500021b7
	constant pool entry 45	500020ed
	constant pool entry 44	50002133
	constant pool entry 43	500020a3
	constant pool entry 42	500021c1
	constant pool entry 41	5000222d
	constant pool entry 40	500020d6
	constant pool entry 39	5000210d
	constant pool entry 38	5000213b
	constant pool entry 37	50002119
	constant pool entry 36	500021a3
	constant pool entry 35	5000220c
	constant pool entry 34	500020eb
	constant pool entry 33	50002099
	constant pool entry 32	5000212f
	constant pool entry 31	500021cd
	constant pool entry 30	50002229
	constant pool entry 29	500020d2
	constant pool entry 28	50002226
	constant pool entry 27	500020ce
	constant pool entry 26	50002205
	constant pool entry 25	50002207
	constant pool entry 24	5000209a
	constant pool entry 23	500021ce
	constant pool entry 22	5000209f
	constant pool entry 21	50002181
	constant pool entry 20	50002180
	constant pool entry 19	5000217f
	constant pool entry 18	5000217e
	constant pool entry 17	5000217d
	constant pool entry 16	5000217c
	constant pool entry 15	5000217b
	constant pool entry 14	5000217a
	constant pool entry 13	50002184
	constant pool entry 12	50002183
	constant pool entry 11	50002182
	constant pool entry 10	50002179
	constant pool entry 9	500020c3
	constant pool entry 8	5000149b
	constant pool entry 7	50001787
	constant pool entry 6	5000204c
	constant pool entry 5	500020a0
	constant pool entry 4	50002107
	constant pool entry 3	50002109
	constant pool entry 2	500020a2
	constant pool entry 1	500013fe
CLS 50000dc8 (name=java.util.concurrent.atomic.AtomicMarkableReference, trace=300694)
	super		5000016f
	static UNSAFE	50001421
	constant pool entry 52	5000011e
	constant pool entry 51	50000dcb
	constant pool entry 50	5000016f
	constant pool entry 47	50000167
	constant pool entry 2	50000dc8
	constant pool entry 1	50002239
CLS 50000dcb (name=java.util.concurrent.atomic.AtomicMarkableReference$Pair, trace=300695)
	super		5000016f
	constant pool entry 18	50000dcb
	constant pool entry 16	5000016f
CLS 50000de4 (name=sun.text.resources.en.FormatData_en, trace=300434)
	super		50000dbe
	constant pool entry 51	500000f5
	constant pool entry 46	50000dbe
	constant pool entry 44	5000016b
	constant pool entry 43	5000016f
	constant pool entry 42	50000106
	constant pool entry 16	5000223b
	constant pool entry 15	5000210f
	constant pool entry 14	5000223e
	constant pool entry 13	50002105
	constant pool entry 12	5000223f
	constant pool entry 11	50002177
	constant pool entry 10	50002110
	constant pool entry 9	5000223d
	constant pool entry 8	5000220b
	constant pool entry 7	50002113
	constant pool entry 6	5000220c
	constant pool entry 5	50002240
	constant pool entry 4	500021ce
	constant pool entry 3	50002107
	constant pool entry 2	50002109
	constant pool entry 1	500013fe
CLS 50000e04 (name=sun.text.resources.en.FormatData_en_US, trace=300434)
	super		50000dbe
	constant pool entry 27	500000f5
	constant pool entry 22	50000dbe
	constant pool entry 20	5000016b
	constant pool entry 19	5000016f
	constant pool entry 18	50000106
	constant pool entry 4	50002246
	constant pool entry 3	50002105
	constant pool entry 2	50002107
	constant pool entry 1	50002109
CLS 50000e18 (name=sun.util.locale.provider.LocaleResources$ResourceReference, trace=300719)
	super		5000014f
	constant pool entry 14	50000e18
	constant pool entry 12	5000014f
CLS 50000e1c (name=java.text.DecimalFormatSymbols, trace=300723)
	super		5000016f
	constant pool entry 153	50000b65
	constant pool entry 151	50000d99
	constant pool entry 150	50000b64
	constant pool entry 148	5000002f
	constant pool entry 147	50000f26
	constant pool entry 146	50000e1c
	constant pool entry 145	5000016b
	constant pool entry 144	5000016f
	constant pool entry 133	500000b4
	constant pool entry 3	50000e1d
CLS 50000e1d (name=java.text.spi.DecimalFormatSymbolsProvider, trace=300724)
	super		50000b62
	constant pool entry 8	50000b62
CLS 50000e24 (name=sun.util.locale.provider.DecimalFormatSymbolsProviderImpl, trace=300726)
	super		50000e1d
	constant pool entry 28	50000b64
	constant pool entry 27	50000e24
	constant pool entry 25	50000e1d
	constant pool entry 24	50000e1c
CLS 50000e32 (name=sun.util.resources.ParallelListResourceBundle$KeySet, trace=300734)
	super		500000cf
	constant pool entry 36	50000e32
	constant pool entry 33	500000d0
	constant pool entry 32	500003a8
	constant pool entry 30	500000cf
	constant pool entry 29	5000016b
CLS 50000ed1 (name=java.util.concurrent.ConcurrentHashMap$ForwardingNode, trace=300874)
	super		50000024
	constant pool entry 26	50000024
	constant pool entry 25	50000ed1
CLS 50000f26 (name=java.util.Currency, trace=300884)
	super		5000016f
	static instances	50000f27
	static mainTable	50000f3d
	static scCutOverTimes	50000f3e
	static scOldCurrencies	50000f3f
	static scNewCurrencies	50000f62
	static scOldCurrenciesDFD	50000f76
	static scNewCurrenciesDFD	50000f77
	static scOldCurrenciesNumericCode	50000f78
	static scNewCurrenciesNumericCode	50000f79
	static otherCurrencies	50000f7c
	static otherCurrenciesDFD	50000f7e
	static otherCurrenciesNumericCode	50000f7f
	constant pool entry 448	500000f5
	constant pool entry 241	50000f90
	constant pool entry 238	5000002c
	constant pool entry 237	5000002b
	constant pool entry 232	5000002f
	constant pool entry 229	5000112f
	constant pool entry 228	50000f28
	constant pool entry 225	500000ed
	constant pool entry 222	5000011f
	constant pool entry 221	5000016b
	constant pool entry 220	5000016f
	constant pool entry 218	50000108
	constant pool entry 214	50000f31
	constant pool entry 15	50000f8f
	constant pool entry 14	50000f26
CLS 50000f28 (name=java.util.Currency$1, trace=300886)
	super		5000016f
	constant pool entry 110	50000f28
	constant pool entry 109	50000f26
	constant pool entry 106	50000164
	constant pool entry 105	5000011f
	constant pool entry 103	5000016f
	constant pool entry 99	500000c0
	constant pool entry 98	50000119
	constant pool entry 97	50000f31
	constant pool entry 96	500000ab
	constant pool entry 10	50002041
	constant pool entry 9	500022f0
	constant pool entry 8	50002040
	constant pool entry 6	500022ef
	constant pool entry 5	500022ee
CLS 50000f30 (name=java.io.DataInput, trace=300892)
CLS 50000f31 (name=java.io.DataInputStream, trace=300892)
	super		500000ac
	constant pool entry 155	500000f5
	constant pool entry 89	5000016b
	constant pool entry 83	5000011b
	constant pool entry 81	500000ac
	constant pool entry 79	50000f31
	constant pool entry 78	50000f30
CLS 50000f8f (name=java.util.spi.CurrencyNameProvider, trace=300931)
	super		50000b62
	constant pool entry 45	50000b62
CLS 50000f90 (name=sun.util.locale.provider.LocaleServiceProviderPool, trace=300932)
	super		5000016f
	static poolOfPools	50000f91
	static spiClasses	50000f92
	static NULL_LIST	500015db
	constant pool entry 361	500000f5
	constant pool entry 170	5000112e
	constant pool entry 168	50000b73
	constant pool entry 167	50000b64
	constant pool entry 165	50000b62
	constant pool entry 164	5000002c
	constant pool entry 163	5000002b
	constant pool entry 157	500000e5
	constant pool entry 156	500000c4
	constant pool entry 153	500000cd
	constant pool entry 147	5000016f
	constant pool entry 145	50000167
	constant pool entry 142	50000101
	constant pool entry 16	50000f90
	constant pool entry 15	50000f98
	constant pool entry 14	50000f97
	constant pool entry 13	50000f8f
	constant pool entry 12	50000f99
	constant pool entry 11	50000b63
	constant pool entry 10	50000e1d
	constant pool entry 9	50000f96
	constant pool entry 8	50000f95
	constant pool entry 7	50000f94
	constant pool entry 6	50000f93
CLS 50000f93 (name=java.text.spi.BreakIteratorProvider, trace=300935)
	super		50000b62
CLS 50000f94 (name=java.text.spi.CollatorProvider, trace=300936)
	super		50000b62
CLS 50000f95 (name=java.text.spi.DateFormatProvider, trace=300937)
	super		50000b62
CLS 50000f96 (name=java.text.spi.DateFormatSymbolsProvider, trace=300938)
	super		50000b62
CLS 50000f97 (name=java.util.spi.LocaleNameProvider, trace=300939)
	super		50000b62
CLS 50000f98 (name=java.util.spi.TimeZoneNameProvider, trace=300940)
	super		50000b62
CLS 50000f99 (name=java.util.spi.CalendarDataProvider, trace=300941)
	super		50000b62
CLS 50000fa1 (name=sun.util.locale.provider.CurrencyNameProviderImpl, trace=300946)
	super		50000f8f
	constant pool entry 41	50000d99
	constant pool entry 39	50000b64
	constant pool entry 38	50000fa1
	constant pool entry 36	50000f8f
	constant pool entry 35	5000002f
	constant pool entry 34	5000016b
CLS 50001115 (name=sun.util.locale.provider.SPILocaleProviderAdapter$1, trace=300950)
	super		5000016f
	constant pool entry 65	50001115
	constant pool entry 62	500003af
	constant pool entry 61	500000c4
	constant pool entry 57	5000016f
CLS 5000112e (name=sun.util.locale.provider.LocaleServiceProviderPool$LocalizedObjectGetter, trace=300958)
CLS 5000112f (name=java.util.Currency$CurrencyNameGetter, trace=300958)
	super		5000016f
	static INSTANCE	50001130
	constant pool entry 34	50000f8f
	constant pool entry 33	5000112f
	constant pool entry 32	5000016f
	constant pool entry 31	50000108
	constant pool entry 30	50000167
	constant pool entry 1	50000f26
CLS 5000114c (name=sun.util.resources.OpenListResourceBundle, trace=300434)
	super		500003a8
	constant pool entry 49	5000114c
	constant pool entry 46	500003a8
	constant pool entry 45	50000145
	constant pool entry 43	500000b2
	constant pool entry 40	5000016b
CLS 5000114d (name=sun.util.resources.LocaleNamesBundle, trace=300434)
	super		5000114c
	constant pool entry 7	5000114c
CLS 5000114e (name=sun.util.resources.CurrencyNames, trace=300434)
	super		5000114d
	constant pool entry 1320	5000114d
CLS 5000116d (name=sun.util.resources.en.CurrencyNames_en_US, trace=300434)
	super		5000114d
	constant pool entry 21	500000f5
	constant pool entry 15	5000114d
	constant pool entry 14	5000016f
	constant pool entry 13	50000106
	constant pool entry 2	5000224b
	constant pool entry 1	5000224a
CLS 5000117f (name=java.util.HashMap$KeySet, trace=300981)
	super		500000cf
	constant pool entry 44	5000117f
	constant pool entry 42	500000b2
	constant pool entry 40	500000cf
CLS 50001183 (name=java.text.DecimalFormat, trace=300985)
	super		50000b61
	static PATTERN_EXPONENT	500020a3
	static EmptyFieldPositionArray	50001185
	constant pool entry 1002	500000f5
	constant pool entry 468	500011b6
	constant pool entry 467	50000b61
	constant pool entry 466	500011b3
	constant pool entry 463	50000b27
	constant pool entry 461	50001187
	constant pool entry 460	50000e1c
	constant pool entry 455	5000118b
	constant pool entry 449	50000120
	constant pool entry 448	5000016b
	constant pool entry 445	5000010d
	constant pool entry 443	500000d1
	constant pool entry 442	50000107
	constant pool entry 441	50000108
	constant pool entry 435	50000167
	constant pool entry 417	500020a3
	constant pool entry 412	500022f4
	constant pool entry 6	50001183
	constant pool entry 3	50001787
	constant pool entry 2	500013fe
CLS 50001184 (name=java.text.FieldPosition[], trace=300986)
	super		5000016f
CLS 50001187 (name=java.text.DigitList, trace=300988)
	super		5000016f
	static LONG_MIN_REP	50001188
	constant pool entry 276	500000f5
	constant pool entry 143	5000118b
	constant pool entry 140	50000164
	constant pool entry 137	5000016b
	constant pool entry 136	5000016f
	constant pool entry 130	50000167
	constant pool entry 7	50001187
	constant pool entry 4	50002309
CLS 5000118b (name=java.math.RoundingMode, trace=300992)
	super		50000069
	static UP	5000118c
	static DOWN	5000118d
	static CEILING	5000118e
	static FLOOR	5000118f
	static HALF_UP	50001190
	static HALF_DOWN	50001191
	static HALF_EVEN	50001192
	static UNNECESSARY	50001193
	static $VALUES	50001195
	constant pool entry 81	500000f5
	constant pool entry 40	50000069
	constant pool entry 10	5000118b
	constant pool entry 8	50002311
	constant pool entry 7	50002310
	constant pool entry 6	5000230f
	constant pool entry 5	5000230e
	constant pool entry 4	5000230d
	constant pool entry 3	5000230c
	constant pool entry 2	5000230b
	constant pool entry 1	5000230a
CLS 50001194 (name=java.math.RoundingMode[], trace=301001)
	super		5000016f
CLS 500011b3 (name=java.text.Format$FieldDelegate, trace=301027)
CLS 500011b4 (name=java.text.FieldPosition$Delegate, trace=301027)
	super		5000016f
	constant pool entry 29	500011b4
	constant pool entry 27	50000b27
	constant pool entry 25	5000016f
CLS 500011b6 (name=java.text.NumberFormat$Field, trace=301029)
	super		50000b2d
	static instanceMap	500011b7
	static INTEGER	500011b8
	static FRACTION	500011bb
	static EXPONENT	500011bd
	static DECIMAL_SEPARATOR	500011bf
	static SIGN	500011c1
	static GROUPING_SEPARATOR	500011c3
	static EXPONENT_SYMBOL	500011c5
	static PERCENT	500011c7
	static PERMILLE	500011c9
	static CURRENCY	500011cb
	static EXPONENT_SIGN	500011cd
	constant pool entry 80	50000145
	constant pool entry 79	500000b2
	constant pool entry 77	50000b2d
	constant pool entry 74	5000016f
	constant pool entry 14	500011b6
	constant pool entry 11	500022fc
	constant pool entry 10	500022a5
	constant pool entry 9	500022fb
	constant pool entry 8	500022a2
	constant pool entry 7	500022fa
	constant pool entry 6	500022f9
	constant pool entry 5	500022f8
	constant pool entry 4	500022f7
	constant pool entry 3	500022f6
	constant pool entry 2	500022f5
	constant pool entry 1	5000229f
CLS 500012e7 (name=java.lang.Shutdown, trace=300000)
	super		5000016f
	static hooks	500012e8
	static lock	500012ea
	static haltLock	500012eb
	constant pool entry 112	500000f5
	constant pool entry 64	500012e9
	constant pool entry 62	50000149
	constant pool entry 4	500012e7
CLS 500012e9 (name=java.lang.Shutdown$Lock, trace=301064)
	super		5000016f
	constant pool entry 12	500012e9
	constant pool entry 9	5000016f
CLS 500012ec (name=java.io.Serializable[][], trace=300000)
	super		5000016f
CLS 500012ed (name=java.lang.Comparable[][], trace=300000)
	super		5000016f
CLS 500012ee (name=java.lang.CharSequence[][], trace=300000)
	super		5000016f
CLS 500012ef (name=java.lang.AbstractStringBuilder[], trace=300000)
	super		5000016f
CLS 500012f0 (name=java.lang.Appendable[], trace=300000)
	super		5000016f
CLS 500012f1 (name=java.lang.Cloneable[], trace=300000)
	super		5000016f
